[localhost-startStop-1] DEBUG org.springframework.beans.factory.support.DefaultListableBeanFactory - Invoking afterPropertiesSet() on bean with name 'usersMapper'
[localhost-startStop-1] DEBUG org.springframework.beans.factory.support.DefaultListableBeanFactory - Finished creating instance of bean 'usersMapper'
[localhost-startStop-1] DEBUG org.springframework.beans.factory.annotation.AutowiredAnnotationBeanPostProcessor - Autowiring by type from bean name 'IUserService' to bean named 'usersMapper'
[localhost-startStop-1] DEBUG org.springframework.beans.factory.support.DefaultListableBeanFactory - Finished creating instance of bean 'IUserService'
[localhost-startStop-1] DEBUG org.springframework.beans.factory.support.DefaultListableBeanFactory - Creating shared instance of singleton bean 'statisticsServiceImpl'
[localhost-startStop-1] DEBUG org.springframework.beans.factory.support.DefaultListableBeanFactory - Creating instance of bean 'statisticsServiceImpl'
[localhost-startStop-1] DEBUG org.springframework.beans.factory.annotation.InjectionMetadata - Registered injected element on class [cn.test.email.service.impl.StatisticsServiceImpl]: AutowiredFieldElement for private cn.test.email.mapping.StatisticsMapper cn.test.email.service.impl.StatisticsServiceImpl.statisticsMapper
[localhost-startStop-1] DEBUG org.springframework.beans.factory.support.DefaultListableBeanFactory - Eagerly caching bean 'statisticsServiceImpl' to allow for resolving potential circular references
[localhost-startStop-1] DEBUG org.springframework.beans.factory.annotation.InjectionMetadata - Processing injected element of bean 'statisticsServiceImpl': AutowiredFieldElement for private cn.test.email.mapping.StatisticsMapper cn.test.email.service.impl.StatisticsServiceImpl.statisticsMapper
[localhost-startStop-1] DEBUG org.springframework.beans.factory.support.DefaultListableBeanFactory - Creating shared instance of singleton bean 'statisticsMapper'
[localhost-startStop-1] DEBUG org.springframework.beans.factory.support.DefaultListableBeanFactory - Creating instance of bean 'statisticsMapper'
[localhost-startStop-1] DEBUG org.springframework.beans.factory.support.DefaultListableBeanFactory - Eagerly caching bean 'statisticsMapper' to allow for resolving potential circular references
[localhost-startStop-1] DEBUG org.springframework.beans.factory.support.DefaultListableBeanFactory - Returning cached instance of singleton bean 'sqlSessionFactory'
[localhost-startStop-1] DEBUG org.springframework.beans.factory.support.DefaultListableBeanFactory - Autowiring by type from bean name 'statisticsMapper' via property 'sqlSessionFactory' to bean named 'sqlSessionFactory'
[localhost-startStop-1] DEBUG org.springframework.beans.factory.support.DefaultListableBeanFactory - Invoking afterPropertiesSet() on bean with name 'statisticsMapper'
[localhost-startStop-1] DEBUG org.springframework.beans.factory.support.DefaultListableBeanFactory - Finished creating instance of bean 'statisticsMapper'
[localhost-startStop-1] DEBUG org.springframework.beans.factory.annotation.AutowiredAnnotationBeanPostProcessor - Autowiring by type from bean name 'statisticsServiceImpl' to bean named 'statisticsMapper'
[localhost-startStop-1] DEBUG org.springframework.beans.factory.support.DefaultListableBeanFactory - Finished creating instance of bean 'statisticsServiceImpl'
[localhost-startStop-1] DEBUG org.springframework.beans.factory.support.DefaultListableBeanFactory - Creating shared instance of singleton bean 'testParperServiceImpl'
[localhost-startStop-1] DEBUG org.springframework.beans.factory.support.DefaultListableBeanFactory - Creating instance of bean 'testParperServiceImpl'
[localhost-startStop-1] DEBUG org.springframework.beans.factory.annotation.InjectionMetadata - Registered injected element on class [cn.test.email.service.impl.TestParperServiceImpl]: AutowiredFieldElement for private cn.test.email.mapping.TestParperMapper cn.test.email.service.impl.TestParperServiceImpl.testParperMapper
[localhost-startStop-1] DEBUG org.springframework.beans.factory.support.DefaultListableBeanFactory - Eagerly caching bean 'testParperServiceImpl' to allow for resolving potential circular references
[localhost-startStop-1] DEBUG org.springframework.beans.factory.annotation.InjectionMetadata - Processing injected element of bean 'testParperServiceImpl': AutowiredFieldElement for private cn.test.email.mapping.TestParperMapper cn.test.email.service.impl.TestParperServiceImpl.testParperMapper
[localhost-startStop-1] DEBUG org.springframework.beans.factory.support.DefaultListableBeanFactory - Creating shared instance of singleton bean 'testParperMapper'
[localhost-startStop-1] DEBUG org.springframework.beans.factory.support.DefaultListableBeanFactory - Creating instance of bean 'testParperMapper'
[localhost-startStop-1] DEBUG org.springframework.beans.factory.support.DefaultListableBeanFactory - Eagerly caching bean 'testParperMapper' to allow for resolving potential circular references
[localhost-startStop-1] DEBUG org.springframework.beans.factory.support.DefaultListableBeanFactory - Returning cached instance of singleton bean 'sqlSessionFactory'
[localhost-startStop-1] DEBUG org.springframework.beans.factory.support.DefaultListableBeanFactory - Autowiring by type from bean name 'testParperMapper' via property 'sqlSessionFactory' to bean named 'sqlSessionFactory'
[localhost-startStop-1] DEBUG org.springframework.beans.factory.support.DefaultListableBeanFactory - Invoking afterPropertiesSet() on bean with name 'testParperMapper'
[localhost-startStop-1] DEBUG org.springframework.beans.factory.support.DefaultListableBeanFactory - Finished creating instance of bean 'testParperMapper'
[localhost-startStop-1] DEBUG org.springframework.beans.factory.annotation.AutowiredAnnotationBeanPostProcessor - Autowiring by type from bean name 'testParperServiceImpl' to bean named 'testParperMapper'
[localhost-startStop-1] DEBUG org.springframework.beans.factory.support.DefaultListableBeanFactory - Finished creating instance of bean 'testParperServiceImpl'
[localhost-startStop-1] DEBUG org.springframework.beans.factory.support.DefaultListableBeanFactory - Creating shared instance of singleton bean 'testQuestionsServiceImpl'
[localhost-startStop-1] DEBUG org.springframework.beans.factory.support.DefaultListableBeanFactory - Creating instance of bean 'testQuestionsServiceImpl'
[localhost-startStop-1] DEBUG org.springframework.beans.factory.annotation.InjectionMetadata - Registered injected element on class [cn.test.email.service.impl.TestQuestionsServiceImpl]: AutowiredFieldElement for private cn.test.email.mapping.TExamQuestionMapper cn.test.email.service.impl.TestQuestionsServiceImpl.tExamQuestionMapper
[localhost-startStop-1] DEBUG org.springframework.beans.factory.support.DefaultListableBeanFactory - Eagerly caching bean 'testQuestionsServiceImpl' to allow for resolving potential circular references
[localhost-startStop-1] DEBUG org.springframework.beans.factory.annotation.InjectionMetadata - Processing injected element of bean 'testQuestionsServiceImpl': AutowiredFieldElement for private cn.test.email.mapping.TExamQuestionMapper cn.test.email.service.impl.TestQuestionsServiceImpl.tExamQuestionMapper
[localhost-startStop-1] DEBUG org.springframework.beans.factory.support.DefaultListableBeanFactory - Creating shared instance of singleton bean 'TExamQuestionMapper'
[localhost-startStop-1] DEBUG org.springframework.beans.factory.support.DefaultListableBeanFactory - Creating instance of bean 'TExamQuestionMapper'
[localhost-startStop-1] DEBUG org.springframework.beans.factory.support.DefaultListableBeanFactory - Eagerly caching bean 'TExamQuestionMapper' to allow for resolving potential circular references
[localhost-startStop-1] DEBUG org.springframework.beans.factory.support.DefaultListableBeanFactory - Returning cached instance of singleton bean 'sqlSessionFactory'
[localhost-startStop-1] DEBUG org.springframework.beans.factory.support.DefaultListableBeanFactory - Autowiring by type from bean name 'TExamQuestionMapper' via property 'sqlSessionFactory' to bean named 'sqlSessionFactory'
[localhost-startStop-1] DEBUG org.springframework.beans.factory.support.DefaultListableBeanFactory - Invoking afterPropertiesSet() on bean with name 'TExamQuestionMapper'
[localhost-startStop-1] DEBUG org.springframework.beans.factory.support.DefaultListableBeanFactory - Finished creating instance of bean 'TExamQuestionMapper'
[localhost-startStop-1] DEBUG org.springframework.beans.factory.annotation.AutowiredAnnotationBeanPostProcessor - Autowiring by type from bean name 'testQuestionsServiceImpl' to bean named 'TExamQuestionMapper'
[localhost-startStop-1] DEBUG org.springframework.beans.factory.support.DefaultListableBeanFactory - Finished creating instance of bean 'testQuestionsServiceImpl'
[localhost-startStop-1] DEBUG org.springframework.beans.factory.support.DefaultListableBeanFactory - Returning cached instance of singleton bean 'org.springframework.context.annotation.internalConfigurationAnnotationProcessor'
[localhost-startStop-1] DEBUG org.springframework.beans.factory.support.DefaultListableBeanFactory - Returning cached instance of singleton bean 'org.springframework.context.annotation.internalAutowiredAnnotationProcessor'
[localhost-startStop-1] DEBUG org.springframework.beans.factory.support.DefaultListableBeanFactory - Returning cached instance of singleton bean 'org.springframework.context.annotation.internalRequiredAnnotationProcessor'
[localhost-startStop-1] DEBUG org.springframework.beans.factory.support.DefaultListableBeanFactory - Returning cached instance of singleton bean 'org.springframework.context.annotation.internalCommonAnnotationProcessor'
[localhost-startStop-1] DEBUG org.springframework.beans.factory.support.DefaultListableBeanFactory - Creating shared instance of singleton bean 'org.springframework.context.event.internalEventListenerProcessor'
[localhost-startStop-1] DEBUG org.springframework.beans.factory.support.DefaultListableBeanFactory - Creating instance of bean 'org.springframework.context.event.internalEventListenerProcessor'
[localhost-startStop-1] DEBUG org.springframework.beans.factory.support.DefaultListableBeanFactory - Eagerly caching bean 'org.springframework.context.event.internalEventListenerProcessor' to allow for resolving potential circular references
[localhost-startStop-1] DEBUG org.springframework.beans.factory.support.DefaultListableBeanFactory - Finished creating instance of bean 'org.springframework.context.event.internalEventListenerProcessor'
[localhost-startStop-1] DEBUG org.springframework.beans.factory.support.DefaultListableBeanFactory - Creating shared instance of singleton bean 'org.springframework.context.event.internalEventListenerFactory'
[localhost-startStop-1] DEBUG org.springframework.beans.factory.support.DefaultListableBeanFactory - Creating instance of bean 'org.springframework.context.event.internalEventListenerFactory'
[localhost-startStop-1] DEBUG org.springframework.beans.factory.support.DefaultListableBeanFactory - Eagerly caching bean 'org.springframework.context.event.internalEventListenerFactory' to allow for resolving potential circular references
[localhost-startStop-1] DEBUG org.springframework.beans.factory.support.DefaultListableBeanFactory - Finished creating instance of bean 'org.springframework.context.event.internalEventListenerFactory'
[localhost-startStop-1] DEBUG org.springframework.beans.factory.support.DefaultListableBeanFactory - Creating shared instance of singleton bean 'transactionManager'
[localhost-startStop-1] DEBUG org.springframework.beans.factory.support.DefaultListableBeanFactory - Creating instance of bean 'transactionManager'
[localhost-startStop-1] DEBUG org.springframework.beans.factory.support.DefaultListableBeanFactory - Eagerly caching bean 'transactionManager' to allow for resolving potential circular references
[localhost-startStop-1] DEBUG org.springframework.beans.factory.support.DefaultListableBeanFactory - Returning cached instance of singleton bean 'dataSource'
[localhost-startStop-1] DEBUG org.springframework.beans.factory.support.DefaultListableBeanFactory - Invoking afterPropertiesSet() on bean with name 'transactionManager'
[localhost-startStop-1] DEBUG org.springframework.beans.factory.support.DefaultListableBeanFactory - Finished creating instance of bean 'transactionManager'
[localhost-startStop-1] DEBUG org.springframework.beans.factory.support.DefaultListableBeanFactory - Creating shared instance of singleton bean 'txAdvice'
[localhost-startStop-1] DEBUG org.springframework.beans.factory.support.DefaultListableBeanFactory - Creating instance of bean 'txAdvice'
[localhost-startStop-1] DEBUG org.springframework.beans.factory.support.DefaultListableBeanFactory - Eagerly caching bean 'txAdvice' to allow for resolving potential circular references
[localhost-startStop-1] DEBUG org.springframework.beans.factory.support.DefaultListableBeanFactory - Returning cached instance of singleton bean 'transactionManager'
[localhost-startStop-1] DEBUG org.springframework.beans.factory.support.DefaultListableBeanFactory - Creating instance of bean '(inner bean)#791b6659'
[localhost-startStop-1] DEBUG org.springframework.transaction.interceptor.NameMatchTransactionAttributeSource - Adding transactional method [save*] with attribute [PROPAGATION_REQUIRED,ISOLATION_DEFAULT]
[localhost-startStop-1] DEBUG org.springframework.transaction.interceptor.NameMatchTransactionAttributeSource - Adding transactional method [delete*] with attribute [PROPAGATION_REQUIRED,ISOLATION_DEFAULT]
[localhost-startStop-1] DEBUG org.springframework.transaction.interceptor.NameMatchTransactionAttributeSource - Adding transactional method [insert*] with attribute [PROPAGATION_REQUIRED,ISOLATION_DEFAULT]
[localhost-startStop-1] DEBUG org.springframework.transaction.interceptor.NameMatchTransactionAttributeSource - Adding transactional method [update*] with attribute [PROPAGATION_REQUIRED,ISOLATION_DEFAULT]
[localhost-startStop-1] DEBUG org.springframework.transaction.interceptor.NameMatchTransactionAttributeSource - Adding transactional method [find*] with attribute [PROPAGATION_SUPPORTS,ISOLATION_DEFAULT,readOnly]
[localhost-startStop-1] DEBUG org.springframework.transaction.interceptor.NameMatchTransactionAttributeSource - Adding transactional method [get*] with attribute [PROPAGATION_SUPPORTS,ISOLATION_DEFAULT,readOnly]
[localhost-startStop-1] DEBUG org.springframework.transaction.interceptor.NameMatchTransactionAttributeSource - Adding transactional method [select*] with attribute [PROPAGATION_SUPPORTS,ISOLATION_DEFAULT,readOnly]
[localhost-startStop-1] DEBUG org.springframework.beans.factory.support.DefaultListableBeanFactory - Finished creating instance of bean '(inner bean)#791b6659'
[localhost-startStop-1] DEBUG org.springframework.beans.factory.support.DefaultListableBeanFactory - Invoking afterPropertiesSet() on bean with name 'txAdvice'
[localhost-startStop-1] DEBUG org.springframework.beans.factory.support.DefaultListableBeanFactory - Finished creating instance of bean 'txAdvice'
[localhost-startStop-1] DEBUG org.springframework.beans.factory.support.DefaultListableBeanFactory - Returning cached instance of singleton bean 'org.springframework.context.annotation.internalAsyncAnnotationProcessor'
[localhost-startStop-1] DEBUG org.springframework.beans.factory.support.DefaultListableBeanFactory - Returning cached instance of singleton bean 'org.springframework.context.annotation.internalScheduledAnnotationProcessor'
[localhost-startStop-1] DEBUG org.springframework.beans.factory.support.DefaultListableBeanFactory - Returning cached instance of singleton bean 'qbScheduler'
[localhost-startStop-1] DEBUG org.springframework.beans.factory.support.DefaultListableBeanFactory - Creating shared instance of singleton bean 'statisticsController'
[localhost-startStop-1] DEBUG org.springframework.beans.factory.support.DefaultListableBeanFactory - Creating instance of bean 'statisticsController'
[localhost-startStop-1] DEBUG org.springframework.beans.factory.annotation.InjectionMetadata - Registered injected element on class [cn.test.email.controller.StatisticsController]: AutowiredFieldElement for private cn.test.email.service.StatisticsService cn.test.email.controller.StatisticsController.statisticsService
[localhost-startStop-1] DEBUG org.springframework.beans.factory.support.DefaultListableBeanFactory - Eagerly caching bean 'statisticsController' to allow for resolving potential circular references
[localhost-startStop-1] DEBUG org.springframework.beans.factory.annotation.InjectionMetadata - Processing injected element of bean 'statisticsController': AutowiredFieldElement for private cn.test.email.service.StatisticsService cn.test.email.controller.StatisticsController.statisticsService
[localhost-startStop-1] DEBUG org.springframework.beans.factory.support.DefaultListableBeanFactory - Returning cached instance of singleton bean 'statisticsServiceImpl'
[localhost-startStop-1] DEBUG org.springframework.beans.factory.annotation.AutowiredAnnotationBeanPostProcessor - Autowiring by type from bean name 'statisticsController' to bean named 'statisticsServiceImpl'
[localhost-startStop-1] DEBUG org.springframework.beans.factory.support.DefaultListableBeanFactory - Finished creating instance of bean 'statisticsController'
[localhost-startStop-1] DEBUG org.springframework.beans.factory.support.DefaultListableBeanFactory - Creating shared instance of singleton bean 'testPaperController'
[localhost-startStop-1] DEBUG org.springframework.beans.factory.support.DefaultListableBeanFactory - Creating instance of bean 'testPaperController'
[localhost-startStop-1] DEBUG org.springframework.beans.factory.annotation.InjectionMetadata - Registered injected element on class [cn.test.email.controller.TestPaperController]: AutowiredFieldElement for private cn.test.email.service.TestPaperService cn.test.email.controller.TestPaperController.testPaperService
[localhost-startStop-1] DEBUG org.springframework.beans.factory.support.DefaultListableBeanFactory - Eagerly caching bean 'testPaperController' to allow for resolving potential circular references
[localhost-startStop-1] DEBUG org.springframework.beans.factory.annotation.InjectionMetadata - Processing injected element of bean 'testPaperController': AutowiredFieldElement for private cn.test.email.service.TestPaperService cn.test.email.controller.TestPaperController.testPaperService
[localhost-startStop-1] DEBUG org.springframework.beans.factory.support.DefaultListableBeanFactory - Returning cached instance of singleton bean 'testParperServiceImpl'
[localhost-startStop-1] DEBUG org.springframework.beans.factory.annotation.AutowiredAnnotationBeanPostProcessor - Autowiring by type from bean name 'testPaperController' to bean named 'testParperServiceImpl'
[localhost-startStop-1] DEBUG org.springframework.beans.factory.support.DefaultListableBeanFactory - Finished creating instance of bean 'testPaperController'
[localhost-startStop-1] DEBUG org.springframework.beans.factory.support.DefaultListableBeanFactory - Creating shared instance of singleton bean 'testQuestionsController'
[localhost-startStop-1] DEBUG org.springframework.beans.factory.support.DefaultListableBeanFactory - Creating instance of bean 'testQuestionsController'
[localhost-startStop-1] DEBUG org.springframework.beans.factory.annotation.InjectionMetadata - Registered injected element on class [cn.test.email.controller.TestQuestionsController]: AutowiredFieldElement for private cn.test.email.service.TestQuestionsService cn.test.email.controller.TestQuestionsController.testQuestionsService
[localhost-startStop-1] DEBUG org.springframework.beans.factory.support.DefaultListableBeanFactory - Eagerly caching bean 'testQuestionsController' to allow for resolving potential circular references
[localhost-startStop-1] DEBUG org.springframework.beans.factory.annotation.InjectionMetadata - Processing injected element of bean 'testQuestionsController': AutowiredFieldElement for private cn.test.email.service.TestQuestionsService cn.test.email.controller.TestQuestionsController.testQuestionsService
[localhost-startStop-1] DEBUG org.springframework.beans.factory.support.DefaultListableBeanFactory - Returning cached instance of singleton bean 'testQuestionsServiceImpl'
[localhost-startStop-1] DEBUG org.springframework.beans.factory.annotation.AutowiredAnnotationBeanPostProcessor - Autowiring by type from bean name 'testQuestionsController' to bean named 'testQuestionsServiceImpl'
[localhost-startStop-1] DEBUG org.springframework.beans.factory.support.DefaultListableBeanFactory - Finished creating instance of bean 'testQuestionsController'
[localhost-startStop-1] DEBUG org.springframework.beans.factory.support.DefaultListableBeanFactory - Creating shared instance of singleton bean 'testTask'
[localhost-startStop-1] DEBUG org.springframework.beans.factory.support.DefaultListableBeanFactory - Creating instance of bean 'testTask'
[localhost-startStop-1] DEBUG org.springframework.beans.factory.support.DefaultListableBeanFactory - Eagerly caching bean 'testTask' to allow for resolving potential circular references
[localhost-startStop-1] DEBUG org.springframework.scheduling.annotation.ScheduledAnnotationBeanPostProcessor - 1 @Scheduled methods processed on bean 'testTask': {public void cn.test.email.controller.TestTask.testMON()=[@org.springframework.scheduling.annotation.Scheduled(zone=, cron=2 * * * * *, initialDelay=-1, fixedDelay=-1, fixedRateString=, fixedDelayString=, fixedRate=-1, initialDelayString=)]}
[localhost-startStop-1] DEBUG org.springframework.beans.factory.support.DefaultListableBeanFactory - Finished creating instance of bean 'testTask'
[localhost-startStop-1] DEBUG org.springframework.beans.factory.support.DefaultListableBeanFactory - Creating shared instance of singleton bean 'usersController'
[localhost-startStop-1] DEBUG org.springframework.beans.factory.support.DefaultListableBeanFactory - Creating instance of bean 'usersController'
[localhost-startStop-1] DEBUG org.springframework.beans.factory.annotation.InjectionMetadata - Registered injected element on class [cn.test.email.controller.UsersController]: AutowiredFieldElement for private cn.test.email.service.IUserService cn.test.email.controller.UsersController.iUserService
[localhost-startStop-1] DEBUG org.springframework.beans.factory.support.DefaultListableBeanFactory - Eagerly caching bean 'usersController' to allow for resolving potential circular references
[localhost-startStop-1] DEBUG org.springframework.beans.factory.annotation.InjectionMetadata - Processing injected element of bean 'usersController': AutowiredFieldElement for private cn.test.email.service.IUserService cn.test.email.controller.UsersController.iUserService
[localhost-startStop-1] DEBUG org.springframework.beans.factory.support.DefaultListableBeanFactory - Returning cached instance of singleton bean 'IUserService'
[localhost-startStop-1] DEBUG org.springframework.beans.factory.annotation.AutowiredAnnotationBeanPostProcessor - Autowiring by type from bean name 'usersController' to bean named 'IUserService'
[localhost-startStop-1] DEBUG org.springframework.beans.factory.support.DefaultListableBeanFactory - Finished creating instance of bean 'usersController'
[localhost-startStop-1] DEBUG org.springframework.beans.factory.support.DefaultListableBeanFactory - Creating shared instance of singleton bean 'wordController'
[localhost-startStop-1] DEBUG org.springframework.beans.factory.support.DefaultListableBeanFactory - Creating instance of bean 'wordController'
[localhost-startStop-1] DEBUG org.springframework.beans.factory.support.DefaultListableBeanFactory - Eagerly caching bean 'wordController' to allow for resolving potential circular references
[localhost-startStop-1] DEBUG org.springframework.beans.factory.support.DefaultListableBeanFactory - Finished creating instance of bean 'wordController'
[localhost-startStop-1] DEBUG org.springframework.beans.factory.support.DefaultListableBeanFactory - Creating shared instance of singleton bean 'mvcContentNegotiationManager'
[localhost-startStop-1] DEBUG org.springframework.beans.factory.support.DefaultListableBeanFactory - Creating instance of bean 'mvcContentNegotiationManager'
[localhost-startStop-1] DEBUG org.springframework.beans.factory.support.DefaultListableBeanFactory - Eagerly caching bean 'mvcContentNegotiationManager' to allow for resolving potential circular references
[localhost-startStop-1] DEBUG org.springframework.beans.factory.support.DefaultListableBeanFactory - Invoking afterPropertiesSet() on bean with name 'mvcContentNegotiationManager'
[localhost-startStop-1] DEBUG org.springframework.beans.factory.support.DefaultListableBeanFactory - Finished creating instance of bean 'mvcContentNegotiationManager'
[localhost-startStop-1] DEBUG org.springframework.beans.factory.support.DefaultListableBeanFactory - Creating shared instance of singleton bean 'org.springframework.web.servlet.mvc.method.annotation.RequestMappingHandlerMapping'
[localhost-startStop-1] DEBUG org.springframework.beans.factory.support.DefaultListableBeanFactory - Creating instance of bean 'org.springframework.web.servlet.mvc.method.annotation.RequestMappingHandlerMapping'
[localhost-startStop-1] DEBUG org.springframework.beans.factory.support.DefaultListableBeanFactory - Eagerly caching bean 'org.springframework.web.servlet.mvc.method.annotation.RequestMappingHandlerMapping' to allow for resolving potential circular references
[localhost-startStop-1] DEBUG org.springframework.beans.factory.support.DefaultListableBeanFactory - Returning cached instance of singleton bean 'mvcContentNegotiationManager'
[localhost-startStop-1] DEBUG org.springframework.beans.factory.support.DefaultListableBeanFactory - Creating shared instance of singleton bean 'mvcCorsConfigurations'
[localhost-startStop-1] DEBUG org.springframework.beans.factory.support.DefaultListableBeanFactory - Creating instance of bean 'mvcCorsConfigurations'
[localhost-startStop-1] DEBUG org.springframework.beans.factory.support.DefaultListableBeanFactory - Eagerly caching bean 'mvcCorsConfigurations' to allow for resolving potential circular references
[localhost-startStop-1] DEBUG org.springframework.beans.factory.support.DefaultListableBeanFactory - Finished creating instance of bean 'mvcCorsConfigurations'
[localhost-startStop-1] DEBUG org.springframework.beans.factory.support.DefaultListableBeanFactory - Creating shared instance of singleton bean 'org.springframework.web.servlet.handler.MappedInterceptor#0'
[localhost-startStop-1] DEBUG org.springframework.beans.factory.support.DefaultListableBeanFactory - Creating instance of bean 'org.springframework.web.servlet.handler.MappedInterceptor#0'
[localhost-startStop-1] DEBUG org.springframework.beans.factory.support.DefaultListableBeanFactory - Creating instance of bean '(inner bean)#34637521'
[localhost-startStop-1] DEBUG org.springframework.beans.factory.support.DefaultListableBeanFactory - Creating shared instance of singleton bean 'org.springframework.format.support.FormattingConversionServiceFactoryBean#0'
[localhost-startStop-1] DEBUG org.springframework.beans.factory.support.DefaultListableBeanFactory - Creating instance of bean 'org.springframework.format.support.FormattingConversionServiceFactoryBean#0'
[localhost-startStop-1] DEBUG org.springframework.beans.factory.support.DefaultListableBeanFactory - Eagerly caching bean 'org.springframework.format.support.FormattingConversionServiceFactoryBean#0' to allow for resolving potential circular references
[localhost-startStop-1] DEBUG org.springframework.beans.factory.support.DefaultListableBeanFactory - Invoking afterPropertiesSet() on bean with name 'org.springframework.format.support.FormattingConversionServiceFactoryBean#0'
[localhost-startStop-1] DEBUG org.springframework.beans.factory.support.DefaultListableBeanFactory - Finished creating instance of bean 'org.springframework.format.support.FormattingConversionServiceFactoryBean#0'
[localhost-startStop-1] DEBUG org.springframework.beans.factory.support.DefaultListableBeanFactory - Finished creating instance of bean '(inner bean)#34637521'
[localhost-startStop-1] DEBUG org.springframework.beans.BeanUtils - No property editor [org.springframework.web.context.request.WebRequestInterceptorEditor] found for type org.springframework.web.context.request.WebRequestInterceptor according to 'Editor' suffix convention
[localhost-startStop-1] DEBUG org.springframework.beans.factory.support.DefaultListableBeanFactory - Eagerly caching bean 'org.springframework.web.servlet.handler.MappedInterceptor#0' to allow for resolving potential circular references
[localhost-startStop-1] DEBUG org.springframework.beans.factory.support.DefaultListableBeanFactory - Finished creating instance of bean 'org.springframework.web.servlet.handler.MappedInterceptor#0'
[localhost-startStop-1] DEBUG org.springframework.beans.factory.support.DefaultListableBeanFactory - Creating shared instance of singleton bean 'org.springframework.web.servlet.handler.MappedInterceptor#1'
[localhost-startStop-1] DEBUG org.springframework.beans.factory.support.DefaultListableBeanFactory - Creating instance of bean 'org.springframework.web.servlet.handler.MappedInterceptor#1'
[localhost-startStop-1] DEBUG org.springframework.beans.factory.support.DefaultListableBeanFactory - Creating instance of bean 'cn.test.email.interceptor.LoginInterceptor#0'
[localhost-startStop-1] DEBUG org.springframework.beans.factory.support.DefaultListableBeanFactory - Finished creating instance of bean 'cn.test.email.interceptor.LoginInterceptor#0'
[localhost-startStop-1] DEBUG org.springframework.beans.factory.support.DefaultListableBeanFactory - Eagerly caching bean 'org.springframework.web.servlet.handler.MappedInterceptor#1' to allow for resolving potential circular references
[localhost-startStop-1] DEBUG org.springframework.beans.factory.support.DefaultListableBeanFactory - Finished creating instance of bean 'org.springframework.web.servlet.handler.MappedInterceptor#1'
[localhost-startStop-1] DEBUG org.springframework.beans.factory.support.DefaultListableBeanFactory - Invoking afterPropertiesSet() on bean with name 'org.springframework.web.servlet.mvc.method.annotation.RequestMappingHandlerMapping'
[localhost-startStop-1] DEBUG org.springframework.web.servlet.mvc.method.annotation.RequestMappingHandlerMapping - Looking for request mappings in application context: Root WebApplicationContext: startup date [Tue Nov 28 08:35:10 CST 2017]; root of context hierarchy
[localhost-startStop-1] DEBUG org.springframework.web.servlet.mvc.method.annotation.RequestMappingHandlerMapping - 3 request handler methods found on class cn.test.email.controller.StatisticsController: {public java.util.List cn.test.email.controller.StatisticsController.getErrorCount(cn.test.email.model.Users)={[/getErrorCount.do]}, public java.util.List cn.test.email.controller.StatisticsController.getQuestionCount(cn.test.email.model.Users)={[/getQuestionCount.do]}, public java.lang.String cn.test.email.controller.StatisticsController.getQuestion(org.springframework.ui.Model,java.lang.Integer,javax.servlet.http.HttpSession)={[/getQuestionNum.do]}}
[localhost-startStop-1] INFO org.springframework.web.servlet.mvc.method.annotation.RequestMappingHandlerMapping - Mapped "{[/getErrorCount.do]}" onto public java.util.List<cn.test.email.model.QuestionType> cn.test.email.controller.StatisticsController.getErrorCount(cn.test.email.model.Users)
[localhost-startStop-1] INFO org.springframework.web.servlet.mvc.method.annotation.RequestMappingHandlerMapping - Mapped "{[/getQuestionCount.do]}" onto public java.util.List<cn.test.email.model.QuestionType> cn.test.email.controller.StatisticsController.getQuestionCount(cn.test.email.model.Users)
[localhost-startStop-1] INFO org.springframework.web.servlet.mvc.method.annotation.RequestMappingHandlerMapping - Mapped "{[/getQuestionNum.do]}" onto public java.lang.String cn.test.email.controller.StatisticsController.getQuestion(org.springframework.ui.Model,java.lang.Integer,javax.servlet.http.HttpSession)
[localhost-startStop-1] DEBUG org.springframework.web.servlet.mvc.method.annotation.RequestMappingHandlerMapping - 7 request handler methods found on class cn.test.email.controller.TestPaperController: {public java.lang.String cn.test.email.controller.TestPaperController.show(org.springframework.ui.Model,java.lang.String)={[/show.do]}, public java.lang.String cn.test.email.controller.TestPaperController.addTestPaper()={[/addTestPaper.do]}, public java.lang.String cn.test.email.controller.TestPaperController.toMyExam(org.springframework.ui.Model)={[/toMyExam.do]}, public java.lang.String cn.test.email.controller.TestPaperController.toUserExam(org.springframework.ui.Model)={[/toUserExam.do]}, public java.lang.String cn.test.email.controller.TestPaperController.myExam(javax.servlet.http.HttpSession)={[/myExam.do]}, public java.lang.String cn.test.email.controller.TestPaperController.myword(org.springframework.ui.Model,java.lang.String)={[/myword.do]}, public java.lang.String cn.test.email.controller.TestPaperController.addTestPaperDo(cn.test.email.model.TestPaper)={[/addTestPaperDo.do]}}
[localhost-startStop-1] INFO org.springframework.web.servlet.mvc.method.annotation.RequestMappingHandlerMapping - Mapped "{[/show.do]}" onto public java.lang.String cn.test.email.controller.TestPaperController.show(org.springframework.ui.Model,java.lang.String)
[localhost-startStop-1] INFO org.springframework.web.servlet.mvc.method.annotation.RequestMappingHandlerMapping - Mapped "{[/addTestPaper.do]}" onto public java.lang.String cn.test.email.controller.TestPaperController.addTestPaper()
[localhost-startStop-1] INFO org.springframework.web.servlet.mvc.method.annotation.RequestMappingHandlerMapping - Mapped "{[/toMyExam.do]}" onto public java.lang.String cn.test.email.controller.TestPaperController.toMyExam(org.springframework.ui.Model)
[localhost-startStop-1] INFO org.springframework.web.servlet.mvc.method.annotation.RequestMappingHandlerMapping - Mapped "{[/toUserExam.do]}" onto public java.lang.String cn.test.email.controller.TestPaperController.toUserExam(org.springframework.ui.Model)
[localhost-startStop-1] INFO org.springframework.web.servlet.mvc.method.annotation.RequestMappingHandlerMapping - Mapped "{[/myExam.do]}" onto public java.lang.String cn.test.email.controller.TestPaperController.myExam(javax.servlet.http.HttpSession)
[localhost-startStop-1] INFO org.springframework.web.servlet.mvc.method.annotation.RequestMappingHandlerMapping - Mapped "{[/myword.do]}" onto public java.lang.String cn.test.email.controller.TestPaperController.myword(org.springframework.ui.Model,java.lang.String)
[localhost-startStop-1] INFO org.springframework.web.servlet.mvc.method.annotation.RequestMappingHandlerMapping - Mapped "{[/addTestPaperDo.do]}" onto public java.lang.String cn.test.email.controller.TestPaperController.addTestPaperDo(cn.test.email.model.TestPaper)
[localhost-startStop-1] DEBUG org.springframework.web.servlet.mvc.method.annotation.RequestMappingHandlerMapping - 13 request handler methods found on class cn.test.email.controller.TestQuestionsController: {public java.lang.String cn.test.email.controller.TestQuestionsController.add(java.lang.String,org.springframework.ui.Model,java.lang.Integer)={[/add.do]}, public java.lang.String cn.test.email.controller.TestQuestionsController.update(java.lang.Integer,org.springframework.ui.Model)={[/update.do]}, public java.lang.String cn.test.email.controller.TestQuestionsController.updateDo(cn.test.email.model.TExamQuestion,java.lang.String[])={[/updateDo.do]}, public java.lang.String cn.test.email.controller.TestQuestionsController.deleteDo(java.lang.Integer,java.lang.String,java.lang.Integer) throws java.lang.Exception={[/deleteDo.do]}, public java.lang.String cn.test.email.controller.TestQuestionsController.showQuestion(java.lang.Integer,java.lang.Integer,org.springframework.ui.Model,cn.test.email.model.TExamQuestionVo)={[/showQuestion.do]}, public java.lang.String cn.test.email.controller.TestQuestionsController.addDo(cn.test.email.model.TExamQuestion,java.lang.String[])={[/addDo.do]}, public java.lang.String cn.test.email.controller.TestQuestionsController.selectDel(java.lang.Integer[],java.lang.String,java.lang.Integer)={[/selectDel.do]}, public java.lang.String cn.test.email.controller.TestQuestionsController.selectBySidDo(java.lang.Integer,java.lang.String,org.springframework.ui.Model) throws java.io.UnsupportedEncodingException={[/selectBySidDo.do]}, public java.lang.String cn.test.email.controller.TestQuestionsController.saveCountExam(java.lang.String,javax.servlet.http.HttpSession)={[/saveCountExam.do]}, public java.lang.String cn.test.email.controller.TestQuestionsController.randomQuestionDo(java.lang.Integer,java.lang.Integer,java.lang.Integer,javax.servlet.http.HttpSession,org.springframework.ui.Model)={[/randomQuestionDo.do]}, public java.lang.String cn.test.email.controller.TestQuestionsController.randomQuestion(javax.servlet.http.HttpSession)={[/randomQuestion.do]}, public java.lang.String cn.test.email.controller.TestQuestionsController.vipRandomQuestion(java.lang.Integer,org.springframework.ui.Model)={[/vipRandomQuestion.do]}, public java.lang.String cn.test.email.controller.TestQuestionsController.showErrorQuestion(javax.servlet.http.HttpSession,java.lang.Integer,java.lang.Integer,cn.test.email.model.ErrorQuestionVo,org.springframework.ui.Model)={[/showErrorQuestion.do]}}
[localhost-startStop-1] INFO org.springframework.web.servlet.mvc.method.annotation.RequestMappingHandlerMapping - Mapped "{[/add.do]}" onto public java.lang.String cn.test.email.controller.TestQuestionsController.add(java.lang.String,org.springframework.ui.Model,java.lang.Integer)
[localhost-startStop-1] INFO org.springframework.web.servlet.mvc.method.annotation.RequestMappingHandlerMapping - Mapped "{[/update.do]}" onto public java.lang.String cn.test.email.controller.TestQuestionsController.update(java.lang.Integer,org.springframework.ui.Model)
[localhost-startStop-1] INFO org.springframework.web.servlet.mvc.method.annotation.RequestMappingHandlerMapping - Mapped "{[/updateDo.do]}" onto public java.lang.String cn.test.email.controller.TestQuestionsController.updateDo(cn.test.email.model.TExamQuestion,java.lang.String[])
[localhost-startStop-1] INFO org.springframework.web.servlet.mvc.method.annotation.RequestMappingHandlerMapping - Mapped "{[/deleteDo.do]}" onto public java.lang.String cn.test.email.controller.TestQuestionsController.deleteDo(java.lang.Integer,java.lang.String,java.lang.Integer) throws java.lang.Exception
[localhost-startStop-1] INFO org.springframework.web.servlet.mvc.method.annotation.RequestMappingHandlerMapping - Mapped "{[/showQuestion.do]}" onto public java.lang.String cn.test.email.controller.TestQuestionsController.showQuestion(java.lang.Integer,java.lang.Integer,org.springframework.ui.Model,cn.test.email.model.TExamQuestionVo)
[localhost-startStop-1] INFO org.springframework.web.servlet.mvc.method.annotation.RequestMappingHandlerMapping - Mapped "{[/addDo.do]}" onto public java.lang.String cn.test.email.controller.TestQuestionsController.addDo(cn.test.email.model.TExamQuestion,java.lang.String[])
[localhost-startStop-1] INFO org.springframework.web.servlet.mvc.method.annotation.RequestMappingHandlerMapping - Mapped "{[/selectDel.do]}" onto public java.lang.String cn.test.email.controller.TestQuestionsController.selectDel(java.lang.Integer[],java.lang.String,java.lang.Integer)
[localhost-startStop-1] INFO org.springframework.web.servlet.mvc.method.annotation.RequestMappingHandlerMapping - Mapped "{[/selectBySidDo.do]}" onto public java.lang.String cn.test.email.controller.TestQuestionsController.selectBySidDo(java.lang.Integer,java.lang.String,org.springframework.ui.Model) throws java.io.UnsupportedEncodingException
[localhost-startStop-1] INFO org.springframework.web.servlet.mvc.method.annotation.RequestMappingHandlerMapping - Mapped "{[/saveCountExam.do]}" onto public java.lang.String cn.test.email.controller.TestQuestionsController.saveCountExam(java.lang.String,javax.servlet.http.HttpSession)
[localhost-startStop-1] INFO org.springframework.web.servlet.mvc.method.annotation.RequestMappingHandlerMapping - Mapped "{[/randomQuestionDo.do]}" onto public java.lang.String cn.test.email.controller.TestQuestionsController.randomQuestionDo(java.lang.Integer,java.lang.Integer,java.lang.Integer,javax.servlet.http.HttpSession,org.springframework.ui.Model)
[localhost-startStop-1] INFO org.springframework.web.servlet.mvc.method.annotation.RequestMappingHandlerMapping - Mapped "{[/randomQuestion.do]}" onto public java.lang.String cn.test.email.controller.TestQuestionsController.randomQuestion(javax.servlet.http.HttpSession)
[localhost-startStop-1] INFO org.springframework.web.servlet.mvc.method.annotation.RequestMappingHandlerMapping - Mapped "{[/vipRandomQuestion.do]}" onto public java.lang.String cn.test.email.controller.TestQuestionsController.vipRandomQuestion(java.lang.Integer,org.springframework.ui.Model)
[localhost-startStop-1] INFO org.springframework.web.servlet.mvc.method.annotation.RequestMappingHandlerMapping - Mapped "{[/showErrorQuestion.do]}" onto public java.lang.String cn.test.email.controller.TestQuestionsController.showErrorQuestion(javax.servlet.http.HttpSession,java.lang.Integer,java.lang.Integer,cn.test.email.model.ErrorQuestionVo,org.springframework.ui.Model)
[localhost-startStop-1] DEBUG org.springframework.web.servlet.mvc.method.annotation.RequestMappingHandlerMapping - 8 request handler methods found on class cn.test.email.controller.UsersController: {public java.lang.String cn.test.email.controller.UsersController.register()={[/user/register]}, public java.lang.String cn.test.email.controller.UsersController.home()={[/user/home]}, public java.lang.String cn.test.email.controller.UsersController.doLogin(cn.test.email.model.Users,javax.servlet.http.HttpSession,javax.servlet.http.HttpServletRequest) throws java.lang.Exception={[/user/dologin]}, public java.lang.String cn.test.email.controller.UsersController.login()={[/user/login]}, public java.lang.String cn.test.email.controller.UsersController.updateRankDo(javax.servlet.http.HttpSession)={[/user/updateRankDo.do]}, public java.lang.String cn.test.email.controller.UsersController.loginOut(javax.servlet.http.HttpSession) throws java.lang.Exception={[/user/loginOut]}, public java.lang.String cn.test.email.controller.UsersController.doRegister(org.springframework.ui.Model,cn.test.email.model.Users,org.springframework.validation.BindingResult) throws java.lang.Exception={[/user/doregister]}, public void cn.test.email.controller.UsersController.registerFindUser(cn.test.email.model.Users,javax.servlet.http.HttpServletResponse) throws java.lang.Exception={[/user/registerFindUser]}}
[localhost-startStop-1] INFO org.springframework.web.servlet.mvc.method.annotation.RequestMappingHandlerMapping - Mapped "{[/user/register]}" onto public java.lang.String cn.test.email.controller.UsersController.register()
[localhost-startStop-1] INFO org.springframework.web.servlet.mvc.method.annotation.RequestMappingHandlerMapping - Mapped "{[/user/home]}" onto public java.lang.String cn.test.email.controller.UsersController.home()
[localhost-startStop-1] INFO org.springframework.web.servlet.mvc.method.annotation.RequestMappingHandlerMapping - Mapped "{[/user/dologin]}" onto public java.lang.String cn.test.email.controller.UsersController.doLogin(cn.test.email.model.Users,javax.servlet.http.HttpSession,javax.servlet.http.HttpServletRequest) throws java.lang.Exception
[localhost-startStop-1] INFO org.springframework.web.servlet.mvc.method.annotation.RequestMappingHandlerMapping - Mapped "{[/user/login]}" onto public java.lang.String cn.test.email.controller.UsersController.login()
[localhost-startStop-1] INFO org.springframework.web.servlet.mvc.method.annotation.RequestMappingHandlerMapping - Mapped "{[/user/updateRankDo.do]}" onto public java.lang.String cn.test.email.controller.UsersController.updateRankDo(javax.servlet.http.HttpSession)
[localhost-startStop-1] INFO org.springframework.web.servlet.mvc.method.annotation.RequestMappingHandlerMapping - Mapped "{[/user/loginOut]}" onto public java.lang.String cn.test.email.controller.UsersController.loginOut(javax.servlet.http.HttpSession) throws java.lang.Exception
[localhost-startStop-1] INFO org.springframework.web.servlet.mvc.method.annotation.RequestMappingHandlerMapping - Mapped "{[/user/doregister]}" onto public java.lang.String cn.test.email.controller.UsersController.doRegister(org.springframework.ui.Model,cn.test.email.model.Users,org.springframework.validation.BindingResult) throws java.lang.Exception
[localhost-startStop-1] INFO org.springframework.web.servlet.mvc.method.annotation.RequestMappingHandlerMapping - Mapped "{[/user/registerFindUser]}" onto public void cn.test.email.controller.UsersController.registerFindUser(cn.test.email.model.Users,javax.servlet.http.HttpServletResponse) throws java.lang.Exception
[localhost-startStop-1] DEBUG org.springframework.web.servlet.mvc.method.annotation.RequestMappingHandlerMapping - 1 request handler methods found on class cn.test.email.controller.WordController: {public static java.util.List cn.test.email.controller.WordController.myword(java.lang.String)={[/word/myword]}}
[localhost-startStop-1] INFO org.springframework.web.servlet.mvc.method.annotation.RequestMappingHandlerMapping - Mapped "{[/word/myword]}" onto public static java.util.List<java.lang.String> cn.test.email.controller.WordController.myword(java.lang.String)
[localhost-startStop-1] DEBUG org.springframework.beans.factory.support.DefaultListableBeanFactory - Finished creating instance of bean 'org.springframework.web.servlet.mvc.method.annotation.RequestMappingHandlerMapping'
[localhost-startStop-1] DEBUG org.springframework.beans.factory.support.DefaultListableBeanFactory - Returning cached instance of singleton bean 'mvcCorsConfigurations'
[localhost-startStop-1] DEBUG org.springframework.beans.factory.support.DefaultListableBeanFactory - Returning cached instance of singleton bean 'org.springframework.format.support.FormattingConversionServiceFactoryBean#0'
[localhost-startStop-1] DEBUG org.springframework.beans.factory.support.DefaultListableBeanFactory - Creating shared instance of singleton bean 'org.springframework.web.servlet.mvc.method.annotation.RequestMappingHandlerAdapter'
[localhost-startStop-1] DEBUG org.springframework.beans.factory.support.DefaultListableBeanFactory - Creating instance of bean 'org.springframework.web.servlet.mvc.method.annotation.RequestMappingHandlerAdapter'
[localhost-startStop-1] DEBUG org.springframework.beans.factory.support.DefaultListableBeanFactory - Eagerly caching bean 'org.springframework.web.servlet.mvc.method.annotation.RequestMappingHandlerAdapter' to allow for resolving potential circular references
[localhost-startStop-1] DEBUG org.springframework.beans.factory.support.DefaultListableBeanFactory - Returning cached instance of singleton bean 'mvcContentNegotiationManager'
[localhost-startStop-1] DEBUG org.springframework.beans.factory.support.DefaultListableBeanFactory - Creating instance of bean '(inner bean)#63ad9a4a'
[localhost-startStop-1] DEBUG org.springframework.beans.factory.support.DefaultListableBeanFactory - Returning cached instance of singleton bean 'org.springframework.format.support.FormattingConversionServiceFactoryBean#0'
[localhost-startStop-1] DEBUG org.springframework.beans.factory.support.DefaultListableBeanFactory - Creating shared instance of singleton bean 'validator'
[localhost-startStop-1] DEBUG org.springframework.beans.factory.support.DefaultListableBeanFactory - Creating instance of bean 'validator'
[localhost-startStop-1] DEBUG org.springframework.beans.factory.support.DefaultListableBeanFactory - Eagerly caching bean 'validator' to allow for resolving potential circular references
[localhost-startStop-1] DEBUG org.springframework.beans.factory.support.DefaultListableBeanFactory - Returning cached instance of singleton bean 'messageSource'
[localhost-startStop-1] DEBUG org.jboss.logging - Logging Provider: org.jboss.logging.Log4jLoggerProvider
[localhost-startStop-1] DEBUG org.springframework.beans.factory.support.DefaultListableBeanFactory - Invoking afterPropertiesSet() on bean with name 'validator'
[localhost-startStop-1] INFO org.hibernate.validator.internal.util.Version - HV000001: Hibernate Validator 5.2.4.Final
[localhost-startStop-1] DEBUG org.hibernate.validator.internal.engine.resolver.DefaultTraversableResolver - Cannot find javax.persistence.Persistence on classpath. Assuming non JPA 2 environment. All properties will per default be traversable.
[localhost-startStop-1] DEBUG org.hibernate.validator.internal.engine.ConfigurationImpl - Setting custom MessageInterpolator of type org.springframework.validation.beanvalidation.LocaleContextMessageInterpolator
[localhost-startStop-1] DEBUG org.hibernate.validator.internal.engine.ConfigurationImpl - Setting custom ConstraintValidatorFactory of type org.springframework.validation.beanvalidation.SpringConstraintValidatorFactory
[localhost-startStop-1] DEBUG org.hibernate.validator.internal.engine.ConfigurationImpl - Setting custom ParameterNameProvider of type com.sun.proxy.$Proxy46
[localhost-startStop-1] DEBUG org.hibernate.validator.internal.xml.ValidationXmlParser - Trying to load META-INF/validation.xml for XML based Validator configuration.
[localhost-startStop-1] DEBUG org.hibernate.validator.internal.xml.ResourceLoaderHelper - Trying to load META-INF/validation.xml via user class loader
[localhost-startStop-1] DEBUG org.hibernate.validator.internal.xml.ResourceLoaderHelper - Trying to load META-INF/validation.xml via TCCL
[localhost-startStop-1] DEBUG org.hibernate.validator.internal.xml.ResourceLoaderHelper - Trying to load META-INF/validation.xml via Hibernate Validator's class loader
[localhost-startStop-1] DEBUG org.hibernate.validator.internal.xml.ValidationXmlParser - No META-INF/validation.xml found. Using annotation based configuration only.
[localhost-startStop-1] DEBUG org.springframework.beans.factory.support.DefaultListableBeanFactory - Finished creating instance of bean 'validator'
[localhost-startStop-1] DEBUG org.springframework.beans.factory.support.DefaultListableBeanFactory - Finished creating instance of bean '(inner bean)#63ad9a4a'
[localhost-startStop-1] DEBUG org.springframework.beans.factory.support.DefaultListableBeanFactory - Creating instance of bean '(inner bean)#37eb26bf'
[localhost-startStop-1] DEBUG org.springframework.beans.factory.support.DefaultListableBeanFactory - Finished creating instance of bean '(inner bean)#37eb26bf'
[localhost-startStop-1] DEBUG org.springframework.beans.factory.support.DefaultListableBeanFactory - Creating instance of bean '(inner bean)#14e46588'
[localhost-startStop-1] DEBUG org.springframework.beans.factory.support.DefaultListableBeanFactory - Finished creating instance of bean '(inner bean)#14e46588'
[localhost-startStop-1] DEBUG org.springframework.beans.factory.support.DefaultListableBeanFactory - Creating instance of bean '(inner bean)#19556f7f'
[localhost-startStop-1] DEBUG org.springframework.beans.factory.support.DefaultListableBeanFactory - Finished creating instance of bean '(inner bean)#19556f7f'
[localhost-startStop-1] DEBUG org.springframework.beans.factory.support.DefaultListableBeanFactory - Creating instance of bean '(inner bean)#21c8ce8'
[localhost-startStop-1] DEBUG org.springframework.beans.factory.support.DefaultListableBeanFactory - Finished creating instance of bean '(inner bean)#21c8ce8'
[localhost-startStop-1] DEBUG org.springframework.beans.factory.support.DefaultListableBeanFactory - Creating instance of bean '(inner bean)#61dcb2fa'
[localhost-startStop-1] DEBUG org.springframework.beans.factory.support.DefaultListableBeanFactory - Finished creating instance of bean '(inner bean)#61dcb2fa'
[localhost-startStop-1] DEBUG org.springframework.beans.factory.support.DefaultListableBeanFactory - Creating instance of bean '(inner bean)#3a2a6d2e'
[localhost-startStop-1] DEBUG org.springframework.beans.factory.support.DefaultListableBeanFactory - Finished creating instance of bean '(inner bean)#3a2a6d2e'
[localhost-startStop-1] DEBUG org.springframework.beans.factory.support.DefaultListableBeanFactory - Invoking afterPropertiesSet() on bean with name 'org.springframework.web.servlet.mvc.method.annotation.RequestMappingHandlerAdapter'
[localhost-startStop-1] INFO org.springframework.web.servlet.mvc.method.annotation.RequestMappingHandlerAdapter - Looking for @ControllerAdvice: Root WebApplicationContext: startup date [Tue Nov 28 08:35:10 CST 2017]; root of context hierarchy
[localhost-startStop-1] DEBUG org.springframework.beans.factory.support.DefaultListableBeanFactory - Finished creating instance of bean 'org.springframework.web.servlet.mvc.method.annotation.RequestMappingHandlerAdapter'
[localhost-startStop-1] DEBUG org.springframework.beans.factory.support.DefaultListableBeanFactory - Creating shared instance of singleton bean 'mvcUriComponentsContributor'
[localhost-startStop-1] DEBUG org.springframework.beans.factory.support.DefaultListableBeanFactory - Creating instance of bean 'mvcUriComponentsContributor'
[localhost-startStop-1] DEBUG org.springframework.beans.factory.support.DefaultListableBeanFactory - Eagerly caching bean 'mvcUriComponentsContributor' to allow for resolving potential circular references
[localhost-startStop-1] DEBUG org.springframework.beans.factory.support.DefaultListableBeanFactory - Creating instance of bean '(inner bean)#37951f8'
[localhost-startStop-1] DEBUG org.springframework.beans.factory.support.DefaultListableBeanFactory - Returning cached instance of singleton bean 'mvcContentNegotiationManager'
[localhost-startStop-1] DEBUG org.springframework.beans.factory.support.DefaultListableBeanFactory - Creating instance of bean '(inner bean)#63ad9a4a#1'
[localhost-startStop-1] DEBUG org.springframework.beans.factory.support.DefaultListableBeanFactory - Returning cached instance of singleton bean 'org.springframework.format.support.FormattingConversionServiceFactoryBean#0'
[localhost-startStop-1] DEBUG org.springframework.beans.factory.support.DefaultListableBeanFactory - Returning cached instance of singleton bean 'validator'
[localhost-startStop-1] DEBUG org.springframework.beans.factory.support.DefaultListableBeanFactory - Finished creating instance of bean '(inner bean)#63ad9a4a#1'
[localhost-startStop-1] DEBUG org.springframework.beans.factory.support.DefaultListableBeanFactory - Creating instance of bean '(inner bean)#37eb26bf#1'
[localhost-startStop-1] DEBUG org.springframework.beans.factory.support.DefaultListableBeanFactory - Finished creating instance of bean '(inner bean)#37eb26bf#1'
[localhost-startStop-1] DEBUG org.springframework.beans.factory.support.DefaultListableBeanFactory - Creating instance of bean '(inner bean)#14e46588#1'
[localhost-startStop-1] DEBUG org.springframework.beans.factory.support.DefaultListableBeanFactory - Finished creating instance of bean '(inner bean)#14e46588#1'
[localhost-startStop-1] DEBUG org.springframework.beans.factory.support.DefaultListableBeanFactory - Creating instance of bean '(inner bean)#19556f7f#1'
[localhost-startStop-1] DEBUG org.springframework.beans.factory.support.DefaultListableBeanFactory - Finished creating instance of bean '(inner bean)#19556f7f#1'
[localhost-startStop-1] DEBUG org.springframework.beans.factory.support.DefaultListableBeanFactory - Creating instance of bean '(inner bean)#21c8ce8#1'
[localhost-startStop-1] DEBUG org.springframework.beans.factory.support.DefaultListableBeanFactory - Finished creating instance of bean '(inner bean)#21c8ce8#1'
[localhost-startStop-1] DEBUG org.springframework.beans.factory.support.DefaultListableBeanFactory - Creating instance of bean '(inner bean)#61dcb2fa#1'
[localhost-startStop-1] DEBUG org.springframework.beans.factory.support.DefaultListableBeanFactory - Finished creating instance of bean '(inner bean)#61dcb2fa#1'
[localhost-startStop-1] DEBUG org.springframework.beans.factory.support.DefaultListableBeanFactory - Creating instance of bean '(inner bean)#3a2a6d2e#1'
[localhost-startStop-1] DEBUG org.springframework.beans.factory.support.DefaultListableBeanFactory - Finished creating instance of bean '(inner bean)#3a2a6d2e#1'
[localhost-startStop-1] DEBUG org.springframework.beans.factory.support.DefaultListableBeanFactory - Invoking afterPropertiesSet() on bean with name '(inner bean)#37951f8'
[localhost-startStop-1] INFO org.springframework.web.servlet.mvc.method.annotation.RequestMappingHandlerAdapter - Looking for @ControllerAdvice: Root WebApplicationContext: startup date [Tue Nov 28 08:35:10 CST 2017]; root of context hierarchy
[localhost-startStop-1] DEBUG org.springframework.beans.factory.support.DefaultListableBeanFactory - Finished creating instance of bean '(inner bean)#37951f8'
[localhost-startStop-1] DEBUG org.springframework.beans.factory.support.DefaultListableBeanFactory - Returning cached instance of singleton bean 'org.springframework.format.support.FormattingConversionServiceFactoryBean#0'
[localhost-startStop-1] DEBUG org.springframework.beans.factory.support.DefaultListableBeanFactory - Invoking afterPropertiesSet() on bean with name 'mvcUriComponentsContributor'
[localhost-startStop-1] DEBUG org.springframework.beans.factory.support.DefaultListableBeanFactory - Finished creating instance of bean 'mvcUriComponentsContributor'
[localhost-startStop-1] DEBUG org.springframework.beans.factory.support.DefaultListableBeanFactory - Returning cached instance of singleton bean 'org.springframework.web.servlet.handler.MappedInterceptor#0'
[localhost-startStop-1] DEBUG org.springframework.beans.factory.support.DefaultListableBeanFactory - Creating shared instance of singleton bean 'org.springframework.web.servlet.mvc.method.annotation.ExceptionHandlerExceptionResolver#0'
[localhost-startStop-1] DEBUG org.springframework.beans.factory.support.DefaultListableBeanFactory - Creating instance of bean 'org.springframework.web.servlet.mvc.method.annotation.ExceptionHandlerExceptionResolver#0'
[localhost-startStop-1] DEBUG org.springframework.beans.factory.support.DefaultListableBeanFactory - Eagerly caching bean 'org.springframework.web.servlet.mvc.method.annotation.ExceptionHandlerExceptionResolver#0' to allow for resolving potential circular references
[localhost-startStop-1] DEBUG org.springframework.beans.factory.support.DefaultListableBeanFactory - Returning cached instance of singleton bean 'mvcContentNegotiationManager'
[localhost-startStop-1] DEBUG org.springframework.beans.factory.support.DefaultListableBeanFactory - Creating instance of bean '(inner bean)#37eb26bf#2'
[localhost-startStop-1] DEBUG org.springframework.beans.factory.support.DefaultListableBeanFactory - Finished creating instance of bean '(inner bean)#37eb26bf#2'
[localhost-startStop-1] DEBUG org.springframework.beans.factory.support.DefaultListableBeanFactory - Creating instance of bean '(inner bean)#14e46588#2'
[localhost-startStop-1] DEBUG org.springframework.beans.factory.support.DefaultListableBeanFactory - Finished creating instance of bean '(inner bean)#14e46588#2'
[localhost-startStop-1] DEBUG org.springframework.beans.factory.support.DefaultListableBeanFactory - Creating instance of bean '(inner bean)#19556f7f#2'
[localhost-startStop-1] DEBUG org.springframework.beans.factory.support.DefaultListableBeanFactory - Finished creating instance of bean '(inner bean)#19556f7f#2'
[localhost-startStop-1] DEBUG org.springframework.beans.factory.support.DefaultListableBeanFactory - Creating instance of bean '(inner bean)#21c8ce8#2'
[localhost-startStop-1] DEBUG org.springframework.beans.factory.support.DefaultListableBeanFactory - Finished creating instance of bean '(inner bean)#21c8ce8#2'
[localhost-startStop-1] DEBUG org.springframework.beans.factory.support.DefaultListableBeanFactory - Creating instance of bean '(inner bean)#61dcb2fa#2'
[localhost-startStop-1] DEBUG org.springframework.beans.factory.support.DefaultListableBeanFactory - Finished creating instance of bean '(inner bean)#61dcb2fa#2'
[localhost-startStop-1] DEBUG org.springframework.beans.factory.support.DefaultListableBeanFactory - Creating instance of bean '(inner bean)#3a2a6d2e#2'
[localhost-startStop-1] DEBUG org.springframework.beans.factory.support.DefaultListableBeanFactory - Finished creating instance of bean '(inner bean)#3a2a6d2e#2'
[localhost-startStop-1] DEBUG org.springframework.beans.factory.support.DefaultListableBeanFactory - Invoking afterPropertiesSet() on bean with name 'org.springframework.web.servlet.mvc.method.annotation.ExceptionHandlerExceptionResolver#0'
[localhost-startStop-1] DEBUG org.springframework.web.servlet.mvc.method.annotation.ExceptionHandlerExceptionResolver - Looking for exception mappings: Root WebApplicationContext: startup date [Tue Nov 28 08:35:10 CST 2017]; root of context hierarchy
[localhost-startStop-1] DEBUG org.springframework.beans.factory.support.DefaultListableBeanFactory - Finished creating instance of bean 'org.springframework.web.servlet.mvc.method.annotation.ExceptionHandlerExceptionResolver#0'
[localhost-startStop-1] DEBUG org.springframework.beans.factory.support.DefaultListableBeanFactory - Creating shared instance of singleton bean 'org.springframework.web.servlet.mvc.annotation.ResponseStatusExceptionResolver#0'
[localhost-startStop-1] DEBUG org.springframework.beans.factory.support.DefaultListableBeanFactory - Creating instance of bean 'org.springframework.web.servlet.mvc.annotation.ResponseStatusExceptionResolver#0'
[localhost-startStop-1] DEBUG org.springframework.beans.factory.support.DefaultListableBeanFactory - Eagerly caching bean 'org.springframework.web.servlet.mvc.annotation.ResponseStatusExceptionResolver#0' to allow for resolving potential circular references
[localhost-startStop-1] DEBUG org.springframework.beans.factory.support.DefaultListableBeanFactory - Finished creating instance of bean 'org.springframework.web.servlet.mvc.annotation.ResponseStatusExceptionResolver#0'
[localhost-startStop-1] DEBUG org.springframework.beans.factory.support.DefaultListableBeanFactory - Creating shared instance of singleton bean 'org.springframework.web.servlet.mvc.support.DefaultHandlerExceptionResolver#0'
[localhost-startStop-1] DEBUG org.springframework.beans.factory.support.DefaultListableBeanFactory - Creating instance of bean 'org.springframework.web.servlet.mvc.support.DefaultHandlerExceptionResolver#0'
[localhost-startStop-1] DEBUG org.springframework.beans.factory.support.DefaultListableBeanFactory - Eagerly caching bean 'org.springframework.web.servlet.mvc.support.DefaultHandlerExceptionResolver#0' to allow for resolving potential circular references
[localhost-startStop-1] DEBUG org.springframework.beans.factory.support.DefaultListableBeanFactory - Finished creating instance of bean 'org.springframework.web.servlet.mvc.support.DefaultHandlerExceptionResolver#0'
[localhost-startStop-1] DEBUG org.springframework.beans.factory.support.DefaultListableBeanFactory - Creating shared instance of singleton bean 'org.springframework.web.servlet.handler.BeanNameUrlHandlerMapping'
[localhost-startStop-1] DEBUG org.springframework.beans.factory.support.DefaultListableBeanFactory - Creating instance of bean 'org.springframework.web.servlet.handler.BeanNameUrlHandlerMapping'
[localhost-startStop-1] DEBUG org.springframework.beans.factory.support.DefaultListableBeanFactory - Eagerly caching bean 'org.springframework.web.servlet.handler.BeanNameUrlHandlerMapping' to allow for resolving potential circular references
[localhost-startStop-1] DEBUG org.springframework.beans.factory.support.DefaultListableBeanFactory - Returning cached instance of singleton bean 'mvcCorsConfigurations'
[localhost-startStop-1] DEBUG org.springframework.beans.factory.support.DefaultListableBeanFactory - Returning cached instance of singleton bean 'org.springframework.web.servlet.handler.MappedInterceptor#0'
[localhost-startStop-1] DEBUG org.springframework.beans.factory.support.DefaultListableBeanFactory - Returning cached instance of singleton bean 'org.springframework.web.servlet.handler.MappedInterceptor#1'
[localhost-startStop-1] DEBUG org.springframework.web.servlet.handler.BeanNameUrlHandlerMapping - Looking for URL mappings in application context: Root WebApplicationContext: startup date [Tue Nov 28 08:35:10 CST 2017]; root of context hierarchy
[localhost-startStop-1] DEBUG org.springframework.web.servlet.handler.BeanNameUrlHandlerMapping - Rejected bean name 'org.springframework.context.support.PropertySourcesPlaceholderConfigurer#0': no URL paths identified
[localhost-startStop-1] DEBUG org.springframework.web.servlet.handler.BeanNameUrlHandlerMapping - Rejected bean name 'dataSource': no URL paths identified
[localhost-startStop-1] DEBUG org.springframework.web.servlet.handler.BeanNameUrlHandlerMapping - Rejected bean name 'sqlSessionFactory': no URL paths identified
[localhost-startStop-1] DEBUG org.springframework.web.servlet.handler.BeanNameUrlHandlerMapping - Rejected bean name 'org.mybatis.spring.mapper.MapperScannerConfigurer#0': no URL paths identified
[localhost-startStop-1] DEBUG org.springframework.web.servlet.handler.BeanNameUrlHandlerMapping - Rejected bean name 'IUserService': no URL paths identified
[localhost-startStop-1] DEBUG org.springframework.web.servlet.handler.BeanNameUrlHandlerMapping - Rejected bean name 'statisticsServiceImpl': no URL paths identified
[localhost-startStop-1] DEBUG org.springframework.web.servlet.handler.BeanNameUrlHandlerMapping - Rejected bean name 'testParperServiceImpl': no URL paths identified
[localhost-startStop-1] DEBUG org.springframework.web.servlet.handler.BeanNameUrlHandlerMapping - Rejected bean name 'testQuestionsServiceImpl': no URL paths identified
[localhost-startStop-1] DEBUG org.springframework.web.servlet.handler.BeanNameUrlHandlerMapping - Rejected bean name 'org.springframework.context.annotation.internalConfigurationAnnotationProcessor': no URL paths identified
[localhost-startStop-1] DEBUG org.springframework.web.servlet.handler.BeanNameUrlHandlerMapping - Rejected bean name 'org.springframework.context.annotation.internalAutowiredAnnotationProcessor': no URL paths identified
[localhost-startStop-1] DEBUG org.springframework.web.servlet.handler.BeanNameUrlHandlerMapping - Rejected bean name 'org.springframework.context.annotation.internalRequiredAnnotationProcessor': no URL paths identified
[localhost-startStop-1] DEBUG org.springframework.web.servlet.handler.BeanNameUrlHandlerMapping - Rejected bean name 'org.springframework.context.annotation.internalCommonAnnotationProcessor': no URL paths identified
[localhost-startStop-1] DEBUG org.springframework.web.servlet.handler.BeanNameUrlHandlerMapping - Rejected bean name 'org.springframework.context.event.internalEventListenerProcessor': no URL paths identified
[localhost-startStop-1] DEBUG org.springframework.web.servlet.handler.BeanNameUrlHandlerMapping - Rejected bean name 'org.springframework.context.event.internalEventListenerFactory': no URL paths identified
[localhost-startStop-1] DEBUG org.springframework.web.servlet.handler.BeanNameUrlHandlerMapping - Rejected bean name 'transactionManager': no URL paths identified
[localhost-startStop-1] DEBUG org.springframework.web.servlet.handler.BeanNameUrlHandlerMapping - Rejected bean name 'txAdvice': no URL paths identified
[localhost-startStop-1] DEBUG org.springframework.web.servlet.handler.BeanNameUrlHandlerMapping - Rejected bean name 'org.springframework.context.annotation.internalAsyncAnnotationProcessor': no URL paths identified
[localhost-startStop-1] DEBUG org.springframework.web.servlet.handler.BeanNameUrlHandlerMapping - Rejected bean name 'org.springframework.context.annotation.internalScheduledAnnotationProcessor': no URL paths identified
[localhost-startStop-1] DEBUG org.springframework.web.servlet.handler.BeanNameUrlHandlerMapping - Rejected bean name 'qbScheduler': no URL paths identified
[localhost-startStop-1] DEBUG org.springframework.web.servlet.handler.BeanNameUrlHandlerMapping - Rejected bean name 'statisticsController': no URL paths identified
[localhost-startStop-1] DEBUG org.springframework.web.servlet.handler.BeanNameUrlHandlerMapping - Rejected bean name 'testPaperController': no URL paths identified
[localhost-startStop-1] DEBUG org.springframework.web.servlet.handler.BeanNameUrlHandlerMapping - Rejected bean name 'testQuestionsController': no URL paths identified
[localhost-startStop-1] DEBUG org.springframework.web.servlet.handler.BeanNameUrlHandlerMapping - Rejected bean name 'testTask': no URL paths identified
[localhost-startStop-1] DEBUG org.springframework.web.servlet.handler.BeanNameUrlHandlerMapping - Rejected bean name 'usersController': no URL paths identified
[localhost-startStop-1] DEBUG org.springframework.web.servlet.handler.BeanNameUrlHandlerMapping - Rejected bean name 'wordController': no URL paths identified
[localhost-startStop-1] DEBUG org.springframework.web.servlet.handler.BeanNameUrlHandlerMapping - Rejected bean name 'mvcContentNegotiationManager': no URL paths identified
[localhost-startStop-1] DEBUG org.springframework.web.servlet.handler.BeanNameUrlHandlerMapping - Rejected bean name 'org.springframework.web.servlet.mvc.method.annotation.RequestMappingHandlerMapping': no URL paths identified
[localhost-startStop-1] DEBUG org.springframework.web.servlet.handler.BeanNameUrlHandlerMapping - Rejected bean name 'mvcCorsConfigurations': no URL paths identified
[localhost-startStop-1] DEBUG org.springframework.web.servlet.handler.BeanNameUrlHandlerMapping - Rejected bean name 'org.springframework.format.support.FormattingConversionServiceFactoryBean#0': no URL paths identified
[localhost-startStop-1] DEBUG org.springframework.web.servlet.handler.BeanNameUrlHandlerMapping - Rejected bean name 'org.springframework.web.servlet.mvc.method.annotation.RequestMappingHandlerAdapter': no URL paths identified
[localhost-startStop-1] DEBUG org.springframework.web.servlet.handler.BeanNameUrlHandlerMapping - Rejected bean name 'mvcUriComponentsContributor': no URL paths identified
[localhost-startStop-1] DEBUG org.springframework.web.servlet.handler.BeanNameUrlHandlerMapping - Rejected bean name 'org.springframework.web.servlet.handler.MappedInterceptor#0': no URL paths identified
[localhost-startStop-1] DEBUG org.springframework.web.servlet.handler.BeanNameUrlHandlerMapping - Rejected bean name 'org.springframework.web.servlet.mvc.method.annotation.ExceptionHandlerExceptionResolver#0': no URL paths identified
[localhost-startStop-1] DEBUG org.springframework.web.servlet.handler.BeanNameUrlHandlerMapping - Rejected bean name 'org.springframework.web.servlet.mvc.annotation.ResponseStatusExceptionResolver#0': no URL paths identified
[localhost-startStop-1] DEBUG org.springframework.web.servlet.handler.BeanNameUrlHandlerMapping - Rejected bean name 'org.springframework.web.servlet.mvc.support.DefaultHandlerExceptionResolver#0': no URL paths identified
[localhost-startStop-1] DEBUG org.springframework.web.servlet.handler.BeanNameUrlHandlerMapping - Rejected bean name 'org.springframework.web.servlet.handler.BeanNameUrlHandlerMapping': no URL paths identified
[localhost-startStop-1] DEBUG org.springframework.web.servlet.handler.BeanNameUrlHandlerMapping - Rejected bean name 'org.springframework.web.servlet.mvc.HttpRequestHandlerAdapter': no URL paths identified
[localhost-startStop-1] DEBUG org.springframework.web.servlet.handler.BeanNameUrlHandlerMapping - Rejected bean name 'org.springframework.web.servlet.mvc.SimpleControllerHandlerAdapter': no URL paths identified
[localhost-startStop-1] DEBUG org.springframework.web.servlet.handler.BeanNameUrlHandlerMapping - Rejected bean name 'org.springframework.web.servlet.view.InternalResourceViewResolver#0': no URL paths identified
[localhost-startStop-1] DEBUG org.springframework.web.servlet.handler.BeanNameUrlHandlerMapping - Rejected bean name 'validator': no URL paths identified
[localhost-startStop-1] DEBUG org.springframework.web.servlet.handler.BeanNameUrlHandlerMapping - Rejected bean name 'messageSource': no URL paths identified
[localhost-startStop-1] DEBUG org.springframework.web.servlet.handler.BeanNameUrlHandlerMapping - Rejected bean name 'cn.test.email.exception.CustomExceptionResolver#0': no URL paths identified
[localhost-startStop-1] DEBUG org.springframework.web.servlet.handler.BeanNameUrlHandlerMapping - Rejected bean name 'org.springframework.web.servlet.handler.MappedInterceptor#1': no URL paths identified
[localhost-startStop-1] DEBUG org.springframework.web.servlet.handler.BeanNameUrlHandlerMapping - Rejected bean name 'statisticsMapper': no URL paths identified
[localhost-startStop-1] DEBUG org.springframework.web.servlet.handler.BeanNameUrlHandlerMapping - Rejected bean name 'testParperMapper': no URL paths identified
[localhost-startStop-1] DEBUG org.springframework.web.servlet.handler.BeanNameUrlHandlerMapping - Rejected bean name 'TExamQuestionMapper': no URL paths identified
[localhost-startStop-1] DEBUG org.springframework.web.servlet.handler.BeanNameUrlHandlerMapping - Rejected bean name 'usersMapper': no URL paths identified
[localhost-startStop-1] DEBUG org.springframework.web.servlet.handler.BeanNameUrlHandlerMapping - Rejected bean name 'environment': no URL paths identified
[localhost-startStop-1] DEBUG org.springframework.web.servlet.handler.BeanNameUrlHandlerMapping - Rejected bean name 'systemProperties': no URL paths identified
[localhost-startStop-1] DEBUG org.springframework.web.servlet.handler.BeanNameUrlHandlerMapping - Rejected bean name 'systemEnvironment': no URL paths identified
[localhost-startStop-1] DEBUG org.springframework.web.servlet.handler.BeanNameUrlHandlerMapping - Rejected bean name 'servletContext': no URL paths identified
[localhost-startStop-1] DEBUG org.springframework.web.servlet.handler.BeanNameUrlHandlerMapping - Rejected bean name 'contextParameters': no URL paths identified
[localhost-startStop-1] DEBUG org.springframework.web.servlet.handler.BeanNameUrlHandlerMapping - Rejected bean name 'contextAttributes': no URL paths identified
[localhost-startStop-1] DEBUG org.springframework.web.servlet.handler.BeanNameUrlHandlerMapping - Rejected bean name 'org.springframework.context.annotation.ConfigurationClassPostProcessor.importRegistry': no URL paths identified
[localhost-startStop-1] DEBUG org.springframework.web.servlet.handler.BeanNameUrlHandlerMapping - Rejected bean name 'applicationEventMulticaster': no URL paths identified
[localhost-startStop-1] DEBUG org.springframework.beans.factory.support.DefaultListableBeanFactory - Finished creating instance of bean 'org.springframework.web.servlet.handler.BeanNameUrlHandlerMapping'
[localhost-startStop-1] DEBUG org.springframework.beans.factory.support.DefaultListableBeanFactory - Creating shared instance of singleton bean 'org.springframework.web.servlet.mvc.HttpRequestHandlerAdapter'
[localhost-startStop-1] DEBUG org.springframework.beans.factory.support.DefaultListableBeanFactory - Creating instance of bean 'org.springframework.web.servlet.mvc.HttpRequestHandlerAdapter'
[localhost-startStop-1] DEBUG org.springframework.beans.factory.support.DefaultListableBeanFactory - Eagerly caching bean 'org.springframework.web.servlet.mvc.HttpRequestHandlerAdapter' to allow for resolving potential circular references
[localhost-startStop-1] DEBUG org.springframework.beans.factory.support.DefaultListableBeanFactory - Finished creating instance of bean 'org.springframework.web.servlet.mvc.HttpRequestHandlerAdapter'
[localhost-startStop-1] DEBUG org.springframework.beans.factory.support.DefaultListableBeanFactory - Creating shared instance of singleton bean 'org.springframework.web.servlet.mvc.SimpleControllerHandlerAdapter'
[localhost-startStop-1] DEBUG org.springframework.beans.factory.support.DefaultListableBeanFactory - Creating instance of bean 'org.springframework.web.servlet.mvc.SimpleControllerHandlerAdapter'
[localhost-startStop-1] DEBUG org.springframework.beans.factory.support.DefaultListableBeanFactory - Eagerly caching bean 'org.springframework.web.servlet.mvc.SimpleControllerHandlerAdapter' to allow for resolving potential circular references
[localhost-startStop-1] DEBUG org.springframework.beans.factory.support.DefaultListableBeanFactory - Finished creating instance of bean 'org.springframework.web.servlet.mvc.SimpleControllerHandlerAdapter'
[localhost-startStop-1] DEBUG org.springframework.beans.factory.support.DefaultListableBeanFactory - Creating shared instance of singleton bean 'org.springframework.web.servlet.view.InternalResourceViewResolver#0'
[localhost-startStop-1] DEBUG org.springframework.beans.factory.support.DefaultListableBeanFactory - Creating instance of bean 'org.springframework.web.servlet.view.InternalResourceViewResolver#0'
[localhost-startStop-1] DEBUG org.springframework.beans.factory.support.DefaultListableBeanFactory - Eagerly caching bean 'org.springframework.web.servlet.view.InternalResourceViewResolver#0' to allow for resolving potential circular references
[localhost-startStop-1] DEBUG org.springframework.beans.factory.support.DefaultListableBeanFactory - Finished creating instance of bean 'org.springframework.web.servlet.view.InternalResourceViewResolver#0'
[localhost-startStop-1] DEBUG org.springframework.beans.factory.support.DefaultListableBeanFactory - Returning cached instance of singleton bean 'validator'
[localhost-startStop-1] DEBUG org.springframework.beans.factory.support.DefaultListableBeanFactory - Returning cached instance of singleton bean 'messageSource'
[localhost-startStop-1] DEBUG org.springframework.beans.factory.support.DefaultListableBeanFactory - Creating shared instance of singleton bean 'cn.test.email.exception.CustomExceptionResolver#0'
[localhost-startStop-1] DEBUG org.springframework.beans.factory.support.DefaultListableBeanFactory - Creating instance of bean 'cn.test.email.exception.CustomExceptionResolver#0'
[localhost-startStop-1] DEBUG org.springframework.beans.factory.support.DefaultListableBeanFactory - Eagerly caching bean 'cn.test.email.exception.CustomExceptionResolver#0' to allow for resolving potential circular references
[localhost-startStop-1] DEBUG org.springframework.beans.factory.support.DefaultListableBeanFactory - Finished creating instance of bean 'cn.test.email.exception.CustomExceptionResolver#0'
[localhost-startStop-1] DEBUG org.springframework.beans.factory.support.DefaultListableBeanFactory - Returning cached instance of singleton bean 'org.springframework.web.servlet.handler.MappedInterceptor#1'
[localhost-startStop-1] DEBUG org.springframework.beans.factory.support.DefaultListableBeanFactory - Returning cached instance of singleton bean 'statisticsMapper'
[localhost-startStop-1] DEBUG org.springframework.beans.factory.support.DefaultListableBeanFactory - Returning cached instance of singleton bean 'testParperMapper'
[localhost-startStop-1] DEBUG org.springframework.beans.factory.support.DefaultListableBeanFactory - Returning cached instance of singleton bean 'TExamQuestionMapper'
[localhost-startStop-1] DEBUG org.springframework.beans.factory.support.DefaultListableBeanFactory - Returning cached instance of singleton bean 'usersMapper'
[localhost-startStop-1] DEBUG org.springframework.beans.factory.support.DefaultListableBeanFactory - Returning cached instance of singleton bean 'org.springframework.context.event.internalEventListenerFactory'
[localhost-startStop-1] DEBUG org.springframework.web.context.support.XmlWebApplicationContext - Unable to locate LifecycleProcessor with name 'lifecycleProcessor': using default [org.springframework.context.support.DefaultLifecycleProcessor@64aaccd9]
[localhost-startStop-1] DEBUG org.springframework.beans.factory.support.DefaultListableBeanFactory - Returning cached instance of singleton bean 'lifecycleProcessor'
[localhost-startStop-1] DEBUG org.springframework.beans.factory.support.DefaultListableBeanFactory - Returning cached instance of singleton bean 'sqlSessionFactory'
[localhost-startStop-1] DEBUG org.springframework.beans.factory.support.DefaultListableBeanFactory - Returning cached instance of singleton bean 'org.springframework.context.annotation.internalScheduledAnnotationProcessor'
[localhost-startStop-1] DEBUG org.springframework.jndi.JndiTemplate - Looking up JNDI object with name [java:comp/env/spring.liveBeansView.mbeanDomain]
[localhost-startStop-1] DEBUG org.springframework.jndi.JndiLocatorDelegate - Converted JNDI name [java:comp/env/spring.liveBeansView.mbeanDomain] not found - trying original name [spring.liveBeansView.mbeanDomain]. javax.naming.NameNotFoundException: Name [spring.liveBeansView.mbeanDomain] is not bound in this Context. Unable to find [spring.liveBeansView.mbeanDomain].
[localhost-startStop-1] DEBUG org.springframework.jndi.JndiTemplate - Looking up JNDI object with name [spring.liveBeansView.mbeanDomain]
[localhost-startStop-1] DEBUG org.springframework.jndi.JndiPropertySource - JNDI lookup for name [spring.liveBeansView.mbeanDomain] threw NamingException with message: Name [spring.liveBeansView.mbeanDomain] is not bound in this Context. Unable to find [spring.liveBeansView.mbeanDomain].. Returning null.
[localhost-startStop-1] DEBUG org.springframework.core.env.PropertySourcesPropertyResolver - Could not find key 'spring.liveBeansView.mbeanDomain' in any property source
[localhost-startStop-1] DEBUG org.springframework.web.context.ContextLoader - Published root WebApplicationContext as ServletContext attribute with name [org.springframework.web.context.WebApplicationContext.ROOT]
[localhost-startStop-1] INFO org.springframework.web.context.ContextLoader - Root WebApplicationContext: initialization completed in 3397 ms
[localhost-startStop-1] DEBUG org.springframework.web.filter.CharacterEncodingFilter - Initializing filter 'VoteFilter'
[localhost-startStop-1] DEBUG org.springframework.web.context.support.StandardServletEnvironment - Adding [servletConfigInitParams] PropertySource with lowest search precedence
[localhost-startStop-1] DEBUG org.springframework.web.context.support.StandardServletEnvironment - Adding [servletContextInitParams] PropertySource with lowest search precedence
[localhost-startStop-1] DEBUG org.springframework.web.context.support.StandardServletEnvironment - Adding [jndiProperties] PropertySource with lowest search precedence
[localhost-startStop-1] DEBUG org.springframework.web.context.support.StandardServletEnvironment - Adding [systemProperties] PropertySource with lowest search precedence
[localhost-startStop-1] DEBUG org.springframework.web.context.support.StandardServletEnvironment - Adding [systemEnvironment] PropertySource with lowest search precedence
[localhost-startStop-1] DEBUG org.springframework.web.context.support.StandardServletEnvironment - Initialized StandardServletEnvironment with PropertySources [servletConfigInitParams,servletContextInitParams,jndiProperties,systemProperties,systemEnvironment]
[localhost-startStop-1] DEBUG org.springframework.web.filter.CharacterEncodingFilter - Filter 'VoteFilter' configured successfully
[http-bio-80-exec-1] DEBUG org.springframework.web.servlet.DispatcherServlet - Initializing servlet 'springmvc'
[http-bio-80-exec-1] DEBUG org.springframework.web.context.support.StandardServletEnvironment - Adding [servletConfigInitParams] PropertySource with lowest search precedence
[http-bio-80-exec-1] DEBUG org.springframework.web.context.support.StandardServletEnvironment - Adding [servletContextInitParams] PropertySource with lowest search precedence
[http-bio-80-exec-1] DEBUG org.springframework.web.context.support.StandardServletEnvironment - Adding [jndiProperties] PropertySource with lowest search precedence
[http-bio-80-exec-1] DEBUG org.springframework.web.context.support.StandardServletEnvironment - Adding [systemProperties] PropertySource with lowest search precedence
[http-bio-80-exec-1] DEBUG org.springframework.web.context.support.StandardServletEnvironment - Adding [systemEnvironment] PropertySource with lowest search precedence
[http-bio-80-exec-1] DEBUG org.springframework.web.context.support.StandardServletEnvironment - Initialized StandardServletEnvironment with PropertySources [servletConfigInitParams,servletContextInitParams,jndiProperties,systemProperties,systemEnvironment]
[http-bio-80-exec-1] INFO org.springframework.web.servlet.DispatcherServlet - FrameworkServlet 'springmvc': initialization started
[http-bio-80-exec-1] DEBUG org.springframework.web.servlet.DispatcherServlet - Servlet with name 'springmvc' will try to create custom WebApplicationContext context of class 'org.springframework.web.context.support.XmlWebApplicationContext', using parent context [Root WebApplicationContext: startup date [Tue Nov 28 08:35:10 CST 2017]; root of context hierarchy]
[http-bio-80-exec-1] DEBUG org.springframework.jndi.JndiTemplate - Looking up JNDI object with name [java:comp/env/spring.profiles.active]
[http-bio-80-exec-1] DEBUG org.springframework.jndi.JndiLocatorDelegate - Converted JNDI name [java:comp/env/spring.profiles.active] not found - trying original name [spring.profiles.active]. javax.naming.NameNotFoundException: Name [spring.profiles.active] is not bound in this Context. Unable to find [spring.profiles.active].
[http-bio-80-exec-1] DEBUG org.springframework.jndi.JndiTemplate - Looking up JNDI object with name [spring.profiles.active]
[http-bio-80-exec-1] DEBUG org.springframework.jndi.JndiPropertySource - JNDI lookup for name [spring.profiles.active] threw NamingException with message: Name [spring.profiles.active] is not bound in this Context. Unable to find [spring.profiles.active].. Returning null.
[http-bio-80-exec-1] DEBUG org.springframework.core.env.PropertySourcesPropertyResolver - Could not find key 'spring.profiles.active' in any property source
[http-bio-80-exec-1] DEBUG org.springframework.jndi.JndiTemplate - Looking up JNDI object with name [java:comp/env/spring.profiles.default]
[http-bio-80-exec-1] DEBUG org.springframework.jndi.JndiLocatorDelegate - Converted JNDI name [java:comp/env/spring.profiles.default] not found - trying original name [spring.profiles.default]. javax.naming.NameNotFoundException: Name [spring.profiles.default] is not bound in this Context. Unable to find [spring.profiles.default].
[http-bio-80-exec-1] DEBUG org.springframework.jndi.JndiTemplate - Looking up JNDI object with name [spring.profiles.default]
[http-bio-80-exec-1] DEBUG org.springframework.jndi.JndiPropertySource - JNDI lookup for name [spring.profiles.default] threw NamingException with message: Name [spring.profiles.default] is not bound in this Context. Unable to find [spring.profiles.default].. Returning null.
[http-bio-80-exec-1] DEBUG org.springframework.core.env.PropertySourcesPropertyResolver - Could not find key 'spring.profiles.default' in any property source
[http-bio-80-exec-1] DEBUG org.springframework.web.context.support.StandardServletEnvironment - Replacing [servletContextInitParams] PropertySource with [servletContextInitParams]
[http-bio-80-exec-1] DEBUG org.springframework.web.context.support.StandardServletEnvironment - Replacing [servletConfigInitParams] PropertySource with [servletConfigInitParams]
[http-bio-80-exec-1] INFO org.springframework.web.context.support.XmlWebApplicationContext - Refreshing WebApplicationContext for namespace 'springmvc-servlet': startup date [Tue Nov 28 08:35:40 CST 2017]; parent: Root WebApplicationContext
[http-bio-80-exec-1] DEBUG org.springframework.core.env.StandardEnvironment - Adding [systemProperties] PropertySource with lowest search precedence
[http-bio-80-exec-1] DEBUG org.springframework.core.env.StandardEnvironment - Adding [systemEnvironment] PropertySource with lowest search precedence
[http-bio-80-exec-1] DEBUG org.springframework.core.env.StandardEnvironment - Initialized StandardEnvironment with PropertySources [systemProperties,systemEnvironment]
[http-bio-80-exec-1] DEBUG org.springframework.core.io.support.PathMatchingResourcePatternResolver - Looking for matching resources in directory tree [G:\eclipse\eclipse\shixun\email\target\classes\spring]
[http-bio-80-exec-1] DEBUG org.springframework.core.io.support.PathMatchingResourcePatternResolver - Searching directory [G:\eclipse\eclipse\shixun\email\target\classes\spring] for files matching pattern [G:/eclipse/eclipse/shixun/email/target/classes/spring/spring-*.xml]
[http-bio-80-exec-1] DEBUG org.springframework.core.io.support.PathMatchingResourcePatternResolver - Resolved location pattern [classpath:spring/spring-*.xml] to resources [file [G:\eclipse\eclipse\shixun\email\target\classes\spring\spring-dao.xml], file [G:\eclipse\eclipse\shixun\email\target\classes\spring\spring-service.xml], file [G:\eclipse\eclipse\shixun\email\target\classes\spring\spring-transaction.xml], file [G:\eclipse\eclipse\shixun\email\target\classes\spring\spring-web.xml]]
[http-bio-80-exec-1] INFO org.springframework.beans.factory.xml.XmlBeanDefinitionReader - Loading XML bean definitions from file [G:\eclipse\eclipse\shixun\email\target\classes\spring\spring-dao.xml]
[http-bio-80-exec-1] DEBUG org.springframework.beans.factory.xml.DefaultDocumentLoader - Using JAXP provider [com.sun.org.apache.xerces.internal.jaxp.DocumentBuilderFactoryImpl]
[http-bio-80-exec-1] DEBUG org.springframework.beans.factory.xml.PluggableSchemaResolver - Loading schema mappings from [META-INF/spring.schemas]
[http-bio-80-exec-1] DEBUG org.springframework.beans.factory.xml.PluggableSchemaResolver - Loaded schema mappings: {http://www.springframework.org/schema/tx/spring-tx-4.3.xsd=org/springframework/transaction/config/spring-tx-4.3.xsd, http://www.springframework.org/schema/tx/spring-tx-2.5.xsd=org/springframework/transaction/config/spring-tx-2.5.xsd, http://www.springframework.org/schema/cache/spring-cache-4.2.xsd=org/springframework/cache/config/spring-cache-4.2.xsd, http://www.springframework.org/schema/aop/spring-aop-4.1.xsd=org/springframework/aop/config/spring-aop-4.1.xsd, http://www.springframework.org/schema/context/spring-context-3.1.xsd=org/springframework/context/config/spring-context-3.1.xsd, http://www.springframework.org/schema/jdbc/spring-jdbc-4.1.xsd=org/springframework/jdbc/config/spring-jdbc-4.1.xsd, http://www.springframework.org/schema/util/spring-util-3.0.xsd=org/springframework/beans/factory/xml/spring-util-3.0.xsd, http://www.springframework.org/schema/mvc/spring-mvc-4.1.xsd=org/springframework/web/servlet/config/spring-mvc-4.1.xsd, http://mybatis.org/schema/mybatis-spring-1.2.xsd=org/mybatis/spring/config/mybatis-spring-1.2.xsd, http://www.springframework.org/schema/tool/spring-tool.xsd=org/springframework/beans/factory/xml/spring-tool-4.3.xsd, http://www.springframework.org/schema/aop/spring-aop-3.2.xsd=org/springframework/aop/config/spring-aop-3.2.xsd, http://www.springframework.org/schema/lang/spring-lang-4.1.xsd=org/springframework/scripting/config/spring-lang-4.1.xsd, http://www.springframework.org/schema/context/spring-context-4.0.xsd=org/springframework/context/config/spring-context-4.0.xsd, http://www.springframework.org/schema/mvc/spring-mvc-3.2.xsd=org/springframework/web/servlet/config/spring-mvc-3.2.xsd, http://www.springframework.org/schema/beans/spring-beans-4.2.xsd=org/springframework/beans/factory/xml/spring-beans-4.2.xsd, http://www.springframework.org/schema/tool/spring-tool-4.1.xsd=org/springframework/beans/factory/xml/spring-tool-4.1.xsd, http://www.springframework.org/schema/lang/spring-lang-3.2.xsd=org/springframework/scripting/config/spring-lang-3.2.xsd, http://www.springframework.org/schema/cache/spring-cache-3.2.xsd=org/springframework/cache/config/spring-cache-3.2.xsd, http://www.springframework.org/schema/jee/spring-jee-4.1.xsd=org/springframework/ejb/config/spring-jee-4.1.xsd, http://www.springframework.org/schema/jdbc/spring-jdbc-3.1.xsd=org/springframework/jdbc/config/spring-jdbc-3.1.xsd, http://www.springframework.org/schema/task/spring-task-4.2.xsd=org/springframework/scheduling/config/spring-task-4.2.xsd, http://www.springframework.org/schema/util/spring-util-2.0.xsd=org/springframework/beans/factory/xml/spring-util-2.0.xsd, http://www.springframework.org/schema/tool/spring-tool-3.2.xsd=org/springframework/beans/factory/xml/spring-tool-3.2.xsd, http://www.springframework.org/schema/context/spring-context.xsd=org/springframework/context/config/spring-context-4.3.xsd, http://www.springframework.org/schema/tx/spring-tx-4.2.xsd=org/springframework/transaction/config/spring-tx-4.2.xsd, http://www.springframework.org/schema/cache/spring-cache-4.1.xsd=org/springframework/cache/config/spring-cache-4.1.xsd, http://www.springframework.org/schema/aop/spring-aop-4.0.xsd=org/springframework/aop/config/spring-aop-4.0.xsd, http://www.springframework.org/schema/jee/spring-jee-3.2.xsd=org/springframework/ejb/config/spring-jee-3.2.xsd, http://www.springframework.org/schema/context/spring-context-3.0.xsd=org/springframework/context/config/spring-context-3.0.xsd, http://www.springframework.org/schema/jdbc/spring-jdbc-4.0.xsd=org/springframework/jdbc/config/spring-jdbc-4.0.xsd, http://www.springframework.org/schema/util/spring-util-2.5.xsd=org/springframework/beans/factory/xml/spring-util-2.5.xsd, http://www.springframework.org/schema/mvc/spring-mvc-4.0.xsd=org/springframework/web/servlet/config/spring-mvc-4.0.xsd, http://www.springframework.org/schema/util/spring-util-4.3.xsd=org/springframework/beans/factory/xml/spring-util-4.3.xsd, http://www.springframework.org/schema/beans/spring-beans-3.2.xsd=org/springframework/beans/factory/xml/spring-beans-3.2.xsd, http://www.springframework.org/schema/aop/spring-aop-3.1.xsd=org/springframework/aop/config/spring-aop-3.1.xsd, http://www.springframework.org/schema/lang/spring-lang-4.0.xsd=org/springframework/scripting/config/spring-lang-4.0.xsd, http://www.springframework.org/schema/mvc/spring-mvc.xsd=org/springframework/web/servlet/config/spring-mvc-4.3.xsd, http://www.springframework.org/schema/mvc/spring-mvc-3.1.xsd=org/springframework/web/servlet/config/spring-mvc-3.1.xsd, http://www.springframework.org/schema/beans/spring-beans-4.1.xsd=org/springframework/beans/factory/xml/spring-beans-4.1.xsd, http://www.springframework.org/schema/tool/spring-tool-4.0.xsd=org/springframework/beans/factory/xml/spring-tool-4.0.xsd, http://www.springframework.org/schema/tx/spring-tx-3.2.xsd=org/springframework/transaction/config/spring-tx-3.2.xsd, http://www.springframework.org/schema/lang/spring-lang-3.1.xsd=org/springframework/scripting/config/spring-lang-3.1.xsd, http://www.springframework.org/schema/cache/spring-cache-3.1.xsd=org/springframework/cache/config/spring-cache-3.1.xsd, http://www.springframework.org/schema/jee/spring-jee-4.0.xsd=org/springframework/ejb/config/spring-jee-4.0.xsd, http://www.springframework.org/schema/jdbc/spring-jdbc-3.0.xsd=org/springframework/jdbc/config/spring-jdbc-3.0.xsd, http://www.springframework.org/schema/task/spring-task-4.1.xsd=org/springframework/scheduling/config/spring-task-4.1.xsd, http://www.springframework.org/schema/jdbc/spring-jdbc.xsd=org/springframework/jdbc/config/spring-jdbc-4.3.xsd, http://www.springframework.org/schema/tool/spring-tool-3.1.xsd=org/springframework/beans/factory/xml/spring-tool-3.1.xsd, http://www.springframework.org/schema/tx/spring-tx-4.1.xsd=org/springframework/transaction/config/spring-tx-4.1.xsd, http://www.springframework.org/schema/cache/spring-cache-4.0.xsd=org/springframework/cache/config/spring-cache-4.0.xsd, http://www.springframework.org/schema/jee/spring-jee-3.1.xsd=org/springframework/ejb/config/spring-jee-3.1.xsd, http://www.springframework.org/schema/task/spring-task-3.2.xsd=org/springframework/scheduling/config/spring-task-3.2.xsd, http://www.springframework.org/schema/util/spring-util-4.2.xsd=org/springframework/beans/factory/xml/spring-util-4.2.xsd, http://www.springframework.org/schema/beans/spring-beans-3.1.xsd=org/springframework/beans/factory/xml/spring-beans-3.1.xsd, http://www.springframework.org/schema/util/spring-util.xsd=org/springframework/beans/factory/xml/spring-util-4.3.xsd, http://www.springframework.org/schema/aop/spring-aop-3.0.xsd=org/springframework/aop/config/spring-aop-3.0.xsd, http://www.springframework.org/schema/mvc/spring-mvc-3.0.xsd=org/springframework/web/servlet/config/spring-mvc-3.0.xsd, http://www.springframework.org/schema/beans/spring-beans-4.0.xsd=org/springframework/beans/factory/xml/spring-beans-4.0.xsd, http://www.springframework.org/schema/beans/spring-beans.xsd=org/springframework/beans/factory/xml/spring-beans-4.3.xsd, http://mybatis.org/schema/mybatis-spring.xsd=org/mybatis/spring/config/mybatis-spring-1.2.xsd, http://www.springframework.org/schema/tx/spring-tx-3.1.xsd=org/springframework/transaction/config/spring-tx-3.1.xsd, http://www.springframework.org/schema/lang/spring-lang-3.0.xsd=org/springframework/scripting/config/spring-lang-3.0.xsd, http://www.springframework.org/schema/context/spring-context-2.5.xsd=org/springframework/context/config/spring-context-2.5.xsd, http://www.springframework.org/schema/context/spring-context-4.3.xsd=org/springframework/context/config/spring-context-4.3.xsd, http://www.springframework.org/schema/task/spring-task-4.0.xsd=org/springframework/scheduling/config/spring-task-4.0.xsd, http://www.springframework.org/schema/tool/spring-tool-3.0.xsd=org/springframework/beans/factory/xml/spring-tool-3.0.xsd, http://www.springframework.org/schema/tx/spring-tx-4.0.xsd=org/springframework/transaction/config/spring-tx-4.0.xsd, http://www.springframework.org/schema/aop/spring-aop-2.0.xsd=org/springframework/aop/config/spring-aop-2.0.xsd, http://www.springframework.org/schema/jee/spring-jee-3.0.xsd=org/springframework/ejb/config/spring-jee-3.0.xsd, http://www.springframework.org/schema/task/spring-task-3.1.xsd=org/springframework/scheduling/config/spring-task-3.1.xsd, http://www.springframework.org/schema/util/spring-util-4.1.xsd=org/springframework/beans/factory/xml/spring-util-4.1.xsd, http://www.springframework.org/schema/beans/spring-beans-3.0.xsd=org/springframework/beans/factory/xml/spring-beans-3.0.xsd, http://www.springframework.org/schema/jee/spring-jee.xsd=org/springframework/ejb/config/spring-jee-4.3.xsd, http://www.springframework.org/schema/aop/spring-aop-2.5.xsd=org/springframework/aop/config/spring-aop-2.5.xsd, http://www.springframework.org/schema/aop/spring-aop-4.3.xsd=org/springframework/aop/config/spring-aop-4.3.xsd, http://www.springframework.org/schema/lang/spring-lang-2.0.xsd=org/springframework/scripting/config/spring-lang-2.0.xsd, http://www.springframework.org/schema/jdbc/spring-jdbc-4.3.xsd=org/springframework/jdbc/config/spring-jdbc-4.3.xsd, http://www.springframework.org/schema/mvc/spring-mvc-4.3.xsd=org/springframework/web/servlet/config/spring-mvc-4.3.xsd, http://www.springframework.org/schema/util/spring-util-3.2.xsd=org/springframework/beans/factory/xml/spring-util-3.2.xsd, http://www.springframework.org/schema/task/spring-task.xsd=org/springframework/scheduling/config/spring-task-4.3.xsd, http://www.springframework.org/schema/tool/spring-tool-2.0.xsd=org/springframework/beans/factory/xml/spring-tool-2.0.xsd, http://www.springframework.org/schema/tx/spring-tx-3.0.xsd=org/springframework/transaction/config/spring-tx-3.0.xsd, http://www.springframework.org/schema/lang/spring-lang-4.3.xsd=org/springframework/scripting/config/spring-lang-4.3.xsd, http://www.springframework.org/schema/lang/spring-lang-2.5.xsd=org/springframework/scripting/config/spring-lang-2.5.xsd, http://www.springframework.org/schema/context/spring-context-4.2.xsd=org/springframework/context/config/spring-context-4.2.xsd, http://www.springframework.org/schema/jee/spring-jee-2.0.xsd=org/springframework/ejb/config/spring-jee-2.0.xsd, http://www.springframework.org/schema/tool/spring-tool-4.3.xsd=org/springframework/beans/factory/xml/spring-tool-4.3.xsd, http://www.springframework.org/schema/tool/spring-tool-2.5.xsd=org/springframework/beans/factory/xml/spring-tool-2.5.xsd, http://www.springframework.org/schema/jee/spring-jee-4.3.xsd=org/springframework/ejb/config/spring-jee-4.3.xsd, http://www.springframework.org/schema/jee/spring-jee-2.5.xsd=org/springframework/ejb/config/spring-jee-2.5.xsd, http://www.springframework.org/schema/task/spring-task-3.0.xsd=org/springframework/scheduling/config/spring-task-3.0.xsd, http://www.springframework.org/schema/util/spring-util-4.0.xsd=org/springframework/beans/factory/xml/spring-util-4.0.xsd, http://www.springframework.org/schema/cache/spring-cache-4.3.xsd=org/springframework/cache/config/spring-cache-4.3.xsd, http://www.springframework.org/schema/aop/spring-aop-4.2.xsd=org/springframework/aop/config/spring-aop-4.2.xsd, http://www.springframework.org/schema/lang/spring-lang.xsd=org/springframework/scripting/config/spring-lang-4.3.xsd, http://www.springframework.org/schema/context/spring-context-3.2.xsd=org/springframework/context/config/spring-context-3.2.xsd, http://www.springframework.org/schema/jdbc/spring-jdbc-4.2.xsd=org/springframework/jdbc/config/spring-jdbc-4.2.xsd, http://www.springframework.org/schema/mvc/spring-mvc-4.2.xsd=org/springframework/web/servlet/config/spring-mvc-4.2.xsd, http://www.springframework.org/schema/util/spring-util-3.1.xsd=org/springframework/beans/factory/xml/spring-util-3.1.xsd, http://www.springframework.org/schema/beans/spring-beans-2.0.xsd=org/springframework/beans/factory/xml/spring-beans-2.0.xsd, http://www.springframework.org/schema/cache/spring-cache.xsd=org/springframework/cache/config/spring-cache-4.3.xsd, http://www.springframework.org/schema/tx/spring-tx.xsd=org/springframework/transaction/config/spring-tx-4.3.xsd, http://www.springframework.org/schema/lang/spring-lang-4.2.xsd=org/springframework/scripting/config/spring-lang-4.2.xsd, http://www.springframework.org/schema/context/spring-context-4.1.xsd=org/springframework/context/config/spring-context-4.1.xsd, http://www.springframework.org/schema/beans/spring-beans-2.5.xsd=org/springframework/beans/factory/xml/spring-beans-2.5.xsd, http://www.springframework.org/schema/beans/spring-beans-4.3.xsd=org/springframework/beans/factory/xml/spring-beans-4.3.xsd, http://www.springframework.org/schema/tool/spring-tool-4.2.xsd=org/springframework/beans/factory/xml/spring-tool-4.2.xsd, http://www.springframework.org/schema/tx/spring-tx-2.0.xsd=org/springframework/transaction/config/spring-tx-2.0.xsd, http://www.alibaba.com/schema/stat.xsd=META-INF/stat.xsd, http://www.springframework.org/schema/jee/spring-jee-4.2.xsd=org/springframework/ejb/config/spring-jee-4.2.xsd, http://www.springframework.org/schema/jdbc/spring-jdbc-3.2.xsd=org/springframework/jdbc/config/spring-jdbc-3.2.xsd, http://www.springframework.org/schema/task/spring-task-4.3.xsd=org/springframework/scheduling/config/spring-task-4.3.xsd, http://www.springframework.org/schema/aop/spring-aop.xsd=org/springframework/aop/config/spring-aop-4.3.xsd}
[http-bio-80-exec-1] DEBUG org.springframework.beans.factory.xml.PluggableSchemaResolver - Found XML schema [http://www.springframework.org/schema/beans/spring-beans-3.2.xsd] in classpath: org/springframework/beans/factory/xml/spring-beans-3.2.xsd
[http-bio-80-exec-1] DEBUG org.springframework.beans.factory.xml.PluggableSchemaResolver - Found XML schema [http://www.springframework.org/schema/context/spring-context-3.2.xsd] in classpath: org/springframework/context/config/spring-context-3.2.xsd
[http-bio-80-exec-1] DEBUG org.springframework.beans.factory.xml.PluggableSchemaResolver - Found XML schema [http://www.springframework.org/schema/tool/spring-tool-3.2.xsd] in classpath: org/springframework/beans/factory/xml/spring-tool-3.2.xsd
[http-bio-80-exec-1] DEBUG org.springframework.beans.factory.xml.DefaultBeanDefinitionDocumentReader - Loading bean definitions
[http-bio-80-exec-1] DEBUG org.springframework.beans.factory.xml.DefaultNamespaceHandlerResolver - Loaded NamespaceHandler mappings: {http://www.springframework.org/schema/p=org.springframework.beans.factory.xml.SimplePropertyNamespaceHandler, http://www.springframework.org/schema/mvc=org.springframework.web.servlet.config.MvcNamespaceHandler, http://www.springframework.org/schema/util=org.springframework.beans.factory.xml.UtilNamespaceHandler, http://www.alibaba.com/schema/stat=com.alibaba.druid.support.spring.stat.config.DruidStatNamespaceHandler, http://www.springframework.org/schema/jee=org.springframework.ejb.config.JeeNamespaceHandler, http://www.springframework.org/schema/aop=org.springframework.aop.config.AopNamespaceHandler, http://www.springframework.org/schema/jdbc=org.springframework.jdbc.config.JdbcNamespaceHandler, http://www.springframework.org/schema/cache=org.springframework.cache.config.CacheNamespaceHandler, http://mybatis.org/schema/mybatis-spring=org.mybatis.spring.config.NamespaceHandler, http://www.springframework.org/schema/c=org.springframework.beans.factory.xml.SimpleConstructorNamespaceHandler, http://www.springframework.org/schema/tx=org.springframework.transaction.config.TxNamespaceHandler, http://www.springframework.org/schema/task=org.springframework.scheduling.config.TaskNamespaceHandler, http://www.springframework.org/schema/lang=org.springframework.scripting.config.LangNamespaceHandler, http://www.springframework.org/schema/context=org.springframework.context.config.ContextNamespaceHandler}
[http-bio-80-exec-1] DEBUG org.springframework.beans.factory.xml.BeanDefinitionParserDelegate - Neither XML 'id' nor 'name' specified - using generated bean name [org.mybatis.spring.mapper.MapperScannerConfigurer#0]
[http-bio-80-exec-1] INFO org.springframework.beans.factory.xml.XmlBeanDefinitionReader - Loading XML bean definitions from file [G:\eclipse\eclipse\shixun\email\target\classes\spring\spring-service.xml]
[http-bio-80-exec-1] DEBUG org.springframework.beans.factory.xml.DefaultDocumentLoader - Using JAXP provider [com.sun.org.apache.xerces.internal.jaxp.DocumentBuilderFactoryImpl]
[http-bio-80-exec-1] DEBUG org.springframework.beans.factory.xml.PluggableSchemaResolver - Found XML schema [http://www.springframework.org/schema/beans/spring-beans-3.2.xsd] in classpath: org/springframework/beans/factory/xml/spring-beans-3.2.xsd
[http-bio-80-exec-1] DEBUG org.springframework.beans.factory.xml.PluggableSchemaResolver - Found XML schema [http://www.springframework.org/schema/context/spring-context-3.2.xsd] in classpath: org/springframework/context/config/spring-context-3.2.xsd
[http-bio-80-exec-1] DEBUG org.springframework.beans.factory.xml.PluggableSchemaResolver - Found XML schema [http://www.springframework.org/schema/tool/spring-tool-3.2.xsd] in classpath: org/springframework/beans/factory/xml/spring-tool-3.2.xsd
[http-bio-80-exec-1] DEBUG org.springframework.beans.factory.xml.DefaultBeanDefinitionDocumentReader - Loading bean definitions
[http-bio-80-exec-1] DEBUG org.springframework.context.annotation.ClassPathBeanDefinitionScanner - JSR-250 'javax.annotation.ManagedBean' found and supported for component scanning
[http-bio-80-exec-1] DEBUG org.springframework.context.annotation.ClassPathBeanDefinitionScanner - JSR-330 'javax.inject.Named' annotation found and supported for component scanning
[http-bio-80-exec-1] DEBUG org.springframework.core.io.support.PathMatchingResourcePatternResolver - Resolved classpath location [cn/test/email/service/] to resources [URL [file:/G:/eclipse/eclipse/shixun/email/target/classes/cn/test/email/service/]]
[http-bio-80-exec-1] DEBUG org.springframework.core.io.support.PathMatchingResourcePatternResolver - Looking for matching resources in directory tree [G:\eclipse\eclipse\shixun\email\target\classes\cn\test\email\service]
[http-bio-80-exec-1] DEBUG org.springframework.core.io.support.PathMatchingResourcePatternResolver - Searching directory [G:\eclipse\eclipse\shixun\email\target\classes\cn\test\email\service] for files matching pattern [G:/eclipse/eclipse/shixun/email/target/classes/cn/test/email/service/**/*.class]
[http-bio-80-exec-1] DEBUG org.springframework.core.io.support.PathMatchingResourcePatternResolver - Searching directory [G:\eclipse\eclipse\shixun\email\target\classes\cn\test\email\service\impl] for files matching pattern [G:/eclipse/eclipse/shixun/email/target/classes/cn/test/email/service/**/*.class]
[http-bio-80-exec-1] DEBUG org.springframework.core.io.support.PathMatchingResourcePatternResolver - Resolved location pattern [classpath*:cn/test/email/service/**/*.class] to resources [file [G:\eclipse\eclipse\shixun\email\target\classes\cn\test\email\service\impl\IUserServiceImpl.class], file [G:\eclipse\eclipse\shixun\email\target\classes\cn\test\email\service\impl\StatisticsServiceImpl.class], file [G:\eclipse\eclipse\shixun\email\target\classes\cn\test\email\service\impl\TestParperServiceImpl.class], file [G:\eclipse\eclipse\shixun\email\target\classes\cn\test\email\service\impl\TestQuestionsServiceImpl.class], file [G:\eclipse\eclipse\shixun\email\target\classes\cn\test\email\service\IUserService.class], file [G:\eclipse\eclipse\shixun\email\target\classes\cn\test\email\service\StatisticsService.class], file [G:\eclipse\eclipse\shixun\email\target\classes\cn\test\email\service\TestPaperService.class], file [G:\eclipse\eclipse\shixun\email\target\classes\cn\test\email\service\TestQuestionsService.class]]
[http-bio-80-exec-1] DEBUG org.springframework.context.annotation.ClassPathBeanDefinitionScanner - Identified candidate component class: file [G:\eclipse\eclipse\shixun\email\target\classes\cn\test\email\service\impl\IUserServiceImpl.class]
[http-bio-80-exec-1] DEBUG org.springframework.context.annotation.ClassPathBeanDefinitionScanner - Identified candidate component class: file [G:\eclipse\eclipse\shixun\email\target\classes\cn\test\email\service\impl\StatisticsServiceImpl.class]
[http-bio-80-exec-1] DEBUG org.springframework.context.annotation.ClassPathBeanDefinitionScanner - Identified candidate component class: file [G:\eclipse\eclipse\shixun\email\target\classes\cn\test\email\service\impl\TestParperServiceImpl.class]
[http-bio-80-exec-1] DEBUG org.springframework.context.annotation.ClassPathBeanDefinitionScanner - Identified candidate component class: file [G:\eclipse\eclipse\shixun\email\target\classes\cn\test\email\service\impl\TestQuestionsServiceImpl.class]
[http-bio-80-exec-1] INFO org.springframework.beans.factory.xml.XmlBeanDefinitionReader - Loading XML bean definitions from file [G:\eclipse\eclipse\shixun\email\target\classes\spring\spring-transaction.xml]
[http-bio-80-exec-1] DEBUG org.springframework.beans.factory.xml.DefaultDocumentLoader - Using JAXP provider [com.sun.org.apache.xerces.internal.jaxp.DocumentBuilderFactoryImpl]
[http-bio-80-exec-1] DEBUG org.springframework.beans.factory.xml.PluggableSchemaResolver - Found XML schema [http://www.springframework.org/schema/beans/spring-beans-3.2.xsd] in classpath: org/springframework/beans/factory/xml/spring-beans-3.2.xsd
[http-bio-80-exec-1] DEBUG org.springframework.beans.factory.xml.PluggableSchemaResolver - Found XML schema [http://www.springframework.org/schema/tx/spring-tx-3.2.xsd] in classpath: org/springframework/transaction/config/spring-tx-3.2.xsd
[http-bio-80-exec-1] DEBUG org.springframework.beans.factory.xml.PluggableSchemaResolver - Found XML schema [http://www.springframework.org/schema/tool/spring-tool-3.2.xsd] in classpath: org/springframework/beans/factory/xml/spring-tool-3.2.xsd
[http-bio-80-exec-1] DEBUG org.springframework.beans.factory.xml.DefaultBeanDefinitionDocumentReader - Loading bean definitions
[http-bio-80-exec-1] INFO org.springframework.beans.factory.xml.XmlBeanDefinitionReader - Loading XML bean definitions from file [G:\eclipse\eclipse\shixun\email\target\classes\spring\spring-web.xml]
[http-bio-80-exec-1] DEBUG org.springframework.beans.factory.xml.DefaultDocumentLoader - Using JAXP provider [com.sun.org.apache.xerces.internal.jaxp.DocumentBuilderFactoryImpl]
[http-bio-80-exec-1] DEBUG org.springframework.beans.factory.xml.PluggableSchemaResolver - Found XML schema [http://www.springframework.org/schema/beans/spring-beans-3.2.xsd] in classpath: org/springframework/beans/factory/xml/spring-beans-3.2.xsd
[http-bio-80-exec-1] DEBUG org.springframework.beans.factory.xml.PluggableSchemaResolver - Found XML schema [http://www.springframework.org/schema/context/spring-context-3.2.xsd] in classpath: org/springframework/context/config/spring-context-3.2.xsd
[http-bio-80-exec-1] DEBUG org.springframework.beans.factory.xml.PluggableSchemaResolver - Found XML schema [http://www.springframework.org/schema/tool/spring-tool-3.2.xsd] in classpath: org/springframework/beans/factory/xml/spring-tool-3.2.xsd
[http-bio-80-exec-1] DEBUG org.springframework.beans.factory.xml.PluggableSchemaResolver - Found XML schema [http://www.springframework.org/schema/task/spring-task-3.0.xsd] in classpath: org/springframework/scheduling/config/spring-task-3.0.xsd
[http-bio-80-exec-1] DEBUG org.springframework.beans.factory.xml.PluggableSchemaResolver - Found XML schema [http://www.springframework.org/schema/mvc/spring-mvc-3.2.xsd] in classpath: org/springframework/web/servlet/config/spring-mvc-3.2.xsd
[http-bio-80-exec-1] DEBUG org.springframework.beans.factory.xml.DefaultBeanDefinitionDocumentReader - Loading bean definitions
[http-bio-80-exec-1] DEBUG org.springframework.context.annotation.ClassPathBeanDefinitionScanner - JSR-250 'javax.annotation.ManagedBean' found and supported for component scanning
[http-bio-80-exec-1] DEBUG org.springframework.context.annotation.ClassPathBeanDefinitionScanner - JSR-330 'javax.inject.Named' annotation found and supported for component scanning
[http-bio-80-exec-1] DEBUG org.springframework.core.io.support.PathMatchingResourcePatternResolver - Resolved classpath location [com/gy/mytask/] to resources []
[http-bio-80-exec-1] DEBUG org.springframework.core.io.support.PathMatchingResourcePatternResolver - Resolved location pattern [classpath*:com/gy/mytask/**/*.class] to resources []
[http-bio-80-exec-1] DEBUG org.springframework.context.annotation.ClassPathBeanDefinitionScanner - JSR-250 'javax.annotation.ManagedBean' found and supported for component scanning
[http-bio-80-exec-1] DEBUG org.springframework.context.annotation.ClassPathBeanDefinitionScanner - JSR-330 'javax.inject.Named' annotation found and supported for component scanning
[http-bio-80-exec-1] DEBUG org.springframework.core.io.support.PathMatchingResourcePatternResolver - Resolved classpath location [cn/test/email/controller/] to resources [URL [file:/G:/eclipse/eclipse/shixun/email/target/classes/cn/test/email/controller/]]
[http-bio-80-exec-1] DEBUG org.springframework.core.io.support.PathMatchingResourcePatternResolver - Looking for matching resources in directory tree [G:\eclipse\eclipse\shixun\email\target\classes\cn\test\email\controller]
[http-bio-80-exec-1] DEBUG org.springframework.core.io.support.PathMatchingResourcePatternResolver - Searching directory [G:\eclipse\eclipse\shixun\email\target\classes\cn\test\email\controller] for files matching pattern [G:/eclipse/eclipse/shixun/email/target/classes/cn/test/email/controller/**/*.class]
[http-bio-80-exec-1] DEBUG org.springframework.core.io.support.PathMatchingResourcePatternResolver - Resolved location pattern [classpath*:cn/test/email/controller/**/*.class] to resources [file [G:\eclipse\eclipse\shixun\email\target\classes\cn\test\email\controller\StatisticsController.class], file [G:\eclipse\eclipse\shixun\email\target\classes\cn\test\email\controller\TestPaperController.class], file [G:\eclipse\eclipse\shixun\email\target\classes\cn\test\email\controller\TestQuestionsController.class], file [G:\eclipse\eclipse\shixun\email\target\classes\cn\test\email\controller\TestTask.class], file [G:\eclipse\eclipse\shixun\email\target\classes\cn\test\email\controller\UsersController.class], file [G:\eclipse\eclipse\shixun\email\target\classes\cn\test\email\controller\WordController.class]]
[http-bio-80-exec-1] DEBUG org.springframework.context.annotation.ClassPathBeanDefinitionScanner - Identified candidate component class: file [G:\eclipse\eclipse\shixun\email\target\classes\cn\test\email\controller\StatisticsController.class]
[http-bio-80-exec-1] DEBUG org.springframework.context.annotation.ClassPathBeanDefinitionScanner - Identified candidate component class: file [G:\eclipse\eclipse\shixun\email\target\classes\cn\test\email\controller\TestPaperController.class]
[http-bio-80-exec-1] DEBUG org.springframework.context.annotation.ClassPathBeanDefinitionScanner - Identified candidate component class: file [G:\eclipse\eclipse\shixun\email\target\classes\cn\test\email\controller\TestQuestionsController.class]
[http-bio-80-exec-1] DEBUG org.springframework.context.annotation.ClassPathBeanDefinitionScanner - Identified candidate component class: file [G:\eclipse\eclipse\shixun\email\target\classes\cn\test\email\controller\TestTask.class]
[http-bio-80-exec-1] DEBUG org.springframework.context.annotation.ClassPathBeanDefinitionScanner - Identified candidate component class: file [G:\eclipse\eclipse\shixun\email\target\classes\cn\test\email\controller\UsersController.class]
[http-bio-80-exec-1] DEBUG org.springframework.context.annotation.ClassPathBeanDefinitionScanner - Identified candidate component class: file [G:\eclipse\eclipse\shixun\email\target\classes\cn\test\email\controller\WordController.class]
[http-bio-80-exec-1] DEBUG org.springframework.beans.factory.xml.BeanDefinitionParserDelegate - Neither XML 'id' nor 'name' specified - using generated bean name [org.springframework.web.servlet.view.InternalResourceViewResolver#0]
[http-bio-80-exec-1] DEBUG org.springframework.beans.factory.xml.BeanDefinitionParserDelegate - Neither XML 'id' nor 'name' specified - using generated bean name [cn.test.email.exception.CustomExceptionResolver#0]
[http-bio-80-exec-1] DEBUG org.springframework.beans.factory.xml.BeanDefinitionParserDelegate - Neither XML 'id' nor 'name' specified - using generated bean name [cn.test.email.interceptor.LoginInterceptor#0]
[http-bio-80-exec-1] DEBUG org.springframework.beans.factory.xml.XmlBeanDefinitionReader - Loaded 43 bean definitions from location pattern [classpath:spring/spring-*.xml]
[http-bio-80-exec-1] DEBUG org.springframework.web.context.support.XmlWebApplicationContext - Bean factory for WebApplicationContext for namespace 'springmvc-servlet': org.springframework.beans.factory.support.DefaultListableBeanFactory@6f2aa026: defining beans [org.springframework.context.support.PropertySourcesPlaceholderConfigurer#0,dataSource,sqlSessionFactory,org.mybatis.spring.mapper.MapperScannerConfigurer#0,IUserService,statisticsServiceImpl,testParperServiceImpl,testQuestionsServiceImpl,org.springframework.context.annotation.internalConfigurationAnnotationProcessor,org.springframework.context.annotation.internalAutowiredAnnotationProcessor,org.springframework.context.annotation.internalRequiredAnnotationProcessor,org.springframework.context.annotation.internalCommonAnnotationProcessor,org.springframework.context.event.internalEventListenerProcessor,org.springframework.context.event.internalEventListenerFactory,transactionManager,txAdvice,org.springframework.context.annotation.internalAsyncAnnotationProcessor,org.springframework.context.annotation.internalScheduledAnnotationProcessor,qbScheduler,statisticsController,testPaperController,testQuestionsController,testTask,usersController,wordController,mvcContentNegotiationManager,org.springframework.web.servlet.mvc.method.annotation.RequestMappingHandlerMapping,mvcCorsConfigurations,org.springframework.format.support.FormattingConversionServiceFactoryBean#0,org.springframework.web.servlet.mvc.method.annotation.RequestMappingHandlerAdapter,mvcUriComponentsContributor,org.springframework.web.servlet.handler.MappedInterceptor#0,org.springframework.web.servlet.mvc.method.annotation.ExceptionHandlerExceptionResolver#0,org.springframework.web.servlet.mvc.annotation.ResponseStatusExceptionResolver#0,org.springframework.web.servlet.mvc.support.DefaultHandlerExceptionResolver#0,org.springframework.web.servlet.handler.BeanNameUrlHandlerMapping,org.springframework.web.servlet.mvc.HttpRequestHandlerAdapter,org.springframework.web.servlet.mvc.SimpleControllerHandlerAdapter,org.springframework.web.servlet.view.InternalResourceViewResolver#0,validator,messageSource,cn.test.email.exception.CustomExceptionResolver#0,org.springframework.web.servlet.handler.MappedInterceptor#1]; parent: org.springframework.beans.factory.support.DefaultListableBeanFactory@58bacfbe
[http-bio-80-exec-1] DEBUG org.springframework.beans.factory.support.DefaultListableBeanFactory - Registering scope 'request' with implementation [org.springframework.web.context.request.RequestScope@6a03cbf5]
[http-bio-80-exec-1] DEBUG org.springframework.beans.factory.support.DefaultListableBeanFactory - Registering scope 'session' with implementation [org.springframework.web.context.request.SessionScope@87c35a0]
[http-bio-80-exec-1] DEBUG org.springframework.beans.factory.support.DefaultListableBeanFactory - Registering scope 'globalSession' with implementation [org.springframework.web.context.request.SessionScope@32ed8f19]
[http-bio-80-exec-1] DEBUG org.springframework.beans.factory.support.DefaultListableBeanFactory - Registering scope 'application' with implementation [org.springframework.web.context.support.ServletContextScope@30de27ae]
[http-bio-80-exec-1] DEBUG org.springframework.beans.factory.support.DefaultListableBeanFactory - Creating shared instance of singleton bean 'org.springframework.context.annotation.internalConfigurationAnnotationProcessor'
[http-bio-80-exec-1] DEBUG org.springframework.beans.factory.support.DefaultListableBeanFactory - Creating instance of bean 'org.springframework.context.annotation.internalConfigurationAnnotationProcessor'
[http-bio-80-exec-1] DEBUG org.springframework.beans.factory.support.DefaultListableBeanFactory - Eagerly caching bean 'org.springframework.context.annotation.internalConfigurationAnnotationProcessor' to allow for resolving potential circular references
[http-bio-80-exec-1] DEBUG org.springframework.beans.factory.support.DefaultListableBeanFactory - Finished creating instance of bean 'org.springframework.context.annotation.internalConfigurationAnnotationProcessor'
[http-bio-80-exec-1] DEBUG org.springframework.beans.factory.support.DefaultListableBeanFactory - Creating shared instance of singleton bean 'org.mybatis.spring.mapper.MapperScannerConfigurer#0'
[http-bio-80-exec-1] DEBUG org.springframework.beans.factory.support.DefaultListableBeanFactory - Creating instance of bean 'org.mybatis.spring.mapper.MapperScannerConfigurer#0'
[http-bio-80-exec-1] DEBUG org.springframework.beans.factory.support.DefaultListableBeanFactory - Eagerly caching bean 'org.mybatis.spring.mapper.MapperScannerConfigurer#0' to allow for resolving potential circular references
[http-bio-80-exec-1] DEBUG org.springframework.beans.factory.support.DefaultListableBeanFactory - Invoking afterPropertiesSet() on bean with name 'org.mybatis.spring.mapper.MapperScannerConfigurer#0'
[http-bio-80-exec-1] DEBUG org.springframework.beans.factory.support.DefaultListableBeanFactory - Finished creating instance of bean 'org.mybatis.spring.mapper.MapperScannerConfigurer#0'
[http-bio-80-exec-1] DEBUG org.springframework.core.env.StandardEnvironment - Adding [systemProperties] PropertySource with lowest search precedence
[http-bio-80-exec-1] DEBUG org.springframework.core.env.StandardEnvironment - Adding [systemEnvironment] PropertySource with lowest search precedence
[http-bio-80-exec-1] DEBUG org.springframework.core.env.StandardEnvironment - Initialized StandardEnvironment with PropertySources [systemProperties,systemEnvironment]
[http-bio-80-exec-1] DEBUG org.springframework.core.io.support.PathMatchingResourcePatternResolver - Resolved classpath location [cn/test/email/mapping/] to resources [URL [file:/G:/eclipse/eclipse/shixun/email/target/classes/cn/test/email/mapping/]]
[http-bio-80-exec-1] DEBUG org.springframework.core.io.support.PathMatchingResourcePatternResolver - Looking for matching resources in directory tree [G:\eclipse\eclipse\shixun\email\target\classes\cn\test\email\mapping]
[http-bio-80-exec-1] DEBUG org.springframework.core.io.support.PathMatchingResourcePatternResolver - Searching directory [G:\eclipse\eclipse\shixun\email\target\classes\cn\test\email\mapping] for files matching pattern [G:/eclipse/eclipse/shixun/email/target/classes/cn/test/email/mapping/**/*.class]
[http-bio-80-exec-1] DEBUG org.springframework.core.io.support.PathMatchingResourcePatternResolver - Resolved location pattern [classpath*:cn/test/email/mapping/**/*.class] to resources [file [G:\eclipse\eclipse\shixun\email\target\classes\cn\test\email\mapping\StatisticsMapper.class], file [G:\eclipse\eclipse\shixun\email\target\classes\cn\test\email\mapping\TestParperMapper.class], file [G:\eclipse\eclipse\shixun\email\target\classes\cn\test\email\mapping\TExamQuestionMapper.class], file [G:\eclipse\eclipse\shixun\email\target\classes\cn\test\email\mapping\UsersMapper.class]]
[http-bio-80-exec-1] DEBUG org.mybatis.spring.mapper.ClassPathMapperScanner - Identified candidate component class: file [G:\eclipse\eclipse\shixun\email\target\classes\cn\test\email\mapping\StatisticsMapper.class]
[http-bio-80-exec-1] DEBUG org.mybatis.spring.mapper.ClassPathMapperScanner - Identified candidate component class: file [G:\eclipse\eclipse\shixun\email\target\classes\cn\test\email\mapping\TestParperMapper.class]
[http-bio-80-exec-1] DEBUG org.mybatis.spring.mapper.ClassPathMapperScanner - Identified candidate component class: file [G:\eclipse\eclipse\shixun\email\target\classes\cn\test\email\mapping\TExamQuestionMapper.class]
[http-bio-80-exec-1] DEBUG org.mybatis.spring.mapper.ClassPathMapperScanner - Identified candidate component class: file [G:\eclipse\eclipse\shixun\email\target\classes\cn\test\email\mapping\UsersMapper.class]
[http-bio-80-exec-1] DEBUG org.mybatis.spring.mapper.ClassPathMapperScanner - Creating MapperFactoryBean with name 'statisticsMapper' and 'cn.test.email.mapping.StatisticsMapper' mapperInterface
[http-bio-80-exec-1] DEBUG org.mybatis.spring.mapper.ClassPathMapperScanner - Enabling autowire by type for MapperFactoryBean with name 'statisticsMapper'.
[http-bio-80-exec-1] DEBUG org.mybatis.spring.mapper.ClassPathMapperScanner - Creating MapperFactoryBean with name 'testParperMapper' and 'cn.test.email.mapping.TestParperMapper' mapperInterface
[http-bio-80-exec-1] DEBUG org.mybatis.spring.mapper.ClassPathMapperScanner - Enabling autowire by type for MapperFactoryBean with name 'testParperMapper'.
[http-bio-80-exec-1] DEBUG org.mybatis.spring.mapper.ClassPathMapperScanner - Creating MapperFactoryBean with name 'TExamQuestionMapper' and 'cn.test.email.mapping.TExamQuestionMapper' mapperInterface
[http-bio-80-exec-1] DEBUG org.mybatis.spring.mapper.ClassPathMapperScanner - Enabling autowire by type for MapperFactoryBean with name 'TExamQuestionMapper'.
[http-bio-80-exec-1] DEBUG org.mybatis.spring.mapper.ClassPathMapperScanner - Creating MapperFactoryBean with name 'usersMapper' and 'cn.test.email.mapping.UsersMapper' mapperInterface
[http-bio-80-exec-1] DEBUG org.mybatis.spring.mapper.ClassPathMapperScanner - Enabling autowire by type for MapperFactoryBean with name 'usersMapper'.
[http-bio-80-exec-1] DEBUG org.springframework.beans.factory.support.DefaultListableBeanFactory - Creating shared instance of singleton bean 'org.springframework.context.support.PropertySourcesPlaceholderConfigurer#0'
[http-bio-80-exec-1] DEBUG org.springframework.beans.factory.support.DefaultListableBeanFactory - Creating instance of bean 'org.springframework.context.support.PropertySourcesPlaceholderConfigurer#0'
[http-bio-80-exec-1] DEBUG org.springframework.beans.factory.support.DefaultListableBeanFactory - Eagerly caching bean 'org.springframework.context.support.PropertySourcesPlaceholderConfigurer#0' to allow for resolving potential circular references
[http-bio-80-exec-1] DEBUG org.springframework.beans.factory.support.DefaultListableBeanFactory - Finished creating instance of bean 'org.springframework.context.support.PropertySourcesPlaceholderConfigurer#0'
[http-bio-80-exec-1] DEBUG org.springframework.core.env.MutablePropertySources - Adding [environmentProperties] PropertySource with lowest search precedence
[http-bio-80-exec-1] DEBUG org.springframework.context.support.PropertySourcesPlaceholderConfigurer - Loading properties file from class path resource [db.properties]
[http-bio-80-exec-1] DEBUG org.springframework.core.env.MutablePropertySources - Adding [localProperties] PropertySource with lowest search precedence
[http-bio-80-exec-1] DEBUG org.springframework.jndi.JndiTemplate - Looking up JNDI object with name [java:comp/env/jdbc.url]
[http-bio-80-exec-1] DEBUG org.springframework.jndi.JndiLocatorDelegate - Converted JNDI name [java:comp/env/jdbc.url] not found - trying original name [jdbc.url]. javax.naming.NameNotFoundException: Name [jdbc.url] is not bound in this Context. Unable to find [jdbc.url].
[http-bio-80-exec-1] DEBUG org.springframework.jndi.JndiTemplate - Looking up JNDI object with name [jdbc.url]
[http-bio-80-exec-1] DEBUG org.springframework.jndi.JndiPropertySource - JNDI lookup for name [jdbc.url] threw NamingException with message: Name [jdbc.url] is not bound in this Context. Unable to find [jdbc.url].. Returning null.
[http-bio-80-exec-1] DEBUG org.springframework.core.env.PropertySourcesPropertyResolver - Could not find key 'jdbc.url' in any property source
[http-bio-80-exec-1] DEBUG org.springframework.core.env.PropertySourcesPropertyResolver - Found key 'jdbc.url' in [localProperties] with type [String]
[http-bio-80-exec-1] DEBUG org.springframework.jndi.JndiTemplate - Looking up JNDI object with name [java:comp/env/jdbc.username]
[http-bio-80-exec-1] DEBUG org.springframework.jndi.JndiLocatorDelegate - Converted JNDI name [java:comp/env/jdbc.username] not found - trying original name [jdbc.username]. javax.naming.NameNotFoundException: Name [jdbc.username] is not bound in this Context. Unable to find [jdbc.username].
[http-bio-80-exec-1] DEBUG org.springframework.jndi.JndiTemplate - Looking up JNDI object with name [jdbc.username]
[http-bio-80-exec-1] DEBUG org.springframework.jndi.JndiPropertySource - JNDI lookup for name [jdbc.username] threw NamingException with message: Name [jdbc.username] is not bound in this Context. Unable to find [jdbc.username].. Returning null.
[http-bio-80-exec-1] DEBUG org.springframework.core.env.PropertySourcesPropertyResolver - Could not find key 'jdbc.username' in any property source
[http-bio-80-exec-1] DEBUG org.springframework.core.env.PropertySourcesPropertyResolver - Found key 'jdbc.username' in [localProperties] with type [String]
[http-bio-80-exec-1] DEBUG org.springframework.jndi.JndiTemplate - Looking up JNDI object with name [java:comp/env/jdbc.password]
[http-bio-80-exec-1] DEBUG org.springframework.jndi.JndiLocatorDelegate - Converted JNDI name [java:comp/env/jdbc.password] not found - trying original name [jdbc.password]. javax.naming.NameNotFoundException: Name [jdbc.password] is not bound in this Context. Unable to find [jdbc.password].
[http-bio-80-exec-1] DEBUG org.springframework.jndi.JndiTemplate - Looking up JNDI object with name [jdbc.password]
[http-bio-80-exec-1] DEBUG org.springframework.jndi.JndiPropertySource - JNDI lookup for name [jdbc.password] threw NamingException with message: Name [jdbc.password] is not bound in this Context. Unable to find [jdbc.password].. Returning null.
[http-bio-80-exec-1] DEBUG org.springframework.core.env.PropertySourcesPropertyResolver - Could not find key 'jdbc.password' in any property source
[http-bio-80-exec-1] DEBUG org.springframework.core.env.PropertySourcesPropertyResolver - Found key 'jdbc.password' in [localProperties] with type [String]
[http-bio-80-exec-1] DEBUG org.springframework.jndi.JndiTemplate - Looking up JNDI object with name [java:comp/env/jdbc.driver]
[http-bio-80-exec-1] DEBUG org.springframework.jndi.JndiLocatorDelegate - Converted JNDI name [java:comp/env/jdbc.driver] not found - trying original name [jdbc.driver]. javax.naming.NameNotFoundException: Name [jdbc.driver] is not bound in this Context. Unable to find [jdbc.driver].
[http-bio-80-exec-1] DEBUG org.springframework.jndi.JndiTemplate - Looking up JNDI object with name [jdbc.driver]
[http-bio-80-exec-1] DEBUG org.springframework.jndi.JndiPropertySource - JNDI lookup for name [jdbc.driver] threw NamingException with message: Name [jdbc.driver] is not bound in this Context. Unable to find [jdbc.driver].. Returning null.
[http-bio-80-exec-1] DEBUG org.springframework.core.env.PropertySourcesPropertyResolver - Could not find key 'jdbc.driver' in any property source
[http-bio-80-exec-1] DEBUG org.springframework.core.env.PropertySourcesPropertyResolver - Found key 'jdbc.driver' in [localProperties] with type [String]
[http-bio-80-exec-1] DEBUG org.springframework.beans.factory.support.DefaultListableBeanFactory - Creating shared instance of singleton bean 'org.springframework.context.annotation.internalAutowiredAnnotationProcessor'
[http-bio-80-exec-1] DEBUG org.springframework.beans.factory.support.DefaultListableBeanFactory - Creating instance of bean 'org.springframework.context.annotation.internalAutowiredAnnotationProcessor'
[http-bio-80-exec-1] INFO org.springframework.beans.factory.annotation.AutowiredAnnotationBeanPostProcessor - JSR-330 'javax.inject.Inject' annotation found and supported for autowiring
[http-bio-80-exec-1] DEBUG org.springframework.beans.factory.support.DefaultListableBeanFactory - Eagerly caching bean 'org.springframework.context.annotation.internalAutowiredAnnotationProcessor' to allow for resolving potential circular references
[http-bio-80-exec-1] DEBUG org.springframework.beans.factory.support.DefaultListableBeanFactory - Finished creating instance of bean 'org.springframework.context.annotation.internalAutowiredAnnotationProcessor'
[http-bio-80-exec-1] DEBUG org.springframework.beans.factory.support.DefaultListableBeanFactory - Creating shared instance of singleton bean 'org.springframework.context.annotation.internalRequiredAnnotationProcessor'
[http-bio-80-exec-1] DEBUG org.springframework.beans.factory.support.DefaultListableBeanFactory - Creating instance of bean 'org.springframework.context.annotation.internalRequiredAnnotationProcessor'
[http-bio-80-exec-1] DEBUG org.springframework.beans.factory.support.DefaultListableBeanFactory - Eagerly caching bean 'org.springframework.context.annotation.internalRequiredAnnotationProcessor' to allow for resolving potential circular references
[http-bio-80-exec-1] DEBUG org.springframework.beans.factory.support.DefaultListableBeanFactory - Finished creating instance of bean 'org.springframework.context.annotation.internalRequiredAnnotationProcessor'
[http-bio-80-exec-1] DEBUG org.springframework.beans.factory.support.DefaultListableBeanFactory - Creating shared instance of singleton bean 'org.springframework.context.annotation.internalCommonAnnotationProcessor'
[http-bio-80-exec-1] DEBUG org.springframework.beans.factory.support.DefaultListableBeanFactory - Creating instance of bean 'org.springframework.context.annotation.internalCommonAnnotationProcessor'
[http-bio-80-exec-1] DEBUG org.springframework.beans.factory.support.DefaultListableBeanFactory - Eagerly caching bean 'org.springframework.context.annotation.internalCommonAnnotationProcessor' to allow for resolving potential circular references
[http-bio-80-exec-1] DEBUG org.springframework.beans.factory.support.DefaultListableBeanFactory - Finished creating instance of bean 'org.springframework.context.annotation.internalCommonAnnotationProcessor'
[http-bio-80-exec-1] DEBUG org.springframework.beans.factory.support.DefaultListableBeanFactory - Creating shared instance of singleton bean 'org.springframework.context.annotation.internalAsyncAnnotationProcessor'
[http-bio-80-exec-1] DEBUG org.springframework.beans.factory.support.DefaultListableBeanFactory - Creating instance of bean 'org.springframework.context.annotation.internalAsyncAnnotationProcessor'
[http-bio-80-exec-1] DEBUG org.springframework.beans.factory.support.DefaultListableBeanFactory - Eagerly caching bean 'org.springframework.context.annotation.internalAsyncAnnotationProcessor' to allow for resolving potential circular references
[http-bio-80-exec-1] DEBUG org.springframework.beans.factory.support.DefaultListableBeanFactory - Finished creating instance of bean 'org.springframework.context.annotation.internalAsyncAnnotationProcessor'
[http-bio-80-exec-1] DEBUG org.springframework.beans.factory.support.DefaultListableBeanFactory - Creating shared instance of singleton bean 'org.springframework.context.annotation.internalScheduledAnnotationProcessor'
[http-bio-80-exec-1] DEBUG org.springframework.beans.factory.support.DefaultListableBeanFactory - Creating instance of bean 'org.springframework.context.annotation.internalScheduledAnnotationProcessor'
[http-bio-80-exec-1] DEBUG org.springframework.beans.factory.support.DefaultListableBeanFactory - Eagerly caching bean 'org.springframework.context.annotation.internalScheduledAnnotationProcessor' to allow for resolving potential circular references
[http-bio-80-exec-1] DEBUG org.springframework.beans.factory.support.DefaultListableBeanFactory - Creating shared instance of singleton bean 'qbScheduler'
[http-bio-80-exec-1] DEBUG org.springframework.beans.factory.support.DefaultListableBeanFactory - Creating instance of bean 'qbScheduler'
[http-bio-80-exec-1] DEBUG org.springframework.beans.factory.support.DefaultListableBeanFactory - Eagerly caching bean 'qbScheduler' to allow for resolving potential circular references
[http-bio-80-exec-1] DEBUG org.springframework.beans.factory.support.DefaultListableBeanFactory - Invoking afterPropertiesSet() on bean with name 'qbScheduler'
[http-bio-80-exec-1] INFO org.springframework.scheduling.concurrent.ThreadPoolTaskScheduler - Initializing ExecutorService  'qbScheduler'
[http-bio-80-exec-1] INFO org.springframework.context.support.PostProcessorRegistrationDelegate$BeanPostProcessorChecker - Bean 'qbScheduler' of type [org.springframework.scheduling.concurrent.ThreadPoolTaskScheduler] is not eligible for getting processed by all BeanPostProcessors (for example: not eligible for auto-proxying)
[http-bio-80-exec-1] DEBUG org.springframework.beans.factory.support.DefaultListableBeanFactory - Finished creating instance of bean 'qbScheduler'
[http-bio-80-exec-1] DEBUG org.springframework.beans.factory.support.DefaultListableBeanFactory - Finished creating instance of bean 'org.springframework.context.annotation.internalScheduledAnnotationProcessor'
[http-bio-80-exec-1] DEBUG org.springframework.beans.factory.support.DefaultListableBeanFactory - Creating shared instance of singleton bean 'messageSource'
[http-bio-80-exec-1] DEBUG org.springframework.beans.factory.support.DefaultListableBeanFactory - Creating instance of bean 'messageSource'
[http-bio-80-exec-1] DEBUG org.springframework.beans.factory.support.DefaultListableBeanFactory - Eagerly caching bean 'messageSource' to allow for resolving potential circular references
[http-bio-80-exec-1] DEBUG org.springframework.beans.factory.support.DefaultListableBeanFactory - Finished creating instance of bean 'messageSource'
[http-bio-80-exec-1] DEBUG org.springframework.web.context.support.XmlWebApplicationContext - Using MessageSource [org.springframework.context.support.ReloadableResourceBundleMessageSource: basenames=[classpath:CustomValidationUsers]]
[http-bio-80-exec-1] DEBUG org.springframework.web.context.support.XmlWebApplicationContext - Unable to locate ApplicationEventMulticaster with name 'applicationEventMulticaster': using default [org.springframework.context.event.SimpleApplicationEventMulticaster@3d16f4b4]
[http-bio-80-exec-1] DEBUG org.springframework.ui.context.support.UiApplicationContextUtils - Unable to locate ThemeSource with name 'themeSource': using default [org.springframework.ui.context.support.DelegatingThemeSource@625b3890]
[http-bio-80-exec-1] DEBUG org.springframework.beans.factory.support.DefaultListableBeanFactory - Pre-instantiating singletons in org.springframework.beans.factory.support.DefaultListableBeanFactory@6f2aa026: defining beans [org.springframework.context.support.PropertySourcesPlaceholderConfigurer#0,dataSource,sqlSessionFactory,org.mybatis.spring.mapper.MapperScannerConfigurer#0,IUserService,statisticsServiceImpl,testParperServiceImpl,testQuestionsServiceImpl,org.springframework.context.annotation.internalConfigurationAnnotationProcessor,org.springframework.context.annotation.internalAutowiredAnnotationProcessor,org.springframework.context.annotation.internalRequiredAnnotationProcessor,org.springframework.context.annotation.internalCommonAnnotationProcessor,org.springframework.context.event.internalEventListenerProcessor,org.springframework.context.event.internalEventListenerFactory,transactionManager,txAdvice,org.springframework.context.annotation.internalAsyncAnnotationProcessor,org.springframework.context.annotation.internalScheduledAnnotationProcessor,qbScheduler,statisticsController,testPaperController,testQuestionsController,testTask,usersController,wordController,mvcContentNegotiationManager,org.springframework.web.servlet.mvc.method.annotation.RequestMappingHandlerMapping,mvcCorsConfigurations,org.springframework.format.support.FormattingConversionServiceFactoryBean#0,org.springframework.web.servlet.mvc.method.annotation.RequestMappingHandlerAdapter,mvcUriComponentsContributor,org.springframework.web.servlet.handler.MappedInterceptor#0,org.springframework.web.servlet.mvc.method.annotation.ExceptionHandlerExceptionResolver#0,org.springframework.web.servlet.mvc.annotation.ResponseStatusExceptionResolver#0,org.springframework.web.servlet.mvc.support.DefaultHandlerExceptionResolver#0,org.springframework.web.servlet.handler.BeanNameUrlHandlerMapping,org.springframework.web.servlet.mvc.HttpRequestHandlerAdapter,org.springframework.web.servlet.mvc.SimpleControllerHandlerAdapter,org.springframework.web.servlet.view.InternalResourceViewResolver#0,validator,messageSource,cn.test.email.exception.CustomExceptionResolver#0,org.springframework.web.servlet.handler.MappedInterceptor#1,statisticsMapper,testParperMapper,TExamQuestionMapper,usersMapper]; parent: org.springframework.beans.factory.support.DefaultListableBeanFactory@58bacfbe
[http-bio-80-exec-1] DEBUG org.springframework.beans.factory.support.DefaultListableBeanFactory - Returning cached instance of singleton bean 'org.springframework.context.support.PropertySourcesPlaceholderConfigurer#0'
[http-bio-80-exec-1] DEBUG org.springframework.beans.factory.support.DefaultListableBeanFactory - Creating shared instance of singleton bean 'dataSource'
[http-bio-80-exec-1] DEBUG org.springframework.beans.factory.support.DefaultListableBeanFactory - Creating instance of bean 'dataSource'
[http-bio-80-exec-1] DEBUG org.springframework.beans.factory.support.DefaultListableBeanFactory - Eagerly caching bean 'dataSource' to allow for resolving potential circular references
[http-bio-80-exec-1] DEBUG org.springframework.beans.factory.support.DefaultListableBeanFactory - Finished creating instance of bean 'dataSource'
[http-bio-80-exec-1] DEBUG org.springframework.beans.factory.support.DefaultListableBeanFactory - Creating shared instance of singleton bean 'sqlSessionFactory'
[http-bio-80-exec-1] DEBUG org.springframework.beans.factory.support.DefaultListableBeanFactory - Creating instance of bean 'sqlSessionFactory'
[http-bio-80-exec-1] DEBUG org.springframework.beans.factory.support.DefaultListableBeanFactory - Eagerly caching bean 'sqlSessionFactory' to allow for resolving potential circular references
[http-bio-80-exec-1] DEBUG org.springframework.beans.factory.support.DefaultListableBeanFactory - Returning cached instance of singleton bean 'dataSource'
[http-bio-80-exec-1] DEBUG org.springframework.beans.factory.support.DefaultListableBeanFactory - Invoking afterPropertiesSet() on bean with name 'sqlSessionFactory'
[http-bio-80-exec-1] DEBUG org.springframework.beans.factory.support.DefaultListableBeanFactory - Finished creating instance of bean 'sqlSessionFactory'
[http-bio-80-exec-1] DEBUG org.springframework.beans.factory.support.DefaultListableBeanFactory - Returning cached instance of singleton bean 'org.mybatis.spring.mapper.MapperScannerConfigurer#0'
[http-bio-80-exec-1] DEBUG org.springframework.beans.factory.support.DefaultListableBeanFactory - Creating shared instance of singleton bean 'IUserService'
[http-bio-80-exec-1] DEBUG org.springframework.beans.factory.support.DefaultListableBeanFactory - Creating instance of bean 'IUserService'
[http-bio-80-exec-1] DEBUG org.springframework.beans.factory.annotation.InjectionMetadata - Registered injected element on class [cn.test.email.service.impl.IUserServiceImpl]: AutowiredFieldElement for private cn.test.email.mapping.UsersMapper cn.test.email.service.impl.IUserServiceImpl.usersMapper
[http-bio-80-exec-1] DEBUG org.springframework.beans.factory.support.DefaultListableBeanFactory - Eagerly caching bean 'IUserService' to allow for resolving potential circular references
[http-bio-80-exec-1] DEBUG org.springframework.beans.factory.annotation.InjectionMetadata - Processing injected element of bean 'IUserService': AutowiredFieldElement for private cn.test.email.mapping.UsersMapper cn.test.email.service.impl.IUserServiceImpl.usersMapper
[http-bio-80-exec-1] DEBUG org.springframework.beans.factory.support.DefaultListableBeanFactory - Creating shared instance of singleton bean 'usersMapper'
[http-bio-80-exec-1] DEBUG org.springframework.beans.factory.support.DefaultListableBeanFactory - Creating instance of bean 'usersMapper'
[http-bio-80-exec-1] DEBUG org.springframework.beans.factory.support.DefaultListableBeanFactory - Eagerly caching bean 'usersMapper' to allow for resolving potential circular references
[http-bio-80-exec-1] DEBUG org.springframework.beans.factory.support.DefaultListableBeanFactory - Returning cached instance of singleton bean 'sqlSessionFactory'
[http-bio-80-exec-1] DEBUG org.springframework.beans.factory.support.DefaultListableBeanFactory - Autowiring by type from bean name 'usersMapper' via property 'sqlSessionFactory' to bean named 'sqlSessionFactory'
[http-bio-80-exec-1] DEBUG org.springframework.beans.factory.support.DefaultListableBeanFactory - Invoking afterPropertiesSet() on bean with name 'usersMapper'
[http-bio-80-exec-1] DEBUG org.springframework.beans.factory.support.DefaultListableBeanFactory - Finished creating instance of bean 'usersMapper'
[http-bio-80-exec-1] DEBUG org.springframework.beans.factory.annotation.AutowiredAnnotationBeanPostProcessor - Autowiring by type from bean name 'IUserService' to bean named 'usersMapper'
[http-bio-80-exec-1] DEBUG org.springframework.beans.factory.support.DefaultListableBeanFactory - Finished creating instance of bean 'IUserService'
[http-bio-80-exec-1] DEBUG org.springframework.beans.factory.support.DefaultListableBeanFactory - Creating shared instance of singleton bean 'statisticsServiceImpl'
[http-bio-80-exec-1] DEBUG org.springframework.beans.factory.support.DefaultListableBeanFactory - Creating instance of bean 'statisticsServiceImpl'
[http-bio-80-exec-1] DEBUG org.springframework.beans.factory.annotation.InjectionMetadata - Registered injected element on class [cn.test.email.service.impl.StatisticsServiceImpl]: AutowiredFieldElement for private cn.test.email.mapping.StatisticsMapper cn.test.email.service.impl.StatisticsServiceImpl.statisticsMapper
[http-bio-80-exec-1] DEBUG org.springframework.beans.factory.support.DefaultListableBeanFactory - Eagerly caching bean 'statisticsServiceImpl' to allow for resolving potential circular references
[http-bio-80-exec-1] DEBUG org.springframework.beans.factory.annotation.InjectionMetadata - Processing injected element of bean 'statisticsServiceImpl': AutowiredFieldElement for private cn.test.email.mapping.StatisticsMapper cn.test.email.service.impl.StatisticsServiceImpl.statisticsMapper
[http-bio-80-exec-1] DEBUG org.springframework.beans.factory.support.DefaultListableBeanFactory - Creating shared instance of singleton bean 'statisticsMapper'
[http-bio-80-exec-1] DEBUG org.springframework.beans.factory.support.DefaultListableBeanFactory - Creating instance of bean 'statisticsMapper'
[http-bio-80-exec-1] DEBUG org.springframework.beans.factory.support.DefaultListableBeanFactory - Eagerly caching bean 'statisticsMapper' to allow for resolving potential circular references
[http-bio-80-exec-1] DEBUG org.springframework.beans.factory.support.DefaultListableBeanFactory - Returning cached instance of singleton bean 'sqlSessionFactory'
[http-bio-80-exec-1] DEBUG org.springframework.beans.factory.support.DefaultListableBeanFactory - Autowiring by type from bean name 'statisticsMapper' via property 'sqlSessionFactory' to bean named 'sqlSessionFactory'
[http-bio-80-exec-1] DEBUG org.springframework.beans.factory.support.DefaultListableBeanFactory - Invoking afterPropertiesSet() on bean with name 'statisticsMapper'
[http-bio-80-exec-1] DEBUG org.springframework.beans.factory.support.DefaultListableBeanFactory - Finished creating instance of bean 'statisticsMapper'
[http-bio-80-exec-1] DEBUG org.springframework.beans.factory.annotation.AutowiredAnnotationBeanPostProcessor - Autowiring by type from bean name 'statisticsServiceImpl' to bean named 'statisticsMapper'
[http-bio-80-exec-1] DEBUG org.springframework.beans.factory.support.DefaultListableBeanFactory - Finished creating instance of bean 'statisticsServiceImpl'
[http-bio-80-exec-1] DEBUG org.springframework.beans.factory.support.DefaultListableBeanFactory - Creating shared instance of singleton bean 'testParperServiceImpl'
[http-bio-80-exec-1] DEBUG org.springframework.beans.factory.support.DefaultListableBeanFactory - Creating instance of bean 'testParperServiceImpl'
[http-bio-80-exec-1] DEBUG org.springframework.beans.factory.annotation.InjectionMetadata - Registered injected element on class [cn.test.email.service.impl.TestParperServiceImpl]: AutowiredFieldElement for private cn.test.email.mapping.TestParperMapper cn.test.email.service.impl.TestParperServiceImpl.testParperMapper
[http-bio-80-exec-1] DEBUG org.springframework.beans.factory.support.DefaultListableBeanFactory - Eagerly caching bean 'testParperServiceImpl' to allow for resolving potential circular references
[http-bio-80-exec-1] DEBUG org.springframework.beans.factory.annotation.InjectionMetadata - Processing injected element of bean 'testParperServiceImpl': AutowiredFieldElement for private cn.test.email.mapping.TestParperMapper cn.test.email.service.impl.TestParperServiceImpl.testParperMapper
[http-bio-80-exec-1] DEBUG org.springframework.beans.factory.support.DefaultListableBeanFactory - Creating shared instance of singleton bean 'testParperMapper'
[http-bio-80-exec-1] DEBUG org.springframework.beans.factory.support.DefaultListableBeanFactory - Creating instance of bean 'testParperMapper'
[http-bio-80-exec-1] DEBUG org.springframework.beans.factory.support.DefaultListableBeanFactory - Eagerly caching bean 'testParperMapper' to allow for resolving potential circular references
[http-bio-80-exec-1] DEBUG org.springframework.beans.factory.support.DefaultListableBeanFactory - Returning cached instance of singleton bean 'sqlSessionFactory'
[http-bio-80-exec-1] DEBUG org.springframework.beans.factory.support.DefaultListableBeanFactory - Autowiring by type from bean name 'testParperMapper' via property 'sqlSessionFactory' to bean named 'sqlSessionFactory'
[http-bio-80-exec-1] DEBUG org.springframework.beans.factory.support.DefaultListableBeanFactory - Invoking afterPropertiesSet() on bean with name 'testParperMapper'
[http-bio-80-exec-1] DEBUG org.springframework.beans.factory.support.DefaultListableBeanFactory - Finished creating instance of bean 'testParperMapper'
[http-bio-80-exec-1] DEBUG org.springframework.beans.factory.annotation.AutowiredAnnotationBeanPostProcessor - Autowiring by type from bean name 'testParperServiceImpl' to bean named 'testParperMapper'
[http-bio-80-exec-1] DEBUG org.springframework.beans.factory.support.DefaultListableBeanFactory - Finished creating instance of bean 'testParperServiceImpl'
[http-bio-80-exec-1] DEBUG org.springframework.beans.factory.support.DefaultListableBeanFactory - Creating shared instance of singleton bean 'testQuestionsServiceImpl'
[http-bio-80-exec-1] DEBUG org.springframework.beans.factory.support.DefaultListableBeanFactory - Creating instance of bean 'testQuestionsServiceImpl'
[http-bio-80-exec-1] DEBUG org.springframework.beans.factory.annotation.InjectionMetadata - Registered injected element on class [cn.test.email.service.impl.TestQuestionsServiceImpl]: AutowiredFieldElement for private cn.test.email.mapping.TExamQuestionMapper cn.test.email.service.impl.TestQuestionsServiceImpl.tExamQuestionMapper
[http-bio-80-exec-1] DEBUG org.springframework.beans.factory.support.DefaultListableBeanFactory - Eagerly caching bean 'testQuestionsServiceImpl' to allow for resolving potential circular references
[http-bio-80-exec-1] DEBUG org.springframework.beans.factory.annotation.InjectionMetadata - Processing injected element of bean 'testQuestionsServiceImpl': AutowiredFieldElement for private cn.test.email.mapping.TExamQuestionMapper cn.test.email.service.impl.TestQuestionsServiceImpl.tExamQuestionMapper
[http-bio-80-exec-1] DEBUG org.springframework.beans.factory.support.DefaultListableBeanFactory - Creating shared instance of singleton bean 'TExamQuestionMapper'
[http-bio-80-exec-1] DEBUG org.springframework.beans.factory.support.DefaultListableBeanFactory - Creating instance of bean 'TExamQuestionMapper'
[http-bio-80-exec-1] DEBUG org.springframework.beans.factory.support.DefaultListableBeanFactory - Eagerly caching bean 'TExamQuestionMapper' to allow for resolving potential circular references
[http-bio-80-exec-1] DEBUG org.springframework.beans.factory.support.DefaultListableBeanFactory - Returning cached instance of singleton bean 'sqlSessionFactory'
[http-bio-80-exec-1] DEBUG org.springframework.beans.factory.support.DefaultListableBeanFactory - Autowiring by type from bean name 'TExamQuestionMapper' via property 'sqlSessionFactory' to bean named 'sqlSessionFactory'
[http-bio-80-exec-1] DEBUG org.springframework.beans.factory.support.DefaultListableBeanFactory - Invoking afterPropertiesSet() on bean with name 'TExamQuestionMapper'
[http-bio-80-exec-1] DEBUG org.springframework.beans.factory.support.DefaultListableBeanFactory - Finished creating instance of bean 'TExamQuestionMapper'
[http-bio-80-exec-1] DEBUG org.springframework.beans.factory.annotation.AutowiredAnnotationBeanPostProcessor - Autowiring by type from bean name 'testQuestionsServiceImpl' to bean named 'TExamQuestionMapper'
[http-bio-80-exec-1] DEBUG org.springframework.beans.factory.support.DefaultListableBeanFactory - Finished creating instance of bean 'testQuestionsServiceImpl'
[http-bio-80-exec-1] DEBUG org.springframework.beans.factory.support.DefaultListableBeanFactory - Returning cached instance of singleton bean 'org.springframework.context.annotation.internalConfigurationAnnotationProcessor'
[http-bio-80-exec-1] DEBUG org.springframework.beans.factory.support.DefaultListableBeanFactory - Returning cached instance of singleton bean 'org.springframework.context.annotation.internalAutowiredAnnotationProcessor'
[http-bio-80-exec-1] DEBUG org.springframework.beans.factory.support.DefaultListableBeanFactory - Returning cached instance of singleton bean 'org.springframework.context.annotation.internalRequiredAnnotationProcessor'
[http-bio-80-exec-1] DEBUG org.springframework.beans.factory.support.DefaultListableBeanFactory - Returning cached instance of singleton bean 'org.springframework.context.annotation.internalCommonAnnotationProcessor'
[http-bio-80-exec-1] DEBUG org.springframework.beans.factory.support.DefaultListableBeanFactory - Creating shared instance of singleton bean 'org.springframework.context.event.internalEventListenerProcessor'
[http-bio-80-exec-1] DEBUG org.springframework.beans.factory.support.DefaultListableBeanFactory - Creating instance of bean 'org.springframework.context.event.internalEventListenerProcessor'
[http-bio-80-exec-1] DEBUG org.springframework.beans.factory.support.DefaultListableBeanFactory - Eagerly caching bean 'org.springframework.context.event.internalEventListenerProcessor' to allow for resolving potential circular references
[http-bio-80-exec-1] DEBUG org.springframework.beans.factory.support.DefaultListableBeanFactory - Finished creating instance of bean 'org.springframework.context.event.internalEventListenerProcessor'
[http-bio-80-exec-1] DEBUG org.springframework.beans.factory.support.DefaultListableBeanFactory - Creating shared instance of singleton bean 'org.springframework.context.event.internalEventListenerFactory'
[http-bio-80-exec-1] DEBUG org.springframework.beans.factory.support.DefaultListableBeanFactory - Creating instance of bean 'org.springframework.context.event.internalEventListenerFactory'
[http-bio-80-exec-1] DEBUG org.springframework.beans.factory.support.DefaultListableBeanFactory - Eagerly caching bean 'org.springframework.context.event.internalEventListenerFactory' to allow for resolving potential circular references
[http-bio-80-exec-1] DEBUG org.springframework.beans.factory.support.DefaultListableBeanFactory - Finished creating instance of bean 'org.springframework.context.event.internalEventListenerFactory'
[http-bio-80-exec-1] DEBUG org.springframework.beans.factory.support.DefaultListableBeanFactory - Creating shared instance of singleton bean 'transactionManager'
[http-bio-80-exec-1] DEBUG org.springframework.beans.factory.support.DefaultListableBeanFactory - Creating instance of bean 'transactionManager'
[http-bio-80-exec-1] DEBUG org.springframework.beans.factory.support.DefaultListableBeanFactory - Eagerly caching bean 'transactionManager' to allow for resolving potential circular references
[http-bio-80-exec-1] DEBUG org.springframework.beans.factory.support.DefaultListableBeanFactory - Returning cached instance of singleton bean 'dataSource'
[http-bio-80-exec-1] DEBUG org.springframework.beans.factory.support.DefaultListableBeanFactory - Invoking afterPropertiesSet() on bean with name 'transactionManager'
[http-bio-80-exec-1] DEBUG org.springframework.beans.factory.support.DefaultListableBeanFactory - Finished creating instance of bean 'transactionManager'
[http-bio-80-exec-1] DEBUG org.springframework.beans.factory.support.DefaultListableBeanFactory - Creating shared instance of singleton bean 'txAdvice'
[http-bio-80-exec-1] DEBUG org.springframework.beans.factory.support.DefaultListableBeanFactory - Creating instance of bean 'txAdvice'
[http-bio-80-exec-1] DEBUG org.springframework.beans.factory.support.DefaultListableBeanFactory - Eagerly caching bean 'txAdvice' to allow for resolving potential circular references
[http-bio-80-exec-1] DEBUG org.springframework.beans.factory.support.DefaultListableBeanFactory - Returning cached instance of singleton bean 'transactionManager'
[http-bio-80-exec-1] DEBUG org.springframework.beans.factory.support.DefaultListableBeanFactory - Creating instance of bean '(inner bean)#66b9287d'
[http-bio-80-exec-1] DEBUG org.springframework.transaction.interceptor.NameMatchTransactionAttributeSource - Adding transactional method [save*] with attribute [PROPAGATION_REQUIRED,ISOLATION_DEFAULT]
[http-bio-80-exec-1] DEBUG org.springframework.transaction.interceptor.NameMatchTransactionAttributeSource - Adding transactional method [delete*] with attribute [PROPAGATION_REQUIRED,ISOLATION_DEFAULT]
[http-bio-80-exec-1] DEBUG org.springframework.transaction.interceptor.NameMatchTransactionAttributeSource - Adding transactional method [insert*] with attribute [PROPAGATION_REQUIRED,ISOLATION_DEFAULT]
[http-bio-80-exec-1] DEBUG org.springframework.transaction.interceptor.NameMatchTransactionAttributeSource - Adding transactional method [update*] with attribute [PROPAGATION_REQUIRED,ISOLATION_DEFAULT]
[http-bio-80-exec-1] DEBUG org.springframework.transaction.interceptor.NameMatchTransactionAttributeSource - Adding transactional method [find*] with attribute [PROPAGATION_SUPPORTS,ISOLATION_DEFAULT,readOnly]
[http-bio-80-exec-1] DEBUG org.springframework.transaction.interceptor.NameMatchTransactionAttributeSource - Adding transactional method [get*] with attribute [PROPAGATION_SUPPORTS,ISOLATION_DEFAULT,readOnly]
[http-bio-80-exec-1] DEBUG org.springframework.transaction.interceptor.NameMatchTransactionAttributeSource - Adding transactional method [select*] with attribute [PROPAGATION_SUPPORTS,ISOLATION_DEFAULT,readOnly]
[http-bio-80-exec-1] DEBUG org.springframework.beans.factory.support.DefaultListableBeanFactory - Finished creating instance of bean '(inner bean)#66b9287d'
[http-bio-80-exec-1] DEBUG org.springframework.beans.factory.support.DefaultListableBeanFactory - Invoking afterPropertiesSet() on bean with name 'txAdvice'
[http-bio-80-exec-1] DEBUG org.springframework.beans.factory.support.DefaultListableBeanFactory - Finished creating instance of bean 'txAdvice'
[http-bio-80-exec-1] DEBUG org.springframework.beans.factory.support.DefaultListableBeanFactory - Returning cached instance of singleton bean 'org.springframework.context.annotation.internalAsyncAnnotationProcessor'
[http-bio-80-exec-1] DEBUG org.springframework.beans.factory.support.DefaultListableBeanFactory - Returning cached instance of singleton bean 'org.springframework.context.annotation.internalScheduledAnnotationProcessor'
[http-bio-80-exec-1] DEBUG org.springframework.beans.factory.support.DefaultListableBeanFactory - Returning cached instance of singleton bean 'qbScheduler'
[http-bio-80-exec-1] DEBUG org.springframework.beans.factory.support.DefaultListableBeanFactory - Creating shared instance of singleton bean 'statisticsController'
[http-bio-80-exec-1] DEBUG org.springframework.beans.factory.support.DefaultListableBeanFactory - Creating instance of bean 'statisticsController'
[http-bio-80-exec-1] DEBUG org.springframework.beans.factory.annotation.InjectionMetadata - Registered injected element on class [cn.test.email.controller.StatisticsController]: AutowiredFieldElement for private cn.test.email.service.StatisticsService cn.test.email.controller.StatisticsController.statisticsService
[http-bio-80-exec-1] DEBUG org.springframework.beans.factory.support.DefaultListableBeanFactory - Eagerly caching bean 'statisticsController' to allow for resolving potential circular references
[http-bio-80-exec-1] DEBUG org.springframework.beans.factory.annotation.InjectionMetadata - Processing injected element of bean 'statisticsController': AutowiredFieldElement for private cn.test.email.service.StatisticsService cn.test.email.controller.StatisticsController.statisticsService
[http-bio-80-exec-1] DEBUG org.springframework.beans.factory.support.DefaultListableBeanFactory - Returning cached instance of singleton bean 'statisticsServiceImpl'
[http-bio-80-exec-1] DEBUG org.springframework.beans.factory.annotation.AutowiredAnnotationBeanPostProcessor - Autowiring by type from bean name 'statisticsController' to bean named 'statisticsServiceImpl'
[http-bio-80-exec-1] DEBUG org.springframework.beans.factory.support.DefaultListableBeanFactory - Finished creating instance of bean 'statisticsController'
[http-bio-80-exec-1] DEBUG org.springframework.beans.factory.support.DefaultListableBeanFactory - Creating shared instance of singleton bean 'testPaperController'
[http-bio-80-exec-1] DEBUG org.springframework.beans.factory.support.DefaultListableBeanFactory - Creating instance of bean 'testPaperController'
[http-bio-80-exec-1] DEBUG org.springframework.beans.factory.annotation.InjectionMetadata - Registered injected element on class [cn.test.email.controller.TestPaperController]: AutowiredFieldElement for private cn.test.email.service.TestPaperService cn.test.email.controller.TestPaperController.testPaperService
[http-bio-80-exec-1] DEBUG org.springframework.beans.factory.support.DefaultListableBeanFactory - Eagerly caching bean 'testPaperController' to allow for resolving potential circular references
[http-bio-80-exec-1] DEBUG org.springframework.beans.factory.annotation.InjectionMetadata - Processing injected element of bean 'testPaperController': AutowiredFieldElement for private cn.test.email.service.TestPaperService cn.test.email.controller.TestPaperController.testPaperService
[http-bio-80-exec-1] DEBUG org.springframework.beans.factory.support.DefaultListableBeanFactory - Returning cached instance of singleton bean 'testParperServiceImpl'
[http-bio-80-exec-1] DEBUG org.springframework.beans.factory.annotation.AutowiredAnnotationBeanPostProcessor - Autowiring by type from bean name 'testPaperController' to bean named 'testParperServiceImpl'
[http-bio-80-exec-1] DEBUG org.springframework.beans.factory.support.DefaultListableBeanFactory - Finished creating instance of bean 'testPaperController'
[http-bio-80-exec-1] DEBUG org.springframework.beans.factory.support.DefaultListableBeanFactory - Creating shared instance of singleton bean 'testQuestionsController'
[http-bio-80-exec-1] DEBUG org.springframework.beans.factory.support.DefaultListableBeanFactory - Creating instance of bean 'testQuestionsController'
[http-bio-80-exec-1] DEBUG org.springframework.beans.factory.annotation.InjectionMetadata - Registered injected element on class [cn.test.email.controller.TestQuestionsController]: AutowiredFieldElement for private cn.test.email.service.TestQuestionsService cn.test.email.controller.TestQuestionsController.testQuestionsService
[http-bio-80-exec-1] DEBUG org.springframework.beans.factory.support.DefaultListableBeanFactory - Eagerly caching bean 'testQuestionsController' to allow for resolving potential circular references
[http-bio-80-exec-1] DEBUG org.springframework.beans.factory.annotation.InjectionMetadata - Processing injected element of bean 'testQuestionsController': AutowiredFieldElement for private cn.test.email.service.TestQuestionsService cn.test.email.controller.TestQuestionsController.testQuestionsService
[http-bio-80-exec-1] DEBUG org.springframework.beans.factory.support.DefaultListableBeanFactory - Returning cached instance of singleton bean 'testQuestionsServiceImpl'
[http-bio-80-exec-1] DEBUG org.springframework.beans.factory.annotation.AutowiredAnnotationBeanPostProcessor - Autowiring by type from bean name 'testQuestionsController' to bean named 'testQuestionsServiceImpl'
[http-bio-80-exec-1] DEBUG org.springframework.beans.factory.support.DefaultListableBeanFactory - Finished creating instance of bean 'testQuestionsController'
[http-bio-80-exec-1] DEBUG org.springframework.beans.factory.support.DefaultListableBeanFactory - Creating shared instance of singleton bean 'testTask'
[http-bio-80-exec-1] DEBUG org.springframework.beans.factory.support.DefaultListableBeanFactory - Creating instance of bean 'testTask'
[http-bio-80-exec-1] DEBUG org.springframework.beans.factory.support.DefaultListableBeanFactory - Eagerly caching bean 'testTask' to allow for resolving potential circular references
[http-bio-80-exec-1] DEBUG org.springframework.scheduling.annotation.ScheduledAnnotationBeanPostProcessor - 1 @Scheduled methods processed on bean 'testTask': {public void cn.test.email.controller.TestTask.testMON()=[@org.springframework.scheduling.annotation.Scheduled(zone=, cron=2 * * * * *, initialDelay=-1, fixedDelay=-1, fixedRateString=, fixedDelayString=, fixedRate=-1, initialDelayString=)]}
[http-bio-80-exec-1] DEBUG org.springframework.beans.factory.support.DefaultListableBeanFactory - Finished creating instance of bean 'testTask'
[http-bio-80-exec-1] DEBUG org.springframework.beans.factory.support.DefaultListableBeanFactory - Creating shared instance of singleton bean 'usersController'
[http-bio-80-exec-1] DEBUG org.springframework.beans.factory.support.DefaultListableBeanFactory - Creating instance of bean 'usersController'
[http-bio-80-exec-1] DEBUG org.springframework.beans.factory.annotation.InjectionMetadata - Registered injected element on class [cn.test.email.controller.UsersController]: AutowiredFieldElement for private cn.test.email.service.IUserService cn.test.email.controller.UsersController.iUserService
[http-bio-80-exec-1] DEBUG org.springframework.beans.factory.support.DefaultListableBeanFactory - Eagerly caching bean 'usersController' to allow for resolving potential circular references
[http-bio-80-exec-1] DEBUG org.springframework.beans.factory.annotation.InjectionMetadata - Processing injected element of bean 'usersController': AutowiredFieldElement for private cn.test.email.service.IUserService cn.test.email.controller.UsersController.iUserService
[http-bio-80-exec-1] DEBUG org.springframework.beans.factory.support.DefaultListableBeanFactory - Returning cached instance of singleton bean 'IUserService'
[http-bio-80-exec-1] DEBUG org.springframework.beans.factory.annotation.AutowiredAnnotationBeanPostProcessor - Autowiring by type from bean name 'usersController' to bean named 'IUserService'
[http-bio-80-exec-1] DEBUG org.springframework.beans.factory.support.DefaultListableBeanFactory - Finished creating instance of bean 'usersController'
[http-bio-80-exec-1] DEBUG org.springframework.beans.factory.support.DefaultListableBeanFactory - Creating shared instance of singleton bean 'wordController'
[http-bio-80-exec-1] DEBUG org.springframework.beans.factory.support.DefaultListableBeanFactory - Creating instance of bean 'wordController'
[http-bio-80-exec-1] DEBUG org.springframework.beans.factory.support.DefaultListableBeanFactory - Eagerly caching bean 'wordController' to allow for resolving potential circular references
[http-bio-80-exec-1] DEBUG org.springframework.beans.factory.support.DefaultListableBeanFactory - Finished creating instance of bean 'wordController'
[http-bio-80-exec-1] DEBUG org.springframework.beans.factory.support.DefaultListableBeanFactory - Creating shared instance of singleton bean 'mvcContentNegotiationManager'
[http-bio-80-exec-1] DEBUG org.springframework.beans.factory.support.DefaultListableBeanFactory - Creating instance of bean 'mvcContentNegotiationManager'
[http-bio-80-exec-1] DEBUG org.springframework.beans.factory.support.DefaultListableBeanFactory - Eagerly caching bean 'mvcContentNegotiationManager' to allow for resolving potential circular references
[http-bio-80-exec-1] DEBUG org.springframework.beans.factory.support.DefaultListableBeanFactory - Invoking afterPropertiesSet() on bean with name 'mvcContentNegotiationManager'
[http-bio-80-exec-1] DEBUG org.springframework.beans.factory.support.DefaultListableBeanFactory - Finished creating instance of bean 'mvcContentNegotiationManager'
[http-bio-80-exec-1] DEBUG org.springframework.beans.factory.support.DefaultListableBeanFactory - Creating shared instance of singleton bean 'org.springframework.web.servlet.mvc.method.annotation.RequestMappingHandlerMapping'
[http-bio-80-exec-1] DEBUG org.springframework.beans.factory.support.DefaultListableBeanFactory - Creating instance of bean 'org.springframework.web.servlet.mvc.method.annotation.RequestMappingHandlerMapping'
[http-bio-80-exec-1] DEBUG org.springframework.beans.factory.support.DefaultListableBeanFactory - Eagerly caching bean 'org.springframework.web.servlet.mvc.method.annotation.RequestMappingHandlerMapping' to allow for resolving potential circular references
[http-bio-80-exec-1] DEBUG org.springframework.beans.factory.support.DefaultListableBeanFactory - Returning cached instance of singleton bean 'mvcContentNegotiationManager'
[http-bio-80-exec-1] DEBUG org.springframework.beans.factory.support.DefaultListableBeanFactory - Creating shared instance of singleton bean 'mvcCorsConfigurations'
[http-bio-80-exec-1] DEBUG org.springframework.beans.factory.support.DefaultListableBeanFactory - Creating instance of bean 'mvcCorsConfigurations'
[http-bio-80-exec-1] DEBUG org.springframework.beans.factory.support.DefaultListableBeanFactory - Eagerly caching bean 'mvcCorsConfigurations' to allow for resolving potential circular references
[http-bio-80-exec-1] DEBUG org.springframework.beans.factory.support.DefaultListableBeanFactory - Finished creating instance of bean 'mvcCorsConfigurations'
[http-bio-80-exec-1] DEBUG org.springframework.beans.factory.support.DefaultListableBeanFactory - Creating shared instance of singleton bean 'org.springframework.web.servlet.handler.MappedInterceptor#0'
[http-bio-80-exec-1] DEBUG org.springframework.beans.factory.support.DefaultListableBeanFactory - Creating instance of bean 'org.springframework.web.servlet.handler.MappedInterceptor#0'
[http-bio-80-exec-1] DEBUG org.springframework.beans.factory.support.DefaultListableBeanFactory - Creating instance of bean '(inner bean)#4a7ef3bb'
[http-bio-80-exec-1] DEBUG org.springframework.beans.factory.support.DefaultListableBeanFactory - Creating shared instance of singleton bean 'org.springframework.format.support.FormattingConversionServiceFactoryBean#0'
[http-bio-80-exec-1] DEBUG org.springframework.beans.factory.support.DefaultListableBeanFactory - Creating instance of bean 'org.springframework.format.support.FormattingConversionServiceFactoryBean#0'
[http-bio-80-exec-1] DEBUG org.springframework.beans.factory.support.DefaultListableBeanFactory - Eagerly caching bean 'org.springframework.format.support.FormattingConversionServiceFactoryBean#0' to allow for resolving potential circular references
[http-bio-80-exec-1] DEBUG org.springframework.beans.factory.support.DefaultListableBeanFactory - Invoking afterPropertiesSet() on bean with name 'org.springframework.format.support.FormattingConversionServiceFactoryBean#0'
[http-bio-80-exec-1] DEBUG org.springframework.beans.factory.support.DefaultListableBeanFactory - Finished creating instance of bean 'org.springframework.format.support.FormattingConversionServiceFactoryBean#0'
[http-bio-80-exec-1] DEBUG org.springframework.beans.factory.support.DefaultListableBeanFactory - Finished creating instance of bean '(inner bean)#4a7ef3bb'
[http-bio-80-exec-1] DEBUG org.springframework.beans.factory.support.DefaultListableBeanFactory - Eagerly caching bean 'org.springframework.web.servlet.handler.MappedInterceptor#0' to allow for resolving potential circular references
[http-bio-80-exec-1] DEBUG org.springframework.beans.factory.support.DefaultListableBeanFactory - Finished creating instance of bean 'org.springframework.web.servlet.handler.MappedInterceptor#0'
[http-bio-80-exec-1] DEBUG org.springframework.beans.factory.support.DefaultListableBeanFactory - Creating shared instance of singleton bean 'org.springframework.web.servlet.handler.MappedInterceptor#1'
[http-bio-80-exec-1] DEBUG org.springframework.beans.factory.support.DefaultListableBeanFactory - Creating instance of bean 'org.springframework.web.servlet.handler.MappedInterceptor#1'
[http-bio-80-exec-1] DEBUG org.springframework.beans.factory.support.DefaultListableBeanFactory - Creating instance of bean 'cn.test.email.interceptor.LoginInterceptor#0'
[http-bio-80-exec-1] DEBUG org.springframework.beans.factory.support.DefaultListableBeanFactory - Finished creating instance of bean 'cn.test.email.interceptor.LoginInterceptor#0'
[http-bio-80-exec-1] DEBUG org.springframework.beans.factory.support.DefaultListableBeanFactory - Eagerly caching bean 'org.springframework.web.servlet.handler.MappedInterceptor#1' to allow for resolving potential circular references
[http-bio-80-exec-1] DEBUG org.springframework.beans.factory.support.DefaultListableBeanFactory - Finished creating instance of bean 'org.springframework.web.servlet.handler.MappedInterceptor#1'
[http-bio-80-exec-1] DEBUG org.springframework.beans.factory.support.DefaultListableBeanFactory - Returning cached instance of singleton bean 'org.springframework.web.servlet.handler.MappedInterceptor#0'
[http-bio-80-exec-1] DEBUG org.springframework.beans.factory.support.DefaultListableBeanFactory - Returning cached instance of singleton bean 'org.springframework.web.servlet.handler.MappedInterceptor#1'
[http-bio-80-exec-1] DEBUG org.springframework.beans.factory.support.DefaultListableBeanFactory - Invoking afterPropertiesSet() on bean with name 'org.springframework.web.servlet.mvc.method.annotation.RequestMappingHandlerMapping'
[http-bio-80-exec-1] DEBUG org.springframework.web.servlet.mvc.method.annotation.RequestMappingHandlerMapping - Looking for request mappings in application context: WebApplicationContext for namespace 'springmvc-servlet': startup date [Tue Nov 28 08:35:40 CST 2017]; parent: Root WebApplicationContext
[http-bio-80-exec-1] DEBUG org.springframework.web.servlet.mvc.method.annotation.RequestMappingHandlerMapping - 3 request handler methods found on class cn.test.email.controller.StatisticsController: {public java.util.List cn.test.email.controller.StatisticsController.getErrorCount(cn.test.email.model.Users)={[/getErrorCount.do]}, public java.util.List cn.test.email.controller.StatisticsController.getQuestionCount(cn.test.email.model.Users)={[/getQuestionCount.do]}, public java.lang.String cn.test.email.controller.StatisticsController.getQuestion(org.springframework.ui.Model,java.lang.Integer,javax.servlet.http.HttpSession)={[/getQuestionNum.do]}}
[http-bio-80-exec-1] INFO org.springframework.web.servlet.mvc.method.annotation.RequestMappingHandlerMapping - Mapped "{[/getErrorCount.do]}" onto public java.util.List<cn.test.email.model.QuestionType> cn.test.email.controller.StatisticsController.getErrorCount(cn.test.email.model.Users)
[http-bio-80-exec-1] INFO org.springframework.web.servlet.mvc.method.annotation.RequestMappingHandlerMapping - Mapped "{[/getQuestionCount.do]}" onto public java.util.List<cn.test.email.model.QuestionType> cn.test.email.controller.StatisticsController.getQuestionCount(cn.test.email.model.Users)
[http-bio-80-exec-1] INFO org.springframework.web.servlet.mvc.method.annotation.RequestMappingHandlerMapping - Mapped "{[/getQuestionNum.do]}" onto public java.lang.String cn.test.email.controller.StatisticsController.getQuestion(org.springframework.ui.Model,java.lang.Integer,javax.servlet.http.HttpSession)
[http-bio-80-exec-1] DEBUG org.springframework.web.servlet.mvc.method.annotation.RequestMappingHandlerMapping - 7 request handler methods found on class cn.test.email.controller.TestPaperController: {public java.lang.String cn.test.email.controller.TestPaperController.show(org.springframework.ui.Model,java.lang.String)={[/show.do]}, public java.lang.String cn.test.email.controller.TestPaperController.addTestPaper()={[/addTestPaper.do]}, public java.lang.String cn.test.email.controller.TestPaperController.toMyExam(org.springframework.ui.Model)={[/toMyExam.do]}, public java.lang.String cn.test.email.controller.TestPaperController.toUserExam(org.springframework.ui.Model)={[/toUserExam.do]}, public java.lang.String cn.test.email.controller.TestPaperController.myExam(javax.servlet.http.HttpSession)={[/myExam.do]}, public java.lang.String cn.test.email.controller.TestPaperController.myword(org.springframework.ui.Model,java.lang.String)={[/myword.do]}, public java.lang.String cn.test.email.controller.TestPaperController.addTestPaperDo(cn.test.email.model.TestPaper)={[/addTestPaperDo.do]}}
[http-bio-80-exec-1] INFO org.springframework.web.servlet.mvc.method.annotation.RequestMappingHandlerMapping - Mapped "{[/show.do]}" onto public java.lang.String cn.test.email.controller.TestPaperController.show(org.springframework.ui.Model,java.lang.String)
[http-bio-80-exec-1] INFO org.springframework.web.servlet.mvc.method.annotation.RequestMappingHandlerMapping - Mapped "{[/addTestPaper.do]}" onto public java.lang.String cn.test.email.controller.TestPaperController.addTestPaper()
[http-bio-80-exec-1] INFO org.springframework.web.servlet.mvc.method.annotation.RequestMappingHandlerMapping - Mapped "{[/toMyExam.do]}" onto public java.lang.String cn.test.email.controller.TestPaperController.toMyExam(org.springframework.ui.Model)
[http-bio-80-exec-1] INFO org.springframework.web.servlet.mvc.method.annotation.RequestMappingHandlerMapping - Mapped "{[/toUserExam.do]}" onto public java.lang.String cn.test.email.controller.TestPaperController.toUserExam(org.springframework.ui.Model)
[http-bio-80-exec-1] INFO org.springframework.web.servlet.mvc.method.annotation.RequestMappingHandlerMapping - Mapped "{[/myExam.do]}" onto public java.lang.String cn.test.email.controller.TestPaperController.myExam(javax.servlet.http.HttpSession)
[http-bio-80-exec-1] INFO org.springframework.web.servlet.mvc.method.annotation.RequestMappingHandlerMapping - Mapped "{[/myword.do]}" onto public java.lang.String cn.test.email.controller.TestPaperController.myword(org.springframework.ui.Model,java.lang.String)
[http-bio-80-exec-1] INFO org.springframework.web.servlet.mvc.method.annotation.RequestMappingHandlerMapping - Mapped "{[/addTestPaperDo.do]}" onto public java.lang.String cn.test.email.controller.TestPaperController.addTestPaperDo(cn.test.email.model.TestPaper)
[http-bio-80-exec-1] DEBUG org.springframework.web.servlet.mvc.method.annotation.RequestMappingHandlerMapping - 13 request handler methods found on class cn.test.email.controller.TestQuestionsController: {public java.lang.String cn.test.email.controller.TestQuestionsController.add(java.lang.String,org.springframework.ui.Model,java.lang.Integer)={[/add.do]}, public java.lang.String cn.test.email.controller.TestQuestionsController.update(java.lang.Integer,org.springframework.ui.Model)={[/update.do]}, public java.lang.String cn.test.email.controller.TestQuestionsController.updateDo(cn.test.email.model.TExamQuestion,java.lang.String[])={[/updateDo.do]}, public java.lang.String cn.test.email.controller.TestQuestionsController.deleteDo(java.lang.Integer,java.lang.String,java.lang.Integer) throws java.lang.Exception={[/deleteDo.do]}, public java.lang.String cn.test.email.controller.TestQuestionsController.showQuestion(java.lang.Integer,java.lang.Integer,org.springframework.ui.Model,cn.test.email.model.TExamQuestionVo)={[/showQuestion.do]}, public java.lang.String cn.test.email.controller.TestQuestionsController.addDo(cn.test.email.model.TExamQuestion,java.lang.String[])={[/addDo.do]}, public java.lang.String cn.test.email.controller.TestQuestionsController.selectDel(java.lang.Integer[],java.lang.String,java.lang.Integer)={[/selectDel.do]}, public java.lang.String cn.test.email.controller.TestQuestionsController.selectBySidDo(java.lang.Integer,java.lang.String,org.springframework.ui.Model) throws java.io.UnsupportedEncodingException={[/selectBySidDo.do]}, public java.lang.String cn.test.email.controller.TestQuestionsController.saveCountExam(java.lang.String,javax.servlet.http.HttpSession)={[/saveCountExam.do]}, public java.lang.String cn.test.email.controller.TestQuestionsController.randomQuestionDo(java.lang.Integer,java.lang.Integer,java.lang.Integer,javax.servlet.http.HttpSession,org.springframework.ui.Model)={[/randomQuestionDo.do]}, public java.lang.String cn.test.email.controller.TestQuestionsController.randomQuestion(javax.servlet.http.HttpSession)={[/randomQuestion.do]}, public java.lang.String cn.test.email.controller.TestQuestionsController.vipRandomQuestion(java.lang.Integer,org.springframework.ui.Model)={[/vipRandomQuestion.do]}, public java.lang.String cn.test.email.controller.TestQuestionsController.showErrorQuestion(javax.servlet.http.HttpSession,java.lang.Integer,java.lang.Integer,cn.test.email.model.ErrorQuestionVo,org.springframework.ui.Model)={[/showErrorQuestion.do]}}
[http-bio-80-exec-1] INFO org.springframework.web.servlet.mvc.method.annotation.RequestMappingHandlerMapping - Mapped "{[/add.do]}" onto public java.lang.String cn.test.email.controller.TestQuestionsController.add(java.lang.String,org.springframework.ui.Model,java.lang.Integer)
[http-bio-80-exec-1] INFO org.springframework.web.servlet.mvc.method.annotation.RequestMappingHandlerMapping - Mapped "{[/update.do]}" onto public java.lang.String cn.test.email.controller.TestQuestionsController.update(java.lang.Integer,org.springframework.ui.Model)
[http-bio-80-exec-1] INFO org.springframework.web.servlet.mvc.method.annotation.RequestMappingHandlerMapping - Mapped "{[/updateDo.do]}" onto public java.lang.String cn.test.email.controller.TestQuestionsController.updateDo(cn.test.email.model.TExamQuestion,java.lang.String[])
[http-bio-80-exec-1] INFO org.springframework.web.servlet.mvc.method.annotation.RequestMappingHandlerMapping - Mapped "{[/deleteDo.do]}" onto public java.lang.String cn.test.email.controller.TestQuestionsController.deleteDo(java.lang.Integer,java.lang.String,java.lang.Integer) throws java.lang.Exception
[http-bio-80-exec-1] INFO org.springframework.web.servlet.mvc.method.annotation.RequestMappingHandlerMapping - Mapped "{[/showQuestion.do]}" onto public java.lang.String cn.test.email.controller.TestQuestionsController.showQuestion(java.lang.Integer,java.lang.Integer,org.springframework.ui.Model,cn.test.email.model.TExamQuestionVo)
[http-bio-80-exec-1] INFO org.springframework.web.servlet.mvc.method.annotation.RequestMappingHandlerMapping - Mapped "{[/addDo.do]}" onto public java.lang.String cn.test.email.controller.TestQuestionsController.addDo(cn.test.email.model.TExamQuestion,java.lang.String[])
[http-bio-80-exec-1] INFO org.springframework.web.servlet.mvc.method.annotation.RequestMappingHandlerMapping - Mapped "{[/selectDel.do]}" onto public java.lang.String cn.test.email.controller.TestQuestionsController.selectDel(java.lang.Integer[],java.lang.String,java.lang.Integer)
[http-bio-80-exec-1] INFO org.springframework.web.servlet.mvc.method.annotation.RequestMappingHandlerMapping - Mapped "{[/selectBySidDo.do]}" onto public java.lang.String cn.test.email.controller.TestQuestionsController.selectBySidDo(java.lang.Integer,java.lang.String,org.springframework.ui.Model) throws java.io.UnsupportedEncodingException
[http-bio-80-exec-1] INFO org.springframework.web.servlet.mvc.method.annotation.RequestMappingHandlerMapping - Mapped "{[/saveCountExam.do]}" onto public java.lang.String cn.test.email.controller.TestQuestionsController.saveCountExam(java.lang.String,javax.servlet.http.HttpSession)
[http-bio-80-exec-1] INFO org.springframework.web.servlet.mvc.method.annotation.RequestMappingHandlerMapping - Mapped "{[/randomQuestionDo.do]}" onto public java.lang.String cn.test.email.controller.TestQuestionsController.randomQuestionDo(java.lang.Integer,java.lang.Integer,java.lang.Integer,javax.servlet.http.HttpSession,org.springframework.ui.Model)
[http-bio-80-exec-1] INFO org.springframework.web.servlet.mvc.method.annotation.RequestMappingHandlerMapping - Mapped "{[/randomQuestion.do]}" onto public java.lang.String cn.test.email.controller.TestQuestionsController.randomQuestion(javax.servlet.http.HttpSession)
[http-bio-80-exec-1] INFO org.springframework.web.servlet.mvc.method.annotation.RequestMappingHandlerMapping - Mapped "{[/vipRandomQuestion.do]}" onto public java.lang.String cn.test.email.controller.TestQuestionsController.vipRandomQuestion(java.lang.Integer,org.springframework.ui.Model)
[http-bio-80-exec-1] INFO org.springframework.web.servlet.mvc.method.annotation.RequestMappingHandlerMapping - Mapped "{[/showErrorQuestion.do]}" onto public java.lang.String cn.test.email.controller.TestQuestionsController.showErrorQuestion(javax.servlet.http.HttpSession,java.lang.Integer,java.lang.Integer,cn.test.email.model.ErrorQuestionVo,org.springframework.ui.Model)
[http-bio-80-exec-1] DEBUG org.springframework.web.servlet.mvc.method.annotation.RequestMappingHandlerMapping - 8 request handler methods found on class cn.test.email.controller.UsersController: {public java.lang.String cn.test.email.controller.UsersController.register()={[/user/register]}, public java.lang.String cn.test.email.controller.UsersController.home()={[/user/home]}, public java.lang.String cn.test.email.controller.UsersController.doLogin(cn.test.email.model.Users,javax.servlet.http.HttpSession,javax.servlet.http.HttpServletRequest) throws java.lang.Exception={[/user/dologin]}, public java.lang.String cn.test.email.controller.UsersController.login()={[/user/login]}, public java.lang.String cn.test.email.controller.UsersController.updateRankDo(javax.servlet.http.HttpSession)={[/user/updateRankDo.do]}, public java.lang.String cn.test.email.controller.UsersController.loginOut(javax.servlet.http.HttpSession) throws java.lang.Exception={[/user/loginOut]}, public java.lang.String cn.test.email.controller.UsersController.doRegister(org.springframework.ui.Model,cn.test.email.model.Users,org.springframework.validation.BindingResult) throws java.lang.Exception={[/user/doregister]}, public void cn.test.email.controller.UsersController.registerFindUser(cn.test.email.model.Users,javax.servlet.http.HttpServletResponse) throws java.lang.Exception={[/user/registerFindUser]}}
[http-bio-80-exec-1] INFO org.springframework.web.servlet.mvc.method.annotation.RequestMappingHandlerMapping - Mapped "{[/user/register]}" onto public java.lang.String cn.test.email.controller.UsersController.register()
[http-bio-80-exec-1] INFO org.springframework.web.servlet.mvc.method.annotation.RequestMappingHandlerMapping - Mapped "{[/user/home]}" onto public java.lang.String cn.test.email.controller.UsersController.home()
[http-bio-80-exec-1] INFO org.springframework.web.servlet.mvc.method.annotation.RequestMappingHandlerMapping - Mapped "{[/user/dologin]}" onto public java.lang.String cn.test.email.controller.UsersController.doLogin(cn.test.email.model.Users,javax.servlet.http.HttpSession,javax.servlet.http.HttpServletRequest) throws java.lang.Exception
[http-bio-80-exec-1] INFO org.springframework.web.servlet.mvc.method.annotation.RequestMappingHandlerMapping - Mapped "{[/user/login]}" onto public java.lang.String cn.test.email.controller.UsersController.login()
[http-bio-80-exec-1] INFO org.springframework.web.servlet.mvc.method.annotation.RequestMappingHandlerMapping - Mapped "{[/user/updateRankDo.do]}" onto public java.lang.String cn.test.email.controller.UsersController.updateRankDo(javax.servlet.http.HttpSession)
[http-bio-80-exec-1] INFO org.springframework.web.servlet.mvc.method.annotation.RequestMappingHandlerMapping - Mapped "{[/user/loginOut]}" onto public java.lang.String cn.test.email.controller.UsersController.loginOut(javax.servlet.http.HttpSession) throws java.lang.Exception
[http-bio-80-exec-1] INFO org.springframework.web.servlet.mvc.method.annotation.RequestMappingHandlerMapping - Mapped "{[/user/doregister]}" onto public java.lang.String cn.test.email.controller.UsersController.doRegister(org.springframework.ui.Model,cn.test.email.model.Users,org.springframework.validation.BindingResult) throws java.lang.Exception
[http-bio-80-exec-1] INFO org.springframework.web.servlet.mvc.method.annotation.RequestMappingHandlerMapping - Mapped "{[/user/registerFindUser]}" onto public void cn.test.email.controller.UsersController.registerFindUser(cn.test.email.model.Users,javax.servlet.http.HttpServletResponse) throws java.lang.Exception
[http-bio-80-exec-1] DEBUG org.springframework.web.servlet.mvc.method.annotation.RequestMappingHandlerMapping - 1 request handler methods found on class cn.test.email.controller.WordController: {public static java.util.List cn.test.email.controller.WordController.myword(java.lang.String)={[/word/myword]}}
[http-bio-80-exec-1] INFO org.springframework.web.servlet.mvc.method.annotation.RequestMappingHandlerMapping - Mapped "{[/word/myword]}" onto public static java.util.List<java.lang.String> cn.test.email.controller.WordController.myword(java.lang.String)
[http-bio-80-exec-1] DEBUG org.springframework.beans.factory.support.DefaultListableBeanFactory - Finished creating instance of bean 'org.springframework.web.servlet.mvc.method.annotation.RequestMappingHandlerMapping'
[http-bio-80-exec-1] DEBUG org.springframework.beans.factory.support.DefaultListableBeanFactory - Returning cached instance of singleton bean 'mvcCorsConfigurations'
[http-bio-80-exec-1] DEBUG org.springframework.beans.factory.support.DefaultListableBeanFactory - Returning cached instance of singleton bean 'org.springframework.format.support.FormattingConversionServiceFactoryBean#0'
[http-bio-80-exec-1] DEBUG org.springframework.beans.factory.support.DefaultListableBeanFactory - Creating shared instance of singleton bean 'org.springframework.web.servlet.mvc.method.annotation.RequestMappingHandlerAdapter'
[http-bio-80-exec-1] DEBUG org.springframework.beans.factory.support.DefaultListableBeanFactory - Creating instance of bean 'org.springframework.web.servlet.mvc.method.annotation.RequestMappingHandlerAdapter'
[http-bio-80-exec-1] DEBUG org.springframework.beans.factory.support.DefaultListableBeanFactory - Eagerly caching bean 'org.springframework.web.servlet.mvc.method.annotation.RequestMappingHandlerAdapter' to allow for resolving potential circular references
[http-bio-80-exec-1] DEBUG org.springframework.beans.factory.support.DefaultListableBeanFactory - Returning cached instance of singleton bean 'mvcContentNegotiationManager'
[http-bio-80-exec-1] DEBUG org.springframework.beans.factory.support.DefaultListableBeanFactory - Creating instance of bean '(inner bean)#2316e701'
[http-bio-80-exec-1] DEBUG org.springframework.beans.factory.support.DefaultListableBeanFactory - Returning cached instance of singleton bean 'org.springframework.format.support.FormattingConversionServiceFactoryBean#0'
[http-bio-80-exec-1] DEBUG org.springframework.beans.factory.support.DefaultListableBeanFactory - Creating shared instance of singleton bean 'validator'
[http-bio-80-exec-1] DEBUG org.springframework.beans.factory.support.DefaultListableBeanFactory - Creating instance of bean 'validator'
[http-bio-80-exec-1] DEBUG org.springframework.beans.factory.support.DefaultListableBeanFactory - Eagerly caching bean 'validator' to allow for resolving potential circular references
[http-bio-80-exec-1] DEBUG org.springframework.beans.factory.support.DefaultListableBeanFactory - Returning cached instance of singleton bean 'messageSource'
[http-bio-80-exec-1] DEBUG org.springframework.beans.factory.support.DefaultListableBeanFactory - Invoking afterPropertiesSet() on bean with name 'validator'
[http-bio-80-exec-1] DEBUG org.hibernate.validator.internal.engine.resolver.DefaultTraversableResolver - Cannot find javax.persistence.Persistence on classpath. Assuming non JPA 2 environment. All properties will per default be traversable.
[http-bio-80-exec-1] DEBUG org.hibernate.validator.internal.engine.ConfigurationImpl - Setting custom MessageInterpolator of type org.springframework.validation.beanvalidation.LocaleContextMessageInterpolator
[http-bio-80-exec-1] DEBUG org.hibernate.validator.internal.engine.ConfigurationImpl - Setting custom ConstraintValidatorFactory of type org.springframework.validation.beanvalidation.SpringConstraintValidatorFactory
[http-bio-80-exec-1] DEBUG org.hibernate.validator.internal.engine.ConfigurationImpl - Setting custom ParameterNameProvider of type com.sun.proxy.$Proxy46
[http-bio-80-exec-1] DEBUG org.hibernate.validator.internal.xml.ValidationXmlParser - Trying to load META-INF/validation.xml for XML based Validator configuration.
[http-bio-80-exec-1] DEBUG org.hibernate.validator.internal.xml.ResourceLoaderHelper - Trying to load META-INF/validation.xml via user class loader
[http-bio-80-exec-1] DEBUG org.hibernate.validator.internal.xml.ResourceLoaderHelper - Trying to load META-INF/validation.xml via TCCL
[http-bio-80-exec-1] DEBUG org.hibernate.validator.internal.xml.ResourceLoaderHelper - Trying to load META-INF/validation.xml via Hibernate Validator's class loader
[http-bio-80-exec-1] DEBUG org.hibernate.validator.internal.xml.ValidationXmlParser - No META-INF/validation.xml found. Using annotation based configuration only.
[http-bio-80-exec-1] DEBUG org.springframework.beans.factory.support.DefaultListableBeanFactory - Finished creating instance of bean 'validator'
[http-bio-80-exec-1] DEBUG org.springframework.beans.factory.support.DefaultListableBeanFactory - Finished creating instance of bean '(inner bean)#2316e701'
[http-bio-80-exec-1] DEBUG org.springframework.beans.factory.support.DefaultListableBeanFactory - Creating instance of bean '(inner bean)#5b443547'
[http-bio-80-exec-1] DEBUG org.springframework.beans.factory.support.DefaultListableBeanFactory - Finished creating instance of bean '(inner bean)#5b443547'
[http-bio-80-exec-1] DEBUG org.springframework.beans.factory.support.DefaultListableBeanFactory - Creating instance of bean '(inner bean)#1c824382'
[http-bio-80-exec-1] DEBUG org.springframework.beans.factory.support.DefaultListableBeanFactory - Finished creating instance of bean '(inner bean)#1c824382'
[http-bio-80-exec-1] DEBUG org.springframework.beans.factory.support.DefaultListableBeanFactory - Creating instance of bean '(inner bean)#4d1a7f42'
[http-bio-80-exec-1] DEBUG org.springframework.beans.factory.support.DefaultListableBeanFactory - Finished creating instance of bean '(inner bean)#4d1a7f42'
[http-bio-80-exec-1] DEBUG org.springframework.beans.factory.support.DefaultListableBeanFactory - Creating instance of bean '(inner bean)#57547c49'
[http-bio-80-exec-1] DEBUG org.springframework.beans.factory.support.DefaultListableBeanFactory - Finished creating instance of bean '(inner bean)#57547c49'
[http-bio-80-exec-1] DEBUG org.springframework.beans.factory.support.DefaultListableBeanFactory - Creating instance of bean '(inner bean)#21fd6c6'
[http-bio-80-exec-1] DEBUG org.springframework.beans.factory.support.DefaultListableBeanFactory - Finished creating instance of bean '(inner bean)#21fd6c6'
[http-bio-80-exec-1] DEBUG org.springframework.beans.factory.support.DefaultListableBeanFactory - Creating instance of bean '(inner bean)#6866e437'
[http-bio-80-exec-1] DEBUG org.springframework.beans.factory.support.DefaultListableBeanFactory - Finished creating instance of bean '(inner bean)#6866e437'
[http-bio-80-exec-1] DEBUG org.springframework.beans.factory.support.DefaultListableBeanFactory - Invoking afterPropertiesSet() on bean with name 'org.springframework.web.servlet.mvc.method.annotation.RequestMappingHandlerAdapter'
[http-bio-80-exec-1] INFO org.springframework.web.servlet.mvc.method.annotation.RequestMappingHandlerAdapter - Looking for @ControllerAdvice: WebApplicationContext for namespace 'springmvc-servlet': startup date [Tue Nov 28 08:35:40 CST 2017]; parent: Root WebApplicationContext
[http-bio-80-exec-1] DEBUG org.springframework.beans.factory.support.DefaultListableBeanFactory - Finished creating instance of bean 'org.springframework.web.servlet.mvc.method.annotation.RequestMappingHandlerAdapter'
[http-bio-80-exec-1] DEBUG org.springframework.beans.factory.support.DefaultListableBeanFactory - Creating shared instance of singleton bean 'mvcUriComponentsContributor'
[http-bio-80-exec-1] DEBUG org.springframework.beans.factory.support.DefaultListableBeanFactory - Creating instance of bean 'mvcUriComponentsContributor'
[http-bio-80-exec-1] DEBUG org.springframework.beans.factory.support.DefaultListableBeanFactory - Eagerly caching bean 'mvcUriComponentsContributor' to allow for resolving potential circular references
[http-bio-80-exec-1] DEBUG org.springframework.beans.factory.support.DefaultListableBeanFactory - Creating instance of bean '(inner bean)#1b2137d2'
[http-bio-80-exec-1] DEBUG org.springframework.beans.factory.support.DefaultListableBeanFactory - Returning cached instance of singleton bean 'mvcContentNegotiationManager'
[http-bio-80-exec-1] DEBUG org.springframework.beans.factory.support.DefaultListableBeanFactory - Creating instance of bean '(inner bean)#2316e701#1'
[http-bio-80-exec-1] DEBUG org.springframework.beans.factory.support.DefaultListableBeanFactory - Returning cached instance of singleton bean 'org.springframework.format.support.FormattingConversionServiceFactoryBean#0'
[http-bio-80-exec-1] DEBUG org.springframework.beans.factory.support.DefaultListableBeanFactory - Returning cached instance of singleton bean 'validator'
[http-bio-80-exec-1] DEBUG org.springframework.beans.factory.support.DefaultListableBeanFactory - Finished creating instance of bean '(inner bean)#2316e701#1'
[http-bio-80-exec-1] DEBUG org.springframework.beans.factory.support.DefaultListableBeanFactory - Creating instance of bean '(inner bean)#5b443547#1'
[http-bio-80-exec-1] DEBUG org.springframework.beans.factory.support.DefaultListableBeanFactory - Finished creating instance of bean '(inner bean)#5b443547#1'
[http-bio-80-exec-1] DEBUG org.springframework.beans.factory.support.DefaultListableBeanFactory - Creating instance of bean '(inner bean)#1c824382#1'
[http-bio-80-exec-1] DEBUG org.springframework.beans.factory.support.DefaultListableBeanFactory - Finished creating instance of bean '(inner bean)#1c824382#1'
[http-bio-80-exec-1] DEBUG org.springframework.beans.factory.support.DefaultListableBeanFactory - Creating instance of bean '(inner bean)#4d1a7f42#1'
[http-bio-80-exec-1] DEBUG org.springframework.beans.factory.support.DefaultListableBeanFactory - Finished creating instance of bean '(inner bean)#4d1a7f42#1'
[http-bio-80-exec-1] DEBUG org.springframework.beans.factory.support.DefaultListableBeanFactory - Creating instance of bean '(inner bean)#57547c49#1'
[http-bio-80-exec-1] DEBUG org.springframework.beans.factory.support.DefaultListableBeanFactory - Finished creating instance of bean '(inner bean)#57547c49#1'
[http-bio-80-exec-1] DEBUG org.springframework.beans.factory.support.DefaultListableBeanFactory - Creating instance of bean '(inner bean)#21fd6c6#1'
[http-bio-80-exec-1] DEBUG org.springframework.beans.factory.support.DefaultListableBeanFactory - Finished creating instance of bean '(inner bean)#21fd6c6#1'
[http-bio-80-exec-1] DEBUG org.springframework.beans.factory.support.DefaultListableBeanFactory - Creating instance of bean '(inner bean)#6866e437#1'
[http-bio-80-exec-1] DEBUG org.springframework.beans.factory.support.DefaultListableBeanFactory - Finished creating instance of bean '(inner bean)#6866e437#1'
[http-bio-80-exec-1] DEBUG org.springframework.beans.factory.support.DefaultListableBeanFactory - Invoking afterPropertiesSet() on bean with name '(inner bean)#1b2137d2'
[http-bio-80-exec-1] INFO org.springframework.web.servlet.mvc.method.annotation.RequestMappingHandlerAdapter - Looking for @ControllerAdvice: WebApplicationContext for namespace 'springmvc-servlet': startup date [Tue Nov 28 08:35:40 CST 2017]; parent: Root WebApplicationContext
[http-bio-80-exec-1] DEBUG org.springframework.beans.factory.support.DefaultListableBeanFactory - Finished creating instance of bean '(inner bean)#1b2137d2'
[http-bio-80-exec-1] DEBUG org.springframework.beans.factory.support.DefaultListableBeanFactory - Returning cached instance of singleton bean 'org.springframework.format.support.FormattingConversionServiceFactoryBean#0'
[http-bio-80-exec-1] DEBUG org.springframework.beans.factory.support.DefaultListableBeanFactory - Invoking afterPropertiesSet() on bean with name 'mvcUriComponentsContributor'
[http-bio-80-exec-1] DEBUG org.springframework.beans.factory.support.DefaultListableBeanFactory - Finished creating instance of bean 'mvcUriComponentsContributor'
[http-bio-80-exec-1] DEBUG org.springframework.beans.factory.support.DefaultListableBeanFactory - Returning cached instance of singleton bean 'org.springframework.web.servlet.handler.MappedInterceptor#0'
[http-bio-80-exec-1] DEBUG org.springframework.beans.factory.support.DefaultListableBeanFactory - Creating shared instance of singleton bean 'org.springframework.web.servlet.mvc.method.annotation.ExceptionHandlerExceptionResolver#0'
[http-bio-80-exec-1] DEBUG org.springframework.beans.factory.support.DefaultListableBeanFactory - Creating instance of bean 'org.springframework.web.servlet.mvc.method.annotation.ExceptionHandlerExceptionResolver#0'
[http-bio-80-exec-1] DEBUG org.springframework.beans.factory.support.DefaultListableBeanFactory - Eagerly caching bean 'org.springframework.web.servlet.mvc.method.annotation.ExceptionHandlerExceptionResolver#0' to allow for resolving potential circular references
[http-bio-80-exec-1] DEBUG org.springframework.beans.factory.support.DefaultListableBeanFactory - Returning cached instance of singleton bean 'mvcContentNegotiationManager'
[http-bio-80-exec-1] DEBUG org.springframework.beans.factory.support.DefaultListableBeanFactory - Creating instance of bean '(inner bean)#5b443547#2'
[http-bio-80-exec-1] DEBUG org.springframework.beans.factory.support.DefaultListableBeanFactory - Finished creating instance of bean '(inner bean)#5b443547#2'
[http-bio-80-exec-1] DEBUG org.springframework.beans.factory.support.DefaultListableBeanFactory - Creating instance of bean '(inner bean)#1c824382#2'
[http-bio-80-exec-1] DEBUG org.springframework.beans.factory.support.DefaultListableBeanFactory - Finished creating instance of bean '(inner bean)#1c824382#2'
[http-bio-80-exec-1] DEBUG org.springframework.beans.factory.support.DefaultListableBeanFactory - Creating instance of bean '(inner bean)#4d1a7f42#2'
[http-bio-80-exec-1] DEBUG org.springframework.beans.factory.support.DefaultListableBeanFactory - Finished creating instance of bean '(inner bean)#4d1a7f42#2'
[http-bio-80-exec-1] DEBUG org.springframework.beans.factory.support.DefaultListableBeanFactory - Creating instance of bean '(inner bean)#57547c49#2'
[http-bio-80-exec-1] DEBUG org.springframework.beans.factory.support.DefaultListableBeanFactory - Finished creating instance of bean '(inner bean)#57547c49#2'
[http-bio-80-exec-1] DEBUG org.springframework.beans.factory.support.DefaultListableBeanFactory - Creating instance of bean '(inner bean)#21fd6c6#2'
[http-bio-80-exec-1] DEBUG org.springframework.beans.factory.support.DefaultListableBeanFactory - Finished creating instance of bean '(inner bean)#21fd6c6#2'
[http-bio-80-exec-1] DEBUG org.springframework.beans.factory.support.DefaultListableBeanFactory - Creating instance of bean '(inner bean)#6866e437#2'
[http-bio-80-exec-1] DEBUG org.springframework.beans.factory.support.DefaultListableBeanFactory - Finished creating instance of bean '(inner bean)#6866e437#2'
[http-bio-80-exec-1] DEBUG org.springframework.beans.factory.support.DefaultListableBeanFactory - Invoking afterPropertiesSet() on bean with name 'org.springframework.web.servlet.mvc.method.annotation.ExceptionHandlerExceptionResolver#0'
[http-bio-80-exec-1] DEBUG org.springframework.web.servlet.mvc.method.annotation.ExceptionHandlerExceptionResolver - Looking for exception mappings: WebApplicationContext for namespace 'springmvc-servlet': startup date [Tue Nov 28 08:35:40 CST 2017]; parent: Root WebApplicationContext
[http-bio-80-exec-1] DEBUG org.springframework.beans.factory.support.DefaultListableBeanFactory - Finished creating instance of bean 'org.springframework.web.servlet.mvc.method.annotation.ExceptionHandlerExceptionResolver#0'
[http-bio-80-exec-1] DEBUG org.springframework.beans.factory.support.DefaultListableBeanFactory - Creating shared instance of singleton bean 'org.springframework.web.servlet.mvc.annotation.ResponseStatusExceptionResolver#0'
[http-bio-80-exec-1] DEBUG org.springframework.beans.factory.support.DefaultListableBeanFactory - Creating instance of bean 'org.springframework.web.servlet.mvc.annotation.ResponseStatusExceptionResolver#0'
[http-bio-80-exec-1] DEBUG org.springframework.beans.factory.support.DefaultListableBeanFactory - Eagerly caching bean 'org.springframework.web.servlet.mvc.annotation.ResponseStatusExceptionResolver#0' to allow for resolving potential circular references
[http-bio-80-exec-1] DEBUG org.springframework.beans.factory.support.DefaultListableBeanFactory - Finished creating instance of bean 'org.springframework.web.servlet.mvc.annotation.ResponseStatusExceptionResolver#0'
[http-bio-80-exec-1] DEBUG org.springframework.beans.factory.support.DefaultListableBeanFactory - Creating shared instance of singleton bean 'org.springframework.web.servlet.mvc.support.DefaultHandlerExceptionResolver#0'
[http-bio-80-exec-1] DEBUG org.springframework.beans.factory.support.DefaultListableBeanFactory - Creating instance of bean 'org.springframework.web.servlet.mvc.support.DefaultHandlerExceptionResolver#0'
[http-bio-80-exec-1] DEBUG org.springframework.beans.factory.support.DefaultListableBeanFactory - Eagerly caching bean 'org.springframework.web.servlet.mvc.support.DefaultHandlerExceptionResolver#0' to allow for resolving potential circular references
[http-bio-80-exec-1] DEBUG org.springframework.beans.factory.support.DefaultListableBeanFactory - Finished creating instance of bean 'org.springframework.web.servlet.mvc.support.DefaultHandlerExceptionResolver#0'
[http-bio-80-exec-1] DEBUG org.springframework.beans.factory.support.DefaultListableBeanFactory - Creating shared instance of singleton bean 'org.springframework.web.servlet.handler.BeanNameUrlHandlerMapping'
[http-bio-80-exec-1] DEBUG org.springframework.beans.factory.support.DefaultListableBeanFactory - Creating instance of bean 'org.springframework.web.servlet.handler.BeanNameUrlHandlerMapping'
[http-bio-80-exec-1] DEBUG org.springframework.beans.factory.support.DefaultListableBeanFactory - Eagerly caching bean 'org.springframework.web.servlet.handler.BeanNameUrlHandlerMapping' to allow for resolving potential circular references
[http-bio-80-exec-1] DEBUG org.springframework.beans.factory.support.DefaultListableBeanFactory - Returning cached instance of singleton bean 'mvcCorsConfigurations'
[http-bio-80-exec-1] DEBUG org.springframework.beans.factory.support.DefaultListableBeanFactory - Returning cached instance of singleton bean 'org.springframework.web.servlet.handler.MappedInterceptor#0'
[http-bio-80-exec-1] DEBUG org.springframework.beans.factory.support.DefaultListableBeanFactory - Returning cached instance of singleton bean 'org.springframework.web.servlet.handler.MappedInterceptor#1'
[http-bio-80-exec-1] DEBUG org.springframework.beans.factory.support.DefaultListableBeanFactory - Returning cached instance of singleton bean 'org.springframework.web.servlet.handler.MappedInterceptor#0'
[http-bio-80-exec-1] DEBUG org.springframework.beans.factory.support.DefaultListableBeanFactory - Returning cached instance of singleton bean 'org.springframework.web.servlet.handler.MappedInterceptor#1'
[http-bio-80-exec-1] DEBUG org.springframework.web.servlet.handler.BeanNameUrlHandlerMapping - Looking for URL mappings in application context: WebApplicationContext for namespace 'springmvc-servlet': startup date [Tue Nov 28 08:35:40 CST 2017]; parent: Root WebApplicationContext
[http-bio-80-exec-1] DEBUG org.springframework.web.servlet.handler.BeanNameUrlHandlerMapping - Rejected bean name 'org.springframework.context.support.PropertySourcesPlaceholderConfigurer#0': no URL paths identified
[http-bio-80-exec-1] DEBUG org.springframework.web.servlet.handler.BeanNameUrlHandlerMapping - Rejected bean name 'dataSource': no URL paths identified
[http-bio-80-exec-1] DEBUG org.springframework.web.servlet.handler.BeanNameUrlHandlerMapping - Rejected bean name 'sqlSessionFactory': no URL paths identified
[http-bio-80-exec-1] DEBUG org.springframework.web.servlet.handler.BeanNameUrlHandlerMapping - Rejected bean name 'org.mybatis.spring.mapper.MapperScannerConfigurer#0': no URL paths identified
[http-bio-80-exec-1] DEBUG org.springframework.web.servlet.handler.BeanNameUrlHandlerMapping - Rejected bean name 'IUserService': no URL paths identified
[http-bio-80-exec-1] DEBUG org.springframework.web.servlet.handler.BeanNameUrlHandlerMapping - Rejected bean name 'statisticsServiceImpl': no URL paths identified
[http-bio-80-exec-1] DEBUG org.springframework.web.servlet.handler.BeanNameUrlHandlerMapping - Rejected bean name 'testParperServiceImpl': no URL paths identified
[http-bio-80-exec-1] DEBUG org.springframework.web.servlet.handler.BeanNameUrlHandlerMapping - Rejected bean name 'testQuestionsServiceImpl': no URL paths identified
[http-bio-80-exec-1] DEBUG org.springframework.web.servlet.handler.BeanNameUrlHandlerMapping - Rejected bean name 'org.springframework.context.annotation.internalConfigurationAnnotationProcessor': no URL paths identified
[http-bio-80-exec-1] DEBUG org.springframework.web.servlet.handler.BeanNameUrlHandlerMapping - Rejected bean name 'org.springframework.context.annotation.internalAutowiredAnnotationProcessor': no URL paths identified
[http-bio-80-exec-1] DEBUG org.springframework.web.servlet.handler.BeanNameUrlHandlerMapping - Rejected bean name 'org.springframework.context.annotation.internalRequiredAnnotationProcessor': no URL paths identified
[http-bio-80-exec-1] DEBUG org.springframework.web.servlet.handler.BeanNameUrlHandlerMapping - Rejected bean name 'org.springframework.context.annotation.internalCommonAnnotationProcessor': no URL paths identified
[http-bio-80-exec-1] DEBUG org.springframework.web.servlet.handler.BeanNameUrlHandlerMapping - Rejected bean name 'org.springframework.context.event.internalEventListenerProcessor': no URL paths identified
[http-bio-80-exec-1] DEBUG org.springframework.web.servlet.handler.BeanNameUrlHandlerMapping - Rejected bean name 'org.springframework.context.event.internalEventListenerFactory': no URL paths identified
[http-bio-80-exec-1] DEBUG org.springframework.web.servlet.handler.BeanNameUrlHandlerMapping - Rejected bean name 'transactionManager': no URL paths identified
[http-bio-80-exec-1] DEBUG org.springframework.web.servlet.handler.BeanNameUrlHandlerMapping - Rejected bean name 'txAdvice': no URL paths identified
[http-bio-80-exec-1] DEBUG org.springframework.web.servlet.handler.BeanNameUrlHandlerMapping - Rejected bean name 'org.springframework.context.annotation.internalAsyncAnnotationProcessor': no URL paths identified
[http-bio-80-exec-1] DEBUG org.springframework.web.servlet.handler.BeanNameUrlHandlerMapping - Rejected bean name 'org.springframework.context.annotation.internalScheduledAnnotationProcessor': no URL paths identified
[http-bio-80-exec-1] DEBUG org.springframework.web.servlet.handler.BeanNameUrlHandlerMapping - Rejected bean name 'qbScheduler': no URL paths identified
[http-bio-80-exec-1] DEBUG org.springframework.web.servlet.handler.BeanNameUrlHandlerMapping - Rejected bean name 'statisticsController': no URL paths identified
[http-bio-80-exec-1] DEBUG org.springframework.web.servlet.handler.BeanNameUrlHandlerMapping - Rejected bean name 'testPaperController': no URL paths identified
[http-bio-80-exec-1] DEBUG org.springframework.web.servlet.handler.BeanNameUrlHandlerMapping - Rejected bean name 'testQuestionsController': no URL paths identified
[http-bio-80-exec-1] DEBUG org.springframework.web.servlet.handler.BeanNameUrlHandlerMapping - Rejected bean name 'testTask': no URL paths identified
[http-bio-80-exec-1] DEBUG org.springframework.web.servlet.handler.BeanNameUrlHandlerMapping - Rejected bean name 'usersController': no URL paths identified
[http-bio-80-exec-1] DEBUG org.springframework.web.servlet.handler.BeanNameUrlHandlerMapping - Rejected bean name 'wordController': no URL paths identified
[http-bio-80-exec-1] DEBUG org.springframework.web.servlet.handler.BeanNameUrlHandlerMapping - Rejected bean name 'mvcContentNegotiationManager': no URL paths identified
[http-bio-80-exec-1] DEBUG org.springframework.web.servlet.handler.BeanNameUrlHandlerMapping - Rejected bean name 'org.springframework.web.servlet.mvc.method.annotation.RequestMappingHandlerMapping': no URL paths identified
[http-bio-80-exec-1] DEBUG org.springframework.web.servlet.handler.BeanNameUrlHandlerMapping - Rejected bean name 'mvcCorsConfigurations': no URL paths identified
[http-bio-80-exec-1] DEBUG org.springframework.web.servlet.handler.BeanNameUrlHandlerMapping - Rejected bean name 'org.springframework.format.support.FormattingConversionServiceFactoryBean#0': no URL paths identified
[http-bio-80-exec-1] DEBUG org.springframework.web.servlet.handler.BeanNameUrlHandlerMapping - Rejected bean name 'org.springframework.web.servlet.mvc.method.annotation.RequestMappingHandlerAdapter': no URL paths identified
[http-bio-80-exec-1] DEBUG org.springframework.web.servlet.handler.BeanNameUrlHandlerMapping - Rejected bean name 'mvcUriComponentsContributor': no URL paths identified
[http-bio-80-exec-1] DEBUG org.springframework.web.servlet.handler.BeanNameUrlHandlerMapping - Rejected bean name 'org.springframework.web.servlet.handler.MappedInterceptor#0': no URL paths identified
[http-bio-80-exec-1] DEBUG org.springframework.web.servlet.handler.BeanNameUrlHandlerMapping - Rejected bean name 'org.springframework.web.servlet.mvc.method.annotation.ExceptionHandlerExceptionResolver#0': no URL paths identified
[http-bio-80-exec-1] DEBUG org.springframework.web.servlet.handler.BeanNameUrlHandlerMapping - Rejected bean name 'org.springframework.web.servlet.mvc.annotation.ResponseStatusExceptionResolver#0': no URL paths identified
[http-bio-80-exec-1] DEBUG org.springframework.web.servlet.handler.BeanNameUrlHandlerMapping - Rejected bean name 'org.springframework.web.servlet.mvc.support.DefaultHandlerExceptionResolver#0': no URL paths identified
[http-bio-80-exec-1] DEBUG org.springframework.web.servlet.handler.BeanNameUrlHandlerMapping - Rejected bean name 'org.springframework.web.servlet.handler.BeanNameUrlHandlerMapping': no URL paths identified
[http-bio-80-exec-1] DEBUG org.springframework.web.servlet.handler.BeanNameUrlHandlerMapping - Rejected bean name 'org.springframework.web.servlet.mvc.HttpRequestHandlerAdapter': no URL paths identified
[http-bio-80-exec-1] DEBUG org.springframework.web.servlet.handler.BeanNameUrlHandlerMapping - Rejected bean name 'org.springframework.web.servlet.mvc.SimpleControllerHandlerAdapter': no URL paths identified
[http-bio-80-exec-1] DEBUG org.springframework.web.servlet.handler.BeanNameUrlHandlerMapping - Rejected bean name 'org.springframework.web.servlet.view.InternalResourceViewResolver#0': no URL paths identified
[http-bio-80-exec-1] DEBUG org.springframework.web.servlet.handler.BeanNameUrlHandlerMapping - Rejected bean name 'validator': no URL paths identified
[http-bio-80-exec-1] DEBUG org.springframework.web.servlet.handler.BeanNameUrlHandlerMapping - Rejected bean name 'messageSource': no URL paths identified
[http-bio-80-exec-1] DEBUG org.springframework.web.servlet.handler.BeanNameUrlHandlerMapping - Rejected bean name 'cn.test.email.exception.CustomExceptionResolver#0': no URL paths identified
[http-bio-80-exec-1] DEBUG org.springframework.web.servlet.handler.BeanNameUrlHandlerMapping - Rejected bean name 'org.springframework.web.servlet.handler.MappedInterceptor#1': no URL paths identified
[http-bio-80-exec-1] DEBUG org.springframework.web.servlet.handler.BeanNameUrlHandlerMapping - Rejected bean name 'statisticsMapper': no URL paths identified
[http-bio-80-exec-1] DEBUG org.springframework.web.servlet.handler.BeanNameUrlHandlerMapping - Rejected bean name 'testParperMapper': no URL paths identified
[http-bio-80-exec-1] DEBUG org.springframework.web.servlet.handler.BeanNameUrlHandlerMapping - Rejected bean name 'TExamQuestionMapper': no URL paths identified
[http-bio-80-exec-1] DEBUG org.springframework.web.servlet.handler.BeanNameUrlHandlerMapping - Rejected bean name 'usersMapper': no URL paths identified
[http-bio-80-exec-1] DEBUG org.springframework.web.servlet.handler.BeanNameUrlHandlerMapping - Rejected bean name 'environment': no URL paths identified
[http-bio-80-exec-1] DEBUG org.springframework.web.servlet.handler.BeanNameUrlHandlerMapping - Rejected bean name 'systemProperties': no URL paths identified
[http-bio-80-exec-1] DEBUG org.springframework.web.servlet.handler.BeanNameUrlHandlerMapping - Rejected bean name 'systemEnvironment': no URL paths identified
[http-bio-80-exec-1] DEBUG org.springframework.web.servlet.handler.BeanNameUrlHandlerMapping - Rejected bean name 'servletConfig': no URL paths identified
[http-bio-80-exec-1] DEBUG org.springframework.web.servlet.handler.BeanNameUrlHandlerMapping - Rejected bean name 'org.springframework.context.annotation.ConfigurationClassPostProcessor.importRegistry': no URL paths identified
[http-bio-80-exec-1] DEBUG org.springframework.web.servlet.handler.BeanNameUrlHandlerMapping - Rejected bean name 'applicationEventMulticaster': no URL paths identified
[http-bio-80-exec-1] DEBUG org.springframework.beans.factory.support.DefaultListableBeanFactory - Finished creating instance of bean 'org.springframework.web.servlet.handler.BeanNameUrlHandlerMapping'
[http-bio-80-exec-1] DEBUG org.springframework.beans.factory.support.DefaultListableBeanFactory - Creating shared instance of singleton bean 'org.springframework.web.servlet.mvc.HttpRequestHandlerAdapter'
[http-bio-80-exec-1] DEBUG org.springframework.beans.factory.support.DefaultListableBeanFactory - Creating instance of bean 'org.springframework.web.servlet.mvc.HttpRequestHandlerAdapter'
[http-bio-80-exec-1] DEBUG org.springframework.beans.factory.support.DefaultListableBeanFactory - Eagerly caching bean 'org.springframework.web.servlet.mvc.HttpRequestHandlerAdapter' to allow for resolving potential circular references
[http-bio-80-exec-1] DEBUG org.springframework.beans.factory.support.DefaultListableBeanFactory - Finished creating instance of bean 'org.springframework.web.servlet.mvc.HttpRequestHandlerAdapter'
[http-bio-80-exec-1] DEBUG org.springframework.beans.factory.support.DefaultListableBeanFactory - Creating shared instance of singleton bean 'org.springframework.web.servlet.mvc.SimpleControllerHandlerAdapter'
[http-bio-80-exec-1] DEBUG org.springframework.beans.factory.support.DefaultListableBeanFactory - Creating instance of bean 'org.springframework.web.servlet.mvc.SimpleControllerHandlerAdapter'
[http-bio-80-exec-1] DEBUG org.springframework.beans.factory.support.DefaultListableBeanFactory - Eagerly caching bean 'org.springframework.web.servlet.mvc.SimpleControllerHandlerAdapter' to allow for resolving potential circular references
[http-bio-80-exec-1] DEBUG org.springframework.beans.factory.support.DefaultListableBeanFactory - Finished creating instance of bean 'org.springframework.web.servlet.mvc.SimpleControllerHandlerAdapter'
[http-bio-80-exec-1] DEBUG org.springframework.beans.factory.support.DefaultListableBeanFactory - Creating shared instance of singleton bean 'org.springframework.web.servlet.view.InternalResourceViewResolver#0'
[http-bio-80-exec-1] DEBUG org.springframework.beans.factory.support.DefaultListableBeanFactory - Creating instance of bean 'org.springframework.web.servlet.view.InternalResourceViewResolver#0'
[http-bio-80-exec-1] DEBUG org.springframework.beans.factory.support.DefaultListableBeanFactory - Eagerly caching bean 'org.springframework.web.servlet.view.InternalResourceViewResolver#0' to allow for resolving potential circular references
[http-bio-80-exec-1] DEBUG org.springframework.beans.factory.support.DefaultListableBeanFactory - Finished creating instance of bean 'org.springframework.web.servlet.view.InternalResourceViewResolver#0'
[http-bio-80-exec-1] DEBUG org.springframework.beans.factory.support.DefaultListableBeanFactory - Returning cached instance of singleton bean 'validator'
[http-bio-80-exec-1] DEBUG org.springframework.beans.factory.support.DefaultListableBeanFactory - Returning cached instance of singleton bean 'messageSource'
[http-bio-80-exec-1] DEBUG org.springframework.beans.factory.support.DefaultListableBeanFactory - Creating shared instance of singleton bean 'cn.test.email.exception.CustomExceptionResolver#0'
[http-bio-80-exec-1] DEBUG org.springframework.beans.factory.support.DefaultListableBeanFactory - Creating instance of bean 'cn.test.email.exception.CustomExceptionResolver#0'
[http-bio-80-exec-1] DEBUG org.springframework.beans.factory.support.DefaultListableBeanFactory - Eagerly caching bean 'cn.test.email.exception.CustomExceptionResolver#0' to allow for resolving potential circular references
[http-bio-80-exec-1] DEBUG org.springframework.beans.factory.support.DefaultListableBeanFactory - Finished creating instance of bean 'cn.test.email.exception.CustomExceptionResolver#0'
[http-bio-80-exec-1] DEBUG org.springframework.beans.factory.support.DefaultListableBeanFactory - Returning cached instance of singleton bean 'org.springframework.web.servlet.handler.MappedInterceptor#1'
[http-bio-80-exec-1] DEBUG org.springframework.beans.factory.support.DefaultListableBeanFactory - Returning cached instance of singleton bean 'statisticsMapper'
[http-bio-80-exec-1] DEBUG org.springframework.beans.factory.support.DefaultListableBeanFactory - Returning cached instance of singleton bean 'testParperMapper'
[http-bio-80-exec-1] DEBUG org.springframework.beans.factory.support.DefaultListableBeanFactory - Returning cached instance of singleton bean 'TExamQuestionMapper'
[http-bio-80-exec-1] DEBUG org.springframework.beans.factory.support.DefaultListableBeanFactory - Returning cached instance of singleton bean 'usersMapper'
[http-bio-80-exec-1] DEBUG org.springframework.beans.factory.support.DefaultListableBeanFactory - Returning cached instance of singleton bean 'org.springframework.context.event.internalEventListenerFactory'
[http-bio-80-exec-1] DEBUG org.springframework.web.context.support.XmlWebApplicationContext - Unable to locate LifecycleProcessor with name 'lifecycleProcessor': using default [org.springframework.context.support.DefaultLifecycleProcessor@1a4a2d5]
[http-bio-80-exec-1] DEBUG org.springframework.beans.factory.support.DefaultListableBeanFactory - Returning cached instance of singleton bean 'lifecycleProcessor'
[http-bio-80-exec-1] DEBUG org.springframework.beans.factory.support.DefaultListableBeanFactory - Returning cached instance of singleton bean 'sqlSessionFactory'
[http-bio-80-exec-1] DEBUG org.springframework.beans.factory.support.DefaultListableBeanFactory - Returning cached instance of singleton bean 'org.springframework.context.annotation.internalScheduledAnnotationProcessor'
[http-bio-80-exec-1] DEBUG org.springframework.web.servlet.DispatcherServlet - Unable to locate MultipartResolver with name 'multipartResolver': no multipart request handling provided
[http-bio-80-exec-1] DEBUG org.springframework.beans.factory.support.DefaultListableBeanFactory - Creating instance of bean 'org.springframework.web.servlet.i18n.AcceptHeaderLocaleResolver'
[http-bio-80-exec-1] DEBUG org.springframework.beans.factory.support.DefaultListableBeanFactory - Finished creating instance of bean 'org.springframework.web.servlet.i18n.AcceptHeaderLocaleResolver'
[http-bio-80-exec-1] DEBUG org.springframework.web.servlet.DispatcherServlet - Unable to locate LocaleResolver with name 'localeResolver': using default [org.springframework.web.servlet.i18n.AcceptHeaderLocaleResolver@1123af66]
[http-bio-80-exec-1] DEBUG org.springframework.beans.factory.support.DefaultListableBeanFactory - Creating instance of bean 'org.springframework.web.servlet.theme.FixedThemeResolver'
[http-bio-80-exec-1] DEBUG org.springframework.beans.factory.support.DefaultListableBeanFactory - Finished creating instance of bean 'org.springframework.web.servlet.theme.FixedThemeResolver'
[http-bio-80-exec-1] DEBUG org.springframework.web.servlet.DispatcherServlet - Unable to locate ThemeResolver with name 'themeResolver': using default [org.springframework.web.servlet.theme.FixedThemeResolver@38347fba]
[http-bio-80-exec-1] DEBUG org.springframework.beans.factory.support.DefaultListableBeanFactory - Returning cached instance of singleton bean 'org.springframework.web.servlet.mvc.method.annotation.RequestMappingHandlerMapping'
[http-bio-80-exec-1] DEBUG org.springframework.beans.factory.support.DefaultListableBeanFactory - Returning cached instance of singleton bean 'org.springframework.web.servlet.handler.BeanNameUrlHandlerMapping'
[http-bio-80-exec-1] DEBUG org.springframework.beans.factory.support.DefaultListableBeanFactory - Returning cached instance of singleton bean 'org.springframework.web.servlet.mvc.method.annotation.RequestMappingHandlerMapping'
[http-bio-80-exec-1] DEBUG org.springframework.beans.factory.support.DefaultListableBeanFactory - Returning cached instance of singleton bean 'org.springframework.web.servlet.handler.BeanNameUrlHandlerMapping'
[http-bio-80-exec-1] DEBUG org.springframework.beans.factory.support.DefaultListableBeanFactory - Returning cached instance of singleton bean 'org.springframework.web.servlet.mvc.method.annotation.RequestMappingHandlerAdapter'
[http-bio-80-exec-1] DEBUG org.springframework.beans.factory.support.DefaultListableBeanFactory - Returning cached instance of singleton bean 'org.springframework.web.servlet.mvc.HttpRequestHandlerAdapter'
[http-bio-80-exec-1] DEBUG org.springframework.beans.factory.support.DefaultListableBeanFactory - Returning cached instance of singleton bean 'org.springframework.web.servlet.mvc.SimpleControllerHandlerAdapter'
[http-bio-80-exec-1] DEBUG org.springframework.beans.factory.support.DefaultListableBeanFactory - Returning cached instance of singleton bean 'org.springframework.web.servlet.mvc.method.annotation.RequestMappingHandlerAdapter'
[http-bio-80-exec-1] DEBUG org.springframework.beans.factory.support.DefaultListableBeanFactory - Returning cached instance of singleton bean 'org.springframework.web.servlet.mvc.HttpRequestHandlerAdapter'
[http-bio-80-exec-1] DEBUG org.springframework.beans.factory.support.DefaultListableBeanFactory - Returning cached instance of singleton bean 'org.springframework.web.servlet.mvc.SimpleControllerHandlerAdapter'
[http-bio-80-exec-1] DEBUG org.springframework.beans.factory.support.DefaultListableBeanFactory - Returning cached instance of singleton bean 'org.springframework.web.servlet.mvc.method.annotation.ExceptionHandlerExceptionResolver#0'
[http-bio-80-exec-1] DEBUG org.springframework.beans.factory.support.DefaultListableBeanFactory - Returning cached instance of singleton bean 'org.springframework.web.servlet.mvc.annotation.ResponseStatusExceptionResolver#0'
[http-bio-80-exec-1] DEBUG org.springframework.beans.factory.support.DefaultListableBeanFactory - Returning cached instance of singleton bean 'org.springframework.web.servlet.mvc.support.DefaultHandlerExceptionResolver#0'
[http-bio-80-exec-1] DEBUG org.springframework.beans.factory.support.DefaultListableBeanFactory - Returning cached instance of singleton bean 'cn.test.email.exception.CustomExceptionResolver#0'
[http-bio-80-exec-1] DEBUG org.springframework.beans.factory.support.DefaultListableBeanFactory - Returning cached instance of singleton bean 'org.springframework.web.servlet.mvc.method.annotation.ExceptionHandlerExceptionResolver#0'
[http-bio-80-exec-1] DEBUG org.springframework.beans.factory.support.DefaultListableBeanFactory - Returning cached instance of singleton bean 'org.springframework.web.servlet.mvc.annotation.ResponseStatusExceptionResolver#0'
[http-bio-80-exec-1] DEBUG org.springframework.beans.factory.support.DefaultListableBeanFactory - Returning cached instance of singleton bean 'org.springframework.web.servlet.mvc.support.DefaultHandlerExceptionResolver#0'
[http-bio-80-exec-1] DEBUG org.springframework.beans.factory.support.DefaultListableBeanFactory - Returning cached instance of singleton bean 'cn.test.email.exception.CustomExceptionResolver#0'
[http-bio-80-exec-1] DEBUG org.springframework.beans.factory.support.DefaultListableBeanFactory - Creating instance of bean 'org.springframework.web.servlet.view.DefaultRequestToViewNameTranslator'
[http-bio-80-exec-1] DEBUG org.springframework.beans.factory.support.DefaultListableBeanFactory - Finished creating instance of bean 'org.springframework.web.servlet.view.DefaultRequestToViewNameTranslator'
[http-bio-80-exec-1] DEBUG org.springframework.web.servlet.DispatcherServlet - Unable to locate RequestToViewNameTranslator with name 'viewNameTranslator': using default [org.springframework.web.servlet.view.DefaultRequestToViewNameTranslator@386a47c3]
[http-bio-80-exec-1] DEBUG org.springframework.beans.factory.support.DefaultListableBeanFactory - Returning cached instance of singleton bean 'org.springframework.web.servlet.view.InternalResourceViewResolver#0'
[http-bio-80-exec-1] DEBUG org.springframework.beans.factory.support.DefaultListableBeanFactory - Returning cached instance of singleton bean 'org.springframework.web.servlet.view.InternalResourceViewResolver#0'
[http-bio-80-exec-1] DEBUG org.springframework.beans.factory.support.DefaultListableBeanFactory - Creating instance of bean 'org.springframework.web.servlet.support.SessionFlashMapManager'
[http-bio-80-exec-1] DEBUG org.springframework.beans.factory.support.DefaultListableBeanFactory - Finished creating instance of bean 'org.springframework.web.servlet.support.SessionFlashMapManager'
[http-bio-80-exec-1] DEBUG org.springframework.web.servlet.DispatcherServlet - Unable to locate FlashMapManager with name 'flashMapManager': using default [org.springframework.web.servlet.support.SessionFlashMapManager@3285be9c]
[http-bio-80-exec-1] DEBUG org.springframework.jndi.JndiTemplate - Looking up JNDI object with name [java:comp/env/spring.liveBeansView.mbeanDomain]
[http-bio-80-exec-1] DEBUG org.springframework.jndi.JndiLocatorDelegate - Converted JNDI name [java:comp/env/spring.liveBeansView.mbeanDomain] not found - trying original name [spring.liveBeansView.mbeanDomain]. javax.naming.NameNotFoundException: Name [spring.liveBeansView.mbeanDomain] is not bound in this Context. Unable to find [spring.liveBeansView.mbeanDomain].
[http-bio-80-exec-1] DEBUG org.springframework.jndi.JndiTemplate - Looking up JNDI object with name [spring.liveBeansView.mbeanDomain]
[http-bio-80-exec-1] DEBUG org.springframework.jndi.JndiPropertySource - JNDI lookup for name [spring.liveBeansView.mbeanDomain] threw NamingException with message: Name [spring.liveBeansView.mbeanDomain] is not bound in this Context. Unable to find [spring.liveBeansView.mbeanDomain].. Returning null.
[http-bio-80-exec-1] DEBUG org.springframework.core.env.PropertySourcesPropertyResolver - Could not find key 'spring.liveBeansView.mbeanDomain' in any property source
[http-bio-80-exec-1] DEBUG org.springframework.web.servlet.DispatcherServlet - Published WebApplicationContext of servlet 'springmvc' as ServletContext attribute with name [org.springframework.web.servlet.FrameworkServlet.CONTEXT.springmvc]
[http-bio-80-exec-1] INFO org.springframework.web.servlet.DispatcherServlet - FrameworkServlet 'springmvc': initialization completed in 1934 ms
[http-bio-80-exec-1] DEBUG org.springframework.web.servlet.DispatcherServlet - Servlet 'springmvc' configured successfully
[http-bio-80-exec-1] DEBUG org.springframework.web.servlet.DispatcherServlet - DispatcherServlet with name 'springmvc' processing GET request for [/user/login.do]
[http-bio-80-exec-2] DEBUG org.springframework.web.servlet.DispatcherServlet - DispatcherServlet with name 'springmvc' processing GET request for [/user/login.do]
[http-bio-80-exec-1] DEBUG org.springframework.web.servlet.mvc.method.annotation.RequestMappingHandlerMapping - Looking up handler method for path /user/login.do
[http-bio-80-exec-2] DEBUG org.springframework.web.servlet.mvc.method.annotation.RequestMappingHandlerMapping - Looking up handler method for path /user/login.do
[http-bio-80-exec-1] DEBUG org.springframework.web.servlet.mvc.method.annotation.RequestMappingHandlerMapping - Returning handler method [public java.lang.String cn.test.email.controller.UsersController.login()]
[http-bio-80-exec-1] DEBUG org.springframework.beans.factory.support.DefaultListableBeanFactory - Returning cached instance of singleton bean 'usersController'
[http-bio-80-exec-1] DEBUG org.springframework.web.servlet.DispatcherServlet - Last-Modified value for [/user/login.do] is: -1
[http-bio-80-exec-2] DEBUG org.springframework.web.servlet.mvc.method.annotation.RequestMappingHandlerMapping - Returning handler method [public java.lang.String cn.test.email.controller.UsersController.login()]
[http-bio-80-exec-2] DEBUG org.springframework.beans.factory.support.DefaultListableBeanFactory - Returning cached instance of singleton bean 'usersController'
[http-bio-80-exec-2] DEBUG org.springframework.web.servlet.DispatcherServlet - Last-Modified value for [/user/login.do] is: -1
[http-bio-80-exec-1] DEBUG org.springframework.beans.factory.support.DefaultListableBeanFactory - Invoking afterPropertiesSet() on bean with name 'login'
[http-bio-80-exec-2] DEBUG org.springframework.web.servlet.DispatcherServlet - Rendering view [org.springframework.web.servlet.view.JstlView: name 'login'; URL [/WEB-INF/login.jsp]] in DispatcherServlet with name 'springmvc'
[http-bio-80-exec-1] DEBUG org.springframework.web.servlet.DispatcherServlet - Rendering view [org.springframework.web.servlet.view.JstlView: name 'login'; URL [/WEB-INF/login.jsp]] in DispatcherServlet with name 'springmvc'
[http-bio-80-exec-1] DEBUG org.springframework.web.servlet.view.JstlView - Forwarding to resource [/WEB-INF/login.jsp] in InternalResourceView 'login'
[http-bio-80-exec-2] DEBUG org.springframework.web.servlet.view.JstlView - Forwarding to resource [/WEB-INF/login.jsp] in InternalResourceView 'login'
[http-bio-80-exec-1] DEBUG org.springframework.web.servlet.DispatcherServlet - Successfully completed request
[http-bio-80-exec-1] DEBUG org.springframework.beans.factory.support.DefaultListableBeanFactory - Returning cached instance of singleton bean 'sqlSessionFactory'
[http-bio-80-exec-1] DEBUG org.springframework.beans.factory.support.DefaultListableBeanFactory - Returning cached instance of singleton bean 'sqlSessionFactory'
[http-bio-80-exec-2] DEBUG org.springframework.web.servlet.DispatcherServlet - Successfully completed request
[http-bio-80-exec-8] DEBUG org.springframework.web.servlet.DispatcherServlet - DispatcherServlet with name 'springmvc' processing POST request for [/user/dologin.do]
[http-bio-80-exec-8] DEBUG org.springframework.web.servlet.mvc.method.annotation.RequestMappingHandlerMapping - Looking up handler method for path /user/dologin.do
[http-bio-80-exec-8] DEBUG org.springframework.web.servlet.mvc.method.annotation.RequestMappingHandlerMapping - Returning handler method [public java.lang.String cn.test.email.controller.UsersController.doLogin(cn.test.email.model.Users,javax.servlet.http.HttpSession,javax.servlet.http.HttpServletRequest) throws java.lang.Exception]
[http-bio-80-exec-8] DEBUG org.springframework.beans.factory.support.DefaultListableBeanFactory - Returning cached instance of singleton bean 'usersController'
[http-bio-80-exec-8] DEBUG org.springframework.web.cors.DefaultCorsProcessor - Skip CORS processing: request is from same origin
[http-bio-80-exec-8] DEBUG org.springframework.web.servlet.mvc.method.annotation.ExceptionHandlerExceptionResolver - Resolving exception from handler [public java.lang.String cn.test.email.controller.UsersController.doLogin(cn.test.email.model.Users,javax.servlet.http.HttpSession,javax.servlet.http.HttpServletRequest) throws java.lang.Exception]: org.apache.ibatis.binding.BindingException: Invalid bound statement (not found): cn.test.email.mapping.UsersMapper.selectByUsers
[http-bio-80-exec-8] DEBUG org.springframework.web.servlet.mvc.annotation.ResponseStatusExceptionResolver - Resolving exception from handler [public java.lang.String cn.test.email.controller.UsersController.doLogin(cn.test.email.model.Users,javax.servlet.http.HttpSession,javax.servlet.http.HttpServletRequest) throws java.lang.Exception]: org.apache.ibatis.binding.BindingException: Invalid bound statement (not found): cn.test.email.mapping.UsersMapper.selectByUsers
[http-bio-80-exec-8] DEBUG org.springframework.web.servlet.mvc.support.DefaultHandlerExceptionResolver - Resolving exception from handler [public java.lang.String cn.test.email.controller.UsersController.doLogin(cn.test.email.model.Users,javax.servlet.http.HttpSession,javax.servlet.http.HttpServletRequest) throws java.lang.Exception]: org.apache.ibatis.binding.BindingException: Invalid bound statement (not found): cn.test.email.mapping.UsersMapper.selectByUsers
[http-bio-80-exec-8] DEBUG org.springframework.web.servlet.DispatcherServlet - Handler execution resulted in exception - forwarding to resolved error view: ModelAndView: reference to view with name 'error'; model is {messages=未知错误！}
org.apache.ibatis.binding.BindingException: Invalid bound statement (not found): cn.test.email.mapping.UsersMapper.selectByUsers
	at org.apache.ibatis.binding.MapperMethod$SqlCommand.<init>(MapperMethod.java:225)
	at org.apache.ibatis.binding.MapperMethod.<init>(MapperMethod.java:48)
	at org.apache.ibatis.binding.MapperProxy.cachedMapperMethod(MapperProxy.java:65)
	at org.apache.ibatis.binding.MapperProxy.invoke(MapperProxy.java:58)
	at com.sun.proxy.$Proxy34.selectByUsers(Unknown Source)
	at cn.test.email.service.impl.IUserServiceImpl.selectUsers(IUserServiceImpl.java:37)
	at cn.test.email.controller.UsersController.doLogin(UsersController.java:36)
	at sun.reflect.NativeMethodAccessorImpl.invoke0(Native Method)
	at sun.reflect.NativeMethodAccessorImpl.invoke(NativeMethodAccessorImpl.java:62)
	at sun.reflect.DelegatingMethodAccessorImpl.invoke(DelegatingMethodAccessorImpl.java:43)
	at java.lang.reflect.Method.invoke(Method.java:498)
	at org.springframework.web.method.support.InvocableHandlerMethod.doInvoke(InvocableHandlerMethod.java:205)
	at org.springframework.web.method.support.InvocableHandlerMethod.invokeForRequest(InvocableHandlerMethod.java:133)
	at org.springframework.web.servlet.mvc.method.annotation.ServletInvocableHandlerMethod.invokeAndHandle(ServletInvocableHandlerMethod.java:97)
	at org.springframework.web.servlet.mvc.method.annotation.RequestMappingHandlerAdapter.invokeHandlerMethod(RequestMappingHandlerAdapter.java:827)
	at org.springframework.web.servlet.mvc.method.annotation.RequestMappingHandlerAdapter.handleInternal(RequestMappingHandlerAdapter.java:738)
	at org.springframework.web.servlet.mvc.method.AbstractHandlerMethodAdapter.handle(AbstractHandlerMethodAdapter.java:85)
	at org.springframework.web.servlet.DispatcherServlet.doDispatch(DispatcherServlet.java:967)
	at org.springframework.web.servlet.DispatcherServlet.doService(DispatcherServlet.java:901)
	at org.springframework.web.servlet.FrameworkServlet.processRequest(FrameworkServlet.java:970)
	at org.springframework.web.servlet.FrameworkServlet.doPost(FrameworkServlet.java:872)
	at javax.servlet.http.HttpServlet.service(HttpServlet.java:647)
	at org.springframework.web.servlet.FrameworkServlet.service(FrameworkServlet.java:846)
	at javax.servlet.http.HttpServlet.service(HttpServlet.java:728)
	at org.apache.catalina.core.ApplicationFilterChain.internalDoFilter(ApplicationFilterChain.java:305)
	at org.apache.catalina.core.ApplicationFilterChain.doFilter(ApplicationFilterChain.java:210)
	at org.apache.tomcat.websocket.server.WsFilter.doFilter(WsFilter.java:51)
	at org.apache.catalina.core.ApplicationFilterChain.internalDoFilter(ApplicationFilterChain.java:243)
	at org.apache.catalina.core.ApplicationFilterChain.doFilter(ApplicationFilterChain.java:210)
	at org.springframework.web.filter.CharacterEncodingFilter.doFilterInternal(CharacterEncodingFilter.java:197)
	at org.springframework.web.filter.OncePerRequestFilter.doFilter(OncePerRequestFilter.java:107)
	at org.apache.catalina.core.ApplicationFilterChain.internalDoFilter(ApplicationFilterChain.java:243)
	at org.apache.catalina.core.ApplicationFilterChain.doFilter(ApplicationFilterChain.java:210)
	at org.apache.catalina.core.StandardWrapperValve.invoke(StandardWrapperValve.java:222)
	at org.apache.catalina.core.StandardContextValve.invoke(StandardContextValve.java:123)
	at org.apache.catalina.authenticator.AuthenticatorBase.invoke(AuthenticatorBase.java:502)
	at org.apache.catalina.core.StandardHostValve.invoke(StandardHostValve.java:171)
	at org.apache.catalina.valves.ErrorReportValve.invoke(ErrorReportValve.java:100)
	at org.apache.catalina.valves.AccessLogValve.invoke(AccessLogValve.java:953)
	at org.apache.catalina.core.StandardEngineValve.invoke(StandardEngineValve.java:118)
	at org.apache.catalina.connector.CoyoteAdapter.service(CoyoteAdapter.java:408)
	at org.apache.coyote.http11.AbstractHttp11Processor.process(AbstractHttp11Processor.java:1041)
	at org.apache.coyote.AbstractProtocol$AbstractConnectionHandler.process(AbstractProtocol.java:603)
	at org.apache.tomcat.util.net.JIoEndpoint$SocketProcessor.run(JIoEndpoint.java:312)
	at java.util.concurrent.ThreadPoolExecutor.runWorker(ThreadPoolExecutor.java:1142)
	at java.util.concurrent.ThreadPoolExecutor$Worker.run(ThreadPoolExecutor.java:617)
	at java.lang.Thread.run(Thread.java:745)
[http-bio-80-exec-8] DEBUG org.springframework.beans.factory.support.DefaultListableBeanFactory - Invoking afterPropertiesSet() on bean with name 'error'
[http-bio-80-exec-8] DEBUG org.springframework.web.servlet.DispatcherServlet - Rendering view [org.springframework.web.servlet.view.JstlView: name 'error'; URL [/WEB-INF/error.jsp]] in DispatcherServlet with name 'springmvc'
[http-bio-80-exec-8] DEBUG org.springframework.web.servlet.view.JstlView - Added model object 'messages' of type [java.lang.String] to request in view with name 'error'
[http-bio-80-exec-8] DEBUG org.springframework.web.servlet.view.JstlView - Forwarding to resource [/WEB-INF/error.jsp] in InternalResourceView 'error'
[http-bio-80-exec-8] DEBUG org.springframework.web.servlet.DispatcherServlet - Successfully completed request
[localhost-startStop-1] INFO org.springframework.web.context.ContextLoader - Root WebApplicationContext: initialization started
[localhost-startStop-1] DEBUG org.springframework.web.context.support.StandardServletEnvironment - Adding [servletConfigInitParams] PropertySource with lowest search precedence
[localhost-startStop-1] DEBUG org.springframework.web.context.support.StandardServletEnvironment - Adding [servletContextInitParams] PropertySource with lowest search precedence
[localhost-startStop-1] DEBUG org.springframework.web.context.support.StandardServletEnvironment - Adding [jndiProperties] PropertySource with lowest search precedence
[localhost-startStop-1] DEBUG org.springframework.web.context.support.StandardServletEnvironment - Adding [systemProperties] PropertySource with lowest search precedence
[localhost-startStop-1] DEBUG org.springframework.web.context.support.StandardServletEnvironment - Adding [systemEnvironment] PropertySource with lowest search precedence
[localhost-startStop-1] DEBUG org.springframework.web.context.support.StandardServletEnvironment - Initialized StandardServletEnvironment with PropertySources [servletConfigInitParams,servletContextInitParams,jndiProperties,systemProperties,systemEnvironment]
[localhost-startStop-1] DEBUG org.springframework.web.context.support.StandardServletEnvironment - Replacing [servletContextInitParams] PropertySource with [servletContextInitParams]
[localhost-startStop-1] INFO org.springframework.web.context.support.XmlWebApplicationContext - Refreshing Root WebApplicationContext: startup date [Tue Nov 28 09:32:43 CST 2017]; root of context hierarchy
[localhost-startStop-1] DEBUG org.springframework.core.env.StandardEnvironment - Adding [systemProperties] PropertySource with lowest search precedence
[localhost-startStop-1] DEBUG org.springframework.core.env.StandardEnvironment - Adding [systemEnvironment] PropertySource with lowest search precedence
[localhost-startStop-1] DEBUG org.springframework.core.env.StandardEnvironment - Initialized StandardEnvironment with PropertySources [systemProperties,systemEnvironment]
[localhost-startStop-1] DEBUG org.springframework.core.io.support.PathMatchingResourcePatternResolver - Looking for matching resources in directory tree [G:\eclipse\eclipse\shixun\email\target\classes\spring]
[localhost-startStop-1] DEBUG org.springframework.core.io.support.PathMatchingResourcePatternResolver - Searching directory [G:\eclipse\eclipse\shixun\email\target\classes\spring] for files matching pattern [G:/eclipse/eclipse/shixun/email/target/classes/spring/spring-*.xml]
[localhost-startStop-1] DEBUG org.springframework.core.io.support.PathMatchingResourcePatternResolver - Resolved location pattern [classpath:spring/spring-*.xml] to resources [file [G:\eclipse\eclipse\shixun\email\target\classes\spring\spring-dao.xml], file [G:\eclipse\eclipse\shixun\email\target\classes\spring\spring-service.xml], file [G:\eclipse\eclipse\shixun\email\target\classes\spring\spring-transaction.xml], file [G:\eclipse\eclipse\shixun\email\target\classes\spring\spring-web.xml]]
[localhost-startStop-1] INFO org.springframework.beans.factory.xml.XmlBeanDefinitionReader - Loading XML bean definitions from file [G:\eclipse\eclipse\shixun\email\target\classes\spring\spring-dao.xml]
[localhost-startStop-1] DEBUG org.springframework.beans.factory.xml.DefaultDocumentLoader - Using JAXP provider [com.sun.org.apache.xerces.internal.jaxp.DocumentBuilderFactoryImpl]
[localhost-startStop-1] DEBUG org.springframework.beans.factory.xml.PluggableSchemaResolver - Loading schema mappings from [META-INF/spring.schemas]
[localhost-startStop-1] DEBUG org.springframework.beans.factory.xml.PluggableSchemaResolver - Loaded schema mappings: {http://www.springframework.org/schema/tx/spring-tx-4.3.xsd=org/springframework/transaction/config/spring-tx-4.3.xsd, http://www.springframework.org/schema/tx/spring-tx-2.5.xsd=org/springframework/transaction/config/spring-tx-2.5.xsd, http://www.springframework.org/schema/cache/spring-cache-4.2.xsd=org/springframework/cache/config/spring-cache-4.2.xsd, http://www.springframework.org/schema/aop/spring-aop-4.1.xsd=org/springframework/aop/config/spring-aop-4.1.xsd, http://www.springframework.org/schema/context/spring-context-3.1.xsd=org/springframework/context/config/spring-context-3.1.xsd, http://www.springframework.org/schema/jdbc/spring-jdbc-4.1.xsd=org/springframework/jdbc/config/spring-jdbc-4.1.xsd, http://www.springframework.org/schema/util/spring-util-3.0.xsd=org/springframework/beans/factory/xml/spring-util-3.0.xsd, http://www.springframework.org/schema/mvc/spring-mvc-4.1.xsd=org/springframework/web/servlet/config/spring-mvc-4.1.xsd, http://mybatis.org/schema/mybatis-spring-1.2.xsd=org/mybatis/spring/config/mybatis-spring-1.2.xsd, http://www.springframework.org/schema/tool/spring-tool.xsd=org/springframework/beans/factory/xml/spring-tool-4.3.xsd, http://www.springframework.org/schema/aop/spring-aop-3.2.xsd=org/springframework/aop/config/spring-aop-3.2.xsd, http://www.springframework.org/schema/lang/spring-lang-4.1.xsd=org/springframework/scripting/config/spring-lang-4.1.xsd, http://www.springframework.org/schema/context/spring-context-4.0.xsd=org/springframework/context/config/spring-context-4.0.xsd, http://www.springframework.org/schema/mvc/spring-mvc-3.2.xsd=org/springframework/web/servlet/config/spring-mvc-3.2.xsd, http://www.springframework.org/schema/beans/spring-beans-4.2.xsd=org/springframework/beans/factory/xml/spring-beans-4.2.xsd, http://www.springframework.org/schema/tool/spring-tool-4.1.xsd=org/springframework/beans/factory/xml/spring-tool-4.1.xsd, http://www.springframework.org/schema/lang/spring-lang-3.2.xsd=org/springframework/scripting/config/spring-lang-3.2.xsd, http://www.springframework.org/schema/cache/spring-cache-3.2.xsd=org/springframework/cache/config/spring-cache-3.2.xsd, http://www.springframework.org/schema/jee/spring-jee-4.1.xsd=org/springframework/ejb/config/spring-jee-4.1.xsd, http://www.springframework.org/schema/jdbc/spring-jdbc-3.1.xsd=org/springframework/jdbc/config/spring-jdbc-3.1.xsd, http://www.springframework.org/schema/task/spring-task-4.2.xsd=org/springframework/scheduling/config/spring-task-4.2.xsd, http://www.springframework.org/schema/util/spring-util-2.0.xsd=org/springframework/beans/factory/xml/spring-util-2.0.xsd, http://www.springframework.org/schema/tool/spring-tool-3.2.xsd=org/springframework/beans/factory/xml/spring-tool-3.2.xsd, http://www.springframework.org/schema/context/spring-context.xsd=org/springframework/context/config/spring-context-4.3.xsd, http://www.springframework.org/schema/tx/spring-tx-4.2.xsd=org/springframework/transaction/config/spring-tx-4.2.xsd, http://www.springframework.org/schema/cache/spring-cache-4.1.xsd=org/springframework/cache/config/spring-cache-4.1.xsd, http://www.springframework.org/schema/aop/spring-aop-4.0.xsd=org/springframework/aop/config/spring-aop-4.0.xsd, http://www.springframework.org/schema/jee/spring-jee-3.2.xsd=org/springframework/ejb/config/spring-jee-3.2.xsd, http://www.springframework.org/schema/context/spring-context-3.0.xsd=org/springframework/context/config/spring-context-3.0.xsd, http://www.springframework.org/schema/jdbc/spring-jdbc-4.0.xsd=org/springframework/jdbc/config/spring-jdbc-4.0.xsd, http://www.springframework.org/schema/util/spring-util-2.5.xsd=org/springframework/beans/factory/xml/spring-util-2.5.xsd, http://www.springframework.org/schema/mvc/spring-mvc-4.0.xsd=org/springframework/web/servlet/config/spring-mvc-4.0.xsd, http://www.springframework.org/schema/util/spring-util-4.3.xsd=org/springframework/beans/factory/xml/spring-util-4.3.xsd, http://www.springframework.org/schema/beans/spring-beans-3.2.xsd=org/springframework/beans/factory/xml/spring-beans-3.2.xsd, http://www.springframework.org/schema/aop/spring-aop-3.1.xsd=org/springframework/aop/config/spring-aop-3.1.xsd, http://www.springframework.org/schema/lang/spring-lang-4.0.xsd=org/springframework/scripting/config/spring-lang-4.0.xsd, http://www.springframework.org/schema/mvc/spring-mvc.xsd=org/springframework/web/servlet/config/spring-mvc-4.3.xsd, http://www.springframework.org/schema/mvc/spring-mvc-3.1.xsd=org/springframework/web/servlet/config/spring-mvc-3.1.xsd, http://www.springframework.org/schema/beans/spring-beans-4.1.xsd=org/springframework/beans/factory/xml/spring-beans-4.1.xsd, http://www.springframework.org/schema/tool/spring-tool-4.0.xsd=org/springframework/beans/factory/xml/spring-tool-4.0.xsd, http://www.springframework.org/schema/tx/spring-tx-3.2.xsd=org/springframework/transaction/config/spring-tx-3.2.xsd, http://www.springframework.org/schema/lang/spring-lang-3.1.xsd=org/springframework/scripting/config/spring-lang-3.1.xsd, http://www.springframework.org/schema/cache/spring-cache-3.1.xsd=org/springframework/cache/config/spring-cache-3.1.xsd, http://www.springframework.org/schema/jee/spring-jee-4.0.xsd=org/springframework/ejb/config/spring-jee-4.0.xsd, http://www.springframework.org/schema/jdbc/spring-jdbc-3.0.xsd=org/springframework/jdbc/config/spring-jdbc-3.0.xsd, http://www.springframework.org/schema/task/spring-task-4.1.xsd=org/springframework/scheduling/config/spring-task-4.1.xsd, http://www.springframework.org/schema/jdbc/spring-jdbc.xsd=org/springframework/jdbc/config/spring-jdbc-4.3.xsd, http://www.springframework.org/schema/tool/spring-tool-3.1.xsd=org/springframework/beans/factory/xml/spring-tool-3.1.xsd, http://www.springframework.org/schema/tx/spring-tx-4.1.xsd=org/springframework/transaction/config/spring-tx-4.1.xsd, http://www.springframework.org/schema/cache/spring-cache-4.0.xsd=org/springframework/cache/config/spring-cache-4.0.xsd, http://www.springframework.org/schema/jee/spring-jee-3.1.xsd=org/springframework/ejb/config/spring-jee-3.1.xsd, http://www.springframework.org/schema/task/spring-task-3.2.xsd=org/springframework/scheduling/config/spring-task-3.2.xsd, http://www.springframework.org/schema/util/spring-util-4.2.xsd=org/springframework/beans/factory/xml/spring-util-4.2.xsd, http://www.springframework.org/schema/beans/spring-beans-3.1.xsd=org/springframework/beans/factory/xml/spring-beans-3.1.xsd, http://www.springframework.org/schema/util/spring-util.xsd=org/springframework/beans/factory/xml/spring-util-4.3.xsd, http://www.springframework.org/schema/aop/spring-aop-3.0.xsd=org/springframework/aop/config/spring-aop-3.0.xsd, http://www.springframework.org/schema/mvc/spring-mvc-3.0.xsd=org/springframework/web/servlet/config/spring-mvc-3.0.xsd, http://www.springframework.org/schema/beans/spring-beans-4.0.xsd=org/springframework/beans/factory/xml/spring-beans-4.0.xsd, http://www.springframework.org/schema/beans/spring-beans.xsd=org/springframework/beans/factory/xml/spring-beans-4.3.xsd, http://mybatis.org/schema/mybatis-spring.xsd=org/mybatis/spring/config/mybatis-spring-1.2.xsd, http://www.springframework.org/schema/tx/spring-tx-3.1.xsd=org/springframework/transaction/config/spring-tx-3.1.xsd, http://www.springframework.org/schema/lang/spring-lang-3.0.xsd=org/springframework/scripting/config/spring-lang-3.0.xsd, http://www.springframework.org/schema/context/spring-context-2.5.xsd=org/springframework/context/config/spring-context-2.5.xsd, http://www.springframework.org/schema/context/spring-context-4.3.xsd=org/springframework/context/config/spring-context-4.3.xsd, http://www.springframework.org/schema/task/spring-task-4.0.xsd=org/springframework/scheduling/config/spring-task-4.0.xsd, http://www.springframework.org/schema/tool/spring-tool-3.0.xsd=org/springframework/beans/factory/xml/spring-tool-3.0.xsd, http://www.springframework.org/schema/tx/spring-tx-4.0.xsd=org/springframework/transaction/config/spring-tx-4.0.xsd, http://www.springframework.org/schema/aop/spring-aop-2.0.xsd=org/springframework/aop/config/spring-aop-2.0.xsd, http://www.springframework.org/schema/jee/spring-jee-3.0.xsd=org/springframework/ejb/config/spring-jee-3.0.xsd, http://www.springframework.org/schema/task/spring-task-3.1.xsd=org/springframework/scheduling/config/spring-task-3.1.xsd, http://www.springframework.org/schema/util/spring-util-4.1.xsd=org/springframework/beans/factory/xml/spring-util-4.1.xsd, http://www.springframework.org/schema/beans/spring-beans-3.0.xsd=org/springframework/beans/factory/xml/spring-beans-3.0.xsd, http://www.springframework.org/schema/jee/spring-jee.xsd=org/springframework/ejb/config/spring-jee-4.3.xsd, http://www.springframework.org/schema/aop/spring-aop-2.5.xsd=org/springframework/aop/config/spring-aop-2.5.xsd, http://www.springframework.org/schema/aop/spring-aop-4.3.xsd=org/springframework/aop/config/spring-aop-4.3.xsd, http://www.springframework.org/schema/lang/spring-lang-2.0.xsd=org/springframework/scripting/config/spring-lang-2.0.xsd, http://www.springframework.org/schema/jdbc/spring-jdbc-4.3.xsd=org/springframework/jdbc/config/spring-jdbc-4.3.xsd, http://www.springframework.org/schema/mvc/spring-mvc-4.3.xsd=org/springframework/web/servlet/config/spring-mvc-4.3.xsd, http://www.springframework.org/schema/util/spring-util-3.2.xsd=org/springframework/beans/factory/xml/spring-util-3.2.xsd, http://www.springframework.org/schema/task/spring-task.xsd=org/springframework/scheduling/config/spring-task-4.3.xsd, http://www.springframework.org/schema/tool/spring-tool-2.0.xsd=org/springframework/beans/factory/xml/spring-tool-2.0.xsd, http://www.springframework.org/schema/tx/spring-tx-3.0.xsd=org/springframework/transaction/config/spring-tx-3.0.xsd, http://www.springframework.org/schema/lang/spring-lang-4.3.xsd=org/springframework/scripting/config/spring-lang-4.3.xsd, http://www.springframework.org/schema/lang/spring-lang-2.5.xsd=org/springframework/scripting/config/spring-lang-2.5.xsd, http://www.springframework.org/schema/context/spring-context-4.2.xsd=org/springframework/context/config/spring-context-4.2.xsd, http://www.springframework.org/schema/jee/spring-jee-2.0.xsd=org/springframework/ejb/config/spring-jee-2.0.xsd, http://www.springframework.org/schema/tool/spring-tool-4.3.xsd=org/springframework/beans/factory/xml/spring-tool-4.3.xsd, http://www.springframework.org/schema/tool/spring-tool-2.5.xsd=org/springframework/beans/factory/xml/spring-tool-2.5.xsd, http://www.springframework.org/schema/jee/spring-jee-4.3.xsd=org/springframework/ejb/config/spring-jee-4.3.xsd, http://www.springframework.org/schema/jee/spring-jee-2.5.xsd=org/springframework/ejb/config/spring-jee-2.5.xsd, http://www.springframework.org/schema/task/spring-task-3.0.xsd=org/springframework/scheduling/config/spring-task-3.0.xsd, http://www.springframework.org/schema/util/spring-util-4.0.xsd=org/springframework/beans/factory/xml/spring-util-4.0.xsd, http://www.springframework.org/schema/cache/spring-cache-4.3.xsd=org/springframework/cache/config/spring-cache-4.3.xsd, http://www.springframework.org/schema/aop/spring-aop-4.2.xsd=org/springframework/aop/config/spring-aop-4.2.xsd, http://www.springframework.org/schema/lang/spring-lang.xsd=org/springframework/scripting/config/spring-lang-4.3.xsd, http://www.springframework.org/schema/context/spring-context-3.2.xsd=org/springframework/context/config/spring-context-3.2.xsd, http://www.springframework.org/schema/jdbc/spring-jdbc-4.2.xsd=org/springframework/jdbc/config/spring-jdbc-4.2.xsd, http://www.springframework.org/schema/mvc/spring-mvc-4.2.xsd=org/springframework/web/servlet/config/spring-mvc-4.2.xsd, http://www.springframework.org/schema/util/spring-util-3.1.xsd=org/springframework/beans/factory/xml/spring-util-3.1.xsd, http://www.springframework.org/schema/beans/spring-beans-2.0.xsd=org/springframework/beans/factory/xml/spring-beans-2.0.xsd, http://www.springframework.org/schema/cache/spring-cache.xsd=org/springframework/cache/config/spring-cache-4.3.xsd, http://www.springframework.org/schema/tx/spring-tx.xsd=org/springframework/transaction/config/spring-tx-4.3.xsd, http://www.springframework.org/schema/lang/spring-lang-4.2.xsd=org/springframework/scripting/config/spring-lang-4.2.xsd, http://www.springframework.org/schema/context/spring-context-4.1.xsd=org/springframework/context/config/spring-context-4.1.xsd, http://www.springframework.org/schema/beans/spring-beans-2.5.xsd=org/springframework/beans/factory/xml/spring-beans-2.5.xsd, http://www.springframework.org/schema/beans/spring-beans-4.3.xsd=org/springframework/beans/factory/xml/spring-beans-4.3.xsd, http://www.springframework.org/schema/tool/spring-tool-4.2.xsd=org/springframework/beans/factory/xml/spring-tool-4.2.xsd, http://www.springframework.org/schema/tx/spring-tx-2.0.xsd=org/springframework/transaction/config/spring-tx-2.0.xsd, http://www.alibaba.com/schema/stat.xsd=META-INF/stat.xsd, http://www.springframework.org/schema/jee/spring-jee-4.2.xsd=org/springframework/ejb/config/spring-jee-4.2.xsd, http://www.springframework.org/schema/jdbc/spring-jdbc-3.2.xsd=org/springframework/jdbc/config/spring-jdbc-3.2.xsd, http://www.springframework.org/schema/task/spring-task-4.3.xsd=org/springframework/scheduling/config/spring-task-4.3.xsd, http://www.springframework.org/schema/aop/spring-aop.xsd=org/springframework/aop/config/spring-aop-4.3.xsd}
[localhost-startStop-1] DEBUG org.springframework.beans.factory.xml.PluggableSchemaResolver - Found XML schema [http://www.springframework.org/schema/beans/spring-beans-3.2.xsd] in classpath: org/springframework/beans/factory/xml/spring-beans-3.2.xsd
[localhost-startStop-1] DEBUG org.springframework.beans.factory.xml.PluggableSchemaResolver - Found XML schema [http://www.springframework.org/schema/context/spring-context-3.2.xsd] in classpath: org/springframework/context/config/spring-context-3.2.xsd
[localhost-startStop-1] DEBUG org.springframework.beans.factory.xml.PluggableSchemaResolver - Found XML schema [http://www.springframework.org/schema/tool/spring-tool-3.2.xsd] in classpath: org/springframework/beans/factory/xml/spring-tool-3.2.xsd
[localhost-startStop-1] DEBUG org.springframework.beans.factory.xml.DefaultBeanDefinitionDocumentReader - Loading bean definitions
[localhost-startStop-1] DEBUG org.springframework.beans.factory.xml.DefaultNamespaceHandlerResolver - Loaded NamespaceHandler mappings: {http://www.springframework.org/schema/p=org.springframework.beans.factory.xml.SimplePropertyNamespaceHandler, http://www.springframework.org/schema/mvc=org.springframework.web.servlet.config.MvcNamespaceHandler, http://www.springframework.org/schema/util=org.springframework.beans.factory.xml.UtilNamespaceHandler, http://www.alibaba.com/schema/stat=com.alibaba.druid.support.spring.stat.config.DruidStatNamespaceHandler, http://www.springframework.org/schema/jee=org.springframework.ejb.config.JeeNamespaceHandler, http://www.springframework.org/schema/aop=org.springframework.aop.config.AopNamespaceHandler, http://www.springframework.org/schema/jdbc=org.springframework.jdbc.config.JdbcNamespaceHandler, http://www.springframework.org/schema/cache=org.springframework.cache.config.CacheNamespaceHandler, http://mybatis.org/schema/mybatis-spring=org.mybatis.spring.config.NamespaceHandler, http://www.springframework.org/schema/c=org.springframework.beans.factory.xml.SimpleConstructorNamespaceHandler, http://www.springframework.org/schema/tx=org.springframework.transaction.config.TxNamespaceHandler, http://www.springframework.org/schema/task=org.springframework.scheduling.config.TaskNamespaceHandler, http://www.springframework.org/schema/lang=org.springframework.scripting.config.LangNamespaceHandler, http://www.springframework.org/schema/context=org.springframework.context.config.ContextNamespaceHandler}
[localhost-startStop-1] DEBUG org.springframework.beans.factory.xml.BeanDefinitionParserDelegate - Neither XML 'id' nor 'name' specified - using generated bean name [org.mybatis.spring.mapper.MapperScannerConfigurer#0]
[localhost-startStop-1] INFO org.springframework.beans.factory.xml.XmlBeanDefinitionReader - Loading XML bean definitions from file [G:\eclipse\eclipse\shixun\email\target\classes\spring\spring-service.xml]
[localhost-startStop-1] DEBUG org.springframework.beans.factory.xml.DefaultDocumentLoader - Using JAXP provider [com.sun.org.apache.xerces.internal.jaxp.DocumentBuilderFactoryImpl]
[localhost-startStop-1] DEBUG org.springframework.beans.factory.xml.PluggableSchemaResolver - Found XML schema [http://www.springframework.org/schema/beans/spring-beans-3.2.xsd] in classpath: org/springframework/beans/factory/xml/spring-beans-3.2.xsd
[localhost-startStop-1] DEBUG org.springframework.beans.factory.xml.PluggableSchemaResolver - Found XML schema [http://www.springframework.org/schema/context/spring-context-3.2.xsd] in classpath: org/springframework/context/config/spring-context-3.2.xsd
[localhost-startStop-1] DEBUG org.springframework.beans.factory.xml.PluggableSchemaResolver - Found XML schema [http://www.springframework.org/schema/tool/spring-tool-3.2.xsd] in classpath: org/springframework/beans/factory/xml/spring-tool-3.2.xsd
[localhost-startStop-1] DEBUG org.springframework.beans.factory.xml.DefaultBeanDefinitionDocumentReader - Loading bean definitions
[localhost-startStop-1] DEBUG org.springframework.context.annotation.ClassPathBeanDefinitionScanner - JSR-250 'javax.annotation.ManagedBean' found and supported for component scanning
[localhost-startStop-1] DEBUG org.springframework.context.annotation.ClassPathBeanDefinitionScanner - JSR-330 'javax.inject.Named' annotation found and supported for component scanning
[localhost-startStop-1] DEBUG org.springframework.core.io.support.PathMatchingResourcePatternResolver - Resolved classpath location [cn/test/email/service/] to resources [URL [file:/G:/eclipse/eclipse/shixun/email/target/classes/cn/test/email/service/]]
[localhost-startStop-1] DEBUG org.springframework.core.io.support.PathMatchingResourcePatternResolver - Looking for matching resources in directory tree [G:\eclipse\eclipse\shixun\email\target\classes\cn\test\email\service]
[localhost-startStop-1] DEBUG org.springframework.core.io.support.PathMatchingResourcePatternResolver - Searching directory [G:\eclipse\eclipse\shixun\email\target\classes\cn\test\email\service] for files matching pattern [G:/eclipse/eclipse/shixun/email/target/classes/cn/test/email/service/**/*.class]
[localhost-startStop-1] DEBUG org.springframework.core.io.support.PathMatchingResourcePatternResolver - Searching directory [G:\eclipse\eclipse\shixun\email\target\classes\cn\test\email\service\impl] for files matching pattern [G:/eclipse/eclipse/shixun/email/target/classes/cn/test/email/service/**/*.class]
[localhost-startStop-1] DEBUG org.springframework.core.io.support.PathMatchingResourcePatternResolver - Resolved location pattern [classpath*:cn/test/email/service/**/*.class] to resources [file [G:\eclipse\eclipse\shixun\email\target\classes\cn\test\email\service\impl\IUserServiceImpl.class], file [G:\eclipse\eclipse\shixun\email\target\classes\cn\test\email\service\impl\StatisticsServiceImpl.class], file [G:\eclipse\eclipse\shixun\email\target\classes\cn\test\email\service\impl\TestParperServiceImpl.class], file [G:\eclipse\eclipse\shixun\email\target\classes\cn\test\email\service\impl\TestQuestionsServiceImpl.class], file [G:\eclipse\eclipse\shixun\email\target\classes\cn\test\email\service\IUserService.class], file [G:\eclipse\eclipse\shixun\email\target\classes\cn\test\email\service\StatisticsService.class], file [G:\eclipse\eclipse\shixun\email\target\classes\cn\test\email\service\TestPaperService.class], file [G:\eclipse\eclipse\shixun\email\target\classes\cn\test\email\service\TestQuestionsService.class]]
[localhost-startStop-1] DEBUG org.springframework.context.annotation.ClassPathBeanDefinitionScanner - Identified candidate component class: file [G:\eclipse\eclipse\shixun\email\target\classes\cn\test\email\service\impl\IUserServiceImpl.class]
[localhost-startStop-1] DEBUG org.springframework.context.annotation.ClassPathBeanDefinitionScanner - Identified candidate component class: file [G:\eclipse\eclipse\shixun\email\target\classes\cn\test\email\service\impl\StatisticsServiceImpl.class]
[localhost-startStop-1] DEBUG org.springframework.context.annotation.ClassPathBeanDefinitionScanner - Identified candidate component class: file [G:\eclipse\eclipse\shixun\email\target\classes\cn\test\email\service\impl\TestParperServiceImpl.class]
[localhost-startStop-1] DEBUG org.springframework.context.annotation.ClassPathBeanDefinitionScanner - Identified candidate component class: file [G:\eclipse\eclipse\shixun\email\target\classes\cn\test\email\service\impl\TestQuestionsServiceImpl.class]
[localhost-startStop-1] INFO org.springframework.beans.factory.xml.XmlBeanDefinitionReader - Loading XML bean definitions from file [G:\eclipse\eclipse\shixun\email\target\classes\spring\spring-transaction.xml]
[localhost-startStop-1] DEBUG org.springframework.beans.factory.xml.DefaultDocumentLoader - Using JAXP provider [com.sun.org.apache.xerces.internal.jaxp.DocumentBuilderFactoryImpl]
[localhost-startStop-1] DEBUG org.springframework.beans.factory.xml.PluggableSchemaResolver - Found XML schema [http://www.springframework.org/schema/beans/spring-beans-3.2.xsd] in classpath: org/springframework/beans/factory/xml/spring-beans-3.2.xsd
[localhost-startStop-1] DEBUG org.springframework.beans.factory.xml.PluggableSchemaResolver - Found XML schema [http://www.springframework.org/schema/tx/spring-tx-3.2.xsd] in classpath: org/springframework/transaction/config/spring-tx-3.2.xsd
[localhost-startStop-1] DEBUG org.springframework.beans.factory.xml.PluggableSchemaResolver - Found XML schema [http://www.springframework.org/schema/tool/spring-tool-3.2.xsd] in classpath: org/springframework/beans/factory/xml/spring-tool-3.2.xsd
[localhost-startStop-1] DEBUG org.springframework.beans.factory.xml.DefaultBeanDefinitionDocumentReader - Loading bean definitions
[localhost-startStop-1] INFO org.springframework.beans.factory.xml.XmlBeanDefinitionReader - Loading XML bean definitions from file [G:\eclipse\eclipse\shixun\email\target\classes\spring\spring-web.xml]
[localhost-startStop-1] DEBUG org.springframework.beans.factory.xml.DefaultDocumentLoader - Using JAXP provider [com.sun.org.apache.xerces.internal.jaxp.DocumentBuilderFactoryImpl]
[localhost-startStop-1] DEBUG org.springframework.beans.factory.xml.PluggableSchemaResolver - Found XML schema [http://www.springframework.org/schema/beans/spring-beans-3.2.xsd] in classpath: org/springframework/beans/factory/xml/spring-beans-3.2.xsd
[localhost-startStop-1] DEBUG org.springframework.beans.factory.xml.PluggableSchemaResolver - Found XML schema [http://www.springframework.org/schema/context/spring-context-3.2.xsd] in classpath: org/springframework/context/config/spring-context-3.2.xsd
[localhost-startStop-1] DEBUG org.springframework.beans.factory.xml.PluggableSchemaResolver - Found XML schema [http://www.springframework.org/schema/tool/spring-tool-3.2.xsd] in classpath: org/springframework/beans/factory/xml/spring-tool-3.2.xsd
[localhost-startStop-1] DEBUG org.springframework.beans.factory.xml.PluggableSchemaResolver - Found XML schema [http://www.springframework.org/schema/task/spring-task-3.0.xsd] in classpath: org/springframework/scheduling/config/spring-task-3.0.xsd
[localhost-startStop-1] DEBUG org.springframework.beans.factory.xml.PluggableSchemaResolver - Found XML schema [http://www.springframework.org/schema/mvc/spring-mvc-3.2.xsd] in classpath: org/springframework/web/servlet/config/spring-mvc-3.2.xsd
[localhost-startStop-1] DEBUG org.springframework.beans.factory.xml.DefaultBeanDefinitionDocumentReader - Loading bean definitions
[localhost-startStop-1] DEBUG org.springframework.context.annotation.ClassPathBeanDefinitionScanner - JSR-250 'javax.annotation.ManagedBean' found and supported for component scanning
[localhost-startStop-1] DEBUG org.springframework.context.annotation.ClassPathBeanDefinitionScanner - JSR-330 'javax.inject.Named' annotation found and supported for component scanning
[localhost-startStop-1] DEBUG org.springframework.core.io.support.PathMatchingResourcePatternResolver - Resolved classpath location [com/gy/mytask/] to resources []
[localhost-startStop-1] DEBUG org.springframework.core.io.support.PathMatchingResourcePatternResolver - Resolved location pattern [classpath*:com/gy/mytask/**/*.class] to resources []
[localhost-startStop-1] DEBUG org.springframework.context.annotation.ClassPathBeanDefinitionScanner - JSR-250 'javax.annotation.ManagedBean' found and supported for component scanning
[localhost-startStop-1] DEBUG org.springframework.context.annotation.ClassPathBeanDefinitionScanner - JSR-330 'javax.inject.Named' annotation found and supported for component scanning
[localhost-startStop-1] DEBUG org.springframework.core.io.support.PathMatchingResourcePatternResolver - Resolved classpath location [cn/test/email/controller/] to resources [URL [file:/G:/eclipse/eclipse/shixun/email/target/classes/cn/test/email/controller/]]
[localhost-startStop-1] DEBUG org.springframework.core.io.support.PathMatchingResourcePatternResolver - Looking for matching resources in directory tree [G:\eclipse\eclipse\shixun\email\target\classes\cn\test\email\controller]
[localhost-startStop-1] DEBUG org.springframework.core.io.support.PathMatchingResourcePatternResolver - Searching directory [G:\eclipse\eclipse\shixun\email\target\classes\cn\test\email\controller] for files matching pattern [G:/eclipse/eclipse/shixun/email/target/classes/cn/test/email/controller/**/*.class]
[localhost-startStop-1] DEBUG org.springframework.core.io.support.PathMatchingResourcePatternResolver - Resolved location pattern [classpath*:cn/test/email/controller/**/*.class] to resources [file [G:\eclipse\eclipse\shixun\email\target\classes\cn\test\email\controller\StatisticsController.class], file [G:\eclipse\eclipse\shixun\email\target\classes\cn\test\email\controller\TestPaperController.class], file [G:\eclipse\eclipse\shixun\email\target\classes\cn\test\email\controller\TestQuestionsController.class], file [G:\eclipse\eclipse\shixun\email\target\classes\cn\test\email\controller\TestTask.class], file [G:\eclipse\eclipse\shixun\email\target\classes\cn\test\email\controller\UsersController.class], file [G:\eclipse\eclipse\shixun\email\target\classes\cn\test\email\controller\WordController.class]]
[localhost-startStop-1] DEBUG org.springframework.context.annotation.ClassPathBeanDefinitionScanner - Identified candidate component class: file [G:\eclipse\eclipse\shixun\email\target\classes\cn\test\email\controller\StatisticsController.class]
[localhost-startStop-1] DEBUG org.springframework.context.annotation.ClassPathBeanDefinitionScanner - Identified candidate component class: file [G:\eclipse\eclipse\shixun\email\target\classes\cn\test\email\controller\TestPaperController.class]
[localhost-startStop-1] DEBUG org.springframework.context.annotation.ClassPathBeanDefinitionScanner - Identified candidate component class: file [G:\eclipse\eclipse\shixun\email\target\classes\cn\test\email\controller\TestQuestionsController.class]
[localhost-startStop-1] DEBUG org.springframework.context.annotation.ClassPathBeanDefinitionScanner - Identified candidate component class: file [G:\eclipse\eclipse\shixun\email\target\classes\cn\test\email\controller\TestTask.class]
[localhost-startStop-1] DEBUG org.springframework.context.annotation.ClassPathBeanDefinitionScanner - Identified candidate component class: file [G:\eclipse\eclipse\shixun\email\target\classes\cn\test\email\controller\UsersController.class]
[localhost-startStop-1] DEBUG org.springframework.context.annotation.ClassPathBeanDefinitionScanner - Identified candidate component class: file [G:\eclipse\eclipse\shixun\email\target\classes\cn\test\email\controller\WordController.class]
[localhost-startStop-1] DEBUG org.springframework.beans.factory.xml.BeanDefinitionParserDelegate - Neither XML 'id' nor 'name' specified - using generated bean name [org.springframework.web.servlet.view.InternalResourceViewResolver#0]
[localhost-startStop-1] DEBUG org.springframework.beans.factory.xml.BeanDefinitionParserDelegate - Neither XML 'id' nor 'name' specified - using generated bean name [cn.test.email.exception.CustomExceptionResolver#0]
[localhost-startStop-1] DEBUG org.springframework.beans.factory.xml.BeanDefinitionParserDelegate - Neither XML 'id' nor 'name' specified - using generated bean name [cn.test.email.interceptor.LoginInterceptor#0]
[localhost-startStop-1] DEBUG org.springframework.beans.factory.xml.XmlBeanDefinitionReader - Loaded 43 bean definitions from location pattern [classpath:spring/spring-*.xml]
[localhost-startStop-1] DEBUG org.springframework.web.context.support.XmlWebApplicationContext - Bean factory for Root WebApplicationContext: org.springframework.beans.factory.support.DefaultListableBeanFactory@4b9d47a0: defining beans [org.springframework.context.support.PropertySourcesPlaceholderConfigurer#0,dataSource,sqlSessionFactory,org.mybatis.spring.mapper.MapperScannerConfigurer#0,IUserService,statisticsServiceImpl,testParperServiceImpl,testQuestionsServiceImpl,org.springframework.context.annotation.internalConfigurationAnnotationProcessor,org.springframework.context.annotation.internalAutowiredAnnotationProcessor,org.springframework.context.annotation.internalRequiredAnnotationProcessor,org.springframework.context.annotation.internalCommonAnnotationProcessor,org.springframework.context.event.internalEventListenerProcessor,org.springframework.context.event.internalEventListenerFactory,transactionManager,txAdvice,org.springframework.context.annotation.internalAsyncAnnotationProcessor,org.springframework.context.annotation.internalScheduledAnnotationProcessor,qbScheduler,statisticsController,testPaperController,testQuestionsController,testTask,usersController,wordController,mvcContentNegotiationManager,org.springframework.web.servlet.mvc.method.annotation.RequestMappingHandlerMapping,mvcCorsConfigurations,org.springframework.format.support.FormattingConversionServiceFactoryBean#0,org.springframework.web.servlet.mvc.method.annotation.RequestMappingHandlerAdapter,mvcUriComponentsContributor,org.springframework.web.servlet.handler.MappedInterceptor#0,org.springframework.web.servlet.mvc.method.annotation.ExceptionHandlerExceptionResolver#0,org.springframework.web.servlet.mvc.annotation.ResponseStatusExceptionResolver#0,org.springframework.web.servlet.mvc.support.DefaultHandlerExceptionResolver#0,org.springframework.web.servlet.handler.BeanNameUrlHandlerMapping,org.springframework.web.servlet.mvc.HttpRequestHandlerAdapter,org.springframework.web.servlet.mvc.SimpleControllerHandlerAdapter,org.springframework.web.servlet.view.InternalResourceViewResolver#0,validator,messageSource,cn.test.email.exception.CustomExceptionResolver#0,org.springframework.web.servlet.handler.MappedInterceptor#1]; root of factory hierarchy
[localhost-startStop-1] DEBUG org.springframework.beans.factory.support.DefaultListableBeanFactory - Registering scope 'request' with implementation [org.springframework.web.context.request.RequestScope@4bd79395]
[localhost-startStop-1] DEBUG org.springframework.beans.factory.support.DefaultListableBeanFactory - Registering scope 'session' with implementation [org.springframework.web.context.request.SessionScope@352d3ac]
[localhost-startStop-1] DEBUG org.springframework.beans.factory.support.DefaultListableBeanFactory - Registering scope 'globalSession' with implementation [org.springframework.web.context.request.SessionScope@746ea368]
[localhost-startStop-1] DEBUG org.springframework.beans.factory.support.DefaultListableBeanFactory - Registering scope 'application' with implementation [org.springframework.web.context.support.ServletContextScope@7b2bfe00]
[localhost-startStop-1] DEBUG org.springframework.beans.factory.support.DefaultListableBeanFactory - Creating shared instance of singleton bean 'org.springframework.context.annotation.internalConfigurationAnnotationProcessor'
[localhost-startStop-1] DEBUG org.springframework.beans.factory.support.DefaultListableBeanFactory - Creating instance of bean 'org.springframework.context.annotation.internalConfigurationAnnotationProcessor'
[localhost-startStop-1] DEBUG org.springframework.beans.factory.support.DefaultListableBeanFactory - Eagerly caching bean 'org.springframework.context.annotation.internalConfigurationAnnotationProcessor' to allow for resolving potential circular references
[localhost-startStop-1] DEBUG org.springframework.beans.factory.support.DefaultListableBeanFactory - Finished creating instance of bean 'org.springframework.context.annotation.internalConfigurationAnnotationProcessor'
[localhost-startStop-1] DEBUG org.springframework.beans.factory.support.DefaultListableBeanFactory - Creating shared instance of singleton bean 'org.mybatis.spring.mapper.MapperScannerConfigurer#0'
[localhost-startStop-1] DEBUG org.springframework.beans.factory.support.DefaultListableBeanFactory - Creating instance of bean 'org.mybatis.spring.mapper.MapperScannerConfigurer#0'
[localhost-startStop-1] DEBUG org.springframework.beans.factory.support.DefaultListableBeanFactory - Eagerly caching bean 'org.mybatis.spring.mapper.MapperScannerConfigurer#0' to allow for resolving potential circular references
[localhost-startStop-1] DEBUG org.springframework.beans.factory.support.DefaultListableBeanFactory - Invoking afterPropertiesSet() on bean with name 'org.mybatis.spring.mapper.MapperScannerConfigurer#0'
[localhost-startStop-1] DEBUG org.springframework.beans.factory.support.DefaultListableBeanFactory - Finished creating instance of bean 'org.mybatis.spring.mapper.MapperScannerConfigurer#0'
[localhost-startStop-1] DEBUG org.springframework.core.env.StandardEnvironment - Adding [systemProperties] PropertySource with lowest search precedence
[localhost-startStop-1] DEBUG org.springframework.core.env.StandardEnvironment - Adding [systemEnvironment] PropertySource with lowest search precedence
[localhost-startStop-1] DEBUG org.springframework.core.env.StandardEnvironment - Initialized StandardEnvironment with PropertySources [systemProperties,systemEnvironment]
[localhost-startStop-1] DEBUG org.springframework.core.io.support.PathMatchingResourcePatternResolver - Resolved classpath location [cn/test/email/mapping/] to resources [URL [file:/G:/eclipse/eclipse/shixun/email/target/classes/cn/test/email/mapping/]]
[localhost-startStop-1] DEBUG org.springframework.core.io.support.PathMatchingResourcePatternResolver - Looking for matching resources in directory tree [G:\eclipse\eclipse\shixun\email\target\classes\cn\test\email\mapping]
[localhost-startStop-1] DEBUG org.springframework.core.io.support.PathMatchingResourcePatternResolver - Searching directory [G:\eclipse\eclipse\shixun\email\target\classes\cn\test\email\mapping] for files matching pattern [G:/eclipse/eclipse/shixun/email/target/classes/cn/test/email/mapping/**/*.class]
[localhost-startStop-1] DEBUG org.springframework.core.io.support.PathMatchingResourcePatternResolver - Resolved location pattern [classpath*:cn/test/email/mapping/**/*.class] to resources [file [G:\eclipse\eclipse\shixun\email\target\classes\cn\test\email\mapping\StatisticsMapper.class], file [G:\eclipse\eclipse\shixun\email\target\classes\cn\test\email\mapping\TestParperMapper.class], file [G:\eclipse\eclipse\shixun\email\target\classes\cn\test\email\mapping\TExamQuestionMapper.class], file [G:\eclipse\eclipse\shixun\email\target\classes\cn\test\email\mapping\UsersMapper.class]]
[localhost-startStop-1] DEBUG org.mybatis.spring.mapper.ClassPathMapperScanner - Identified candidate component class: file [G:\eclipse\eclipse\shixun\email\target\classes\cn\test\email\mapping\StatisticsMapper.class]
[localhost-startStop-1] DEBUG org.mybatis.spring.mapper.ClassPathMapperScanner - Identified candidate component class: file [G:\eclipse\eclipse\shixun\email\target\classes\cn\test\email\mapping\TestParperMapper.class]
[localhost-startStop-1] DEBUG org.mybatis.spring.mapper.ClassPathMapperScanner - Identified candidate component class: file [G:\eclipse\eclipse\shixun\email\target\classes\cn\test\email\mapping\TExamQuestionMapper.class]
[localhost-startStop-1] DEBUG org.mybatis.spring.mapper.ClassPathMapperScanner - Identified candidate component class: file [G:\eclipse\eclipse\shixun\email\target\classes\cn\test\email\mapping\UsersMapper.class]
[localhost-startStop-1] DEBUG org.mybatis.spring.mapper.ClassPathMapperScanner - Creating MapperFactoryBean with name 'statisticsMapper' and 'cn.test.email.mapping.StatisticsMapper' mapperInterface
[localhost-startStop-1] DEBUG org.mybatis.spring.mapper.ClassPathMapperScanner - Enabling autowire by type for MapperFactoryBean with name 'statisticsMapper'.
[localhost-startStop-1] DEBUG org.mybatis.spring.mapper.ClassPathMapperScanner - Creating MapperFactoryBean with name 'testParperMapper' and 'cn.test.email.mapping.TestParperMapper' mapperInterface
[localhost-startStop-1] DEBUG org.mybatis.spring.mapper.ClassPathMapperScanner - Enabling autowire by type for MapperFactoryBean with name 'testParperMapper'.
[localhost-startStop-1] DEBUG org.mybatis.spring.mapper.ClassPathMapperScanner - Creating MapperFactoryBean with name 'TExamQuestionMapper' and 'cn.test.email.mapping.TExamQuestionMapper' mapperInterface
[localhost-startStop-1] DEBUG org.mybatis.spring.mapper.ClassPathMapperScanner - Enabling autowire by type for MapperFactoryBean with name 'TExamQuestionMapper'.
[localhost-startStop-1] DEBUG org.mybatis.spring.mapper.ClassPathMapperScanner - Creating MapperFactoryBean with name 'usersMapper' and 'cn.test.email.mapping.UsersMapper' mapperInterface
[localhost-startStop-1] DEBUG org.mybatis.spring.mapper.ClassPathMapperScanner - Enabling autowire by type for MapperFactoryBean with name 'usersMapper'.
[localhost-startStop-1] DEBUG org.springframework.beans.factory.support.DefaultListableBeanFactory - Creating shared instance of singleton bean 'org.springframework.context.support.PropertySourcesPlaceholderConfigurer#0'
[localhost-startStop-1] DEBUG org.springframework.beans.factory.support.DefaultListableBeanFactory - Creating instance of bean 'org.springframework.context.support.PropertySourcesPlaceholderConfigurer#0'
[localhost-startStop-1] DEBUG org.springframework.beans.factory.support.DefaultListableBeanFactory - Eagerly caching bean 'org.springframework.context.support.PropertySourcesPlaceholderConfigurer#0' to allow for resolving potential circular references
[localhost-startStop-1] DEBUG org.springframework.beans.factory.support.DefaultListableBeanFactory - Finished creating instance of bean 'org.springframework.context.support.PropertySourcesPlaceholderConfigurer#0'
[localhost-startStop-1] DEBUG org.springframework.core.env.MutablePropertySources - Adding [environmentProperties] PropertySource with lowest search precedence
[localhost-startStop-1] DEBUG org.springframework.context.support.PropertySourcesPlaceholderConfigurer - Loading properties file from class path resource [db.properties]
[localhost-startStop-1] DEBUG org.springframework.core.env.MutablePropertySources - Adding [localProperties] PropertySource with lowest search precedence
[localhost-startStop-1] DEBUG org.springframework.jndi.JndiTemplate - Looking up JNDI object with name [java:comp/env/jdbc.url]
[localhost-startStop-1] DEBUG org.springframework.jndi.JndiLocatorDelegate - Converted JNDI name [java:comp/env/jdbc.url] not found - trying original name [jdbc.url]. javax.naming.NameNotFoundException: Name [jdbc.url] is not bound in this Context. Unable to find [jdbc.url].
[localhost-startStop-1] DEBUG org.springframework.jndi.JndiTemplate - Looking up JNDI object with name [jdbc.url]
[localhost-startStop-1] DEBUG org.springframework.jndi.JndiPropertySource - JNDI lookup for name [jdbc.url] threw NamingException with message: Name [jdbc.url] is not bound in this Context. Unable to find [jdbc.url].. Returning null.
[localhost-startStop-1] DEBUG org.springframework.core.env.PropertySourcesPropertyResolver - Could not find key 'jdbc.url' in any property source
[localhost-startStop-1] DEBUG org.springframework.core.env.PropertySourcesPropertyResolver - Found key 'jdbc.url' in [localProperties] with type [String]
[localhost-startStop-1] DEBUG org.springframework.jndi.JndiTemplate - Looking up JNDI object with name [java:comp/env/jdbc.username]
[localhost-startStop-1] DEBUG org.springframework.jndi.JndiLocatorDelegate - Converted JNDI name [java:comp/env/jdbc.username] not found - trying original name [jdbc.username]. javax.naming.NameNotFoundException: Name [jdbc.username] is not bound in this Context. Unable to find [jdbc.username].
[localhost-startStop-1] DEBUG org.springframework.jndi.JndiTemplate - Looking up JNDI object with name [jdbc.username]
[localhost-startStop-1] DEBUG org.springframework.jndi.JndiPropertySource - JNDI lookup for name [jdbc.username] threw NamingException with message: Name [jdbc.username] is not bound in this Context. Unable to find [jdbc.username].. Returning null.
[localhost-startStop-1] DEBUG org.springframework.core.env.PropertySourcesPropertyResolver - Could not find key 'jdbc.username' in any property source
[localhost-startStop-1] DEBUG org.springframework.core.env.PropertySourcesPropertyResolver - Found key 'jdbc.username' in [localProperties] with type [String]
[localhost-startStop-1] DEBUG org.springframework.jndi.JndiTemplate - Looking up JNDI object with name [java:comp/env/jdbc.password]
[localhost-startStop-1] DEBUG org.springframework.jndi.JndiLocatorDelegate - Converted JNDI name [java:comp/env/jdbc.password] not found - trying original name [jdbc.password]. javax.naming.NameNotFoundException: Name [jdbc.password] is not bound in this Context. Unable to find [jdbc.password].
[localhost-startStop-1] DEBUG org.springframework.jndi.JndiTemplate - Looking up JNDI object with name [jdbc.password]
[localhost-startStop-1] DEBUG org.springframework.jndi.JndiPropertySource - JNDI lookup for name [jdbc.password] threw NamingException with message: Name [jdbc.password] is not bound in this Context. Unable to find [jdbc.password].. Returning null.
[localhost-startStop-1] DEBUG org.springframework.core.env.PropertySourcesPropertyResolver - Could not find key 'jdbc.password' in any property source
[localhost-startStop-1] DEBUG org.springframework.core.env.PropertySourcesPropertyResolver - Found key 'jdbc.password' in [localProperties] with type [String]
[localhost-startStop-1] DEBUG org.springframework.jndi.JndiTemplate - Looking up JNDI object with name [java:comp/env/jdbc.driver]
[localhost-startStop-1] DEBUG org.springframework.jndi.JndiLocatorDelegate - Converted JNDI name [java:comp/env/jdbc.driver] not found - trying original name [jdbc.driver]. javax.naming.NameNotFoundException: Name [jdbc.driver] is not bound in this Context. Unable to find [jdbc.driver].
[localhost-startStop-1] DEBUG org.springframework.jndi.JndiTemplate - Looking up JNDI object with name [jdbc.driver]
[localhost-startStop-1] DEBUG org.springframework.jndi.JndiPropertySource - JNDI lookup for name [jdbc.driver] threw NamingException with message: Name [jdbc.driver] is not bound in this Context. Unable to find [jdbc.driver].. Returning null.
[localhost-startStop-1] DEBUG org.springframework.core.env.PropertySourcesPropertyResolver - Could not find key 'jdbc.driver' in any property source
[localhost-startStop-1] DEBUG org.springframework.core.env.PropertySourcesPropertyResolver - Found key 'jdbc.driver' in [localProperties] with type [String]
[localhost-startStop-1] DEBUG org.springframework.beans.factory.support.DefaultListableBeanFactory - Creating shared instance of singleton bean 'org.springframework.context.annotation.internalAutowiredAnnotationProcessor'
[localhost-startStop-1] DEBUG org.springframework.beans.factory.support.DefaultListableBeanFactory - Creating instance of bean 'org.springframework.context.annotation.internalAutowiredAnnotationProcessor'
[localhost-startStop-1] INFO org.springframework.beans.factory.annotation.AutowiredAnnotationBeanPostProcessor - JSR-330 'javax.inject.Inject' annotation found and supported for autowiring
[localhost-startStop-1] DEBUG org.springframework.beans.factory.support.DefaultListableBeanFactory - Eagerly caching bean 'org.springframework.context.annotation.internalAutowiredAnnotationProcessor' to allow for resolving potential circular references
[localhost-startStop-1] DEBUG org.springframework.beans.factory.support.DefaultListableBeanFactory - Finished creating instance of bean 'org.springframework.context.annotation.internalAutowiredAnnotationProcessor'
[localhost-startStop-1] DEBUG org.springframework.beans.factory.support.DefaultListableBeanFactory - Creating shared instance of singleton bean 'org.springframework.context.annotation.internalRequiredAnnotationProcessor'
[localhost-startStop-1] DEBUG org.springframework.beans.factory.support.DefaultListableBeanFactory - Creating instance of bean 'org.springframework.context.annotation.internalRequiredAnnotationProcessor'
[localhost-startStop-1] DEBUG org.springframework.beans.factory.support.DefaultListableBeanFactory - Eagerly caching bean 'org.springframework.context.annotation.internalRequiredAnnotationProcessor' to allow for resolving potential circular references
[localhost-startStop-1] DEBUG org.springframework.beans.factory.support.DefaultListableBeanFactory - Finished creating instance of bean 'org.springframework.context.annotation.internalRequiredAnnotationProcessor'
[localhost-startStop-1] DEBUG org.springframework.beans.factory.support.DefaultListableBeanFactory - Creating shared instance of singleton bean 'org.springframework.context.annotation.internalCommonAnnotationProcessor'
[localhost-startStop-1] DEBUG org.springframework.beans.factory.support.DefaultListableBeanFactory - Creating instance of bean 'org.springframework.context.annotation.internalCommonAnnotationProcessor'
[localhost-startStop-1] DEBUG org.springframework.beans.factory.support.DefaultListableBeanFactory - Eagerly caching bean 'org.springframework.context.annotation.internalCommonAnnotationProcessor' to allow for resolving potential circular references
[localhost-startStop-1] DEBUG org.springframework.beans.factory.support.DefaultListableBeanFactory - Finished creating instance of bean 'org.springframework.context.annotation.internalCommonAnnotationProcessor'
[localhost-startStop-1] DEBUG org.springframework.beans.factory.support.DefaultListableBeanFactory - Creating shared instance of singleton bean 'org.springframework.context.annotation.internalAsyncAnnotationProcessor'
[localhost-startStop-1] DEBUG org.springframework.beans.factory.support.DefaultListableBeanFactory - Creating instance of bean 'org.springframework.context.annotation.internalAsyncAnnotationProcessor'
[localhost-startStop-1] DEBUG org.springframework.beans.factory.support.DefaultListableBeanFactory - Eagerly caching bean 'org.springframework.context.annotation.internalAsyncAnnotationProcessor' to allow for resolving potential circular references
[localhost-startStop-1] DEBUG org.springframework.beans.factory.support.DefaultListableBeanFactory - Finished creating instance of bean 'org.springframework.context.annotation.internalAsyncAnnotationProcessor'
[localhost-startStop-1] DEBUG org.springframework.beans.factory.support.DefaultListableBeanFactory - Creating shared instance of singleton bean 'org.springframework.context.annotation.internalScheduledAnnotationProcessor'
[localhost-startStop-1] DEBUG org.springframework.beans.factory.support.DefaultListableBeanFactory - Creating instance of bean 'org.springframework.context.annotation.internalScheduledAnnotationProcessor'
[localhost-startStop-1] DEBUG org.springframework.beans.factory.support.DefaultListableBeanFactory - Eagerly caching bean 'org.springframework.context.annotation.internalScheduledAnnotationProcessor' to allow for resolving potential circular references
[localhost-startStop-1] DEBUG org.springframework.beans.factory.support.DefaultListableBeanFactory - Creating shared instance of singleton bean 'qbScheduler'
[localhost-startStop-1] DEBUG org.springframework.beans.factory.support.DefaultListableBeanFactory - Creating instance of bean 'qbScheduler'
[localhost-startStop-1] DEBUG org.springframework.beans.factory.support.DefaultListableBeanFactory - Eagerly caching bean 'qbScheduler' to allow for resolving potential circular references
[localhost-startStop-1] DEBUG org.springframework.beans.factory.support.DefaultListableBeanFactory - Invoking afterPropertiesSet() on bean with name 'qbScheduler'
[localhost-startStop-1] INFO org.springframework.scheduling.concurrent.ThreadPoolTaskScheduler - Initializing ExecutorService  'qbScheduler'
[localhost-startStop-1] INFO org.springframework.context.support.PostProcessorRegistrationDelegate$BeanPostProcessorChecker - Bean 'qbScheduler' of type [org.springframework.scheduling.concurrent.ThreadPoolTaskScheduler] is not eligible for getting processed by all BeanPostProcessors (for example: not eligible for auto-proxying)
[localhost-startStop-1] DEBUG org.springframework.beans.factory.support.DefaultListableBeanFactory - Finished creating instance of bean 'qbScheduler'
[localhost-startStop-1] DEBUG org.springframework.beans.factory.support.DefaultListableBeanFactory - Finished creating instance of bean 'org.springframework.context.annotation.internalScheduledAnnotationProcessor'
[localhost-startStop-1] DEBUG org.springframework.beans.factory.support.DefaultListableBeanFactory - Creating shared instance of singleton bean 'messageSource'
[localhost-startStop-1] DEBUG org.springframework.beans.factory.support.DefaultListableBeanFactory - Creating instance of bean 'messageSource'
[localhost-startStop-1] DEBUG org.springframework.beans.factory.support.DefaultListableBeanFactory - Eagerly caching bean 'messageSource' to allow for resolving potential circular references
[localhost-startStop-1] DEBUG org.springframework.beans.factory.support.DefaultListableBeanFactory - Finished creating instance of bean 'messageSource'
[localhost-startStop-1] DEBUG org.springframework.web.context.support.XmlWebApplicationContext - Using MessageSource [org.springframework.context.support.ReloadableResourceBundleMessageSource: basenames=[classpath:CustomValidationUsers]]
[localhost-startStop-1] DEBUG org.springframework.web.context.support.XmlWebApplicationContext - Unable to locate ApplicationEventMulticaster with name 'applicationEventMulticaster': using default [org.springframework.context.event.SimpleApplicationEventMulticaster@4eb4edfa]
[localhost-startStop-1] DEBUG org.springframework.ui.context.support.UiApplicationContextUtils - Unable to locate ThemeSource with name 'themeSource': using default [org.springframework.ui.context.support.ResourceBundleThemeSource@6143726a]
[localhost-startStop-1] DEBUG org.springframework.beans.factory.support.DefaultListableBeanFactory - Pre-instantiating singletons in org.springframework.beans.factory.support.DefaultListableBeanFactory@4b9d47a0: defining beans [org.springframework.context.support.PropertySourcesPlaceholderConfigurer#0,dataSource,sqlSessionFactory,org.mybatis.spring.mapper.MapperScannerConfigurer#0,IUserService,statisticsServiceImpl,testParperServiceImpl,testQuestionsServiceImpl,org.springframework.context.annotation.internalConfigurationAnnotationProcessor,org.springframework.context.annotation.internalAutowiredAnnotationProcessor,org.springframework.context.annotation.internalRequiredAnnotationProcessor,org.springframework.context.annotation.internalCommonAnnotationProcessor,org.springframework.context.event.internalEventListenerProcessor,org.springframework.context.event.internalEventListenerFactory,transactionManager,txAdvice,org.springframework.context.annotation.internalAsyncAnnotationProcessor,org.springframework.context.annotation.internalScheduledAnnotationProcessor,qbScheduler,statisticsController,testPaperController,testQuestionsController,testTask,usersController,wordController,mvcContentNegotiationManager,org.springframework.web.servlet.mvc.method.annotation.RequestMappingHandlerMapping,mvcCorsConfigurations,org.springframework.format.support.FormattingConversionServiceFactoryBean#0,org.springframework.web.servlet.mvc.method.annotation.RequestMappingHandlerAdapter,mvcUriComponentsContributor,org.springframework.web.servlet.handler.MappedInterceptor#0,org.springframework.web.servlet.mvc.method.annotation.ExceptionHandlerExceptionResolver#0,org.springframework.web.servlet.mvc.annotation.ResponseStatusExceptionResolver#0,org.springframework.web.servlet.mvc.support.DefaultHandlerExceptionResolver#0,org.springframework.web.servlet.handler.BeanNameUrlHandlerMapping,org.springframework.web.servlet.mvc.HttpRequestHandlerAdapter,org.springframework.web.servlet.mvc.SimpleControllerHandlerAdapter,org.springframework.web.servlet.view.InternalResourceViewResolver#0,validator,messageSource,cn.test.email.exception.CustomExceptionResolver#0,org.springframework.web.servlet.handler.MappedInterceptor#1,statisticsMapper,testParperMapper,TExamQuestionMapper,usersMapper]; root of factory hierarchy
[localhost-startStop-1] DEBUG org.springframework.beans.factory.support.DefaultListableBeanFactory - Returning cached instance of singleton bean 'org.springframework.context.support.PropertySourcesPlaceholderConfigurer#0'
[localhost-startStop-1] DEBUG org.springframework.beans.factory.support.DefaultListableBeanFactory - Creating shared instance of singleton bean 'dataSource'
[localhost-startStop-1] DEBUG org.springframework.beans.factory.support.DefaultListableBeanFactory - Creating instance of bean 'dataSource'
[localhost-startStop-1] DEBUG org.springframework.beans.factory.support.DefaultListableBeanFactory - Eagerly caching bean 'dataSource' to allow for resolving potential circular references
[localhost-startStop-1] DEBUG org.springframework.beans.factory.support.DefaultListableBeanFactory - Finished creating instance of bean 'dataSource'
[localhost-startStop-1] DEBUG org.springframework.beans.factory.support.DefaultListableBeanFactory - Creating shared instance of singleton bean 'sqlSessionFactory'
[localhost-startStop-1] DEBUG org.springframework.beans.factory.support.DefaultListableBeanFactory - Creating instance of bean 'sqlSessionFactory'
[localhost-startStop-1] DEBUG org.springframework.beans.factory.support.DefaultListableBeanFactory - Eagerly caching bean 'sqlSessionFactory' to allow for resolving potential circular references
[localhost-startStop-1] DEBUG org.springframework.beans.factory.support.DefaultListableBeanFactory - Returning cached instance of singleton bean 'dataSource'
[localhost-startStop-1] DEBUG org.springframework.beans.factory.support.DefaultListableBeanFactory - Invoking afterPropertiesSet() on bean with name 'sqlSessionFactory'
[localhost-startStop-1] DEBUG org.springframework.beans.factory.support.DefaultListableBeanFactory - Finished creating instance of bean 'sqlSessionFactory'
[localhost-startStop-1] DEBUG org.springframework.beans.factory.support.DefaultListableBeanFactory - Returning cached instance of singleton bean 'org.mybatis.spring.mapper.MapperScannerConfigurer#0'
[localhost-startStop-1] DEBUG org.springframework.beans.factory.support.DefaultListableBeanFactory - Creating shared instance of singleton bean 'IUserService'
[localhost-startStop-1] DEBUG org.springframework.beans.factory.support.DefaultListableBeanFactory - Creating instance of bean 'IUserService'
[localhost-startStop-1] DEBUG org.springframework.beans.factory.annotation.InjectionMetadata - Registered injected element on class [cn.test.email.service.impl.IUserServiceImpl]: AutowiredFieldElement for private cn.test.email.mapping.UsersMapper cn.test.email.service.impl.IUserServiceImpl.usersMapper
[localhost-startStop-1] DEBUG org.springframework.beans.factory.support.DefaultListableBeanFactory - Eagerly caching bean 'IUserService' to allow for resolving potential circular references
[localhost-startStop-1] DEBUG org.springframework.beans.factory.annotation.InjectionMetadata - Processing injected element of bean 'IUserService': AutowiredFieldElement for private cn.test.email.mapping.UsersMapper cn.test.email.service.impl.IUserServiceImpl.usersMapper
[localhost-startStop-1] DEBUG org.springframework.beans.factory.support.DefaultListableBeanFactory - Creating shared instance of singleton bean 'usersMapper'
[localhost-startStop-1] DEBUG org.springframework.beans.factory.support.DefaultListableBeanFactory - Creating instance of bean 'usersMapper'
[localhost-startStop-1] DEBUG org.springframework.beans.factory.support.DefaultListableBeanFactory - Eagerly caching bean 'usersMapper' to allow for resolving potential circular references
[localhost-startStop-1] DEBUG org.springframework.beans.factory.support.DefaultListableBeanFactory - Returning cached instance of singleton bean 'sqlSessionFactory'
[localhost-startStop-1] DEBUG org.springframework.beans.factory.support.DefaultListableBeanFactory - Autowiring by type from bean name 'usersMapper' via property 'sqlSessionFactory' to bean named 'sqlSessionFactory'
[localhost-startStop-1] DEBUG org.springframework.beans.factory.support.DefaultListableBeanFactory - Invoking afterPropertiesSet() on bean with name 'usersMapper'
[localhost-startStop-1] DEBUG org.springframework.beans.factory.support.DefaultListableBeanFactory - Finished creating instance of bean 'usersMapper'
[localhost-startStop-1] DEBUG org.springframework.beans.factory.annotation.AutowiredAnnotationBeanPostProcessor - Autowiring by type from bean name 'IUserService' to bean named 'usersMapper'
[localhost-startStop-1] DEBUG org.springframework.beans.factory.support.DefaultListableBeanFactory - Finished creating instance of bean 'IUserService'
[localhost-startStop-1] DEBUG org.springframework.beans.factory.support.DefaultListableBeanFactory - Creating shared instance of singleton bean 'statisticsServiceImpl'
[localhost-startStop-1] DEBUG org.springframework.beans.factory.support.DefaultListableBeanFactory - Creating instance of bean 'statisticsServiceImpl'
[localhost-startStop-1] DEBUG org.springframework.beans.factory.annotation.InjectionMetadata - Registered injected element on class [cn.test.email.service.impl.StatisticsServiceImpl]: AutowiredFieldElement for private cn.test.email.mapping.StatisticsMapper cn.test.email.service.impl.StatisticsServiceImpl.statisticsMapper
[localhost-startStop-1] DEBUG org.springframework.beans.factory.support.DefaultListableBeanFactory - Eagerly caching bean 'statisticsServiceImpl' to allow for resolving potential circular references
[localhost-startStop-1] DEBUG org.springframework.beans.factory.annotation.InjectionMetadata - Processing injected element of bean 'statisticsServiceImpl': AutowiredFieldElement for private cn.test.email.mapping.StatisticsMapper cn.test.email.service.impl.StatisticsServiceImpl.statisticsMapper
[localhost-startStop-1] DEBUG org.springframework.beans.factory.support.DefaultListableBeanFactory - Creating shared instance of singleton bean 'statisticsMapper'
[localhost-startStop-1] DEBUG org.springframework.beans.factory.support.DefaultListableBeanFactory - Creating instance of bean 'statisticsMapper'
[localhost-startStop-1] DEBUG org.springframework.beans.factory.support.DefaultListableBeanFactory - Eagerly caching bean 'statisticsMapper' to allow for resolving potential circular references
[localhost-startStop-1] DEBUG org.springframework.beans.factory.support.DefaultListableBeanFactory - Returning cached instance of singleton bean 'sqlSessionFactory'
[localhost-startStop-1] DEBUG org.springframework.beans.factory.support.DefaultListableBeanFactory - Autowiring by type from bean name 'statisticsMapper' via property 'sqlSessionFactory' to bean named 'sqlSessionFactory'
[localhost-startStop-1] DEBUG org.springframework.beans.factory.support.DefaultListableBeanFactory - Invoking afterPropertiesSet() on bean with name 'statisticsMapper'
[localhost-startStop-1] DEBUG org.springframework.beans.factory.support.DefaultListableBeanFactory - Finished creating instance of bean 'statisticsMapper'
[localhost-startStop-1] DEBUG org.springframework.beans.factory.annotation.AutowiredAnnotationBeanPostProcessor - Autowiring by type from bean name 'statisticsServiceImpl' to bean named 'statisticsMapper'
[localhost-startStop-1] DEBUG org.springframework.beans.factory.support.DefaultListableBeanFactory - Finished creating instance of bean 'statisticsServiceImpl'
[localhost-startStop-1] DEBUG org.springframework.beans.factory.support.DefaultListableBeanFactory - Creating shared instance of singleton bean 'testParperServiceImpl'
[localhost-startStop-1] DEBUG org.springframework.beans.factory.support.DefaultListableBeanFactory - Creating instance of bean 'testParperServiceImpl'
[localhost-startStop-1] DEBUG org.springframework.beans.factory.annotation.InjectionMetadata - Registered injected element on class [cn.test.email.service.impl.TestParperServiceImpl]: AutowiredFieldElement for private cn.test.email.mapping.TestParperMapper cn.test.email.service.impl.TestParperServiceImpl.testParperMapper
[localhost-startStop-1] DEBUG org.springframework.beans.factory.support.DefaultListableBeanFactory - Eagerly caching bean 'testParperServiceImpl' to allow for resolving potential circular references
[localhost-startStop-1] DEBUG org.springframework.beans.factory.annotation.InjectionMetadata - Processing injected element of bean 'testParperServiceImpl': AutowiredFieldElement for private cn.test.email.mapping.TestParperMapper cn.test.email.service.impl.TestParperServiceImpl.testParperMapper
[localhost-startStop-1] DEBUG org.springframework.beans.factory.support.DefaultListableBeanFactory - Creating shared instance of singleton bean 'testParperMapper'
[localhost-startStop-1] DEBUG org.springframework.beans.factory.support.DefaultListableBeanFactory - Creating instance of bean 'testParperMapper'
[localhost-startStop-1] DEBUG org.springframework.beans.factory.support.DefaultListableBeanFactory - Eagerly caching bean 'testParperMapper' to allow for resolving potential circular references
[localhost-startStop-1] DEBUG org.springframework.beans.factory.support.DefaultListableBeanFactory - Returning cached instance of singleton bean 'sqlSessionFactory'
[localhost-startStop-1] DEBUG org.springframework.beans.factory.support.DefaultListableBeanFactory - Autowiring by type from bean name 'testParperMapper' via property 'sqlSessionFactory' to bean named 'sqlSessionFactory'
[localhost-startStop-1] DEBUG org.springframework.beans.factory.support.DefaultListableBeanFactory - Invoking afterPropertiesSet() on bean with name 'testParperMapper'
[localhost-startStop-1] DEBUG org.springframework.beans.factory.support.DefaultListableBeanFactory - Finished creating instance of bean 'testParperMapper'
[localhost-startStop-1] DEBUG org.springframework.beans.factory.annotation.AutowiredAnnotationBeanPostProcessor - Autowiring by type from bean name 'testParperServiceImpl' to bean named 'testParperMapper'
[localhost-startStop-1] DEBUG org.springframework.beans.factory.support.DefaultListableBeanFactory - Finished creating instance of bean 'testParperServiceImpl'
[localhost-startStop-1] DEBUG org.springframework.beans.factory.support.DefaultListableBeanFactory - Creating shared instance of singleton bean 'testQuestionsServiceImpl'
[localhost-startStop-1] DEBUG org.springframework.beans.factory.support.DefaultListableBeanFactory - Creating instance of bean 'testQuestionsServiceImpl'
[localhost-startStop-1] DEBUG org.springframework.beans.factory.annotation.InjectionMetadata - Registered injected element on class [cn.test.email.service.impl.TestQuestionsServiceImpl]: AutowiredFieldElement for private cn.test.email.mapping.TExamQuestionMapper cn.test.email.service.impl.TestQuestionsServiceImpl.tExamQuestionMapper
[localhost-startStop-1] DEBUG org.springframework.beans.factory.support.DefaultListableBeanFactory - Eagerly caching bean 'testQuestionsServiceImpl' to allow for resolving potential circular references
[localhost-startStop-1] DEBUG org.springframework.beans.factory.annotation.InjectionMetadata - Processing injected element of bean 'testQuestionsServiceImpl': AutowiredFieldElement for private cn.test.email.mapping.TExamQuestionMapper cn.test.email.service.impl.TestQuestionsServiceImpl.tExamQuestionMapper
[localhost-startStop-1] DEBUG org.springframework.beans.factory.support.DefaultListableBeanFactory - Creating shared instance of singleton bean 'TExamQuestionMapper'
[localhost-startStop-1] DEBUG org.springframework.beans.factory.support.DefaultListableBeanFactory - Creating instance of bean 'TExamQuestionMapper'
[localhost-startStop-1] DEBUG org.springframework.beans.factory.support.DefaultListableBeanFactory - Eagerly caching bean 'TExamQuestionMapper' to allow for resolving potential circular references
[localhost-startStop-1] DEBUG org.springframework.beans.factory.support.DefaultListableBeanFactory - Returning cached instance of singleton bean 'sqlSessionFactory'
[localhost-startStop-1] DEBUG org.springframework.beans.factory.support.DefaultListableBeanFactory - Autowiring by type from bean name 'TExamQuestionMapper' via property 'sqlSessionFactory' to bean named 'sqlSessionFactory'
[localhost-startStop-1] DEBUG org.springframework.beans.factory.support.DefaultListableBeanFactory - Invoking afterPropertiesSet() on bean with name 'TExamQuestionMapper'
[localhost-startStop-1] DEBUG org.springframework.beans.factory.support.DefaultListableBeanFactory - Finished creating instance of bean 'TExamQuestionMapper'
[localhost-startStop-1] DEBUG org.springframework.beans.factory.annotation.AutowiredAnnotationBeanPostProcessor - Autowiring by type from bean name 'testQuestionsServiceImpl' to bean named 'TExamQuestionMapper'
[localhost-startStop-1] DEBUG org.springframework.beans.factory.support.DefaultListableBeanFactory - Finished creating instance of bean 'testQuestionsServiceImpl'
[localhost-startStop-1] DEBUG org.springframework.beans.factory.support.DefaultListableBeanFactory - Returning cached instance of singleton bean 'org.springframework.context.annotation.internalConfigurationAnnotationProcessor'
[localhost-startStop-1] DEBUG org.springframework.beans.factory.support.DefaultListableBeanFactory - Returning cached instance of singleton bean 'org.springframework.context.annotation.internalAutowiredAnnotationProcessor'
[localhost-startStop-1] DEBUG org.springframework.beans.factory.support.DefaultListableBeanFactory - Returning cached instance of singleton bean 'org.springframework.context.annotation.internalRequiredAnnotationProcessor'
[localhost-startStop-1] DEBUG org.springframework.beans.factory.support.DefaultListableBeanFactory - Returning cached instance of singleton bean 'org.springframework.context.annotation.internalCommonAnnotationProcessor'
[localhost-startStop-1] DEBUG org.springframework.beans.factory.support.DefaultListableBeanFactory - Creating shared instance of singleton bean 'org.springframework.context.event.internalEventListenerProcessor'
[localhost-startStop-1] DEBUG org.springframework.beans.factory.support.DefaultListableBeanFactory - Creating instance of bean 'org.springframework.context.event.internalEventListenerProcessor'
[localhost-startStop-1] DEBUG org.springframework.beans.factory.support.DefaultListableBeanFactory - Eagerly caching bean 'org.springframework.context.event.internalEventListenerProcessor' to allow for resolving potential circular references
[localhost-startStop-1] DEBUG org.springframework.beans.factory.support.DefaultListableBeanFactory - Finished creating instance of bean 'org.springframework.context.event.internalEventListenerProcessor'
[localhost-startStop-1] DEBUG org.springframework.beans.factory.support.DefaultListableBeanFactory - Creating shared instance of singleton bean 'org.springframework.context.event.internalEventListenerFactory'
[localhost-startStop-1] DEBUG org.springframework.beans.factory.support.DefaultListableBeanFactory - Creating instance of bean 'org.springframework.context.event.internalEventListenerFactory'
[localhost-startStop-1] DEBUG org.springframework.beans.factory.support.DefaultListableBeanFactory - Eagerly caching bean 'org.springframework.context.event.internalEventListenerFactory' to allow for resolving potential circular references
[localhost-startStop-1] DEBUG org.springframework.beans.factory.support.DefaultListableBeanFactory - Finished creating instance of bean 'org.springframework.context.event.internalEventListenerFactory'
[localhost-startStop-1] DEBUG org.springframework.beans.factory.support.DefaultListableBeanFactory - Creating shared instance of singleton bean 'transactionManager'
[localhost-startStop-1] DEBUG org.springframework.beans.factory.support.DefaultListableBeanFactory - Creating instance of bean 'transactionManager'
[localhost-startStop-1] DEBUG org.springframework.beans.factory.support.DefaultListableBeanFactory - Eagerly caching bean 'transactionManager' to allow for resolving potential circular references
[localhost-startStop-1] DEBUG org.springframework.beans.factory.support.DefaultListableBeanFactory - Returning cached instance of singleton bean 'dataSource'
[localhost-startStop-1] DEBUG org.springframework.beans.factory.support.DefaultListableBeanFactory - Invoking afterPropertiesSet() on bean with name 'transactionManager'
[localhost-startStop-1] DEBUG org.springframework.beans.factory.support.DefaultListableBeanFactory - Finished creating instance of bean 'transactionManager'
[localhost-startStop-1] DEBUG org.springframework.beans.factory.support.DefaultListableBeanFactory - Creating shared instance of singleton bean 'txAdvice'
[localhost-startStop-1] DEBUG org.springframework.beans.factory.support.DefaultListableBeanFactory - Creating instance of bean 'txAdvice'
[localhost-startStop-1] DEBUG org.springframework.beans.factory.support.DefaultListableBeanFactory - Eagerly caching bean 'txAdvice' to allow for resolving potential circular references
[localhost-startStop-1] DEBUG org.springframework.beans.factory.support.DefaultListableBeanFactory - Returning cached instance of singleton bean 'transactionManager'
[localhost-startStop-1] DEBUG org.springframework.beans.factory.support.DefaultListableBeanFactory - Creating instance of bean '(inner bean)#5956a09e'
[localhost-startStop-1] DEBUG org.springframework.transaction.interceptor.NameMatchTransactionAttributeSource - Adding transactional method [save*] with attribute [PROPAGATION_REQUIRED,ISOLATION_DEFAULT]
[localhost-startStop-1] DEBUG org.springframework.transaction.interceptor.NameMatchTransactionAttributeSource - Adding transactional method [delete*] with attribute [PROPAGATION_REQUIRED,ISOLATION_DEFAULT]
[localhost-startStop-1] DEBUG org.springframework.transaction.interceptor.NameMatchTransactionAttributeSource - Adding transactional method [insert*] with attribute [PROPAGATION_REQUIRED,ISOLATION_DEFAULT]
[localhost-startStop-1] DEBUG org.springframework.transaction.interceptor.NameMatchTransactionAttributeSource - Adding transactional method [update*] with attribute [PROPAGATION_REQUIRED,ISOLATION_DEFAULT]
[localhost-startStop-1] DEBUG org.springframework.transaction.interceptor.NameMatchTransactionAttributeSource - Adding transactional method [find*] with attribute [PROPAGATION_SUPPORTS,ISOLATION_DEFAULT,readOnly]
[localhost-startStop-1] DEBUG org.springframework.transaction.interceptor.NameMatchTransactionAttributeSource - Adding transactional method [get*] with attribute [PROPAGATION_SUPPORTS,ISOLATION_DEFAULT,readOnly]
[localhost-startStop-1] DEBUG org.springframework.transaction.interceptor.NameMatchTransactionAttributeSource - Adding transactional method [select*] with attribute [PROPAGATION_SUPPORTS,ISOLATION_DEFAULT,readOnly]
[localhost-startStop-1] DEBUG org.springframework.beans.factory.support.DefaultListableBeanFactory - Finished creating instance of bean '(inner bean)#5956a09e'
[localhost-startStop-1] DEBUG org.springframework.beans.factory.support.DefaultListableBeanFactory - Invoking afterPropertiesSet() on bean with name 'txAdvice'
[localhost-startStop-1] DEBUG org.springframework.beans.factory.support.DefaultListableBeanFactory - Finished creating instance of bean 'txAdvice'
[localhost-startStop-1] DEBUG org.springframework.beans.factory.support.DefaultListableBeanFactory - Returning cached instance of singleton bean 'org.springframework.context.annotation.internalAsyncAnnotationProcessor'
[localhost-startStop-1] DEBUG org.springframework.beans.factory.support.DefaultListableBeanFactory - Returning cached instance of singleton bean 'org.springframework.context.annotation.internalScheduledAnnotationProcessor'
[localhost-startStop-1] DEBUG org.springframework.beans.factory.support.DefaultListableBeanFactory - Returning cached instance of singleton bean 'qbScheduler'
[localhost-startStop-1] DEBUG org.springframework.beans.factory.support.DefaultListableBeanFactory - Creating shared instance of singleton bean 'statisticsController'
[localhost-startStop-1] DEBUG org.springframework.beans.factory.support.DefaultListableBeanFactory - Creating instance of bean 'statisticsController'
[localhost-startStop-1] DEBUG org.springframework.beans.factory.annotation.InjectionMetadata - Registered injected element on class [cn.test.email.controller.StatisticsController]: AutowiredFieldElement for private cn.test.email.service.StatisticsService cn.test.email.controller.StatisticsController.statisticsService
[localhost-startStop-1] DEBUG org.springframework.beans.factory.support.DefaultListableBeanFactory - Eagerly caching bean 'statisticsController' to allow for resolving potential circular references
[localhost-startStop-1] DEBUG org.springframework.beans.factory.annotation.InjectionMetadata - Processing injected element of bean 'statisticsController': AutowiredFieldElement for private cn.test.email.service.StatisticsService cn.test.email.controller.StatisticsController.statisticsService
[localhost-startStop-1] DEBUG org.springframework.beans.factory.support.DefaultListableBeanFactory - Returning cached instance of singleton bean 'statisticsServiceImpl'
[localhost-startStop-1] DEBUG org.springframework.beans.factory.annotation.AutowiredAnnotationBeanPostProcessor - Autowiring by type from bean name 'statisticsController' to bean named 'statisticsServiceImpl'
[localhost-startStop-1] DEBUG org.springframework.beans.factory.support.DefaultListableBeanFactory - Finished creating instance of bean 'statisticsController'
[localhost-startStop-1] DEBUG org.springframework.beans.factory.support.DefaultListableBeanFactory - Creating shared instance of singleton bean 'testPaperController'
[localhost-startStop-1] DEBUG org.springframework.beans.factory.support.DefaultListableBeanFactory - Creating instance of bean 'testPaperController'
[localhost-startStop-1] DEBUG org.springframework.beans.factory.annotation.InjectionMetadata - Registered injected element on class [cn.test.email.controller.TestPaperController]: AutowiredFieldElement for private cn.test.email.service.TestPaperService cn.test.email.controller.TestPaperController.testPaperService
[localhost-startStop-1] DEBUG org.springframework.beans.factory.support.DefaultListableBeanFactory - Eagerly caching bean 'testPaperController' to allow for resolving potential circular references
[localhost-startStop-1] DEBUG org.springframework.beans.factory.annotation.InjectionMetadata - Processing injected element of bean 'testPaperController': AutowiredFieldElement for private cn.test.email.service.TestPaperService cn.test.email.controller.TestPaperController.testPaperService
[localhost-startStop-1] DEBUG org.springframework.beans.factory.support.DefaultListableBeanFactory - Returning cached instance of singleton bean 'testParperServiceImpl'
[localhost-startStop-1] DEBUG org.springframework.beans.factory.annotation.AutowiredAnnotationBeanPostProcessor - Autowiring by type from bean name 'testPaperController' to bean named 'testParperServiceImpl'
[localhost-startStop-1] DEBUG org.springframework.beans.factory.support.DefaultListableBeanFactory - Finished creating instance of bean 'testPaperController'
[localhost-startStop-1] DEBUG org.springframework.beans.factory.support.DefaultListableBeanFactory - Creating shared instance of singleton bean 'testQuestionsController'
[localhost-startStop-1] DEBUG org.springframework.beans.factory.support.DefaultListableBeanFactory - Creating instance of bean 'testQuestionsController'
[localhost-startStop-1] DEBUG org.springframework.beans.factory.annotation.InjectionMetadata - Registered injected element on class [cn.test.email.controller.TestQuestionsController]: AutowiredFieldElement for private cn.test.email.service.TestQuestionsService cn.test.email.controller.TestQuestionsController.testQuestionsService
[localhost-startStop-1] DEBUG org.springframework.beans.factory.support.DefaultListableBeanFactory - Eagerly caching bean 'testQuestionsController' to allow for resolving potential circular references
[localhost-startStop-1] DEBUG org.springframework.beans.factory.annotation.InjectionMetadata - Processing injected element of bean 'testQuestionsController': AutowiredFieldElement for private cn.test.email.service.TestQuestionsService cn.test.email.controller.TestQuestionsController.testQuestionsService
[localhost-startStop-1] DEBUG org.springframework.beans.factory.support.DefaultListableBeanFactory - Returning cached instance of singleton bean 'testQuestionsServiceImpl'
[localhost-startStop-1] DEBUG org.springframework.beans.factory.annotation.AutowiredAnnotationBeanPostProcessor - Autowiring by type from bean name 'testQuestionsController' to bean named 'testQuestionsServiceImpl'
[localhost-startStop-1] DEBUG org.springframework.beans.factory.support.DefaultListableBeanFactory - Finished creating instance of bean 'testQuestionsController'
[localhost-startStop-1] DEBUG org.springframework.beans.factory.support.DefaultListableBeanFactory - Creating shared instance of singleton bean 'testTask'
[localhost-startStop-1] DEBUG org.springframework.beans.factory.support.DefaultListableBeanFactory - Creating instance of bean 'testTask'
[localhost-startStop-1] DEBUG org.springframework.beans.factory.support.DefaultListableBeanFactory - Eagerly caching bean 'testTask' to allow for resolving potential circular references
[localhost-startStop-1] DEBUG org.springframework.scheduling.annotation.ScheduledAnnotationBeanPostProcessor - 1 @Scheduled methods processed on bean 'testTask': {public void cn.test.email.controller.TestTask.testMON()=[@org.springframework.scheduling.annotation.Scheduled(zone=, initialDelay=-1, cron=2 * * * * *, fixedDelayString=, fixedDelay=-1, fixedRateString=, fixedRate=-1, initialDelayString=)]}
[localhost-startStop-1] DEBUG org.springframework.beans.factory.support.DefaultListableBeanFactory - Finished creating instance of bean 'testTask'
[localhost-startStop-1] DEBUG org.springframework.beans.factory.support.DefaultListableBeanFactory - Creating shared instance of singleton bean 'usersController'
[localhost-startStop-1] DEBUG org.springframework.beans.factory.support.DefaultListableBeanFactory - Creating instance of bean 'usersController'
[localhost-startStop-1] DEBUG org.springframework.beans.factory.annotation.InjectionMetadata - Registered injected element on class [cn.test.email.controller.UsersController]: AutowiredFieldElement for private cn.test.email.service.IUserService cn.test.email.controller.UsersController.iUserService
[localhost-startStop-1] DEBUG org.springframework.beans.factory.support.DefaultListableBeanFactory - Eagerly caching bean 'usersController' to allow for resolving potential circular references
[localhost-startStop-1] DEBUG org.springframework.beans.factory.annotation.InjectionMetadata - Processing injected element of bean 'usersController': AutowiredFieldElement for private cn.test.email.service.IUserService cn.test.email.controller.UsersController.iUserService
[localhost-startStop-1] DEBUG org.springframework.beans.factory.support.DefaultListableBeanFactory - Returning cached instance of singleton bean 'IUserService'
[localhost-startStop-1] DEBUG org.springframework.beans.factory.annotation.AutowiredAnnotationBeanPostProcessor - Autowiring by type from bean name 'usersController' to bean named 'IUserService'
[localhost-startStop-1] DEBUG org.springframework.beans.factory.support.DefaultListableBeanFactory - Finished creating instance of bean 'usersController'
[localhost-startStop-1] DEBUG org.springframework.beans.factory.support.DefaultListableBeanFactory - Creating shared instance of singleton bean 'wordController'
[localhost-startStop-1] DEBUG org.springframework.beans.factory.support.DefaultListableBeanFactory - Creating instance of bean 'wordController'
[localhost-startStop-1] DEBUG org.springframework.beans.factory.support.DefaultListableBeanFactory - Eagerly caching bean 'wordController' to allow for resolving potential circular references
[localhost-startStop-1] DEBUG org.springframework.beans.factory.support.DefaultListableBeanFactory - Finished creating instance of bean 'wordController'
[localhost-startStop-1] DEBUG org.springframework.beans.factory.support.DefaultListableBeanFactory - Creating shared instance of singleton bean 'mvcContentNegotiationManager'
[localhost-startStop-1] DEBUG org.springframework.beans.factory.support.DefaultListableBeanFactory - Creating instance of bean 'mvcContentNegotiationManager'
[localhost-startStop-1] DEBUG org.springframework.beans.factory.support.DefaultListableBeanFactory - Eagerly caching bean 'mvcContentNegotiationManager' to allow for resolving potential circular references
[localhost-startStop-1] DEBUG org.springframework.beans.factory.support.DefaultListableBeanFactory - Invoking afterPropertiesSet() on bean with name 'mvcContentNegotiationManager'
[localhost-startStop-1] DEBUG org.springframework.beans.factory.support.DefaultListableBeanFactory - Finished creating instance of bean 'mvcContentNegotiationManager'
[localhost-startStop-1] DEBUG org.springframework.beans.factory.support.DefaultListableBeanFactory - Creating shared instance of singleton bean 'org.springframework.web.servlet.mvc.method.annotation.RequestMappingHandlerMapping'
[localhost-startStop-1] DEBUG org.springframework.beans.factory.support.DefaultListableBeanFactory - Creating instance of bean 'org.springframework.web.servlet.mvc.method.annotation.RequestMappingHandlerMapping'
[localhost-startStop-1] DEBUG org.springframework.beans.factory.support.DefaultListableBeanFactory - Eagerly caching bean 'org.springframework.web.servlet.mvc.method.annotation.RequestMappingHandlerMapping' to allow for resolving potential circular references
[localhost-startStop-1] DEBUG org.springframework.beans.factory.support.DefaultListableBeanFactory - Returning cached instance of singleton bean 'mvcContentNegotiationManager'
[localhost-startStop-1] DEBUG org.springframework.beans.factory.support.DefaultListableBeanFactory - Creating shared instance of singleton bean 'mvcCorsConfigurations'
[localhost-startStop-1] DEBUG org.springframework.beans.factory.support.DefaultListableBeanFactory - Creating instance of bean 'mvcCorsConfigurations'
[localhost-startStop-1] DEBUG org.springframework.beans.factory.support.DefaultListableBeanFactory - Eagerly caching bean 'mvcCorsConfigurations' to allow for resolving potential circular references
[localhost-startStop-1] DEBUG org.springframework.beans.factory.support.DefaultListableBeanFactory - Finished creating instance of bean 'mvcCorsConfigurations'
[localhost-startStop-1] DEBUG org.springframework.beans.factory.support.DefaultListableBeanFactory - Creating shared instance of singleton bean 'org.springframework.web.servlet.handler.MappedInterceptor#0'
[localhost-startStop-1] DEBUG org.springframework.beans.factory.support.DefaultListableBeanFactory - Creating instance of bean 'org.springframework.web.servlet.handler.MappedInterceptor#0'
[localhost-startStop-1] DEBUG org.springframework.beans.factory.support.DefaultListableBeanFactory - Creating instance of bean '(inner bean)#2c4564ac'
[localhost-startStop-1] DEBUG org.springframework.beans.factory.support.DefaultListableBeanFactory - Creating shared instance of singleton bean 'org.springframework.format.support.FormattingConversionServiceFactoryBean#0'
[localhost-startStop-1] DEBUG org.springframework.beans.factory.support.DefaultListableBeanFactory - Creating instance of bean 'org.springframework.format.support.FormattingConversionServiceFactoryBean#0'
[localhost-startStop-1] DEBUG org.springframework.beans.factory.support.DefaultListableBeanFactory - Eagerly caching bean 'org.springframework.format.support.FormattingConversionServiceFactoryBean#0' to allow for resolving potential circular references
[localhost-startStop-1] DEBUG org.springframework.beans.factory.support.DefaultListableBeanFactory - Invoking afterPropertiesSet() on bean with name 'org.springframework.format.support.FormattingConversionServiceFactoryBean#0'
[localhost-startStop-1] DEBUG org.springframework.beans.factory.support.DefaultListableBeanFactory - Finished creating instance of bean 'org.springframework.format.support.FormattingConversionServiceFactoryBean#0'
[localhost-startStop-1] DEBUG org.springframework.beans.factory.support.DefaultListableBeanFactory - Finished creating instance of bean '(inner bean)#2c4564ac'
[localhost-startStop-1] DEBUG org.springframework.beans.BeanUtils - No property editor [org.springframework.web.context.request.WebRequestInterceptorEditor] found for type org.springframework.web.context.request.WebRequestInterceptor according to 'Editor' suffix convention
[localhost-startStop-1] DEBUG org.springframework.beans.factory.support.DefaultListableBeanFactory - Eagerly caching bean 'org.springframework.web.servlet.handler.MappedInterceptor#0' to allow for resolving potential circular references
[localhost-startStop-1] DEBUG org.springframework.beans.factory.support.DefaultListableBeanFactory - Finished creating instance of bean 'org.springframework.web.servlet.handler.MappedInterceptor#0'
[localhost-startStop-1] DEBUG org.springframework.beans.factory.support.DefaultListableBeanFactory - Creating shared instance of singleton bean 'org.springframework.web.servlet.handler.MappedInterceptor#1'
[localhost-startStop-1] DEBUG org.springframework.beans.factory.support.DefaultListableBeanFactory - Creating instance of bean 'org.springframework.web.servlet.handler.MappedInterceptor#1'
[localhost-startStop-1] DEBUG org.springframework.beans.factory.support.DefaultListableBeanFactory - Creating instance of bean 'cn.test.email.interceptor.LoginInterceptor#0'
[localhost-startStop-1] DEBUG org.springframework.beans.factory.support.DefaultListableBeanFactory - Finished creating instance of bean 'cn.test.email.interceptor.LoginInterceptor#0'
[localhost-startStop-1] DEBUG org.springframework.beans.factory.support.DefaultListableBeanFactory - Eagerly caching bean 'org.springframework.web.servlet.handler.MappedInterceptor#1' to allow for resolving potential circular references
[localhost-startStop-1] DEBUG org.springframework.beans.factory.support.DefaultListableBeanFactory - Finished creating instance of bean 'org.springframework.web.servlet.handler.MappedInterceptor#1'
[localhost-startStop-1] DEBUG org.springframework.beans.factory.support.DefaultListableBeanFactory - Invoking afterPropertiesSet() on bean with name 'org.springframework.web.servlet.mvc.method.annotation.RequestMappingHandlerMapping'
[localhost-startStop-1] DEBUG org.springframework.web.servlet.mvc.method.annotation.RequestMappingHandlerMapping - Looking for request mappings in application context: Root WebApplicationContext: startup date [Tue Nov 28 09:32:43 CST 2017]; root of context hierarchy
[localhost-startStop-1] DEBUG org.springframework.web.servlet.mvc.method.annotation.RequestMappingHandlerMapping - 3 request handler methods found on class cn.test.email.controller.StatisticsController: {public java.util.List cn.test.email.controller.StatisticsController.getErrorCount(cn.test.email.model.Users)={[/getErrorCount.do]}, public java.util.List cn.test.email.controller.StatisticsController.getQuestionCount(cn.test.email.model.Users)={[/getQuestionCount.do]}, public java.lang.String cn.test.email.controller.StatisticsController.getQuestion(org.springframework.ui.Model,java.lang.Integer,javax.servlet.http.HttpSession)={[/getQuestionNum.do]}}
[localhost-startStop-1] INFO org.springframework.web.servlet.mvc.method.annotation.RequestMappingHandlerMapping - Mapped "{[/getErrorCount.do]}" onto public java.util.List<cn.test.email.model.QuestionType> cn.test.email.controller.StatisticsController.getErrorCount(cn.test.email.model.Users)
[localhost-startStop-1] INFO org.springframework.web.servlet.mvc.method.annotation.RequestMappingHandlerMapping - Mapped "{[/getQuestionCount.do]}" onto public java.util.List<cn.test.email.model.QuestionType> cn.test.email.controller.StatisticsController.getQuestionCount(cn.test.email.model.Users)
[localhost-startStop-1] INFO org.springframework.web.servlet.mvc.method.annotation.RequestMappingHandlerMapping - Mapped "{[/getQuestionNum.do]}" onto public java.lang.String cn.test.email.controller.StatisticsController.getQuestion(org.springframework.ui.Model,java.lang.Integer,javax.servlet.http.HttpSession)
[localhost-startStop-1] DEBUG org.springframework.web.servlet.mvc.method.annotation.RequestMappingHandlerMapping - 7 request handler methods found on class cn.test.email.controller.TestPaperController: {public java.lang.String cn.test.email.controller.TestPaperController.show(org.springframework.ui.Model,java.lang.String)={[/show.do]}, public java.lang.String cn.test.email.controller.TestPaperController.addTestPaper()={[/addTestPaper.do]}, public java.lang.String cn.test.email.controller.TestPaperController.toMyExam(org.springframework.ui.Model)={[/toMyExam.do]}, public java.lang.String cn.test.email.controller.TestPaperController.myExam(javax.servlet.http.HttpSession)={[/myExam.do]}, public java.lang.String cn.test.email.controller.TestPaperController.addTestPaperDo(cn.test.email.model.TestPaper)={[/addTestPaperDo.do]}, public java.lang.String cn.test.email.controller.TestPaperController.myword(org.springframework.ui.Model,java.lang.String)={[/myword.do]}, public java.lang.String cn.test.email.controller.TestPaperController.toUserExam(org.springframework.ui.Model)={[/toUserExam.do]}}
[localhost-startStop-1] INFO org.springframework.web.servlet.mvc.method.annotation.RequestMappingHandlerMapping - Mapped "{[/show.do]}" onto public java.lang.String cn.test.email.controller.TestPaperController.show(org.springframework.ui.Model,java.lang.String)
[localhost-startStop-1] INFO org.springframework.web.servlet.mvc.method.annotation.RequestMappingHandlerMapping - Mapped "{[/addTestPaper.do]}" onto public java.lang.String cn.test.email.controller.TestPaperController.addTestPaper()
[localhost-startStop-1] INFO org.springframework.web.servlet.mvc.method.annotation.RequestMappingHandlerMapping - Mapped "{[/toMyExam.do]}" onto public java.lang.String cn.test.email.controller.TestPaperController.toMyExam(org.springframework.ui.Model)
[localhost-startStop-1] INFO org.springframework.web.servlet.mvc.method.annotation.RequestMappingHandlerMapping - Mapped "{[/myExam.do]}" onto public java.lang.String cn.test.email.controller.TestPaperController.myExam(javax.servlet.http.HttpSession)
[localhost-startStop-1] INFO org.springframework.web.servlet.mvc.method.annotation.RequestMappingHandlerMapping - Mapped "{[/addTestPaperDo.do]}" onto public java.lang.String cn.test.email.controller.TestPaperController.addTestPaperDo(cn.test.email.model.TestPaper)
[localhost-startStop-1] INFO org.springframework.web.servlet.mvc.method.annotation.RequestMappingHandlerMapping - Mapped "{[/myword.do]}" onto public java.lang.String cn.test.email.controller.TestPaperController.myword(org.springframework.ui.Model,java.lang.String)
[localhost-startStop-1] INFO org.springframework.web.servlet.mvc.method.annotation.RequestMappingHandlerMapping - Mapped "{[/toUserExam.do]}" onto public java.lang.String cn.test.email.controller.TestPaperController.toUserExam(org.springframework.ui.Model)
[localhost-startStop-1] DEBUG org.springframework.web.servlet.mvc.method.annotation.RequestMappingHandlerMapping - 13 request handler methods found on class cn.test.email.controller.TestQuestionsController: {public java.lang.String cn.test.email.controller.TestQuestionsController.add(java.lang.String,org.springframework.ui.Model,java.lang.Integer)={[/add.do]}, public java.lang.String cn.test.email.controller.TestQuestionsController.update(java.lang.Integer,org.springframework.ui.Model)={[/update.do]}, public java.lang.String cn.test.email.controller.TestQuestionsController.showErrorQuestion(javax.servlet.http.HttpSession,java.lang.Integer,java.lang.Integer,cn.test.email.model.ErrorQuestionVo,org.springframework.ui.Model)={[/showErrorQuestion.do]}, public java.lang.String cn.test.email.controller.TestQuestionsController.vipRandomQuestion(java.lang.Integer,org.springframework.ui.Model)={[/vipRandomQuestion.do]}, public java.lang.String cn.test.email.controller.TestQuestionsController.deleteDo(java.lang.Integer,java.lang.String,java.lang.Integer) throws java.lang.Exception={[/deleteDo.do]}, public java.lang.String cn.test.email.controller.TestQuestionsController.updateDo(cn.test.email.model.TExamQuestion,java.lang.String[])={[/updateDo.do]}, public java.lang.String cn.test.email.controller.TestQuestionsController.addDo(cn.test.email.model.TExamQuestion,java.lang.String[])={[/addDo.do]}, public java.lang.String cn.test.email.controller.TestQuestionsController.selectDel(java.lang.Integer[],java.lang.String,java.lang.Integer)={[/selectDel.do]}, public java.lang.String cn.test.email.controller.TestQuestionsController.selectBySidDo(java.lang.Integer,java.lang.String,org.springframework.ui.Model) throws java.io.UnsupportedEncodingException={[/selectBySidDo.do]}, public java.lang.String cn.test.email.controller.TestQuestionsController.showQuestion(java.lang.Integer,java.lang.Integer,org.springframework.ui.Model,cn.test.email.model.TExamQuestionVo)={[/showQuestion.do]}, public java.lang.String cn.test.email.controller.TestQuestionsController.saveCountExam(java.lang.String,javax.servlet.http.HttpSession)={[/saveCountExam.do]}, public java.lang.String cn.test.email.controller.TestQuestionsController.randomQuestion(javax.servlet.http.HttpSession)={[/randomQuestion.do]}, public java.lang.String cn.test.email.controller.TestQuestionsController.randomQuestionDo(java.lang.Integer,java.lang.Integer,java.lang.Integer,javax.servlet.http.HttpSession,org.springframework.ui.Model)={[/randomQuestionDo.do]}}
[localhost-startStop-1] INFO org.springframework.web.servlet.mvc.method.annotation.RequestMappingHandlerMapping - Mapped "{[/add.do]}" onto public java.lang.String cn.test.email.controller.TestQuestionsController.add(java.lang.String,org.springframework.ui.Model,java.lang.Integer)
[localhost-startStop-1] INFO org.springframework.web.servlet.mvc.method.annotation.RequestMappingHandlerMapping - Mapped "{[/update.do]}" onto public java.lang.String cn.test.email.controller.TestQuestionsController.update(java.lang.Integer,org.springframework.ui.Model)
[localhost-startStop-1] INFO org.springframework.web.servlet.mvc.method.annotation.RequestMappingHandlerMapping - Mapped "{[/showErrorQuestion.do]}" onto public java.lang.String cn.test.email.controller.TestQuestionsController.showErrorQuestion(javax.servlet.http.HttpSession,java.lang.Integer,java.lang.Integer,cn.test.email.model.ErrorQuestionVo,org.springframework.ui.Model)
[localhost-startStop-1] INFO org.springframework.web.servlet.mvc.method.annotation.RequestMappingHandlerMapping - Mapped "{[/vipRandomQuestion.do]}" onto public java.lang.String cn.test.email.controller.TestQuestionsController.vipRandomQuestion(java.lang.Integer,org.springframework.ui.Model)
[localhost-startStop-1] INFO org.springframework.web.servlet.mvc.method.annotation.RequestMappingHandlerMapping - Mapped "{[/deleteDo.do]}" onto public java.lang.String cn.test.email.controller.TestQuestionsController.deleteDo(java.lang.Integer,java.lang.String,java.lang.Integer) throws java.lang.Exception
[localhost-startStop-1] INFO org.springframework.web.servlet.mvc.method.annotation.RequestMappingHandlerMapping - Mapped "{[/updateDo.do]}" onto public java.lang.String cn.test.email.controller.TestQuestionsController.updateDo(cn.test.email.model.TExamQuestion,java.lang.String[])
[localhost-startStop-1] INFO org.springframework.web.servlet.mvc.method.annotation.RequestMappingHandlerMapping - Mapped "{[/addDo.do]}" onto public java.lang.String cn.test.email.controller.TestQuestionsController.addDo(cn.test.email.model.TExamQuestion,java.lang.String[])
[localhost-startStop-1] INFO org.springframework.web.servlet.mvc.method.annotation.RequestMappingHandlerMapping - Mapped "{[/selectDel.do]}" onto public java.lang.String cn.test.email.controller.TestQuestionsController.selectDel(java.lang.Integer[],java.lang.String,java.lang.Integer)
[localhost-startStop-1] INFO org.springframework.web.servlet.mvc.method.annotation.RequestMappingHandlerMapping - Mapped "{[/selectBySidDo.do]}" onto public java.lang.String cn.test.email.controller.TestQuestionsController.selectBySidDo(java.lang.Integer,java.lang.String,org.springframework.ui.Model) throws java.io.UnsupportedEncodingException
[localhost-startStop-1] INFO org.springframework.web.servlet.mvc.method.annotation.RequestMappingHandlerMapping - Mapped "{[/showQuestion.do]}" onto public java.lang.String cn.test.email.controller.TestQuestionsController.showQuestion(java.lang.Integer,java.lang.Integer,org.springframework.ui.Model,cn.test.email.model.TExamQuestionVo)
[localhost-startStop-1] INFO org.springframework.web.servlet.mvc.method.annotation.RequestMappingHandlerMapping - Mapped "{[/saveCountExam.do]}" onto public java.lang.String cn.test.email.controller.TestQuestionsController.saveCountExam(java.lang.String,javax.servlet.http.HttpSession)
[localhost-startStop-1] INFO org.springframework.web.servlet.mvc.method.annotation.RequestMappingHandlerMapping - Mapped "{[/randomQuestion.do]}" onto public java.lang.String cn.test.email.controller.TestQuestionsController.randomQuestion(javax.servlet.http.HttpSession)
[localhost-startStop-1] INFO org.springframework.web.servlet.mvc.method.annotation.RequestMappingHandlerMapping - Mapped "{[/randomQuestionDo.do]}" onto public java.lang.String cn.test.email.controller.TestQuestionsController.randomQuestionDo(java.lang.Integer,java.lang.Integer,java.lang.Integer,javax.servlet.http.HttpSession,org.springframework.ui.Model)
[localhost-startStop-1] DEBUG org.springframework.web.servlet.mvc.method.annotation.RequestMappingHandlerMapping - 8 request handler methods found on class cn.test.email.controller.UsersController: {public java.lang.String cn.test.email.controller.UsersController.register()={[/user/register]}, public java.lang.String cn.test.email.controller.UsersController.home()={[/user/home]}, public java.lang.String cn.test.email.controller.UsersController.login()={[/user/login]}, public java.lang.String cn.test.email.controller.UsersController.doLogin(cn.test.email.model.Users,javax.servlet.http.HttpSession,javax.servlet.http.HttpServletRequest) throws java.lang.Exception={[/user/dologin]}, public java.lang.String cn.test.email.controller.UsersController.updateRankDo(javax.servlet.http.HttpSession)={[/user/updateRankDo.do]}, public java.lang.String cn.test.email.controller.UsersController.loginOut(javax.servlet.http.HttpSession) throws java.lang.Exception={[/user/loginOut]}, public void cn.test.email.controller.UsersController.registerFindUser(cn.test.email.model.Users,javax.servlet.http.HttpServletResponse) throws java.lang.Exception={[/user/registerFindUser]}, public java.lang.String cn.test.email.controller.UsersController.doRegister(org.springframework.ui.Model,cn.test.email.model.Users,org.springframework.validation.BindingResult) throws java.lang.Exception={[/user/doregister]}}
[localhost-startStop-1] INFO org.springframework.web.servlet.mvc.method.annotation.RequestMappingHandlerMapping - Mapped "{[/user/register]}" onto public java.lang.String cn.test.email.controller.UsersController.register()
[localhost-startStop-1] INFO org.springframework.web.servlet.mvc.method.annotation.RequestMappingHandlerMapping - Mapped "{[/user/home]}" onto public java.lang.String cn.test.email.controller.UsersController.home()
[localhost-startStop-1] INFO org.springframework.web.servlet.mvc.method.annotation.RequestMappingHandlerMapping - Mapped "{[/user/login]}" onto public java.lang.String cn.test.email.controller.UsersController.login()
[localhost-startStop-1] INFO org.springframework.web.servlet.mvc.method.annotation.RequestMappingHandlerMapping - Mapped "{[/user/dologin]}" onto public java.lang.String cn.test.email.controller.UsersController.doLogin(cn.test.email.model.Users,javax.servlet.http.HttpSession,javax.servlet.http.HttpServletRequest) throws java.lang.Exception
[localhost-startStop-1] INFO org.springframework.web.servlet.mvc.method.annotation.RequestMappingHandlerMapping - Mapped "{[/user/updateRankDo.do]}" onto public java.lang.String cn.test.email.controller.UsersController.updateRankDo(javax.servlet.http.HttpSession)
[localhost-startStop-1] INFO org.springframework.web.servlet.mvc.method.annotation.RequestMappingHandlerMapping - Mapped "{[/user/loginOut]}" onto public java.lang.String cn.test.email.controller.UsersController.loginOut(javax.servlet.http.HttpSession) throws java.lang.Exception
[localhost-startStop-1] INFO org.springframework.web.servlet.mvc.method.annotation.RequestMappingHandlerMapping - Mapped "{[/user/registerFindUser]}" onto public void cn.test.email.controller.UsersController.registerFindUser(cn.test.email.model.Users,javax.servlet.http.HttpServletResponse) throws java.lang.Exception
[localhost-startStop-1] INFO org.springframework.web.servlet.mvc.method.annotation.RequestMappingHandlerMapping - Mapped "{[/user/doregister]}" onto public java.lang.String cn.test.email.controller.UsersController.doRegister(org.springframework.ui.Model,cn.test.email.model.Users,org.springframework.validation.BindingResult) throws java.lang.Exception
[localhost-startStop-1] DEBUG org.springframework.web.servlet.mvc.method.annotation.RequestMappingHandlerMapping - 1 request handler methods found on class cn.test.email.controller.WordController: {public static java.util.List cn.test.email.controller.WordController.myword(java.lang.String)={[/word/myword]}}
[localhost-startStop-1] INFO org.springframework.web.servlet.mvc.method.annotation.RequestMappingHandlerMapping - Mapped "{[/word/myword]}" onto public static java.util.List<java.lang.String> cn.test.email.controller.WordController.myword(java.lang.String)
[localhost-startStop-1] DEBUG org.springframework.beans.factory.support.DefaultListableBeanFactory - Finished creating instance of bean 'org.springframework.web.servlet.mvc.method.annotation.RequestMappingHandlerMapping'
[localhost-startStop-1] DEBUG org.springframework.beans.factory.support.DefaultListableBeanFactory - Returning cached instance of singleton bean 'mvcCorsConfigurations'
[localhost-startStop-1] DEBUG org.springframework.beans.factory.support.DefaultListableBeanFactory - Returning cached instance of singleton bean 'org.springframework.format.support.FormattingConversionServiceFactoryBean#0'
[localhost-startStop-1] DEBUG org.springframework.beans.factory.support.DefaultListableBeanFactory - Creating shared instance of singleton bean 'org.springframework.web.servlet.mvc.method.annotation.RequestMappingHandlerAdapter'
[localhost-startStop-1] DEBUG org.springframework.beans.factory.support.DefaultListableBeanFactory - Creating instance of bean 'org.springframework.web.servlet.mvc.method.annotation.RequestMappingHandlerAdapter'
[localhost-startStop-1] DEBUG org.springframework.beans.factory.support.DefaultListableBeanFactory - Eagerly caching bean 'org.springframework.web.servlet.mvc.method.annotation.RequestMappingHandlerAdapter' to allow for resolving potential circular references
[localhost-startStop-1] DEBUG org.springframework.beans.factory.support.DefaultListableBeanFactory - Returning cached instance of singleton bean 'mvcContentNegotiationManager'
[localhost-startStop-1] DEBUG org.springframework.beans.factory.support.DefaultListableBeanFactory - Creating instance of bean '(inner bean)#2d523f0d'
[localhost-startStop-1] DEBUG org.springframework.beans.factory.support.DefaultListableBeanFactory - Returning cached instance of singleton bean 'org.springframework.format.support.FormattingConversionServiceFactoryBean#0'
[localhost-startStop-1] DEBUG org.springframework.beans.factory.support.DefaultListableBeanFactory - Creating shared instance of singleton bean 'validator'
[localhost-startStop-1] DEBUG org.springframework.beans.factory.support.DefaultListableBeanFactory - Creating instance of bean 'validator'
[localhost-startStop-1] DEBUG org.springframework.beans.factory.support.DefaultListableBeanFactory - Eagerly caching bean 'validator' to allow for resolving potential circular references
[localhost-startStop-1] DEBUG org.springframework.beans.factory.support.DefaultListableBeanFactory - Returning cached instance of singleton bean 'messageSource'
[localhost-startStop-1] DEBUG org.jboss.logging - Logging Provider: org.jboss.logging.Log4jLoggerProvider
[localhost-startStop-1] DEBUG org.springframework.beans.factory.support.DefaultListableBeanFactory - Invoking afterPropertiesSet() on bean with name 'validator'
[localhost-startStop-1] INFO org.hibernate.validator.internal.util.Version - HV000001: Hibernate Validator 5.2.4.Final
[localhost-startStop-1] DEBUG org.hibernate.validator.internal.engine.resolver.DefaultTraversableResolver - Cannot find javax.persistence.Persistence on classpath. Assuming non JPA 2 environment. All properties will per default be traversable.
[localhost-startStop-1] DEBUG org.hibernate.validator.internal.engine.ConfigurationImpl - Setting custom MessageInterpolator of type org.springframework.validation.beanvalidation.LocaleContextMessageInterpolator
[localhost-startStop-1] DEBUG org.hibernate.validator.internal.engine.ConfigurationImpl - Setting custom ConstraintValidatorFactory of type org.springframework.validation.beanvalidation.SpringConstraintValidatorFactory
[localhost-startStop-1] DEBUG org.hibernate.validator.internal.engine.ConfigurationImpl - Setting custom ParameterNameProvider of type com.sun.proxy.$Proxy46
[localhost-startStop-1] DEBUG org.hibernate.validator.internal.xml.ValidationXmlParser - Trying to load META-INF/validation.xml for XML based Validator configuration.
[localhost-startStop-1] DEBUG org.hibernate.validator.internal.xml.ResourceLoaderHelper - Trying to load META-INF/validation.xml via user class loader
[localhost-startStop-1] DEBUG org.hibernate.validator.internal.xml.ResourceLoaderHelper - Trying to load META-INF/validation.xml via TCCL
[localhost-startStop-1] DEBUG org.hibernate.validator.internal.xml.ResourceLoaderHelper - Trying to load META-INF/validation.xml via Hibernate Validator's class loader
[localhost-startStop-1] DEBUG org.hibernate.validator.internal.xml.ValidationXmlParser - No META-INF/validation.xml found. Using annotation based configuration only.
[localhost-startStop-1] DEBUG org.springframework.beans.factory.support.DefaultListableBeanFactory - Finished creating instance of bean 'validator'
[localhost-startStop-1] DEBUG org.springframework.beans.factory.support.DefaultListableBeanFactory - Finished creating instance of bean '(inner bean)#2d523f0d'
[localhost-startStop-1] DEBUG org.springframework.beans.factory.support.DefaultListableBeanFactory - Creating instance of bean '(inner bean)#214fac23'
[localhost-startStop-1] DEBUG org.springframework.beans.factory.support.DefaultListableBeanFactory - Finished creating instance of bean '(inner bean)#214fac23'
[localhost-startStop-1] DEBUG org.springframework.beans.factory.support.DefaultListableBeanFactory - Creating instance of bean '(inner bean)#3e7a1d6d'
[localhost-startStop-1] DEBUG org.springframework.beans.factory.support.DefaultListableBeanFactory - Finished creating instance of bean '(inner bean)#3e7a1d6d'
[localhost-startStop-1] DEBUG org.springframework.beans.factory.support.DefaultListableBeanFactory - Creating instance of bean '(inner bean)#4d3966a0'
[localhost-startStop-1] DEBUG org.springframework.beans.factory.support.DefaultListableBeanFactory - Finished creating instance of bean '(inner bean)#4d3966a0'
[localhost-startStop-1] DEBUG org.springframework.beans.factory.support.DefaultListableBeanFactory - Creating instance of bean '(inner bean)#4345f7f3'
[localhost-startStop-1] DEBUG org.springframework.beans.factory.support.DefaultListableBeanFactory - Finished creating instance of bean '(inner bean)#4345f7f3'
[localhost-startStop-1] DEBUG org.springframework.beans.factory.support.DefaultListableBeanFactory - Creating instance of bean '(inner bean)#7532af3b'
[localhost-startStop-1] DEBUG org.springframework.beans.factory.support.DefaultListableBeanFactory - Finished creating instance of bean '(inner bean)#7532af3b'
[localhost-startStop-1] DEBUG org.springframework.beans.factory.support.DefaultListableBeanFactory - Creating instance of bean '(inner bean)#47049593'
[localhost-startStop-1] DEBUG org.springframework.beans.factory.support.DefaultListableBeanFactory - Finished creating instance of bean '(inner bean)#47049593'
[localhost-startStop-1] DEBUG org.springframework.beans.factory.support.DefaultListableBeanFactory - Invoking afterPropertiesSet() on bean with name 'org.springframework.web.servlet.mvc.method.annotation.RequestMappingHandlerAdapter'
[localhost-startStop-1] INFO org.springframework.web.servlet.mvc.method.annotation.RequestMappingHandlerAdapter - Looking for @ControllerAdvice: Root WebApplicationContext: startup date [Tue Nov 28 09:32:43 CST 2017]; root of context hierarchy
[localhost-startStop-1] DEBUG org.springframework.beans.factory.support.DefaultListableBeanFactory - Finished creating instance of bean 'org.springframework.web.servlet.mvc.method.annotation.RequestMappingHandlerAdapter'
[localhost-startStop-1] DEBUG org.springframework.beans.factory.support.DefaultListableBeanFactory - Creating shared instance of singleton bean 'mvcUriComponentsContributor'
[localhost-startStop-1] DEBUG org.springframework.beans.factory.support.DefaultListableBeanFactory - Creating instance of bean 'mvcUriComponentsContributor'
[localhost-startStop-1] DEBUG org.springframework.beans.factory.support.DefaultListableBeanFactory - Eagerly caching bean 'mvcUriComponentsContributor' to allow for resolving potential circular references
[localhost-startStop-1] DEBUG org.springframework.beans.factory.support.DefaultListableBeanFactory - Creating instance of bean '(inner bean)#4ed170f'
[localhost-startStop-1] DEBUG org.springframework.beans.factory.support.DefaultListableBeanFactory - Returning cached instance of singleton bean 'mvcContentNegotiationManager'
[localhost-startStop-1] DEBUG org.springframework.beans.factory.support.DefaultListableBeanFactory - Creating instance of bean '(inner bean)#2d523f0d#1'
[localhost-startStop-1] DEBUG org.springframework.beans.factory.support.DefaultListableBeanFactory - Returning cached instance of singleton bean 'org.springframework.format.support.FormattingConversionServiceFactoryBean#0'
[localhost-startStop-1] DEBUG org.springframework.beans.factory.support.DefaultListableBeanFactory - Returning cached instance of singleton bean 'validator'
[localhost-startStop-1] DEBUG org.springframework.beans.factory.support.DefaultListableBeanFactory - Finished creating instance of bean '(inner bean)#2d523f0d#1'
[localhost-startStop-1] DEBUG org.springframework.beans.factory.support.DefaultListableBeanFactory - Creating instance of bean '(inner bean)#214fac23#1'
[localhost-startStop-1] DEBUG org.springframework.beans.factory.support.DefaultListableBeanFactory - Finished creating instance of bean '(inner bean)#214fac23#1'
[localhost-startStop-1] DEBUG org.springframework.beans.factory.support.DefaultListableBeanFactory - Creating instance of bean '(inner bean)#3e7a1d6d#1'
[localhost-startStop-1] DEBUG org.springframework.beans.factory.support.DefaultListableBeanFactory - Finished creating instance of bean '(inner bean)#3e7a1d6d#1'
[localhost-startStop-1] DEBUG org.springframework.beans.factory.support.DefaultListableBeanFactory - Creating instance of bean '(inner bean)#4d3966a0#1'
[localhost-startStop-1] DEBUG org.springframework.beans.factory.support.DefaultListableBeanFactory - Finished creating instance of bean '(inner bean)#4d3966a0#1'
[localhost-startStop-1] DEBUG org.springframework.beans.factory.support.DefaultListableBeanFactory - Creating instance of bean '(inner bean)#4345f7f3#1'
[localhost-startStop-1] DEBUG org.springframework.beans.factory.support.DefaultListableBeanFactory - Finished creating instance of bean '(inner bean)#4345f7f3#1'
[localhost-startStop-1] DEBUG org.springframework.beans.factory.support.DefaultListableBeanFactory - Creating instance of bean '(inner bean)#7532af3b#1'
[localhost-startStop-1] DEBUG org.springframework.beans.factory.support.DefaultListableBeanFactory - Finished creating instance of bean '(inner bean)#7532af3b#1'
[localhost-startStop-1] DEBUG org.springframework.beans.factory.support.DefaultListableBeanFactory - Creating instance of bean '(inner bean)#47049593#1'
[localhost-startStop-1] DEBUG org.springframework.beans.factory.support.DefaultListableBeanFactory - Finished creating instance of bean '(inner bean)#47049593#1'
[localhost-startStop-1] DEBUG org.springframework.beans.factory.support.DefaultListableBeanFactory - Invoking afterPropertiesSet() on bean with name '(inner bean)#4ed170f'
[localhost-startStop-1] INFO org.springframework.web.servlet.mvc.method.annotation.RequestMappingHandlerAdapter - Looking for @ControllerAdvice: Root WebApplicationContext: startup date [Tue Nov 28 09:32:43 CST 2017]; root of context hierarchy
[localhost-startStop-1] DEBUG org.springframework.beans.factory.support.DefaultListableBeanFactory - Finished creating instance of bean '(inner bean)#4ed170f'
[localhost-startStop-1] DEBUG org.springframework.beans.factory.support.DefaultListableBeanFactory - Returning cached instance of singleton bean 'org.springframework.format.support.FormattingConversionServiceFactoryBean#0'
[localhost-startStop-1] DEBUG org.springframework.beans.factory.support.DefaultListableBeanFactory - Invoking afterPropertiesSet() on bean with name 'mvcUriComponentsContributor'
[localhost-startStop-1] DEBUG org.springframework.beans.factory.support.DefaultListableBeanFactory - Finished creating instance of bean 'mvcUriComponentsContributor'
[localhost-startStop-1] DEBUG org.springframework.beans.factory.support.DefaultListableBeanFactory - Returning cached instance of singleton bean 'org.springframework.web.servlet.handler.MappedInterceptor#0'
[localhost-startStop-1] DEBUG org.springframework.beans.factory.support.DefaultListableBeanFactory - Creating shared instance of singleton bean 'org.springframework.web.servlet.mvc.method.annotation.ExceptionHandlerExceptionResolver#0'
[localhost-startStop-1] DEBUG org.springframework.beans.factory.support.DefaultListableBeanFactory - Creating instance of bean 'org.springframework.web.servlet.mvc.method.annotation.ExceptionHandlerExceptionResolver#0'
[localhost-startStop-1] DEBUG org.springframework.beans.factory.support.DefaultListableBeanFactory - Eagerly caching bean 'org.springframework.web.servlet.mvc.method.annotation.ExceptionHandlerExceptionResolver#0' to allow for resolving potential circular references
[localhost-startStop-1] DEBUG org.springframework.beans.factory.support.DefaultListableBeanFactory - Returning cached instance of singleton bean 'mvcContentNegotiationManager'
[localhost-startStop-1] DEBUG org.springframework.beans.factory.support.DefaultListableBeanFactory - Creating instance of bean '(inner bean)#214fac23#2'
[localhost-startStop-1] DEBUG org.springframework.beans.factory.support.DefaultListableBeanFactory - Finished creating instance of bean '(inner bean)#214fac23#2'
[localhost-startStop-1] DEBUG org.springframework.beans.factory.support.DefaultListableBeanFactory - Creating instance of bean '(inner bean)#3e7a1d6d#2'
[localhost-startStop-1] DEBUG org.springframework.beans.factory.support.DefaultListableBeanFactory - Finished creating instance of bean '(inner bean)#3e7a1d6d#2'
[localhost-startStop-1] DEBUG org.springframework.beans.factory.support.DefaultListableBeanFactory - Creating instance of bean '(inner bean)#4d3966a0#2'
[localhost-startStop-1] DEBUG org.springframework.beans.factory.support.DefaultListableBeanFactory - Finished creating instance of bean '(inner bean)#4d3966a0#2'
[localhost-startStop-1] DEBUG org.springframework.beans.factory.support.DefaultListableBeanFactory - Creating instance of bean '(inner bean)#4345f7f3#2'
[localhost-startStop-1] DEBUG org.springframework.beans.factory.support.DefaultListableBeanFactory - Finished creating instance of bean '(inner bean)#4345f7f3#2'
[localhost-startStop-1] DEBUG org.springframework.beans.factory.support.DefaultListableBeanFactory - Creating instance of bean '(inner bean)#7532af3b#2'
[localhost-startStop-1] DEBUG org.springframework.beans.factory.support.DefaultListableBeanFactory - Finished creating instance of bean '(inner bean)#7532af3b#2'
[localhost-startStop-1] DEBUG org.springframework.beans.factory.support.DefaultListableBeanFactory - Creating instance of bean '(inner bean)#47049593#2'
[localhost-startStop-1] DEBUG org.springframework.beans.factory.support.DefaultListableBeanFactory - Finished creating instance of bean '(inner bean)#47049593#2'
[localhost-startStop-1] DEBUG org.springframework.beans.factory.support.DefaultListableBeanFactory - Invoking afterPropertiesSet() on bean with name 'org.springframework.web.servlet.mvc.method.annotation.ExceptionHandlerExceptionResolver#0'
[localhost-startStop-1] DEBUG org.springframework.web.servlet.mvc.method.annotation.ExceptionHandlerExceptionResolver - Looking for exception mappings: Root WebApplicationContext: startup date [Tue Nov 28 09:32:43 CST 2017]; root of context hierarchy
[localhost-startStop-1] DEBUG org.springframework.beans.factory.support.DefaultListableBeanFactory - Finished creating instance of bean 'org.springframework.web.servlet.mvc.method.annotation.ExceptionHandlerExceptionResolver#0'
[localhost-startStop-1] DEBUG org.springframework.beans.factory.support.DefaultListableBeanFactory - Creating shared instance of singleton bean 'org.springframework.web.servlet.mvc.annotation.ResponseStatusExceptionResolver#0'
[localhost-startStop-1] DEBUG org.springframework.beans.factory.support.DefaultListableBeanFactory - Creating instance of bean 'org.springframework.web.servlet.mvc.annotation.ResponseStatusExceptionResolver#0'
[localhost-startStop-1] DEBUG org.springframework.beans.factory.support.DefaultListableBeanFactory - Eagerly caching bean 'org.springframework.web.servlet.mvc.annotation.ResponseStatusExceptionResolver#0' to allow for resolving potential circular references
[localhost-startStop-1] DEBUG org.springframework.beans.factory.support.DefaultListableBeanFactory - Finished creating instance of bean 'org.springframework.web.servlet.mvc.annotation.ResponseStatusExceptionResolver#0'
[localhost-startStop-1] DEBUG org.springframework.beans.factory.support.DefaultListableBeanFactory - Creating shared instance of singleton bean 'org.springframework.web.servlet.mvc.support.DefaultHandlerExceptionResolver#0'
[localhost-startStop-1] DEBUG org.springframework.beans.factory.support.DefaultListableBeanFactory - Creating instance of bean 'org.springframework.web.servlet.mvc.support.DefaultHandlerExceptionResolver#0'
[localhost-startStop-1] DEBUG org.springframework.beans.factory.support.DefaultListableBeanFactory - Eagerly caching bean 'org.springframework.web.servlet.mvc.support.DefaultHandlerExceptionResolver#0' to allow for resolving potential circular references
[localhost-startStop-1] DEBUG org.springframework.beans.factory.support.DefaultListableBeanFactory - Finished creating instance of bean 'org.springframework.web.servlet.mvc.support.DefaultHandlerExceptionResolver#0'
[localhost-startStop-1] DEBUG org.springframework.beans.factory.support.DefaultListableBeanFactory - Creating shared instance of singleton bean 'org.springframework.web.servlet.handler.BeanNameUrlHandlerMapping'
[localhost-startStop-1] DEBUG org.springframework.beans.factory.support.DefaultListableBeanFactory - Creating instance of bean 'org.springframework.web.servlet.handler.BeanNameUrlHandlerMapping'
[localhost-startStop-1] DEBUG org.springframework.beans.factory.support.DefaultListableBeanFactory - Eagerly caching bean 'org.springframework.web.servlet.handler.BeanNameUrlHandlerMapping' to allow for resolving potential circular references
[localhost-startStop-1] DEBUG org.springframework.beans.factory.support.DefaultListableBeanFactory - Returning cached instance of singleton bean 'mvcCorsConfigurations'
[localhost-startStop-1] DEBUG org.springframework.beans.factory.support.DefaultListableBeanFactory - Returning cached instance of singleton bean 'org.springframework.web.servlet.handler.MappedInterceptor#0'
[localhost-startStop-1] DEBUG org.springframework.beans.factory.support.DefaultListableBeanFactory - Returning cached instance of singleton bean 'org.springframework.web.servlet.handler.MappedInterceptor#1'
[localhost-startStop-1] DEBUG org.springframework.web.servlet.handler.BeanNameUrlHandlerMapping - Looking for URL mappings in application context: Root WebApplicationContext: startup date [Tue Nov 28 09:32:43 CST 2017]; root of context hierarchy
[localhost-startStop-1] DEBUG org.springframework.web.servlet.handler.BeanNameUrlHandlerMapping - Rejected bean name 'org.springframework.context.support.PropertySourcesPlaceholderConfigurer#0': no URL paths identified
[localhost-startStop-1] DEBUG org.springframework.web.servlet.handler.BeanNameUrlHandlerMapping - Rejected bean name 'dataSource': no URL paths identified
[localhost-startStop-1] DEBUG org.springframework.web.servlet.handler.BeanNameUrlHandlerMapping - Rejected bean name 'sqlSessionFactory': no URL paths identified
[localhost-startStop-1] DEBUG org.springframework.web.servlet.handler.BeanNameUrlHandlerMapping - Rejected bean name 'org.mybatis.spring.mapper.MapperScannerConfigurer#0': no URL paths identified
[localhost-startStop-1] DEBUG org.springframework.web.servlet.handler.BeanNameUrlHandlerMapping - Rejected bean name 'IUserService': no URL paths identified
[localhost-startStop-1] DEBUG org.springframework.web.servlet.handler.BeanNameUrlHandlerMapping - Rejected bean name 'statisticsServiceImpl': no URL paths identified
[localhost-startStop-1] DEBUG org.springframework.web.servlet.handler.BeanNameUrlHandlerMapping - Rejected bean name 'testParperServiceImpl': no URL paths identified
[localhost-startStop-1] DEBUG org.springframework.web.servlet.handler.BeanNameUrlHandlerMapping - Rejected bean name 'testQuestionsServiceImpl': no URL paths identified
[localhost-startStop-1] DEBUG org.springframework.web.servlet.handler.BeanNameUrlHandlerMapping - Rejected bean name 'org.springframework.context.annotation.internalConfigurationAnnotationProcessor': no URL paths identified
[localhost-startStop-1] DEBUG org.springframework.web.servlet.handler.BeanNameUrlHandlerMapping - Rejected bean name 'org.springframework.context.annotation.internalAutowiredAnnotationProcessor': no URL paths identified
[localhost-startStop-1] DEBUG org.springframework.web.servlet.handler.BeanNameUrlHandlerMapping - Rejected bean name 'org.springframework.context.annotation.internalRequiredAnnotationProcessor': no URL paths identified
[localhost-startStop-1] DEBUG org.springframework.web.servlet.handler.BeanNameUrlHandlerMapping - Rejected bean name 'org.springframework.context.annotation.internalCommonAnnotationProcessor': no URL paths identified
[localhost-startStop-1] DEBUG org.springframework.web.servlet.handler.BeanNameUrlHandlerMapping - Rejected bean name 'org.springframework.context.event.internalEventListenerProcessor': no URL paths identified
[localhost-startStop-1] DEBUG org.springframework.web.servlet.handler.BeanNameUrlHandlerMapping - Rejected bean name 'org.springframework.context.event.internalEventListenerFactory': no URL paths identified
[localhost-startStop-1] DEBUG org.springframework.web.servlet.handler.BeanNameUrlHandlerMapping - Rejected bean name 'transactionManager': no URL paths identified
[localhost-startStop-1] DEBUG org.springframework.web.servlet.handler.BeanNameUrlHandlerMapping - Rejected bean name 'txAdvice': no URL paths identified
[localhost-startStop-1] DEBUG org.springframework.web.servlet.handler.BeanNameUrlHandlerMapping - Rejected bean name 'org.springframework.context.annotation.internalAsyncAnnotationProcessor': no URL paths identified
[localhost-startStop-1] DEBUG org.springframework.web.servlet.handler.BeanNameUrlHandlerMapping - Rejected bean name 'org.springframework.context.annotation.internalScheduledAnnotationProcessor': no URL paths identified
[localhost-startStop-1] DEBUG org.springframework.web.servlet.handler.BeanNameUrlHandlerMapping - Rejected bean name 'qbScheduler': no URL paths identified
[localhost-startStop-1] DEBUG org.springframework.web.servlet.handler.BeanNameUrlHandlerMapping - Rejected bean name 'statisticsController': no URL paths identified
[localhost-startStop-1] DEBUG org.springframework.web.servlet.handler.BeanNameUrlHandlerMapping - Rejected bean name 'testPaperController': no URL paths identified
[localhost-startStop-1] DEBUG org.springframework.web.servlet.handler.BeanNameUrlHandlerMapping - Rejected bean name 'testQuestionsController': no URL paths identified
[localhost-startStop-1] DEBUG org.springframework.web.servlet.handler.BeanNameUrlHandlerMapping - Rejected bean name 'testTask': no URL paths identified
[localhost-startStop-1] DEBUG org.springframework.web.servlet.handler.BeanNameUrlHandlerMapping - Rejected bean name 'usersController': no URL paths identified
[localhost-startStop-1] DEBUG org.springframework.web.servlet.handler.BeanNameUrlHandlerMapping - Rejected bean name 'wordController': no URL paths identified
[localhost-startStop-1] DEBUG org.springframework.web.servlet.handler.BeanNameUrlHandlerMapping - Rejected bean name 'mvcContentNegotiationManager': no URL paths identified
[localhost-startStop-1] DEBUG org.springframework.web.servlet.handler.BeanNameUrlHandlerMapping - Rejected bean name 'org.springframework.web.servlet.mvc.method.annotation.RequestMappingHandlerMapping': no URL paths identified
[localhost-startStop-1] DEBUG org.springframework.web.servlet.handler.BeanNameUrlHandlerMapping - Rejected bean name 'mvcCorsConfigurations': no URL paths identified
[localhost-startStop-1] DEBUG org.springframework.web.servlet.handler.BeanNameUrlHandlerMapping - Rejected bean name 'org.springframework.format.support.FormattingConversionServiceFactoryBean#0': no URL paths identified
[localhost-startStop-1] DEBUG org.springframework.web.servlet.handler.BeanNameUrlHandlerMapping - Rejected bean name 'org.springframework.web.servlet.mvc.method.annotation.RequestMappingHandlerAdapter': no URL paths identified
[localhost-startStop-1] DEBUG org.springframework.web.servlet.handler.BeanNameUrlHandlerMapping - Rejected bean name 'mvcUriComponentsContributor': no URL paths identified
[localhost-startStop-1] DEBUG org.springframework.web.servlet.handler.BeanNameUrlHandlerMapping - Rejected bean name 'org.springframework.web.servlet.handler.MappedInterceptor#0': no URL paths identified
[localhost-startStop-1] DEBUG org.springframework.web.servlet.handler.BeanNameUrlHandlerMapping - Rejected bean name 'org.springframework.web.servlet.mvc.method.annotation.ExceptionHandlerExceptionResolver#0': no URL paths identified
[localhost-startStop-1] DEBUG org.springframework.web.servlet.handler.BeanNameUrlHandlerMapping - Rejected bean name 'org.springframework.web.servlet.mvc.annotation.ResponseStatusExceptionResolver#0': no URL paths identified
[localhost-startStop-1] DEBUG org.springframework.web.servlet.handler.BeanNameUrlHandlerMapping - Rejected bean name 'org.springframework.web.servlet.mvc.support.DefaultHandlerExceptionResolver#0': no URL paths identified
[localhost-startStop-1] DEBUG org.springframework.web.servlet.handler.BeanNameUrlHandlerMapping - Rejected bean name 'org.springframework.web.servlet.handler.BeanNameUrlHandlerMapping': no URL paths identified
[localhost-startStop-1] DEBUG org.springframework.web.servlet.handler.BeanNameUrlHandlerMapping - Rejected bean name 'org.springframework.web.servlet.mvc.HttpRequestHandlerAdapter': no URL paths identified
[localhost-startStop-1] DEBUG org.springframework.web.servlet.handler.BeanNameUrlHandlerMapping - Rejected bean name 'org.springframework.web.servlet.mvc.SimpleControllerHandlerAdapter': no URL paths identified
[localhost-startStop-1] DEBUG org.springframework.web.servlet.handler.BeanNameUrlHandlerMapping - Rejected bean name 'org.springframework.web.servlet.view.InternalResourceViewResolver#0': no URL paths identified
[localhost-startStop-1] DEBUG org.springframework.web.servlet.handler.BeanNameUrlHandlerMapping - Rejected bean name 'validator': no URL paths identified
[localhost-startStop-1] DEBUG org.springframework.web.servlet.handler.BeanNameUrlHandlerMapping - Rejected bean name 'messageSource': no URL paths identified
[localhost-startStop-1] DEBUG org.springframework.web.servlet.handler.BeanNameUrlHandlerMapping - Rejected bean name 'cn.test.email.exception.CustomExceptionResolver#0': no URL paths identified
[localhost-startStop-1] DEBUG org.springframework.web.servlet.handler.BeanNameUrlHandlerMapping - Rejected bean name 'org.springframework.web.servlet.handler.MappedInterceptor#1': no URL paths identified
[localhost-startStop-1] DEBUG org.springframework.web.servlet.handler.BeanNameUrlHandlerMapping - Rejected bean name 'statisticsMapper': no URL paths identified
[localhost-startStop-1] DEBUG org.springframework.web.servlet.handler.BeanNameUrlHandlerMapping - Rejected bean name 'testParperMapper': no URL paths identified
[localhost-startStop-1] DEBUG org.springframework.web.servlet.handler.BeanNameUrlHandlerMapping - Rejected bean name 'TExamQuestionMapper': no URL paths identified
[localhost-startStop-1] DEBUG org.springframework.web.servlet.handler.BeanNameUrlHandlerMapping - Rejected bean name 'usersMapper': no URL paths identified
[localhost-startStop-1] DEBUG org.springframework.web.servlet.handler.BeanNameUrlHandlerMapping - Rejected bean name 'environment': no URL paths identified
[localhost-startStop-1] DEBUG org.springframework.web.servlet.handler.BeanNameUrlHandlerMapping - Rejected bean name 'systemProperties': no URL paths identified
[localhost-startStop-1] DEBUG org.springframework.web.servlet.handler.BeanNameUrlHandlerMapping - Rejected bean name 'systemEnvironment': no URL paths identified
[localhost-startStop-1] DEBUG org.springframework.web.servlet.handler.BeanNameUrlHandlerMapping - Rejected bean name 'servletContext': no URL paths identified
[localhost-startStop-1] DEBUG org.springframework.web.servlet.handler.BeanNameUrlHandlerMapping - Rejected bean name 'contextParameters': no URL paths identified
[localhost-startStop-1] DEBUG org.springframework.web.servlet.handler.BeanNameUrlHandlerMapping - Rejected bean name 'contextAttributes': no URL paths identified
[localhost-startStop-1] DEBUG org.springframework.web.servlet.handler.BeanNameUrlHandlerMapping - Rejected bean name 'org.springframework.context.annotation.ConfigurationClassPostProcessor.importRegistry': no URL paths identified
[localhost-startStop-1] DEBUG org.springframework.web.servlet.handler.BeanNameUrlHandlerMapping - Rejected bean name 'applicationEventMulticaster': no URL paths identified
[localhost-startStop-1] DEBUG org.springframework.beans.factory.support.DefaultListableBeanFactory - Finished creating instance of bean 'org.springframework.web.servlet.handler.BeanNameUrlHandlerMapping'
[localhost-startStop-1] DEBUG org.springframework.beans.factory.support.DefaultListableBeanFactory - Creating shared instance of singleton bean 'org.springframework.web.servlet.mvc.HttpRequestHandlerAdapter'
[localhost-startStop-1] DEBUG org.springframework.beans.factory.support.DefaultListableBeanFactory - Creating instance of bean 'org.springframework.web.servlet.mvc.HttpRequestHandlerAdapter'
[localhost-startStop-1] DEBUG org.springframework.beans.factory.support.DefaultListableBeanFactory - Eagerly caching bean 'org.springframework.web.servlet.mvc.HttpRequestHandlerAdapter' to allow for resolving potential circular references
[localhost-startStop-1] DEBUG org.springframework.beans.factory.support.DefaultListableBeanFactory - Finished creating instance of bean 'org.springframework.web.servlet.mvc.HttpRequestHandlerAdapter'
[localhost-startStop-1] DEBUG org.springframework.beans.factory.support.DefaultListableBeanFactory - Creating shared instance of singleton bean 'org.springframework.web.servlet.mvc.SimpleControllerHandlerAdapter'
[localhost-startStop-1] DEBUG org.springframework.beans.factory.support.DefaultListableBeanFactory - Creating instance of bean 'org.springframework.web.servlet.mvc.SimpleControllerHandlerAdapter'
[localhost-startStop-1] DEBUG org.springframework.beans.factory.support.DefaultListableBeanFactory - Eagerly caching bean 'org.springframework.web.servlet.mvc.SimpleControllerHandlerAdapter' to allow for resolving potential circular references
[localhost-startStop-1] DEBUG org.springframework.beans.factory.support.DefaultListableBeanFactory - Finished creating instance of bean 'org.springframework.web.servlet.mvc.SimpleControllerHandlerAdapter'
[localhost-startStop-1] DEBUG org.springframework.beans.factory.support.DefaultListableBeanFactory - Creating shared instance of singleton bean 'org.springframework.web.servlet.view.InternalResourceViewResolver#0'
[localhost-startStop-1] DEBUG org.springframework.beans.factory.support.DefaultListableBeanFactory - Creating instance of bean 'org.springframework.web.servlet.view.InternalResourceViewResolver#0'
[localhost-startStop-1] DEBUG org.springframework.beans.factory.support.DefaultListableBeanFactory - Eagerly caching bean 'org.springframework.web.servlet.view.InternalResourceViewResolver#0' to allow for resolving potential circular references
[localhost-startStop-1] DEBUG org.springframework.beans.factory.support.DefaultListableBeanFactory - Finished creating instance of bean 'org.springframework.web.servlet.view.InternalResourceViewResolver#0'
[localhost-startStop-1] DEBUG org.springframework.beans.factory.support.DefaultListableBeanFactory - Returning cached instance of singleton bean 'validator'
[localhost-startStop-1] DEBUG org.springframework.beans.factory.support.DefaultListableBeanFactory - Returning cached instance of singleton bean 'messageSource'
[localhost-startStop-1] DEBUG org.springframework.beans.factory.support.DefaultListableBeanFactory - Creating shared instance of singleton bean 'cn.test.email.exception.CustomExceptionResolver#0'
[localhost-startStop-1] DEBUG org.springframework.beans.factory.support.DefaultListableBeanFactory - Creating instance of bean 'cn.test.email.exception.CustomExceptionResolver#0'
[localhost-startStop-1] DEBUG org.springframework.beans.factory.support.DefaultListableBeanFactory - Eagerly caching bean 'cn.test.email.exception.CustomExceptionResolver#0' to allow for resolving potential circular references
[localhost-startStop-1] DEBUG org.springframework.beans.factory.support.DefaultListableBeanFactory - Finished creating instance of bean 'cn.test.email.exception.CustomExceptionResolver#0'
[localhost-startStop-1] DEBUG org.springframework.beans.factory.support.DefaultListableBeanFactory - Returning cached instance of singleton bean 'org.springframework.web.servlet.handler.MappedInterceptor#1'
[localhost-startStop-1] DEBUG org.springframework.beans.factory.support.DefaultListableBeanFactory - Returning cached instance of singleton bean 'statisticsMapper'
[localhost-startStop-1] DEBUG org.springframework.beans.factory.support.DefaultListableBeanFactory - Returning cached instance of singleton bean 'testParperMapper'
[localhost-startStop-1] DEBUG org.springframework.beans.factory.support.DefaultListableBeanFactory - Returning cached instance of singleton bean 'TExamQuestionMapper'
[localhost-startStop-1] DEBUG org.springframework.beans.factory.support.DefaultListableBeanFactory - Returning cached instance of singleton bean 'usersMapper'
[localhost-startStop-1] DEBUG org.springframework.beans.factory.support.DefaultListableBeanFactory - Returning cached instance of singleton bean 'org.springframework.context.event.internalEventListenerFactory'
[localhost-startStop-1] DEBUG org.springframework.web.context.support.XmlWebApplicationContext - Unable to locate LifecycleProcessor with name 'lifecycleProcessor': using default [org.springframework.context.support.DefaultLifecycleProcessor@9369d29]
[localhost-startStop-1] DEBUG org.springframework.beans.factory.support.DefaultListableBeanFactory - Returning cached instance of singleton bean 'lifecycleProcessor'
[localhost-startStop-1] DEBUG org.springframework.beans.factory.support.DefaultListableBeanFactory - Returning cached instance of singleton bean 'sqlSessionFactory'
[localhost-startStop-1] DEBUG org.springframework.beans.factory.support.DefaultListableBeanFactory - Returning cached instance of singleton bean 'org.springframework.context.annotation.internalScheduledAnnotationProcessor'
[localhost-startStop-1] DEBUG org.springframework.jndi.JndiTemplate - Looking up JNDI object with name [java:comp/env/spring.liveBeansView.mbeanDomain]
[localhost-startStop-1] DEBUG org.springframework.jndi.JndiLocatorDelegate - Converted JNDI name [java:comp/env/spring.liveBeansView.mbeanDomain] not found - trying original name [spring.liveBeansView.mbeanDomain]. javax.naming.NameNotFoundException: Name [spring.liveBeansView.mbeanDomain] is not bound in this Context. Unable to find [spring.liveBeansView.mbeanDomain].
[localhost-startStop-1] DEBUG org.springframework.jndi.JndiTemplate - Looking up JNDI object with name [spring.liveBeansView.mbeanDomain]
[localhost-startStop-1] DEBUG org.springframework.jndi.JndiPropertySource - JNDI lookup for name [spring.liveBeansView.mbeanDomain] threw NamingException with message: Name [spring.liveBeansView.mbeanDomain] is not bound in this Context. Unable to find [spring.liveBeansView.mbeanDomain].. Returning null.
[localhost-startStop-1] DEBUG org.springframework.core.env.PropertySourcesPropertyResolver - Could not find key 'spring.liveBeansView.mbeanDomain' in any property source
[localhost-startStop-1] DEBUG org.springframework.web.context.ContextLoader - Published root WebApplicationContext as ServletContext attribute with name [org.springframework.web.context.WebApplicationContext.ROOT]
[localhost-startStop-1] INFO org.springframework.web.context.ContextLoader - Root WebApplicationContext: initialization completed in 7143 ms
[localhost-startStop-1] DEBUG org.springframework.web.filter.CharacterEncodingFilter - Initializing filter 'VoteFilter'
[localhost-startStop-1] DEBUG org.springframework.web.context.support.StandardServletEnvironment - Adding [servletConfigInitParams] PropertySource with lowest search precedence
[localhost-startStop-1] DEBUG org.springframework.web.context.support.StandardServletEnvironment - Adding [servletContextInitParams] PropertySource with lowest search precedence
[localhost-startStop-1] DEBUG org.springframework.web.context.support.StandardServletEnvironment - Adding [jndiProperties] PropertySource with lowest search precedence
[localhost-startStop-1] DEBUG org.springframework.web.context.support.StandardServletEnvironment - Adding [systemProperties] PropertySource with lowest search precedence
[localhost-startStop-1] DEBUG org.springframework.web.context.support.StandardServletEnvironment - Adding [systemEnvironment] PropertySource with lowest search precedence
[localhost-startStop-1] DEBUG org.springframework.web.context.support.StandardServletEnvironment - Initialized StandardServletEnvironment with PropertySources [servletConfigInitParams,servletContextInitParams,jndiProperties,systemProperties,systemEnvironment]
[localhost-startStop-1] DEBUG org.springframework.web.filter.CharacterEncodingFilter - Filter 'VoteFilter' configured successfully
[http-bio-80-exec-1] DEBUG org.springframework.web.servlet.DispatcherServlet - Initializing servlet 'springmvc'
[http-bio-80-exec-1] DEBUG org.springframework.web.context.support.StandardServletEnvironment - Adding [servletConfigInitParams] PropertySource with lowest search precedence
[http-bio-80-exec-1] DEBUG org.springframework.web.context.support.StandardServletEnvironment - Adding [servletContextInitParams] PropertySource with lowest search precedence
[http-bio-80-exec-1] DEBUG org.springframework.web.context.support.StandardServletEnvironment - Adding [jndiProperties] PropertySource with lowest search precedence
[http-bio-80-exec-1] DEBUG org.springframework.web.context.support.StandardServletEnvironment - Adding [systemProperties] PropertySource with lowest search precedence
[http-bio-80-exec-1] DEBUG org.springframework.web.context.support.StandardServletEnvironment - Adding [systemEnvironment] PropertySource with lowest search precedence
[http-bio-80-exec-1] DEBUG org.springframework.web.context.support.StandardServletEnvironment - Initialized StandardServletEnvironment with PropertySources [servletConfigInitParams,servletContextInitParams,jndiProperties,systemProperties,systemEnvironment]
[http-bio-80-exec-1] INFO org.springframework.web.servlet.DispatcherServlet - FrameworkServlet 'springmvc': initialization started
[http-bio-80-exec-1] DEBUG org.springframework.web.servlet.DispatcherServlet - Servlet with name 'springmvc' will try to create custom WebApplicationContext context of class 'org.springframework.web.context.support.XmlWebApplicationContext', using parent context [Root WebApplicationContext: startup date [Tue Nov 28 09:32:43 CST 2017]; root of context hierarchy]
[http-bio-80-exec-1] DEBUG org.springframework.jndi.JndiTemplate - Looking up JNDI object with name [java:comp/env/spring.profiles.active]
[http-bio-80-exec-1] DEBUG org.springframework.jndi.JndiLocatorDelegate - Converted JNDI name [java:comp/env/spring.profiles.active] not found - trying original name [spring.profiles.active]. javax.naming.NameNotFoundException: Name [spring.profiles.active] is not bound in this Context. Unable to find [spring.profiles.active].
[http-bio-80-exec-1] DEBUG org.springframework.jndi.JndiTemplate - Looking up JNDI object with name [spring.profiles.active]
[http-bio-80-exec-1] DEBUG org.springframework.jndi.JndiPropertySource - JNDI lookup for name [spring.profiles.active] threw NamingException with message: Name [spring.profiles.active] is not bound in this Context. Unable to find [spring.profiles.active].. Returning null.
[http-bio-80-exec-1] DEBUG org.springframework.core.env.PropertySourcesPropertyResolver - Could not find key 'spring.profiles.active' in any property source
[http-bio-80-exec-1] DEBUG org.springframework.jndi.JndiTemplate - Looking up JNDI object with name [java:comp/env/spring.profiles.default]
[http-bio-80-exec-1] DEBUG org.springframework.jndi.JndiLocatorDelegate - Converted JNDI name [java:comp/env/spring.profiles.default] not found - trying original name [spring.profiles.default]. javax.naming.NameNotFoundException: Name [spring.profiles.default] is not bound in this Context. Unable to find [spring.profiles.default].
[http-bio-80-exec-1] DEBUG org.springframework.jndi.JndiTemplate - Looking up JNDI object with name [spring.profiles.default]
[http-bio-80-exec-1] DEBUG org.springframework.jndi.JndiPropertySource - JNDI lookup for name [spring.profiles.default] threw NamingException with message: Name [spring.profiles.default] is not bound in this Context. Unable to find [spring.profiles.default].. Returning null.
[http-bio-80-exec-1] DEBUG org.springframework.core.env.PropertySourcesPropertyResolver - Could not find key 'spring.profiles.default' in any property source
[http-bio-80-exec-1] DEBUG org.springframework.web.context.support.StandardServletEnvironment - Replacing [servletContextInitParams] PropertySource with [servletContextInitParams]
[http-bio-80-exec-1] DEBUG org.springframework.web.context.support.StandardServletEnvironment - Replacing [servletConfigInitParams] PropertySource with [servletConfigInitParams]
[http-bio-80-exec-1] INFO org.springframework.web.context.support.XmlWebApplicationContext - Refreshing WebApplicationContext for namespace 'springmvc-servlet': startup date [Tue Nov 28 09:33:04 CST 2017]; parent: Root WebApplicationContext
[http-bio-80-exec-1] DEBUG org.springframework.core.env.StandardEnvironment - Adding [systemProperties] PropertySource with lowest search precedence
[http-bio-80-exec-1] DEBUG org.springframework.core.env.StandardEnvironment - Adding [systemEnvironment] PropertySource with lowest search precedence
[http-bio-80-exec-1] DEBUG org.springframework.core.env.StandardEnvironment - Initialized StandardEnvironment with PropertySources [systemProperties,systemEnvironment]
[http-bio-80-exec-1] DEBUG org.springframework.core.io.support.PathMatchingResourcePatternResolver - Looking for matching resources in directory tree [G:\eclipse\eclipse\shixun\email\target\classes\spring]
[http-bio-80-exec-1] DEBUG org.springframework.core.io.support.PathMatchingResourcePatternResolver - Searching directory [G:\eclipse\eclipse\shixun\email\target\classes\spring] for files matching pattern [G:/eclipse/eclipse/shixun/email/target/classes/spring/spring-*.xml]
[http-bio-80-exec-1] DEBUG org.springframework.core.io.support.PathMatchingResourcePatternResolver - Resolved location pattern [classpath:spring/spring-*.xml] to resources [file [G:\eclipse\eclipse\shixun\email\target\classes\spring\spring-dao.xml], file [G:\eclipse\eclipse\shixun\email\target\classes\spring\spring-service.xml], file [G:\eclipse\eclipse\shixun\email\target\classes\spring\spring-transaction.xml], file [G:\eclipse\eclipse\shixun\email\target\classes\spring\spring-web.xml]]
[http-bio-80-exec-1] INFO org.springframework.beans.factory.xml.XmlBeanDefinitionReader - Loading XML bean definitions from file [G:\eclipse\eclipse\shixun\email\target\classes\spring\spring-dao.xml]
[http-bio-80-exec-1] DEBUG org.springframework.beans.factory.xml.DefaultDocumentLoader - Using JAXP provider [com.sun.org.apache.xerces.internal.jaxp.DocumentBuilderFactoryImpl]
[http-bio-80-exec-1] DEBUG org.springframework.beans.factory.xml.PluggableSchemaResolver - Loading schema mappings from [META-INF/spring.schemas]
[http-bio-80-exec-1] DEBUG org.springframework.beans.factory.xml.PluggableSchemaResolver - Loaded schema mappings: {http://www.springframework.org/schema/tx/spring-tx-4.3.xsd=org/springframework/transaction/config/spring-tx-4.3.xsd, http://www.springframework.org/schema/tx/spring-tx-2.5.xsd=org/springframework/transaction/config/spring-tx-2.5.xsd, http://www.springframework.org/schema/cache/spring-cache-4.2.xsd=org/springframework/cache/config/spring-cache-4.2.xsd, http://www.springframework.org/schema/aop/spring-aop-4.1.xsd=org/springframework/aop/config/spring-aop-4.1.xsd, http://www.springframework.org/schema/context/spring-context-3.1.xsd=org/springframework/context/config/spring-context-3.1.xsd, http://www.springframework.org/schema/jdbc/spring-jdbc-4.1.xsd=org/springframework/jdbc/config/spring-jdbc-4.1.xsd, http://www.springframework.org/schema/util/spring-util-3.0.xsd=org/springframework/beans/factory/xml/spring-util-3.0.xsd, http://www.springframework.org/schema/mvc/spring-mvc-4.1.xsd=org/springframework/web/servlet/config/spring-mvc-4.1.xsd, http://mybatis.org/schema/mybatis-spring-1.2.xsd=org/mybatis/spring/config/mybatis-spring-1.2.xsd, http://www.springframework.org/schema/tool/spring-tool.xsd=org/springframework/beans/factory/xml/spring-tool-4.3.xsd, http://www.springframework.org/schema/aop/spring-aop-3.2.xsd=org/springframework/aop/config/spring-aop-3.2.xsd, http://www.springframework.org/schema/lang/spring-lang-4.1.xsd=org/springframework/scripting/config/spring-lang-4.1.xsd, http://www.springframework.org/schema/context/spring-context-4.0.xsd=org/springframework/context/config/spring-context-4.0.xsd, http://www.springframework.org/schema/mvc/spring-mvc-3.2.xsd=org/springframework/web/servlet/config/spring-mvc-3.2.xsd, http://www.springframework.org/schema/beans/spring-beans-4.2.xsd=org/springframework/beans/factory/xml/spring-beans-4.2.xsd, http://www.springframework.org/schema/tool/spring-tool-4.1.xsd=org/springframework/beans/factory/xml/spring-tool-4.1.xsd, http://www.springframework.org/schema/lang/spring-lang-3.2.xsd=org/springframework/scripting/config/spring-lang-3.2.xsd, http://www.springframework.org/schema/cache/spring-cache-3.2.xsd=org/springframework/cache/config/spring-cache-3.2.xsd, http://www.springframework.org/schema/jee/spring-jee-4.1.xsd=org/springframework/ejb/config/spring-jee-4.1.xsd, http://www.springframework.org/schema/jdbc/spring-jdbc-3.1.xsd=org/springframework/jdbc/config/spring-jdbc-3.1.xsd, http://www.springframework.org/schema/task/spring-task-4.2.xsd=org/springframework/scheduling/config/spring-task-4.2.xsd, http://www.springframework.org/schema/util/spring-util-2.0.xsd=org/springframework/beans/factory/xml/spring-util-2.0.xsd, http://www.springframework.org/schema/tool/spring-tool-3.2.xsd=org/springframework/beans/factory/xml/spring-tool-3.2.xsd, http://www.springframework.org/schema/context/spring-context.xsd=org/springframework/context/config/spring-context-4.3.xsd, http://www.springframework.org/schema/tx/spring-tx-4.2.xsd=org/springframework/transaction/config/spring-tx-4.2.xsd, http://www.springframework.org/schema/cache/spring-cache-4.1.xsd=org/springframework/cache/config/spring-cache-4.1.xsd, http://www.springframework.org/schema/aop/spring-aop-4.0.xsd=org/springframework/aop/config/spring-aop-4.0.xsd, http://www.springframework.org/schema/jee/spring-jee-3.2.xsd=org/springframework/ejb/config/spring-jee-3.2.xsd, http://www.springframework.org/schema/context/spring-context-3.0.xsd=org/springframework/context/config/spring-context-3.0.xsd, http://www.springframework.org/schema/jdbc/spring-jdbc-4.0.xsd=org/springframework/jdbc/config/spring-jdbc-4.0.xsd, http://www.springframework.org/schema/util/spring-util-2.5.xsd=org/springframework/beans/factory/xml/spring-util-2.5.xsd, http://www.springframework.org/schema/mvc/spring-mvc-4.0.xsd=org/springframework/web/servlet/config/spring-mvc-4.0.xsd, http://www.springframework.org/schema/util/spring-util-4.3.xsd=org/springframework/beans/factory/xml/spring-util-4.3.xsd, http://www.springframework.org/schema/beans/spring-beans-3.2.xsd=org/springframework/beans/factory/xml/spring-beans-3.2.xsd, http://www.springframework.org/schema/aop/spring-aop-3.1.xsd=org/springframework/aop/config/spring-aop-3.1.xsd, http://www.springframework.org/schema/lang/spring-lang-4.0.xsd=org/springframework/scripting/config/spring-lang-4.0.xsd, http://www.springframework.org/schema/mvc/spring-mvc.xsd=org/springframework/web/servlet/config/spring-mvc-4.3.xsd, http://www.springframework.org/schema/mvc/spring-mvc-3.1.xsd=org/springframework/web/servlet/config/spring-mvc-3.1.xsd, http://www.springframework.org/schema/beans/spring-beans-4.1.xsd=org/springframework/beans/factory/xml/spring-beans-4.1.xsd, http://www.springframework.org/schema/tool/spring-tool-4.0.xsd=org/springframework/beans/factory/xml/spring-tool-4.0.xsd, http://www.springframework.org/schema/tx/spring-tx-3.2.xsd=org/springframework/transaction/config/spring-tx-3.2.xsd, http://www.springframework.org/schema/lang/spring-lang-3.1.xsd=org/springframework/scripting/config/spring-lang-3.1.xsd, http://www.springframework.org/schema/cache/spring-cache-3.1.xsd=org/springframework/cache/config/spring-cache-3.1.xsd, http://www.springframework.org/schema/jee/spring-jee-4.0.xsd=org/springframework/ejb/config/spring-jee-4.0.xsd, http://www.springframework.org/schema/jdbc/spring-jdbc-3.0.xsd=org/springframework/jdbc/config/spring-jdbc-3.0.xsd, http://www.springframework.org/schema/task/spring-task-4.1.xsd=org/springframework/scheduling/config/spring-task-4.1.xsd, http://www.springframework.org/schema/jdbc/spring-jdbc.xsd=org/springframework/jdbc/config/spring-jdbc-4.3.xsd, http://www.springframework.org/schema/tool/spring-tool-3.1.xsd=org/springframework/beans/factory/xml/spring-tool-3.1.xsd, http://www.springframework.org/schema/tx/spring-tx-4.1.xsd=org/springframework/transaction/config/spring-tx-4.1.xsd, http://www.springframework.org/schema/cache/spring-cache-4.0.xsd=org/springframework/cache/config/spring-cache-4.0.xsd, http://www.springframework.org/schema/jee/spring-jee-3.1.xsd=org/springframework/ejb/config/spring-jee-3.1.xsd, http://www.springframework.org/schema/task/spring-task-3.2.xsd=org/springframework/scheduling/config/spring-task-3.2.xsd, http://www.springframework.org/schema/util/spring-util-4.2.xsd=org/springframework/beans/factory/xml/spring-util-4.2.xsd, http://www.springframework.org/schema/beans/spring-beans-3.1.xsd=org/springframework/beans/factory/xml/spring-beans-3.1.xsd, http://www.springframework.org/schema/util/spring-util.xsd=org/springframework/beans/factory/xml/spring-util-4.3.xsd, http://www.springframework.org/schema/aop/spring-aop-3.0.xsd=org/springframework/aop/config/spring-aop-3.0.xsd, http://www.springframework.org/schema/mvc/spring-mvc-3.0.xsd=org/springframework/web/servlet/config/spring-mvc-3.0.xsd, http://www.springframework.org/schema/beans/spring-beans-4.0.xsd=org/springframework/beans/factory/xml/spring-beans-4.0.xsd, http://www.springframework.org/schema/beans/spring-beans.xsd=org/springframework/beans/factory/xml/spring-beans-4.3.xsd, http://mybatis.org/schema/mybatis-spring.xsd=org/mybatis/spring/config/mybatis-spring-1.2.xsd, http://www.springframework.org/schema/tx/spring-tx-3.1.xsd=org/springframework/transaction/config/spring-tx-3.1.xsd, http://www.springframework.org/schema/lang/spring-lang-3.0.xsd=org/springframework/scripting/config/spring-lang-3.0.xsd, http://www.springframework.org/schema/context/spring-context-2.5.xsd=org/springframework/context/config/spring-context-2.5.xsd, http://www.springframework.org/schema/context/spring-context-4.3.xsd=org/springframework/context/config/spring-context-4.3.xsd, http://www.springframework.org/schema/task/spring-task-4.0.xsd=org/springframework/scheduling/config/spring-task-4.0.xsd, http://www.springframework.org/schema/tool/spring-tool-3.0.xsd=org/springframework/beans/factory/xml/spring-tool-3.0.xsd, http://www.springframework.org/schema/tx/spring-tx-4.0.xsd=org/springframework/transaction/config/spring-tx-4.0.xsd, http://www.springframework.org/schema/aop/spring-aop-2.0.xsd=org/springframework/aop/config/spring-aop-2.0.xsd, http://www.springframework.org/schema/jee/spring-jee-3.0.xsd=org/springframework/ejb/config/spring-jee-3.0.xsd, http://www.springframework.org/schema/task/spring-task-3.1.xsd=org/springframework/scheduling/config/spring-task-3.1.xsd, http://www.springframework.org/schema/util/spring-util-4.1.xsd=org/springframework/beans/factory/xml/spring-util-4.1.xsd, http://www.springframework.org/schema/beans/spring-beans-3.0.xsd=org/springframework/beans/factory/xml/spring-beans-3.0.xsd, http://www.springframework.org/schema/jee/spring-jee.xsd=org/springframework/ejb/config/spring-jee-4.3.xsd, http://www.springframework.org/schema/aop/spring-aop-2.5.xsd=org/springframework/aop/config/spring-aop-2.5.xsd, http://www.springframework.org/schema/aop/spring-aop-4.3.xsd=org/springframework/aop/config/spring-aop-4.3.xsd, http://www.springframework.org/schema/lang/spring-lang-2.0.xsd=org/springframework/scripting/config/spring-lang-2.0.xsd, http://www.springframework.org/schema/jdbc/spring-jdbc-4.3.xsd=org/springframework/jdbc/config/spring-jdbc-4.3.xsd, http://www.springframework.org/schema/mvc/spring-mvc-4.3.xsd=org/springframework/web/servlet/config/spring-mvc-4.3.xsd, http://www.springframework.org/schema/util/spring-util-3.2.xsd=org/springframework/beans/factory/xml/spring-util-3.2.xsd, http://www.springframework.org/schema/task/spring-task.xsd=org/springframework/scheduling/config/spring-task-4.3.xsd, http://www.springframework.org/schema/tool/spring-tool-2.0.xsd=org/springframework/beans/factory/xml/spring-tool-2.0.xsd, http://www.springframework.org/schema/tx/spring-tx-3.0.xsd=org/springframework/transaction/config/spring-tx-3.0.xsd, http://www.springframework.org/schema/lang/spring-lang-4.3.xsd=org/springframework/scripting/config/spring-lang-4.3.xsd, http://www.springframework.org/schema/lang/spring-lang-2.5.xsd=org/springframework/scripting/config/spring-lang-2.5.xsd, http://www.springframework.org/schema/context/spring-context-4.2.xsd=org/springframework/context/config/spring-context-4.2.xsd, http://www.springframework.org/schema/jee/spring-jee-2.0.xsd=org/springframework/ejb/config/spring-jee-2.0.xsd, http://www.springframework.org/schema/tool/spring-tool-4.3.xsd=org/springframework/beans/factory/xml/spring-tool-4.3.xsd, http://www.springframework.org/schema/tool/spring-tool-2.5.xsd=org/springframework/beans/factory/xml/spring-tool-2.5.xsd, http://www.springframework.org/schema/jee/spring-jee-4.3.xsd=org/springframework/ejb/config/spring-jee-4.3.xsd, http://www.springframework.org/schema/jee/spring-jee-2.5.xsd=org/springframework/ejb/config/spring-jee-2.5.xsd, http://www.springframework.org/schema/task/spring-task-3.0.xsd=org/springframework/scheduling/config/spring-task-3.0.xsd, http://www.springframework.org/schema/util/spring-util-4.0.xsd=org/springframework/beans/factory/xml/spring-util-4.0.xsd, http://www.springframework.org/schema/cache/spring-cache-4.3.xsd=org/springframework/cache/config/spring-cache-4.3.xsd, http://www.springframework.org/schema/aop/spring-aop-4.2.xsd=org/springframework/aop/config/spring-aop-4.2.xsd, http://www.springframework.org/schema/lang/spring-lang.xsd=org/springframework/scripting/config/spring-lang-4.3.xsd, http://www.springframework.org/schema/context/spring-context-3.2.xsd=org/springframework/context/config/spring-context-3.2.xsd, http://www.springframework.org/schema/jdbc/spring-jdbc-4.2.xsd=org/springframework/jdbc/config/spring-jdbc-4.2.xsd, http://www.springframework.org/schema/mvc/spring-mvc-4.2.xsd=org/springframework/web/servlet/config/spring-mvc-4.2.xsd, http://www.springframework.org/schema/util/spring-util-3.1.xsd=org/springframework/beans/factory/xml/spring-util-3.1.xsd, http://www.springframework.org/schema/beans/spring-beans-2.0.xsd=org/springframework/beans/factory/xml/spring-beans-2.0.xsd, http://www.springframework.org/schema/cache/spring-cache.xsd=org/springframework/cache/config/spring-cache-4.3.xsd, http://www.springframework.org/schema/tx/spring-tx.xsd=org/springframework/transaction/config/spring-tx-4.3.xsd, http://www.springframework.org/schema/lang/spring-lang-4.2.xsd=org/springframework/scripting/config/spring-lang-4.2.xsd, http://www.springframework.org/schema/context/spring-context-4.1.xsd=org/springframework/context/config/spring-context-4.1.xsd, http://www.springframework.org/schema/beans/spring-beans-2.5.xsd=org/springframework/beans/factory/xml/spring-beans-2.5.xsd, http://www.springframework.org/schema/beans/spring-beans-4.3.xsd=org/springframework/beans/factory/xml/spring-beans-4.3.xsd, http://www.springframework.org/schema/tool/spring-tool-4.2.xsd=org/springframework/beans/factory/xml/spring-tool-4.2.xsd, http://www.springframework.org/schema/tx/spring-tx-2.0.xsd=org/springframework/transaction/config/spring-tx-2.0.xsd, http://www.alibaba.com/schema/stat.xsd=META-INF/stat.xsd, http://www.springframework.org/schema/jee/spring-jee-4.2.xsd=org/springframework/ejb/config/spring-jee-4.2.xsd, http://www.springframework.org/schema/jdbc/spring-jdbc-3.2.xsd=org/springframework/jdbc/config/spring-jdbc-3.2.xsd, http://www.springframework.org/schema/task/spring-task-4.3.xsd=org/springframework/scheduling/config/spring-task-4.3.xsd, http://www.springframework.org/schema/aop/spring-aop.xsd=org/springframework/aop/config/spring-aop-4.3.xsd}
[http-bio-80-exec-1] DEBUG org.springframework.beans.factory.xml.PluggableSchemaResolver - Found XML schema [http://www.springframework.org/schema/beans/spring-beans-3.2.xsd] in classpath: org/springframework/beans/factory/xml/spring-beans-3.2.xsd
[http-bio-80-exec-1] DEBUG org.springframework.beans.factory.xml.PluggableSchemaResolver - Found XML schema [http://www.springframework.org/schema/context/spring-context-3.2.xsd] in classpath: org/springframework/context/config/spring-context-3.2.xsd
[http-bio-80-exec-1] DEBUG org.springframework.beans.factory.xml.PluggableSchemaResolver - Found XML schema [http://www.springframework.org/schema/tool/spring-tool-3.2.xsd] in classpath: org/springframework/beans/factory/xml/spring-tool-3.2.xsd
[http-bio-80-exec-1] DEBUG org.springframework.beans.factory.xml.DefaultBeanDefinitionDocumentReader - Loading bean definitions
[http-bio-80-exec-1] DEBUG org.springframework.beans.factory.xml.DefaultNamespaceHandlerResolver - Loaded NamespaceHandler mappings: {http://www.springframework.org/schema/p=org.springframework.beans.factory.xml.SimplePropertyNamespaceHandler, http://www.springframework.org/schema/mvc=org.springframework.web.servlet.config.MvcNamespaceHandler, http://www.springframework.org/schema/util=org.springframework.beans.factory.xml.UtilNamespaceHandler, http://www.alibaba.com/schema/stat=com.alibaba.druid.support.spring.stat.config.DruidStatNamespaceHandler, http://www.springframework.org/schema/jee=org.springframework.ejb.config.JeeNamespaceHandler, http://www.springframework.org/schema/aop=org.springframework.aop.config.AopNamespaceHandler, http://www.springframework.org/schema/jdbc=org.springframework.jdbc.config.JdbcNamespaceHandler, http://www.springframework.org/schema/cache=org.springframework.cache.config.CacheNamespaceHandler, http://mybatis.org/schema/mybatis-spring=org.mybatis.spring.config.NamespaceHandler, http://www.springframework.org/schema/c=org.springframework.beans.factory.xml.SimpleConstructorNamespaceHandler, http://www.springframework.org/schema/tx=org.springframework.transaction.config.TxNamespaceHandler, http://www.springframework.org/schema/task=org.springframework.scheduling.config.TaskNamespaceHandler, http://www.springframework.org/schema/lang=org.springframework.scripting.config.LangNamespaceHandler, http://www.springframework.org/schema/context=org.springframework.context.config.ContextNamespaceHandler}
[http-bio-80-exec-1] DEBUG org.springframework.beans.factory.xml.BeanDefinitionParserDelegate - Neither XML 'id' nor 'name' specified - using generated bean name [org.mybatis.spring.mapper.MapperScannerConfigurer#0]
[http-bio-80-exec-1] INFO org.springframework.beans.factory.xml.XmlBeanDefinitionReader - Loading XML bean definitions from file [G:\eclipse\eclipse\shixun\email\target\classes\spring\spring-service.xml]
[http-bio-80-exec-1] DEBUG org.springframework.beans.factory.xml.DefaultDocumentLoader - Using JAXP provider [com.sun.org.apache.xerces.internal.jaxp.DocumentBuilderFactoryImpl]
[http-bio-80-exec-1] DEBUG org.springframework.beans.factory.xml.PluggableSchemaResolver - Found XML schema [http://www.springframework.org/schema/beans/spring-beans-3.2.xsd] in classpath: org/springframework/beans/factory/xml/spring-beans-3.2.xsd
[http-bio-80-exec-1] DEBUG org.springframework.beans.factory.xml.PluggableSchemaResolver - Found XML schema [http://www.springframework.org/schema/context/spring-context-3.2.xsd] in classpath: org/springframework/context/config/spring-context-3.2.xsd
[http-bio-80-exec-1] DEBUG org.springframework.beans.factory.xml.PluggableSchemaResolver - Found XML schema [http://www.springframework.org/schema/tool/spring-tool-3.2.xsd] in classpath: org/springframework/beans/factory/xml/spring-tool-3.2.xsd
[http-bio-80-exec-1] DEBUG org.springframework.beans.factory.xml.DefaultBeanDefinitionDocumentReader - Loading bean definitions
[http-bio-80-exec-1] DEBUG org.springframework.context.annotation.ClassPathBeanDefinitionScanner - JSR-250 'javax.annotation.ManagedBean' found and supported for component scanning
[http-bio-80-exec-1] DEBUG org.springframework.context.annotation.ClassPathBeanDefinitionScanner - JSR-330 'javax.inject.Named' annotation found and supported for component scanning
[http-bio-80-exec-1] DEBUG org.springframework.core.io.support.PathMatchingResourcePatternResolver - Resolved classpath location [cn/test/email/service/] to resources [URL [file:/G:/eclipse/eclipse/shixun/email/target/classes/cn/test/email/service/]]
[http-bio-80-exec-1] DEBUG org.springframework.core.io.support.PathMatchingResourcePatternResolver - Looking for matching resources in directory tree [G:\eclipse\eclipse\shixun\email\target\classes\cn\test\email\service]
[http-bio-80-exec-1] DEBUG org.springframework.core.io.support.PathMatchingResourcePatternResolver - Searching directory [G:\eclipse\eclipse\shixun\email\target\classes\cn\test\email\service] for files matching pattern [G:/eclipse/eclipse/shixun/email/target/classes/cn/test/email/service/**/*.class]
[http-bio-80-exec-1] DEBUG org.springframework.core.io.support.PathMatchingResourcePatternResolver - Searching directory [G:\eclipse\eclipse\shixun\email\target\classes\cn\test\email\service\impl] for files matching pattern [G:/eclipse/eclipse/shixun/email/target/classes/cn/test/email/service/**/*.class]
[http-bio-80-exec-1] DEBUG org.springframework.core.io.support.PathMatchingResourcePatternResolver - Resolved location pattern [classpath*:cn/test/email/service/**/*.class] to resources [file [G:\eclipse\eclipse\shixun\email\target\classes\cn\test\email\service\impl\IUserServiceImpl.class], file [G:\eclipse\eclipse\shixun\email\target\classes\cn\test\email\service\impl\StatisticsServiceImpl.class], file [G:\eclipse\eclipse\shixun\email\target\classes\cn\test\email\service\impl\TestParperServiceImpl.class], file [G:\eclipse\eclipse\shixun\email\target\classes\cn\test\email\service\impl\TestQuestionsServiceImpl.class], file [G:\eclipse\eclipse\shixun\email\target\classes\cn\test\email\service\IUserService.class], file [G:\eclipse\eclipse\shixun\email\target\classes\cn\test\email\service\StatisticsService.class], file [G:\eclipse\eclipse\shixun\email\target\classes\cn\test\email\service\TestPaperService.class], file [G:\eclipse\eclipse\shixun\email\target\classes\cn\test\email\service\TestQuestionsService.class]]
[http-bio-80-exec-1] DEBUG org.springframework.context.annotation.ClassPathBeanDefinitionScanner - Identified candidate component class: file [G:\eclipse\eclipse\shixun\email\target\classes\cn\test\email\service\impl\IUserServiceImpl.class]
[http-bio-80-exec-1] DEBUG org.springframework.context.annotation.ClassPathBeanDefinitionScanner - Identified candidate component class: file [G:\eclipse\eclipse\shixun\email\target\classes\cn\test\email\service\impl\StatisticsServiceImpl.class]
[http-bio-80-exec-1] DEBUG org.springframework.context.annotation.ClassPathBeanDefinitionScanner - Identified candidate component class: file [G:\eclipse\eclipse\shixun\email\target\classes\cn\test\email\service\impl\TestParperServiceImpl.class]
[http-bio-80-exec-1] DEBUG org.springframework.context.annotation.ClassPathBeanDefinitionScanner - Identified candidate component class: file [G:\eclipse\eclipse\shixun\email\target\classes\cn\test\email\service\impl\TestQuestionsServiceImpl.class]
[http-bio-80-exec-1] INFO org.springframework.beans.factory.xml.XmlBeanDefinitionReader - Loading XML bean definitions from file [G:\eclipse\eclipse\shixun\email\target\classes\spring\spring-transaction.xml]
[http-bio-80-exec-1] DEBUG org.springframework.beans.factory.xml.DefaultDocumentLoader - Using JAXP provider [com.sun.org.apache.xerces.internal.jaxp.DocumentBuilderFactoryImpl]
[http-bio-80-exec-1] DEBUG org.springframework.beans.factory.xml.PluggableSchemaResolver - Found XML schema [http://www.springframework.org/schema/beans/spring-beans-3.2.xsd] in classpath: org/springframework/beans/factory/xml/spring-beans-3.2.xsd
[http-bio-80-exec-1] DEBUG org.springframework.beans.factory.xml.PluggableSchemaResolver - Found XML schema [http://www.springframework.org/schema/tx/spring-tx-3.2.xsd] in classpath: org/springframework/transaction/config/spring-tx-3.2.xsd
[http-bio-80-exec-1] DEBUG org.springframework.beans.factory.xml.PluggableSchemaResolver - Found XML schema [http://www.springframework.org/schema/tool/spring-tool-3.2.xsd] in classpath: org/springframework/beans/factory/xml/spring-tool-3.2.xsd
[http-bio-80-exec-1] DEBUG org.springframework.beans.factory.xml.DefaultBeanDefinitionDocumentReader - Loading bean definitions
[http-bio-80-exec-1] INFO org.springframework.beans.factory.xml.XmlBeanDefinitionReader - Loading XML bean definitions from file [G:\eclipse\eclipse\shixun\email\target\classes\spring\spring-web.xml]
[http-bio-80-exec-1] DEBUG org.springframework.beans.factory.xml.DefaultDocumentLoader - Using JAXP provider [com.sun.org.apache.xerces.internal.jaxp.DocumentBuilderFactoryImpl]
[http-bio-80-exec-1] DEBUG org.springframework.beans.factory.xml.PluggableSchemaResolver - Found XML schema [http://www.springframework.org/schema/beans/spring-beans-3.2.xsd] in classpath: org/springframework/beans/factory/xml/spring-beans-3.2.xsd
[http-bio-80-exec-1] DEBUG org.springframework.beans.factory.xml.PluggableSchemaResolver - Found XML schema [http://www.springframework.org/schema/context/spring-context-3.2.xsd] in classpath: org/springframework/context/config/spring-context-3.2.xsd
[http-bio-80-exec-1] DEBUG org.springframework.beans.factory.xml.PluggableSchemaResolver - Found XML schema [http://www.springframework.org/schema/tool/spring-tool-3.2.xsd] in classpath: org/springframework/beans/factory/xml/spring-tool-3.2.xsd
[http-bio-80-exec-1] DEBUG org.springframework.beans.factory.xml.PluggableSchemaResolver - Found XML schema [http://www.springframework.org/schema/task/spring-task-3.0.xsd] in classpath: org/springframework/scheduling/config/spring-task-3.0.xsd
[http-bio-80-exec-1] DEBUG org.springframework.beans.factory.xml.PluggableSchemaResolver - Found XML schema [http://www.springframework.org/schema/mvc/spring-mvc-3.2.xsd] in classpath: org/springframework/web/servlet/config/spring-mvc-3.2.xsd
[http-bio-80-exec-1] DEBUG org.springframework.beans.factory.xml.DefaultBeanDefinitionDocumentReader - Loading bean definitions
[http-bio-80-exec-1] DEBUG org.springframework.context.annotation.ClassPathBeanDefinitionScanner - JSR-250 'javax.annotation.ManagedBean' found and supported for component scanning
[http-bio-80-exec-1] DEBUG org.springframework.context.annotation.ClassPathBeanDefinitionScanner - JSR-330 'javax.inject.Named' annotation found and supported for component scanning
[http-bio-80-exec-1] DEBUG org.springframework.core.io.support.PathMatchingResourcePatternResolver - Resolved classpath location [com/gy/mytask/] to resources []
[http-bio-80-exec-1] DEBUG org.springframework.core.io.support.PathMatchingResourcePatternResolver - Resolved location pattern [classpath*:com/gy/mytask/**/*.class] to resources []
[http-bio-80-exec-1] DEBUG org.springframework.context.annotation.ClassPathBeanDefinitionScanner - JSR-250 'javax.annotation.ManagedBean' found and supported for component scanning
[http-bio-80-exec-1] DEBUG org.springframework.context.annotation.ClassPathBeanDefinitionScanner - JSR-330 'javax.inject.Named' annotation found and supported for component scanning
[http-bio-80-exec-1] DEBUG org.springframework.core.io.support.PathMatchingResourcePatternResolver - Resolved classpath location [cn/test/email/controller/] to resources [URL [file:/G:/eclipse/eclipse/shixun/email/target/classes/cn/test/email/controller/]]
[http-bio-80-exec-1] DEBUG org.springframework.core.io.support.PathMatchingResourcePatternResolver - Looking for matching resources in directory tree [G:\eclipse\eclipse\shixun\email\target\classes\cn\test\email\controller]
[http-bio-80-exec-1] DEBUG org.springframework.core.io.support.PathMatchingResourcePatternResolver - Searching directory [G:\eclipse\eclipse\shixun\email\target\classes\cn\test\email\controller] for files matching pattern [G:/eclipse/eclipse/shixun/email/target/classes/cn/test/email/controller/**/*.class]
[http-bio-80-exec-1] DEBUG org.springframework.core.io.support.PathMatchingResourcePatternResolver - Resolved location pattern [classpath*:cn/test/email/controller/**/*.class] to resources [file [G:\eclipse\eclipse\shixun\email\target\classes\cn\test\email\controller\StatisticsController.class], file [G:\eclipse\eclipse\shixun\email\target\classes\cn\test\email\controller\TestPaperController.class], file [G:\eclipse\eclipse\shixun\email\target\classes\cn\test\email\controller\TestQuestionsController.class], file [G:\eclipse\eclipse\shixun\email\target\classes\cn\test\email\controller\TestTask.class], file [G:\eclipse\eclipse\shixun\email\target\classes\cn\test\email\controller\UsersController.class], file [G:\eclipse\eclipse\shixun\email\target\classes\cn\test\email\controller\WordController.class]]
[http-bio-80-exec-1] DEBUG org.springframework.context.annotation.ClassPathBeanDefinitionScanner - Identified candidate component class: file [G:\eclipse\eclipse\shixun\email\target\classes\cn\test\email\controller\StatisticsController.class]
[http-bio-80-exec-1] DEBUG org.springframework.context.annotation.ClassPathBeanDefinitionScanner - Identified candidate component class: file [G:\eclipse\eclipse\shixun\email\target\classes\cn\test\email\controller\TestPaperController.class]
[http-bio-80-exec-1] DEBUG org.springframework.context.annotation.ClassPathBeanDefinitionScanner - Identified candidate component class: file [G:\eclipse\eclipse\shixun\email\target\classes\cn\test\email\controller\TestQuestionsController.class]
[http-bio-80-exec-1] DEBUG org.springframework.context.annotation.ClassPathBeanDefinitionScanner - Identified candidate component class: file [G:\eclipse\eclipse\shixun\email\target\classes\cn\test\email\controller\TestTask.class]
[http-bio-80-exec-1] DEBUG org.springframework.context.annotation.ClassPathBeanDefinitionScanner - Identified candidate component class: file [G:\eclipse\eclipse\shixun\email\target\classes\cn\test\email\controller\UsersController.class]
[http-bio-80-exec-1] DEBUG org.springframework.context.annotation.ClassPathBeanDefinitionScanner - Identified candidate component class: file [G:\eclipse\eclipse\shixun\email\target\classes\cn\test\email\controller\WordController.class]
[http-bio-80-exec-1] DEBUG org.springframework.beans.factory.xml.BeanDefinitionParserDelegate - Neither XML 'id' nor 'name' specified - using generated bean name [org.springframework.web.servlet.view.InternalResourceViewResolver#0]
[http-bio-80-exec-1] DEBUG org.springframework.beans.factory.xml.BeanDefinitionParserDelegate - Neither XML 'id' nor 'name' specified - using generated bean name [cn.test.email.exception.CustomExceptionResolver#0]
[http-bio-80-exec-1] DEBUG org.springframework.beans.factory.xml.BeanDefinitionParserDelegate - Neither XML 'id' nor 'name' specified - using generated bean name [cn.test.email.interceptor.LoginInterceptor#0]
[http-bio-80-exec-1] DEBUG org.springframework.beans.factory.xml.XmlBeanDefinitionReader - Loaded 43 bean definitions from location pattern [classpath:spring/spring-*.xml]
[http-bio-80-exec-1] DEBUG org.springframework.web.context.support.XmlWebApplicationContext - Bean factory for WebApplicationContext for namespace 'springmvc-servlet': org.springframework.beans.factory.support.DefaultListableBeanFactory@73d33d50: defining beans [org.springframework.context.support.PropertySourcesPlaceholderConfigurer#0,dataSource,sqlSessionFactory,org.mybatis.spring.mapper.MapperScannerConfigurer#0,IUserService,statisticsServiceImpl,testParperServiceImpl,testQuestionsServiceImpl,org.springframework.context.annotation.internalConfigurationAnnotationProcessor,org.springframework.context.annotation.internalAutowiredAnnotationProcessor,org.springframework.context.annotation.internalRequiredAnnotationProcessor,org.springframework.context.annotation.internalCommonAnnotationProcessor,org.springframework.context.event.internalEventListenerProcessor,org.springframework.context.event.internalEventListenerFactory,transactionManager,txAdvice,org.springframework.context.annotation.internalAsyncAnnotationProcessor,org.springframework.context.annotation.internalScheduledAnnotationProcessor,qbScheduler,statisticsController,testPaperController,testQuestionsController,testTask,usersController,wordController,mvcContentNegotiationManager,org.springframework.web.servlet.mvc.method.annotation.RequestMappingHandlerMapping,mvcCorsConfigurations,org.springframework.format.support.FormattingConversionServiceFactoryBean#0,org.springframework.web.servlet.mvc.method.annotation.RequestMappingHandlerAdapter,mvcUriComponentsContributor,org.springframework.web.servlet.handler.MappedInterceptor#0,org.springframework.web.servlet.mvc.method.annotation.ExceptionHandlerExceptionResolver#0,org.springframework.web.servlet.mvc.annotation.ResponseStatusExceptionResolver#0,org.springframework.web.servlet.mvc.support.DefaultHandlerExceptionResolver#0,org.springframework.web.servlet.handler.BeanNameUrlHandlerMapping,org.springframework.web.servlet.mvc.HttpRequestHandlerAdapter,org.springframework.web.servlet.mvc.SimpleControllerHandlerAdapter,org.springframework.web.servlet.view.InternalResourceViewResolver#0,validator,messageSource,cn.test.email.exception.CustomExceptionResolver#0,org.springframework.web.servlet.handler.MappedInterceptor#1]; parent: org.springframework.beans.factory.support.DefaultListableBeanFactory@4b9d47a0
[http-bio-80-exec-1] DEBUG org.springframework.beans.factory.support.DefaultListableBeanFactory - Registering scope 'request' with implementation [org.springframework.web.context.request.RequestScope@3a74214d]
[http-bio-80-exec-1] DEBUG org.springframework.beans.factory.support.DefaultListableBeanFactory - Registering scope 'session' with implementation [org.springframework.web.context.request.SessionScope@244a7a9c]
[http-bio-80-exec-1] DEBUG org.springframework.beans.factory.support.DefaultListableBeanFactory - Registering scope 'globalSession' with implementation [org.springframework.web.context.request.SessionScope@4e19faf8]
[http-bio-80-exec-1] DEBUG org.springframework.beans.factory.support.DefaultListableBeanFactory - Registering scope 'application' with implementation [org.springframework.web.context.support.ServletContextScope@439e4e4c]
[http-bio-80-exec-1] DEBUG org.springframework.beans.factory.support.DefaultListableBeanFactory - Creating shared instance of singleton bean 'org.springframework.context.annotation.internalConfigurationAnnotationProcessor'
[http-bio-80-exec-1] DEBUG org.springframework.beans.factory.support.DefaultListableBeanFactory - Creating instance of bean 'org.springframework.context.annotation.internalConfigurationAnnotationProcessor'
[http-bio-80-exec-1] DEBUG org.springframework.beans.factory.support.DefaultListableBeanFactory - Eagerly caching bean 'org.springframework.context.annotation.internalConfigurationAnnotationProcessor' to allow for resolving potential circular references
[http-bio-80-exec-1] DEBUG org.springframework.beans.factory.support.DefaultListableBeanFactory - Finished creating instance of bean 'org.springframework.context.annotation.internalConfigurationAnnotationProcessor'
[http-bio-80-exec-1] DEBUG org.springframework.beans.factory.support.DefaultListableBeanFactory - Creating shared instance of singleton bean 'org.mybatis.spring.mapper.MapperScannerConfigurer#0'
[http-bio-80-exec-1] DEBUG org.springframework.beans.factory.support.DefaultListableBeanFactory - Creating instance of bean 'org.mybatis.spring.mapper.MapperScannerConfigurer#0'
[http-bio-80-exec-1] DEBUG org.springframework.beans.factory.support.DefaultListableBeanFactory - Eagerly caching bean 'org.mybatis.spring.mapper.MapperScannerConfigurer#0' to allow for resolving potential circular references
[http-bio-80-exec-1] DEBUG org.springframework.beans.factory.support.DefaultListableBeanFactory - Invoking afterPropertiesSet() on bean with name 'org.mybatis.spring.mapper.MapperScannerConfigurer#0'
[http-bio-80-exec-1] DEBUG org.springframework.beans.factory.support.DefaultListableBeanFactory - Finished creating instance of bean 'org.mybatis.spring.mapper.MapperScannerConfigurer#0'
[http-bio-80-exec-1] DEBUG org.springframework.core.env.StandardEnvironment - Adding [systemProperties] PropertySource with lowest search precedence
[http-bio-80-exec-1] DEBUG org.springframework.core.env.StandardEnvironment - Adding [systemEnvironment] PropertySource with lowest search precedence
[http-bio-80-exec-1] DEBUG org.springframework.core.env.StandardEnvironment - Initialized StandardEnvironment with PropertySources [systemProperties,systemEnvironment]
[http-bio-80-exec-1] DEBUG org.springframework.core.io.support.PathMatchingResourcePatternResolver - Resolved classpath location [cn/test/email/mapping/] to resources [URL [file:/G:/eclipse/eclipse/shixun/email/target/classes/cn/test/email/mapping/]]
[http-bio-80-exec-1] DEBUG org.springframework.core.io.support.PathMatchingResourcePatternResolver - Looking for matching resources in directory tree [G:\eclipse\eclipse\shixun\email\target\classes\cn\test\email\mapping]
[http-bio-80-exec-1] DEBUG org.springframework.core.io.support.PathMatchingResourcePatternResolver - Searching directory [G:\eclipse\eclipse\shixun\email\target\classes\cn\test\email\mapping] for files matching pattern [G:/eclipse/eclipse/shixun/email/target/classes/cn/test/email/mapping/**/*.class]
[http-bio-80-exec-1] DEBUG org.springframework.core.io.support.PathMatchingResourcePatternResolver - Resolved location pattern [classpath*:cn/test/email/mapping/**/*.class] to resources [file [G:\eclipse\eclipse\shixun\email\target\classes\cn\test\email\mapping\StatisticsMapper.class], file [G:\eclipse\eclipse\shixun\email\target\classes\cn\test\email\mapping\TestParperMapper.class], file [G:\eclipse\eclipse\shixun\email\target\classes\cn\test\email\mapping\TExamQuestionMapper.class], file [G:\eclipse\eclipse\shixun\email\target\classes\cn\test\email\mapping\UsersMapper.class]]
[http-bio-80-exec-1] DEBUG org.mybatis.spring.mapper.ClassPathMapperScanner - Identified candidate component class: file [G:\eclipse\eclipse\shixun\email\target\classes\cn\test\email\mapping\StatisticsMapper.class]
[http-bio-80-exec-1] DEBUG org.mybatis.spring.mapper.ClassPathMapperScanner - Identified candidate component class: file [G:\eclipse\eclipse\shixun\email\target\classes\cn\test\email\mapping\TestParperMapper.class]
[http-bio-80-exec-1] DEBUG org.mybatis.spring.mapper.ClassPathMapperScanner - Identified candidate component class: file [G:\eclipse\eclipse\shixun\email\target\classes\cn\test\email\mapping\TExamQuestionMapper.class]
[http-bio-80-exec-1] DEBUG org.mybatis.spring.mapper.ClassPathMapperScanner - Identified candidate component class: file [G:\eclipse\eclipse\shixun\email\target\classes\cn\test\email\mapping\UsersMapper.class]
[http-bio-80-exec-1] DEBUG org.mybatis.spring.mapper.ClassPathMapperScanner - Creating MapperFactoryBean with name 'statisticsMapper' and 'cn.test.email.mapping.StatisticsMapper' mapperInterface
[http-bio-80-exec-1] DEBUG org.mybatis.spring.mapper.ClassPathMapperScanner - Enabling autowire by type for MapperFactoryBean with name 'statisticsMapper'.
[http-bio-80-exec-1] DEBUG org.mybatis.spring.mapper.ClassPathMapperScanner - Creating MapperFactoryBean with name 'testParperMapper' and 'cn.test.email.mapping.TestParperMapper' mapperInterface
[http-bio-80-exec-1] DEBUG org.mybatis.spring.mapper.ClassPathMapperScanner - Enabling autowire by type for MapperFactoryBean with name 'testParperMapper'.
[http-bio-80-exec-1] DEBUG org.mybatis.spring.mapper.ClassPathMapperScanner - Creating MapperFactoryBean with name 'TExamQuestionMapper' and 'cn.test.email.mapping.TExamQuestionMapper' mapperInterface
[http-bio-80-exec-1] DEBUG org.mybatis.spring.mapper.ClassPathMapperScanner - Enabling autowire by type for MapperFactoryBean with name 'TExamQuestionMapper'.
[http-bio-80-exec-1] DEBUG org.mybatis.spring.mapper.ClassPathMapperScanner - Creating MapperFactoryBean with name 'usersMapper' and 'cn.test.email.mapping.UsersMapper' mapperInterface
[http-bio-80-exec-1] DEBUG org.mybatis.spring.mapper.ClassPathMapperScanner - Enabling autowire by type for MapperFactoryBean with name 'usersMapper'.
[http-bio-80-exec-1] DEBUG org.springframework.beans.factory.support.DefaultListableBeanFactory - Creating shared instance of singleton bean 'org.springframework.context.support.PropertySourcesPlaceholderConfigurer#0'
[http-bio-80-exec-1] DEBUG org.springframework.beans.factory.support.DefaultListableBeanFactory - Creating instance of bean 'org.springframework.context.support.PropertySourcesPlaceholderConfigurer#0'
[http-bio-80-exec-1] DEBUG org.springframework.beans.factory.support.DefaultListableBeanFactory - Eagerly caching bean 'org.springframework.context.support.PropertySourcesPlaceholderConfigurer#0' to allow for resolving potential circular references
[http-bio-80-exec-1] DEBUG org.springframework.beans.factory.support.DefaultListableBeanFactory - Finished creating instance of bean 'org.springframework.context.support.PropertySourcesPlaceholderConfigurer#0'
[http-bio-80-exec-1] DEBUG org.springframework.core.env.MutablePropertySources - Adding [environmentProperties] PropertySource with lowest search precedence
[http-bio-80-exec-1] DEBUG org.springframework.context.support.PropertySourcesPlaceholderConfigurer - Loading properties file from class path resource [db.properties]
[http-bio-80-exec-1] DEBUG org.springframework.core.env.MutablePropertySources - Adding [localProperties] PropertySource with lowest search precedence
[http-bio-80-exec-1] DEBUG org.springframework.jndi.JndiTemplate - Looking up JNDI object with name [java:comp/env/jdbc.url]
[http-bio-80-exec-1] DEBUG org.springframework.jndi.JndiLocatorDelegate - Converted JNDI name [java:comp/env/jdbc.url] not found - trying original name [jdbc.url]. javax.naming.NameNotFoundException: Name [jdbc.url] is not bound in this Context. Unable to find [jdbc.url].
[http-bio-80-exec-1] DEBUG org.springframework.jndi.JndiTemplate - Looking up JNDI object with name [jdbc.url]
[http-bio-80-exec-1] DEBUG org.springframework.jndi.JndiPropertySource - JNDI lookup for name [jdbc.url] threw NamingException with message: Name [jdbc.url] is not bound in this Context. Unable to find [jdbc.url].. Returning null.
[http-bio-80-exec-1] DEBUG org.springframework.core.env.PropertySourcesPropertyResolver - Could not find key 'jdbc.url' in any property source
[http-bio-80-exec-1] DEBUG org.springframework.core.env.PropertySourcesPropertyResolver - Found key 'jdbc.url' in [localProperties] with type [String]
[http-bio-80-exec-1] DEBUG org.springframework.jndi.JndiTemplate - Looking up JNDI object with name [java:comp/env/jdbc.username]
[http-bio-80-exec-1] DEBUG org.springframework.jndi.JndiLocatorDelegate - Converted JNDI name [java:comp/env/jdbc.username] not found - trying original name [jdbc.username]. javax.naming.NameNotFoundException: Name [jdbc.username] is not bound in this Context. Unable to find [jdbc.username].
[http-bio-80-exec-1] DEBUG org.springframework.jndi.JndiTemplate - Looking up JNDI object with name [jdbc.username]
[http-bio-80-exec-1] DEBUG org.springframework.jndi.JndiPropertySource - JNDI lookup for name [jdbc.username] threw NamingException with message: Name [jdbc.username] is not bound in this Context. Unable to find [jdbc.username].. Returning null.
[http-bio-80-exec-1] DEBUG org.springframework.core.env.PropertySourcesPropertyResolver - Could not find key 'jdbc.username' in any property source
[http-bio-80-exec-1] DEBUG org.springframework.core.env.PropertySourcesPropertyResolver - Found key 'jdbc.username' in [localProperties] with type [String]
[http-bio-80-exec-1] DEBUG org.springframework.jndi.JndiTemplate - Looking up JNDI object with name [java:comp/env/jdbc.password]
[http-bio-80-exec-1] DEBUG org.springframework.jndi.JndiLocatorDelegate - Converted JNDI name [java:comp/env/jdbc.password] not found - trying original name [jdbc.password]. javax.naming.NameNotFoundException: Name [jdbc.password] is not bound in this Context. Unable to find [jdbc.password].
[http-bio-80-exec-1] DEBUG org.springframework.jndi.JndiTemplate - Looking up JNDI object with name [jdbc.password]
[http-bio-80-exec-1] DEBUG org.springframework.jndi.JndiPropertySource - JNDI lookup for name [jdbc.password] threw NamingException with message: Name [jdbc.password] is not bound in this Context. Unable to find [jdbc.password].. Returning null.
[http-bio-80-exec-1] DEBUG org.springframework.core.env.PropertySourcesPropertyResolver - Could not find key 'jdbc.password' in any property source
[http-bio-80-exec-1] DEBUG org.springframework.core.env.PropertySourcesPropertyResolver - Found key 'jdbc.password' in [localProperties] with type [String]
[http-bio-80-exec-1] DEBUG org.springframework.jndi.JndiTemplate - Looking up JNDI object with name [java:comp/env/jdbc.driver]
[http-bio-80-exec-1] DEBUG org.springframework.jndi.JndiLocatorDelegate - Converted JNDI name [java:comp/env/jdbc.driver] not found - trying original name [jdbc.driver]. javax.naming.NameNotFoundException: Name [jdbc.driver] is not bound in this Context. Unable to find [jdbc.driver].
[http-bio-80-exec-1] DEBUG org.springframework.jndi.JndiTemplate - Looking up JNDI object with name [jdbc.driver]
[http-bio-80-exec-1] DEBUG org.springframework.jndi.JndiPropertySource - JNDI lookup for name [jdbc.driver] threw NamingException with message: Name [jdbc.driver] is not bound in this Context. Unable to find [jdbc.driver].. Returning null.
[http-bio-80-exec-1] DEBUG org.springframework.core.env.PropertySourcesPropertyResolver - Could not find key 'jdbc.driver' in any property source
[http-bio-80-exec-1] DEBUG org.springframework.core.env.PropertySourcesPropertyResolver - Found key 'jdbc.driver' in [localProperties] with type [String]
[http-bio-80-exec-1] DEBUG org.springframework.beans.factory.support.DefaultListableBeanFactory - Creating shared instance of singleton bean 'org.springframework.context.annotation.internalAutowiredAnnotationProcessor'
[http-bio-80-exec-1] DEBUG org.springframework.beans.factory.support.DefaultListableBeanFactory - Creating instance of bean 'org.springframework.context.annotation.internalAutowiredAnnotationProcessor'
[http-bio-80-exec-1] INFO org.springframework.beans.factory.annotation.AutowiredAnnotationBeanPostProcessor - JSR-330 'javax.inject.Inject' annotation found and supported for autowiring
[http-bio-80-exec-1] DEBUG org.springframework.beans.factory.support.DefaultListableBeanFactory - Eagerly caching bean 'org.springframework.context.annotation.internalAutowiredAnnotationProcessor' to allow for resolving potential circular references
[http-bio-80-exec-1] DEBUG org.springframework.beans.factory.support.DefaultListableBeanFactory - Finished creating instance of bean 'org.springframework.context.annotation.internalAutowiredAnnotationProcessor'
[http-bio-80-exec-1] DEBUG org.springframework.beans.factory.support.DefaultListableBeanFactory - Creating shared instance of singleton bean 'org.springframework.context.annotation.internalRequiredAnnotationProcessor'
[http-bio-80-exec-1] DEBUG org.springframework.beans.factory.support.DefaultListableBeanFactory - Creating instance of bean 'org.springframework.context.annotation.internalRequiredAnnotationProcessor'
[http-bio-80-exec-1] DEBUG org.springframework.beans.factory.support.DefaultListableBeanFactory - Eagerly caching bean 'org.springframework.context.annotation.internalRequiredAnnotationProcessor' to allow for resolving potential circular references
[http-bio-80-exec-1] DEBUG org.springframework.beans.factory.support.DefaultListableBeanFactory - Finished creating instance of bean 'org.springframework.context.annotation.internalRequiredAnnotationProcessor'
[http-bio-80-exec-1] DEBUG org.springframework.beans.factory.support.DefaultListableBeanFactory - Creating shared instance of singleton bean 'org.springframework.context.annotation.internalCommonAnnotationProcessor'
[http-bio-80-exec-1] DEBUG org.springframework.beans.factory.support.DefaultListableBeanFactory - Creating instance of bean 'org.springframework.context.annotation.internalCommonAnnotationProcessor'
[http-bio-80-exec-1] DEBUG org.springframework.beans.factory.support.DefaultListableBeanFactory - Eagerly caching bean 'org.springframework.context.annotation.internalCommonAnnotationProcessor' to allow for resolving potential circular references
[http-bio-80-exec-1] DEBUG org.springframework.beans.factory.support.DefaultListableBeanFactory - Finished creating instance of bean 'org.springframework.context.annotation.internalCommonAnnotationProcessor'
[http-bio-80-exec-1] DEBUG org.springframework.beans.factory.support.DefaultListableBeanFactory - Creating shared instance of singleton bean 'org.springframework.context.annotation.internalAsyncAnnotationProcessor'
[http-bio-80-exec-1] DEBUG org.springframework.beans.factory.support.DefaultListableBeanFactory - Creating instance of bean 'org.springframework.context.annotation.internalAsyncAnnotationProcessor'
[http-bio-80-exec-1] DEBUG org.springframework.beans.factory.support.DefaultListableBeanFactory - Eagerly caching bean 'org.springframework.context.annotation.internalAsyncAnnotationProcessor' to allow for resolving potential circular references
[http-bio-80-exec-1] DEBUG org.springframework.beans.factory.support.DefaultListableBeanFactory - Finished creating instance of bean 'org.springframework.context.annotation.internalAsyncAnnotationProcessor'
[http-bio-80-exec-1] DEBUG org.springframework.beans.factory.support.DefaultListableBeanFactory - Creating shared instance of singleton bean 'org.springframework.context.annotation.internalScheduledAnnotationProcessor'
[http-bio-80-exec-1] DEBUG org.springframework.beans.factory.support.DefaultListableBeanFactory - Creating instance of bean 'org.springframework.context.annotation.internalScheduledAnnotationProcessor'
[http-bio-80-exec-1] DEBUG org.springframework.beans.factory.support.DefaultListableBeanFactory - Eagerly caching bean 'org.springframework.context.annotation.internalScheduledAnnotationProcessor' to allow for resolving potential circular references
[http-bio-80-exec-1] DEBUG org.springframework.beans.factory.support.DefaultListableBeanFactory - Creating shared instance of singleton bean 'qbScheduler'
[http-bio-80-exec-1] DEBUG org.springframework.beans.factory.support.DefaultListableBeanFactory - Creating instance of bean 'qbScheduler'
[http-bio-80-exec-1] DEBUG org.springframework.beans.factory.support.DefaultListableBeanFactory - Eagerly caching bean 'qbScheduler' to allow for resolving potential circular references
[http-bio-80-exec-1] DEBUG org.springframework.beans.factory.support.DefaultListableBeanFactory - Invoking afterPropertiesSet() on bean with name 'qbScheduler'
[http-bio-80-exec-1] INFO org.springframework.scheduling.concurrent.ThreadPoolTaskScheduler - Initializing ExecutorService  'qbScheduler'
[http-bio-80-exec-1] INFO org.springframework.context.support.PostProcessorRegistrationDelegate$BeanPostProcessorChecker - Bean 'qbScheduler' of type [org.springframework.scheduling.concurrent.ThreadPoolTaskScheduler] is not eligible for getting processed by all BeanPostProcessors (for example: not eligible for auto-proxying)
[http-bio-80-exec-1] DEBUG org.springframework.beans.factory.support.DefaultListableBeanFactory - Finished creating instance of bean 'qbScheduler'
[http-bio-80-exec-1] DEBUG org.springframework.beans.factory.support.DefaultListableBeanFactory - Finished creating instance of bean 'org.springframework.context.annotation.internalScheduledAnnotationProcessor'
[http-bio-80-exec-1] DEBUG org.springframework.beans.factory.support.DefaultListableBeanFactory - Creating shared instance of singleton bean 'messageSource'
[http-bio-80-exec-1] DEBUG org.springframework.beans.factory.support.DefaultListableBeanFactory - Creating instance of bean 'messageSource'
[http-bio-80-exec-1] DEBUG org.springframework.beans.factory.support.DefaultListableBeanFactory - Eagerly caching bean 'messageSource' to allow for resolving potential circular references
[http-bio-80-exec-1] DEBUG org.springframework.beans.factory.support.DefaultListableBeanFactory - Finished creating instance of bean 'messageSource'
[http-bio-80-exec-1] DEBUG org.springframework.web.context.support.XmlWebApplicationContext - Using MessageSource [org.springframework.context.support.ReloadableResourceBundleMessageSource: basenames=[classpath:CustomValidationUsers]]
[http-bio-80-exec-1] DEBUG org.springframework.web.context.support.XmlWebApplicationContext - Unable to locate ApplicationEventMulticaster with name 'applicationEventMulticaster': using default [org.springframework.context.event.SimpleApplicationEventMulticaster@60e4835f]
[http-bio-80-exec-1] DEBUG org.springframework.ui.context.support.UiApplicationContextUtils - Unable to locate ThemeSource with name 'themeSource': using default [org.springframework.ui.context.support.DelegatingThemeSource@39ad5775]
[http-bio-80-exec-1] DEBUG org.springframework.beans.factory.support.DefaultListableBeanFactory - Pre-instantiating singletons in org.springframework.beans.factory.support.DefaultListableBeanFactory@73d33d50: defining beans [org.springframework.context.support.PropertySourcesPlaceholderConfigurer#0,dataSource,sqlSessionFactory,org.mybatis.spring.mapper.MapperScannerConfigurer#0,IUserService,statisticsServiceImpl,testParperServiceImpl,testQuestionsServiceImpl,org.springframework.context.annotation.internalConfigurationAnnotationProcessor,org.springframework.context.annotation.internalAutowiredAnnotationProcessor,org.springframework.context.annotation.internalRequiredAnnotationProcessor,org.springframework.context.annotation.internalCommonAnnotationProcessor,org.springframework.context.event.internalEventListenerProcessor,org.springframework.context.event.internalEventListenerFactory,transactionManager,txAdvice,org.springframework.context.annotation.internalAsyncAnnotationProcessor,org.springframework.context.annotation.internalScheduledAnnotationProcessor,qbScheduler,statisticsController,testPaperController,testQuestionsController,testTask,usersController,wordController,mvcContentNegotiationManager,org.springframework.web.servlet.mvc.method.annotation.RequestMappingHandlerMapping,mvcCorsConfigurations,org.springframework.format.support.FormattingConversionServiceFactoryBean#0,org.springframework.web.servlet.mvc.method.annotation.RequestMappingHandlerAdapter,mvcUriComponentsContributor,org.springframework.web.servlet.handler.MappedInterceptor#0,org.springframework.web.servlet.mvc.method.annotation.ExceptionHandlerExceptionResolver#0,org.springframework.web.servlet.mvc.annotation.ResponseStatusExceptionResolver#0,org.springframework.web.servlet.mvc.support.DefaultHandlerExceptionResolver#0,org.springframework.web.servlet.handler.BeanNameUrlHandlerMapping,org.springframework.web.servlet.mvc.HttpRequestHandlerAdapter,org.springframework.web.servlet.mvc.SimpleControllerHandlerAdapter,org.springframework.web.servlet.view.InternalResourceViewResolver#0,validator,messageSource,cn.test.email.exception.CustomExceptionResolver#0,org.springframework.web.servlet.handler.MappedInterceptor#1,statisticsMapper,testParperMapper,TExamQuestionMapper,usersMapper]; parent: org.springframework.beans.factory.support.DefaultListableBeanFactory@4b9d47a0
[http-bio-80-exec-1] DEBUG org.springframework.beans.factory.support.DefaultListableBeanFactory - Returning cached instance of singleton bean 'org.springframework.context.support.PropertySourcesPlaceholderConfigurer#0'
[http-bio-80-exec-1] DEBUG org.springframework.beans.factory.support.DefaultListableBeanFactory - Creating shared instance of singleton bean 'dataSource'
[http-bio-80-exec-1] DEBUG org.springframework.beans.factory.support.DefaultListableBeanFactory - Creating instance of bean 'dataSource'
[http-bio-80-exec-1] DEBUG org.springframework.beans.factory.support.DefaultListableBeanFactory - Eagerly caching bean 'dataSource' to allow for resolving potential circular references
[http-bio-80-exec-1] DEBUG org.springframework.beans.factory.support.DefaultListableBeanFactory - Finished creating instance of bean 'dataSource'
[http-bio-80-exec-1] DEBUG org.springframework.beans.factory.support.DefaultListableBeanFactory - Creating shared instance of singleton bean 'sqlSessionFactory'
[http-bio-80-exec-1] DEBUG org.springframework.beans.factory.support.DefaultListableBeanFactory - Creating instance of bean 'sqlSessionFactory'
[http-bio-80-exec-1] DEBUG org.springframework.beans.factory.support.DefaultListableBeanFactory - Eagerly caching bean 'sqlSessionFactory' to allow for resolving potential circular references
[http-bio-80-exec-1] DEBUG org.springframework.beans.factory.support.DefaultListableBeanFactory - Returning cached instance of singleton bean 'dataSource'
[http-bio-80-exec-1] DEBUG org.springframework.beans.factory.support.DefaultListableBeanFactory - Invoking afterPropertiesSet() on bean with name 'sqlSessionFactory'
[http-bio-80-exec-1] DEBUG org.springframework.beans.factory.support.DefaultListableBeanFactory - Finished creating instance of bean 'sqlSessionFactory'
[http-bio-80-exec-1] DEBUG org.springframework.beans.factory.support.DefaultListableBeanFactory - Returning cached instance of singleton bean 'org.mybatis.spring.mapper.MapperScannerConfigurer#0'
[http-bio-80-exec-1] DEBUG org.springframework.beans.factory.support.DefaultListableBeanFactory - Creating shared instance of singleton bean 'IUserService'
[http-bio-80-exec-1] DEBUG org.springframework.beans.factory.support.DefaultListableBeanFactory - Creating instance of bean 'IUserService'
[http-bio-80-exec-1] DEBUG org.springframework.beans.factory.annotation.InjectionMetadata - Registered injected element on class [cn.test.email.service.impl.IUserServiceImpl]: AutowiredFieldElement for private cn.test.email.mapping.UsersMapper cn.test.email.service.impl.IUserServiceImpl.usersMapper
[http-bio-80-exec-1] DEBUG org.springframework.beans.factory.support.DefaultListableBeanFactory - Eagerly caching bean 'IUserService' to allow for resolving potential circular references
[http-bio-80-exec-1] DEBUG org.springframework.beans.factory.annotation.InjectionMetadata - Processing injected element of bean 'IUserService': AutowiredFieldElement for private cn.test.email.mapping.UsersMapper cn.test.email.service.impl.IUserServiceImpl.usersMapper
[http-bio-80-exec-1] DEBUG org.springframework.beans.factory.support.DefaultListableBeanFactory - Creating shared instance of singleton bean 'usersMapper'
[http-bio-80-exec-1] DEBUG org.springframework.beans.factory.support.DefaultListableBeanFactory - Creating instance of bean 'usersMapper'
[http-bio-80-exec-1] DEBUG org.springframework.beans.factory.support.DefaultListableBeanFactory - Eagerly caching bean 'usersMapper' to allow for resolving potential circular references
[http-bio-80-exec-1] DEBUG org.springframework.beans.factory.support.DefaultListableBeanFactory - Returning cached instance of singleton bean 'sqlSessionFactory'
[http-bio-80-exec-1] DEBUG org.springframework.beans.factory.support.DefaultListableBeanFactory - Autowiring by type from bean name 'usersMapper' via property 'sqlSessionFactory' to bean named 'sqlSessionFactory'
[http-bio-80-exec-1] DEBUG org.springframework.beans.factory.support.DefaultListableBeanFactory - Invoking afterPropertiesSet() on bean with name 'usersMapper'
[http-bio-80-exec-1] DEBUG org.springframework.beans.factory.support.DefaultListableBeanFactory - Finished creating instance of bean 'usersMapper'
[http-bio-80-exec-1] DEBUG org.springframework.beans.factory.annotation.AutowiredAnnotationBeanPostProcessor - Autowiring by type from bean name 'IUserService' to bean named 'usersMapper'
[http-bio-80-exec-1] DEBUG org.springframework.beans.factory.support.DefaultListableBeanFactory - Finished creating instance of bean 'IUserService'
[http-bio-80-exec-1] DEBUG org.springframework.beans.factory.support.DefaultListableBeanFactory - Creating shared instance of singleton bean 'statisticsServiceImpl'
[http-bio-80-exec-1] DEBUG org.springframework.beans.factory.support.DefaultListableBeanFactory - Creating instance of bean 'statisticsServiceImpl'
[http-bio-80-exec-1] DEBUG org.springframework.beans.factory.annotation.InjectionMetadata - Registered injected element on class [cn.test.email.service.impl.StatisticsServiceImpl]: AutowiredFieldElement for private cn.test.email.mapping.StatisticsMapper cn.test.email.service.impl.StatisticsServiceImpl.statisticsMapper
[http-bio-80-exec-1] DEBUG org.springframework.beans.factory.support.DefaultListableBeanFactory - Eagerly caching bean 'statisticsServiceImpl' to allow for resolving potential circular references
[http-bio-80-exec-1] DEBUG org.springframework.beans.factory.annotation.InjectionMetadata - Processing injected element of bean 'statisticsServiceImpl': AutowiredFieldElement for private cn.test.email.mapping.StatisticsMapper cn.test.email.service.impl.StatisticsServiceImpl.statisticsMapper
[http-bio-80-exec-1] DEBUG org.springframework.beans.factory.support.DefaultListableBeanFactory - Creating shared instance of singleton bean 'statisticsMapper'
[http-bio-80-exec-1] DEBUG org.springframework.beans.factory.support.DefaultListableBeanFactory - Creating instance of bean 'statisticsMapper'
[http-bio-80-exec-1] DEBUG org.springframework.beans.factory.support.DefaultListableBeanFactory - Eagerly caching bean 'statisticsMapper' to allow for resolving potential circular references
[http-bio-80-exec-1] DEBUG org.springframework.beans.factory.support.DefaultListableBeanFactory - Returning cached instance of singleton bean 'sqlSessionFactory'
[http-bio-80-exec-1] DEBUG org.springframework.beans.factory.support.DefaultListableBeanFactory - Autowiring by type from bean name 'statisticsMapper' via property 'sqlSessionFactory' to bean named 'sqlSessionFactory'
[http-bio-80-exec-1] DEBUG org.springframework.beans.factory.support.DefaultListableBeanFactory - Invoking afterPropertiesSet() on bean with name 'statisticsMapper'
[http-bio-80-exec-1] DEBUG org.springframework.beans.factory.support.DefaultListableBeanFactory - Finished creating instance of bean 'statisticsMapper'
[http-bio-80-exec-1] DEBUG org.springframework.beans.factory.annotation.AutowiredAnnotationBeanPostProcessor - Autowiring by type from bean name 'statisticsServiceImpl' to bean named 'statisticsMapper'
[http-bio-80-exec-1] DEBUG org.springframework.beans.factory.support.DefaultListableBeanFactory - Finished creating instance of bean 'statisticsServiceImpl'
[http-bio-80-exec-1] DEBUG org.springframework.beans.factory.support.DefaultListableBeanFactory - Creating shared instance of singleton bean 'testParperServiceImpl'
[http-bio-80-exec-1] DEBUG org.springframework.beans.factory.support.DefaultListableBeanFactory - Creating instance of bean 'testParperServiceImpl'
[http-bio-80-exec-1] DEBUG org.springframework.beans.factory.annotation.InjectionMetadata - Registered injected element on class [cn.test.email.service.impl.TestParperServiceImpl]: AutowiredFieldElement for private cn.test.email.mapping.TestParperMapper cn.test.email.service.impl.TestParperServiceImpl.testParperMapper
[http-bio-80-exec-1] DEBUG org.springframework.beans.factory.support.DefaultListableBeanFactory - Eagerly caching bean 'testParperServiceImpl' to allow for resolving potential circular references
[http-bio-80-exec-1] DEBUG org.springframework.beans.factory.annotation.InjectionMetadata - Processing injected element of bean 'testParperServiceImpl': AutowiredFieldElement for private cn.test.email.mapping.TestParperMapper cn.test.email.service.impl.TestParperServiceImpl.testParperMapper
[http-bio-80-exec-1] DEBUG org.springframework.beans.factory.support.DefaultListableBeanFactory - Creating shared instance of singleton bean 'testParperMapper'
[http-bio-80-exec-1] DEBUG org.springframework.beans.factory.support.DefaultListableBeanFactory - Creating instance of bean 'testParperMapper'
[http-bio-80-exec-1] DEBUG org.springframework.beans.factory.support.DefaultListableBeanFactory - Eagerly caching bean 'testParperMapper' to allow for resolving potential circular references
[http-bio-80-exec-1] DEBUG org.springframework.beans.factory.support.DefaultListableBeanFactory - Returning cached instance of singleton bean 'sqlSessionFactory'
[http-bio-80-exec-1] DEBUG org.springframework.beans.factory.support.DefaultListableBeanFactory - Autowiring by type from bean name 'testParperMapper' via property 'sqlSessionFactory' to bean named 'sqlSessionFactory'
[http-bio-80-exec-1] DEBUG org.springframework.beans.factory.support.DefaultListableBeanFactory - Invoking afterPropertiesSet() on bean with name 'testParperMapper'
[http-bio-80-exec-1] DEBUG org.springframework.beans.factory.support.DefaultListableBeanFactory - Finished creating instance of bean 'testParperMapper'
[http-bio-80-exec-1] DEBUG org.springframework.beans.factory.annotation.AutowiredAnnotationBeanPostProcessor - Autowiring by type from bean name 'testParperServiceImpl' to bean named 'testParperMapper'
[http-bio-80-exec-1] DEBUG org.springframework.beans.factory.support.DefaultListableBeanFactory - Finished creating instance of bean 'testParperServiceImpl'
[http-bio-80-exec-1] DEBUG org.springframework.beans.factory.support.DefaultListableBeanFactory - Creating shared instance of singleton bean 'testQuestionsServiceImpl'
[http-bio-80-exec-1] DEBUG org.springframework.beans.factory.support.DefaultListableBeanFactory - Creating instance of bean 'testQuestionsServiceImpl'
[http-bio-80-exec-1] DEBUG org.springframework.beans.factory.annotation.InjectionMetadata - Registered injected element on class [cn.test.email.service.impl.TestQuestionsServiceImpl]: AutowiredFieldElement for private cn.test.email.mapping.TExamQuestionMapper cn.test.email.service.impl.TestQuestionsServiceImpl.tExamQuestionMapper
[http-bio-80-exec-1] DEBUG org.springframework.beans.factory.support.DefaultListableBeanFactory - Eagerly caching bean 'testQuestionsServiceImpl' to allow for resolving potential circular references
[http-bio-80-exec-1] DEBUG org.springframework.beans.factory.annotation.InjectionMetadata - Processing injected element of bean 'testQuestionsServiceImpl': AutowiredFieldElement for private cn.test.email.mapping.TExamQuestionMapper cn.test.email.service.impl.TestQuestionsServiceImpl.tExamQuestionMapper
[http-bio-80-exec-1] DEBUG org.springframework.beans.factory.support.DefaultListableBeanFactory - Creating shared instance of singleton bean 'TExamQuestionMapper'
[http-bio-80-exec-1] DEBUG org.springframework.beans.factory.support.DefaultListableBeanFactory - Creating instance of bean 'TExamQuestionMapper'
[http-bio-80-exec-1] DEBUG org.springframework.beans.factory.support.DefaultListableBeanFactory - Eagerly caching bean 'TExamQuestionMapper' to allow for resolving potential circular references
[http-bio-80-exec-1] DEBUG org.springframework.beans.factory.support.DefaultListableBeanFactory - Returning cached instance of singleton bean 'sqlSessionFactory'
[http-bio-80-exec-1] DEBUG org.springframework.beans.factory.support.DefaultListableBeanFactory - Autowiring by type from bean name 'TExamQuestionMapper' via property 'sqlSessionFactory' to bean named 'sqlSessionFactory'
[http-bio-80-exec-1] DEBUG org.springframework.beans.factory.support.DefaultListableBeanFactory - Invoking afterPropertiesSet() on bean with name 'TExamQuestionMapper'
[http-bio-80-exec-1] DEBUG org.springframework.beans.factory.support.DefaultListableBeanFactory - Finished creating instance of bean 'TExamQuestionMapper'
[http-bio-80-exec-1] DEBUG org.springframework.beans.factory.annotation.AutowiredAnnotationBeanPostProcessor - Autowiring by type from bean name 'testQuestionsServiceImpl' to bean named 'TExamQuestionMapper'
[http-bio-80-exec-1] DEBUG org.springframework.beans.factory.support.DefaultListableBeanFactory - Finished creating instance of bean 'testQuestionsServiceImpl'
[http-bio-80-exec-1] DEBUG org.springframework.beans.factory.support.DefaultListableBeanFactory - Returning cached instance of singleton bean 'org.springframework.context.annotation.internalConfigurationAnnotationProcessor'
[http-bio-80-exec-1] DEBUG org.springframework.beans.factory.support.DefaultListableBeanFactory - Returning cached instance of singleton bean 'org.springframework.context.annotation.internalAutowiredAnnotationProcessor'
[http-bio-80-exec-1] DEBUG org.springframework.beans.factory.support.DefaultListableBeanFactory - Returning cached instance of singleton bean 'org.springframework.context.annotation.internalRequiredAnnotationProcessor'
[http-bio-80-exec-1] DEBUG org.springframework.beans.factory.support.DefaultListableBeanFactory - Returning cached instance of singleton bean 'org.springframework.context.annotation.internalCommonAnnotationProcessor'
[http-bio-80-exec-1] DEBUG org.springframework.beans.factory.support.DefaultListableBeanFactory - Creating shared instance of singleton bean 'org.springframework.context.event.internalEventListenerProcessor'
[http-bio-80-exec-1] DEBUG org.springframework.beans.factory.support.DefaultListableBeanFactory - Creating instance of bean 'org.springframework.context.event.internalEventListenerProcessor'
[http-bio-80-exec-1] DEBUG org.springframework.beans.factory.support.DefaultListableBeanFactory - Eagerly caching bean 'org.springframework.context.event.internalEventListenerProcessor' to allow for resolving potential circular references
[http-bio-80-exec-1] DEBUG org.springframework.beans.factory.support.DefaultListableBeanFactory - Finished creating instance of bean 'org.springframework.context.event.internalEventListenerProcessor'
[http-bio-80-exec-1] DEBUG org.springframework.beans.factory.support.DefaultListableBeanFactory - Creating shared instance of singleton bean 'org.springframework.context.event.internalEventListenerFactory'
[http-bio-80-exec-1] DEBUG org.springframework.beans.factory.support.DefaultListableBeanFactory - Creating instance of bean 'org.springframework.context.event.internalEventListenerFactory'
[http-bio-80-exec-1] DEBUG org.springframework.beans.factory.support.DefaultListableBeanFactory - Eagerly caching bean 'org.springframework.context.event.internalEventListenerFactory' to allow for resolving potential circular references
[http-bio-80-exec-1] DEBUG org.springframework.beans.factory.support.DefaultListableBeanFactory - Finished creating instance of bean 'org.springframework.context.event.internalEventListenerFactory'
[http-bio-80-exec-1] DEBUG org.springframework.beans.factory.support.DefaultListableBeanFactory - Creating shared instance of singleton bean 'transactionManager'
[http-bio-80-exec-1] DEBUG org.springframework.beans.factory.support.DefaultListableBeanFactory - Creating instance of bean 'transactionManager'
[http-bio-80-exec-1] DEBUG org.springframework.beans.factory.support.DefaultListableBeanFactory - Eagerly caching bean 'transactionManager' to allow for resolving potential circular references
[http-bio-80-exec-1] DEBUG org.springframework.beans.factory.support.DefaultListableBeanFactory - Returning cached instance of singleton bean 'dataSource'
[http-bio-80-exec-1] DEBUG org.springframework.beans.factory.support.DefaultListableBeanFactory - Invoking afterPropertiesSet() on bean with name 'transactionManager'
[http-bio-80-exec-1] DEBUG org.springframework.beans.factory.support.DefaultListableBeanFactory - Finished creating instance of bean 'transactionManager'
[http-bio-80-exec-1] DEBUG org.springframework.beans.factory.support.DefaultListableBeanFactory - Creating shared instance of singleton bean 'txAdvice'
[http-bio-80-exec-1] DEBUG org.springframework.beans.factory.support.DefaultListableBeanFactory - Creating instance of bean 'txAdvice'
[http-bio-80-exec-1] DEBUG org.springframework.beans.factory.support.DefaultListableBeanFactory - Eagerly caching bean 'txAdvice' to allow for resolving potential circular references
[http-bio-80-exec-1] DEBUG org.springframework.beans.factory.support.DefaultListableBeanFactory - Returning cached instance of singleton bean 'transactionManager'
[http-bio-80-exec-1] DEBUG org.springframework.beans.factory.support.DefaultListableBeanFactory - Creating instance of bean '(inner bean)#2477896b'
[http-bio-80-exec-1] DEBUG org.springframework.transaction.interceptor.NameMatchTransactionAttributeSource - Adding transactional method [save*] with attribute [PROPAGATION_REQUIRED,ISOLATION_DEFAULT]
[http-bio-80-exec-1] DEBUG org.springframework.transaction.interceptor.NameMatchTransactionAttributeSource - Adding transactional method [delete*] with attribute [PROPAGATION_REQUIRED,ISOLATION_DEFAULT]
[http-bio-80-exec-1] DEBUG org.springframework.transaction.interceptor.NameMatchTransactionAttributeSource - Adding transactional method [insert*] with attribute [PROPAGATION_REQUIRED,ISOLATION_DEFAULT]
[http-bio-80-exec-1] DEBUG org.springframework.transaction.interceptor.NameMatchTransactionAttributeSource - Adding transactional method [update*] with attribute [PROPAGATION_REQUIRED,ISOLATION_DEFAULT]
[http-bio-80-exec-1] DEBUG org.springframework.transaction.interceptor.NameMatchTransactionAttributeSource - Adding transactional method [find*] with attribute [PROPAGATION_SUPPORTS,ISOLATION_DEFAULT,readOnly]
[http-bio-80-exec-1] DEBUG org.springframework.transaction.interceptor.NameMatchTransactionAttributeSource - Adding transactional method [get*] with attribute [PROPAGATION_SUPPORTS,ISOLATION_DEFAULT,readOnly]
[http-bio-80-exec-1] DEBUG org.springframework.transaction.interceptor.NameMatchTransactionAttributeSource - Adding transactional method [select*] with attribute [PROPAGATION_SUPPORTS,ISOLATION_DEFAULT,readOnly]
[http-bio-80-exec-1] DEBUG org.springframework.beans.factory.support.DefaultListableBeanFactory - Finished creating instance of bean '(inner bean)#2477896b'
[http-bio-80-exec-1] DEBUG org.springframework.beans.factory.support.DefaultListableBeanFactory - Invoking afterPropertiesSet() on bean with name 'txAdvice'
[http-bio-80-exec-1] DEBUG org.springframework.beans.factory.support.DefaultListableBeanFactory - Finished creating instance of bean 'txAdvice'
[http-bio-80-exec-1] DEBUG org.springframework.beans.factory.support.DefaultListableBeanFactory - Returning cached instance of singleton bean 'org.springframework.context.annotation.internalAsyncAnnotationProcessor'
[http-bio-80-exec-1] DEBUG org.springframework.beans.factory.support.DefaultListableBeanFactory - Returning cached instance of singleton bean 'org.springframework.context.annotation.internalScheduledAnnotationProcessor'
[http-bio-80-exec-1] DEBUG org.springframework.beans.factory.support.DefaultListableBeanFactory - Returning cached instance of singleton bean 'qbScheduler'
[http-bio-80-exec-1] DEBUG org.springframework.beans.factory.support.DefaultListableBeanFactory - Creating shared instance of singleton bean 'statisticsController'
[http-bio-80-exec-1] DEBUG org.springframework.beans.factory.support.DefaultListableBeanFactory - Creating instance of bean 'statisticsController'
[http-bio-80-exec-1] DEBUG org.springframework.beans.factory.annotation.InjectionMetadata - Registered injected element on class [cn.test.email.controller.StatisticsController]: AutowiredFieldElement for private cn.test.email.service.StatisticsService cn.test.email.controller.StatisticsController.statisticsService
[http-bio-80-exec-1] DEBUG org.springframework.beans.factory.support.DefaultListableBeanFactory - Eagerly caching bean 'statisticsController' to allow for resolving potential circular references
[http-bio-80-exec-1] DEBUG org.springframework.beans.factory.annotation.InjectionMetadata - Processing injected element of bean 'statisticsController': AutowiredFieldElement for private cn.test.email.service.StatisticsService cn.test.email.controller.StatisticsController.statisticsService
[http-bio-80-exec-1] DEBUG org.springframework.beans.factory.support.DefaultListableBeanFactory - Returning cached instance of singleton bean 'statisticsServiceImpl'
[http-bio-80-exec-1] DEBUG org.springframework.beans.factory.annotation.AutowiredAnnotationBeanPostProcessor - Autowiring by type from bean name 'statisticsController' to bean named 'statisticsServiceImpl'
[http-bio-80-exec-1] DEBUG org.springframework.beans.factory.support.DefaultListableBeanFactory - Finished creating instance of bean 'statisticsController'
[http-bio-80-exec-1] DEBUG org.springframework.beans.factory.support.DefaultListableBeanFactory - Creating shared instance of singleton bean 'testPaperController'
[http-bio-80-exec-1] DEBUG org.springframework.beans.factory.support.DefaultListableBeanFactory - Creating instance of bean 'testPaperController'
[http-bio-80-exec-1] DEBUG org.springframework.beans.factory.annotation.InjectionMetadata - Registered injected element on class [cn.test.email.controller.TestPaperController]: AutowiredFieldElement for private cn.test.email.service.TestPaperService cn.test.email.controller.TestPaperController.testPaperService
[http-bio-80-exec-1] DEBUG org.springframework.beans.factory.support.DefaultListableBeanFactory - Eagerly caching bean 'testPaperController' to allow for resolving potential circular references
[http-bio-80-exec-1] DEBUG org.springframework.beans.factory.annotation.InjectionMetadata - Processing injected element of bean 'testPaperController': AutowiredFieldElement for private cn.test.email.service.TestPaperService cn.test.email.controller.TestPaperController.testPaperService
[http-bio-80-exec-1] DEBUG org.springframework.beans.factory.support.DefaultListableBeanFactory - Returning cached instance of singleton bean 'testParperServiceImpl'
[http-bio-80-exec-1] DEBUG org.springframework.beans.factory.annotation.AutowiredAnnotationBeanPostProcessor - Autowiring by type from bean name 'testPaperController' to bean named 'testParperServiceImpl'
[http-bio-80-exec-1] DEBUG org.springframework.beans.factory.support.DefaultListableBeanFactory - Finished creating instance of bean 'testPaperController'
[http-bio-80-exec-1] DEBUG org.springframework.beans.factory.support.DefaultListableBeanFactory - Creating shared instance of singleton bean 'testQuestionsController'
[http-bio-80-exec-1] DEBUG org.springframework.beans.factory.support.DefaultListableBeanFactory - Creating instance of bean 'testQuestionsController'
[http-bio-80-exec-1] DEBUG org.springframework.beans.factory.annotation.InjectionMetadata - Registered injected element on class [cn.test.email.controller.TestQuestionsController]: AutowiredFieldElement for private cn.test.email.service.TestQuestionsService cn.test.email.controller.TestQuestionsController.testQuestionsService
[http-bio-80-exec-1] DEBUG org.springframework.beans.factory.support.DefaultListableBeanFactory - Eagerly caching bean 'testQuestionsController' to allow for resolving potential circular references
[http-bio-80-exec-1] DEBUG org.springframework.beans.factory.annotation.InjectionMetadata - Processing injected element of bean 'testQuestionsController': AutowiredFieldElement for private cn.test.email.service.TestQuestionsService cn.test.email.controller.TestQuestionsController.testQuestionsService
[http-bio-80-exec-1] DEBUG org.springframework.beans.factory.support.DefaultListableBeanFactory - Returning cached instance of singleton bean 'testQuestionsServiceImpl'
[http-bio-80-exec-1] DEBUG org.springframework.beans.factory.annotation.AutowiredAnnotationBeanPostProcessor - Autowiring by type from bean name 'testQuestionsController' to bean named 'testQuestionsServiceImpl'
[http-bio-80-exec-1] DEBUG org.springframework.beans.factory.support.DefaultListableBeanFactory - Finished creating instance of bean 'testQuestionsController'
[http-bio-80-exec-1] DEBUG org.springframework.beans.factory.support.DefaultListableBeanFactory - Creating shared instance of singleton bean 'testTask'
[http-bio-80-exec-1] DEBUG org.springframework.beans.factory.support.DefaultListableBeanFactory - Creating instance of bean 'testTask'
[http-bio-80-exec-1] DEBUG org.springframework.beans.factory.support.DefaultListableBeanFactory - Eagerly caching bean 'testTask' to allow for resolving potential circular references
[http-bio-80-exec-1] DEBUG org.springframework.scheduling.annotation.ScheduledAnnotationBeanPostProcessor - 1 @Scheduled methods processed on bean 'testTask': {public void cn.test.email.controller.TestTask.testMON()=[@org.springframework.scheduling.annotation.Scheduled(zone=, initialDelay=-1, cron=2 * * * * *, fixedDelayString=, fixedDelay=-1, fixedRateString=, fixedRate=-1, initialDelayString=)]}
[http-bio-80-exec-1] DEBUG org.springframework.beans.factory.support.DefaultListableBeanFactory - Finished creating instance of bean 'testTask'
[http-bio-80-exec-1] DEBUG org.springframework.beans.factory.support.DefaultListableBeanFactory - Creating shared instance of singleton bean 'usersController'
[http-bio-80-exec-1] DEBUG org.springframework.beans.factory.support.DefaultListableBeanFactory - Creating instance of bean 'usersController'
[http-bio-80-exec-1] DEBUG org.springframework.beans.factory.annotation.InjectionMetadata - Registered injected element on class [cn.test.email.controller.UsersController]: AutowiredFieldElement for private cn.test.email.service.IUserService cn.test.email.controller.UsersController.iUserService
[http-bio-80-exec-1] DEBUG org.springframework.beans.factory.support.DefaultListableBeanFactory - Eagerly caching bean 'usersController' to allow for resolving potential circular references
[http-bio-80-exec-1] DEBUG org.springframework.beans.factory.annotation.InjectionMetadata - Processing injected element of bean 'usersController': AutowiredFieldElement for private cn.test.email.service.IUserService cn.test.email.controller.UsersController.iUserService
[http-bio-80-exec-1] DEBUG org.springframework.beans.factory.support.DefaultListableBeanFactory - Returning cached instance of singleton bean 'IUserService'
[http-bio-80-exec-1] DEBUG org.springframework.beans.factory.annotation.AutowiredAnnotationBeanPostProcessor - Autowiring by type from bean name 'usersController' to bean named 'IUserService'
[http-bio-80-exec-1] DEBUG org.springframework.beans.factory.support.DefaultListableBeanFactory - Finished creating instance of bean 'usersController'
[http-bio-80-exec-1] DEBUG org.springframework.beans.factory.support.DefaultListableBeanFactory - Creating shared instance of singleton bean 'wordController'
[http-bio-80-exec-1] DEBUG org.springframework.beans.factory.support.DefaultListableBeanFactory - Creating instance of bean 'wordController'
[http-bio-80-exec-1] DEBUG org.springframework.beans.factory.support.DefaultListableBeanFactory - Eagerly caching bean 'wordController' to allow for resolving potential circular references
[http-bio-80-exec-1] DEBUG org.springframework.beans.factory.support.DefaultListableBeanFactory - Finished creating instance of bean 'wordController'
[http-bio-80-exec-1] DEBUG org.springframework.beans.factory.support.DefaultListableBeanFactory - Creating shared instance of singleton bean 'mvcContentNegotiationManager'
[http-bio-80-exec-1] DEBUG org.springframework.beans.factory.support.DefaultListableBeanFactory - Creating instance of bean 'mvcContentNegotiationManager'
[http-bio-80-exec-1] DEBUG org.springframework.beans.factory.support.DefaultListableBeanFactory - Eagerly caching bean 'mvcContentNegotiationManager' to allow for resolving potential circular references
[http-bio-80-exec-1] DEBUG org.springframework.beans.factory.support.DefaultListableBeanFactory - Invoking afterPropertiesSet() on bean with name 'mvcContentNegotiationManager'
[http-bio-80-exec-1] DEBUG org.springframework.beans.factory.support.DefaultListableBeanFactory - Finished creating instance of bean 'mvcContentNegotiationManager'
[http-bio-80-exec-1] DEBUG org.springframework.beans.factory.support.DefaultListableBeanFactory - Creating shared instance of singleton bean 'org.springframework.web.servlet.mvc.method.annotation.RequestMappingHandlerMapping'
[http-bio-80-exec-1] DEBUG org.springframework.beans.factory.support.DefaultListableBeanFactory - Creating instance of bean 'org.springframework.web.servlet.mvc.method.annotation.RequestMappingHandlerMapping'
[http-bio-80-exec-1] DEBUG org.springframework.beans.factory.support.DefaultListableBeanFactory - Eagerly caching bean 'org.springframework.web.servlet.mvc.method.annotation.RequestMappingHandlerMapping' to allow for resolving potential circular references
[http-bio-80-exec-1] DEBUG org.springframework.beans.factory.support.DefaultListableBeanFactory - Returning cached instance of singleton bean 'mvcContentNegotiationManager'
[http-bio-80-exec-1] DEBUG org.springframework.beans.factory.support.DefaultListableBeanFactory - Creating shared instance of singleton bean 'mvcCorsConfigurations'
[http-bio-80-exec-1] DEBUG org.springframework.beans.factory.support.DefaultListableBeanFactory - Creating instance of bean 'mvcCorsConfigurations'
[http-bio-80-exec-1] DEBUG org.springframework.beans.factory.support.DefaultListableBeanFactory - Eagerly caching bean 'mvcCorsConfigurations' to allow for resolving potential circular references
[http-bio-80-exec-1] DEBUG org.springframework.beans.factory.support.DefaultListableBeanFactory - Finished creating instance of bean 'mvcCorsConfigurations'
[http-bio-80-exec-1] DEBUG org.springframework.beans.factory.support.DefaultListableBeanFactory - Creating shared instance of singleton bean 'org.springframework.web.servlet.handler.MappedInterceptor#0'
[http-bio-80-exec-1] DEBUG org.springframework.beans.factory.support.DefaultListableBeanFactory - Creating instance of bean 'org.springframework.web.servlet.handler.MappedInterceptor#0'
[http-bio-80-exec-1] DEBUG org.springframework.beans.factory.support.DefaultListableBeanFactory - Creating instance of bean '(inner bean)#2a06030e'
[http-bio-80-exec-1] DEBUG org.springframework.beans.factory.support.DefaultListableBeanFactory - Creating shared instance of singleton bean 'org.springframework.format.support.FormattingConversionServiceFactoryBean#0'
[http-bio-80-exec-1] DEBUG org.springframework.beans.factory.support.DefaultListableBeanFactory - Creating instance of bean 'org.springframework.format.support.FormattingConversionServiceFactoryBean#0'
[http-bio-80-exec-1] DEBUG org.springframework.beans.factory.support.DefaultListableBeanFactory - Eagerly caching bean 'org.springframework.format.support.FormattingConversionServiceFactoryBean#0' to allow for resolving potential circular references
[http-bio-80-exec-1] DEBUG org.springframework.beans.factory.support.DefaultListableBeanFactory - Invoking afterPropertiesSet() on bean with name 'org.springframework.format.support.FormattingConversionServiceFactoryBean#0'
[http-bio-80-exec-1] DEBUG org.springframework.beans.factory.support.DefaultListableBeanFactory - Finished creating instance of bean 'org.springframework.format.support.FormattingConversionServiceFactoryBean#0'
[http-bio-80-exec-1] DEBUG org.springframework.beans.factory.support.DefaultListableBeanFactory - Finished creating instance of bean '(inner bean)#2a06030e'
[http-bio-80-exec-1] DEBUG org.springframework.beans.factory.support.DefaultListableBeanFactory - Eagerly caching bean 'org.springframework.web.servlet.handler.MappedInterceptor#0' to allow for resolving potential circular references
[http-bio-80-exec-1] DEBUG org.springframework.beans.factory.support.DefaultListableBeanFactory - Finished creating instance of bean 'org.springframework.web.servlet.handler.MappedInterceptor#0'
[http-bio-80-exec-1] DEBUG org.springframework.beans.factory.support.DefaultListableBeanFactory - Creating shared instance of singleton bean 'org.springframework.web.servlet.handler.MappedInterceptor#1'
[http-bio-80-exec-1] DEBUG org.springframework.beans.factory.support.DefaultListableBeanFactory - Creating instance of bean 'org.springframework.web.servlet.handler.MappedInterceptor#1'
[http-bio-80-exec-1] DEBUG org.springframework.beans.factory.support.DefaultListableBeanFactory - Creating instance of bean 'cn.test.email.interceptor.LoginInterceptor#0'
[http-bio-80-exec-1] DEBUG org.springframework.beans.factory.support.DefaultListableBeanFactory - Finished creating instance of bean 'cn.test.email.interceptor.LoginInterceptor#0'
[http-bio-80-exec-1] DEBUG org.springframework.beans.factory.support.DefaultListableBeanFactory - Eagerly caching bean 'org.springframework.web.servlet.handler.MappedInterceptor#1' to allow for resolving potential circular references
[http-bio-80-exec-1] DEBUG org.springframework.beans.factory.support.DefaultListableBeanFactory - Finished creating instance of bean 'org.springframework.web.servlet.handler.MappedInterceptor#1'
[http-bio-80-exec-1] DEBUG org.springframework.beans.factory.support.DefaultListableBeanFactory - Returning cached instance of singleton bean 'org.springframework.web.servlet.handler.MappedInterceptor#0'
[http-bio-80-exec-1] DEBUG org.springframework.beans.factory.support.DefaultListableBeanFactory - Returning cached instance of singleton bean 'org.springframework.web.servlet.handler.MappedInterceptor#1'
[http-bio-80-exec-1] DEBUG org.springframework.beans.factory.support.DefaultListableBeanFactory - Invoking afterPropertiesSet() on bean with name 'org.springframework.web.servlet.mvc.method.annotation.RequestMappingHandlerMapping'
[http-bio-80-exec-1] DEBUG org.springframework.web.servlet.mvc.method.annotation.RequestMappingHandlerMapping - Looking for request mappings in application context: WebApplicationContext for namespace 'springmvc-servlet': startup date [Tue Nov 28 09:33:04 CST 2017]; parent: Root WebApplicationContext
[http-bio-80-exec-1] DEBUG org.springframework.web.servlet.mvc.method.annotation.RequestMappingHandlerMapping - 3 request handler methods found on class cn.test.email.controller.StatisticsController: {public java.util.List cn.test.email.controller.StatisticsController.getErrorCount(cn.test.email.model.Users)={[/getErrorCount.do]}, public java.util.List cn.test.email.controller.StatisticsController.getQuestionCount(cn.test.email.model.Users)={[/getQuestionCount.do]}, public java.lang.String cn.test.email.controller.StatisticsController.getQuestion(org.springframework.ui.Model,java.lang.Integer,javax.servlet.http.HttpSession)={[/getQuestionNum.do]}}
[http-bio-80-exec-1] INFO org.springframework.web.servlet.mvc.method.annotation.RequestMappingHandlerMapping - Mapped "{[/getErrorCount.do]}" onto public java.util.List<cn.test.email.model.QuestionType> cn.test.email.controller.StatisticsController.getErrorCount(cn.test.email.model.Users)
[http-bio-80-exec-1] INFO org.springframework.web.servlet.mvc.method.annotation.RequestMappingHandlerMapping - Mapped "{[/getQuestionCount.do]}" onto public java.util.List<cn.test.email.model.QuestionType> cn.test.email.controller.StatisticsController.getQuestionCount(cn.test.email.model.Users)
[http-bio-80-exec-1] INFO org.springframework.web.servlet.mvc.method.annotation.RequestMappingHandlerMapping - Mapped "{[/getQuestionNum.do]}" onto public java.lang.String cn.test.email.controller.StatisticsController.getQuestion(org.springframework.ui.Model,java.lang.Integer,javax.servlet.http.HttpSession)
[http-bio-80-exec-1] DEBUG org.springframework.web.servlet.mvc.method.annotation.RequestMappingHandlerMapping - 7 request handler methods found on class cn.test.email.controller.TestPaperController: {public java.lang.String cn.test.email.controller.TestPaperController.show(org.springframework.ui.Model,java.lang.String)={[/show.do]}, public java.lang.String cn.test.email.controller.TestPaperController.addTestPaper()={[/addTestPaper.do]}, public java.lang.String cn.test.email.controller.TestPaperController.toMyExam(org.springframework.ui.Model)={[/toMyExam.do]}, public java.lang.String cn.test.email.controller.TestPaperController.myExam(javax.servlet.http.HttpSession)={[/myExam.do]}, public java.lang.String cn.test.email.controller.TestPaperController.addTestPaperDo(cn.test.email.model.TestPaper)={[/addTestPaperDo.do]}, public java.lang.String cn.test.email.controller.TestPaperController.myword(org.springframework.ui.Model,java.lang.String)={[/myword.do]}, public java.lang.String cn.test.email.controller.TestPaperController.toUserExam(org.springframework.ui.Model)={[/toUserExam.do]}}
[http-bio-80-exec-1] INFO org.springframework.web.servlet.mvc.method.annotation.RequestMappingHandlerMapping - Mapped "{[/show.do]}" onto public java.lang.String cn.test.email.controller.TestPaperController.show(org.springframework.ui.Model,java.lang.String)
[http-bio-80-exec-1] INFO org.springframework.web.servlet.mvc.method.annotation.RequestMappingHandlerMapping - Mapped "{[/addTestPaper.do]}" onto public java.lang.String cn.test.email.controller.TestPaperController.addTestPaper()
[http-bio-80-exec-1] INFO org.springframework.web.servlet.mvc.method.annotation.RequestMappingHandlerMapping - Mapped "{[/toMyExam.do]}" onto public java.lang.String cn.test.email.controller.TestPaperController.toMyExam(org.springframework.ui.Model)
[http-bio-80-exec-1] INFO org.springframework.web.servlet.mvc.method.annotation.RequestMappingHandlerMapping - Mapped "{[/myExam.do]}" onto public java.lang.String cn.test.email.controller.TestPaperController.myExam(javax.servlet.http.HttpSession)
[http-bio-80-exec-1] INFO org.springframework.web.servlet.mvc.method.annotation.RequestMappingHandlerMapping - Mapped "{[/addTestPaperDo.do]}" onto public java.lang.String cn.test.email.controller.TestPaperController.addTestPaperDo(cn.test.email.model.TestPaper)
[http-bio-80-exec-1] INFO org.springframework.web.servlet.mvc.method.annotation.RequestMappingHandlerMapping - Mapped "{[/myword.do]}" onto public java.lang.String cn.test.email.controller.TestPaperController.myword(org.springframework.ui.Model,java.lang.String)
[http-bio-80-exec-1] INFO org.springframework.web.servlet.mvc.method.annotation.RequestMappingHandlerMapping - Mapped "{[/toUserExam.do]}" onto public java.lang.String cn.test.email.controller.TestPaperController.toUserExam(org.springframework.ui.Model)
[http-bio-80-exec-1] DEBUG org.springframework.web.servlet.mvc.method.annotation.RequestMappingHandlerMapping - 13 request handler methods found on class cn.test.email.controller.TestQuestionsController: {public java.lang.String cn.test.email.controller.TestQuestionsController.add(java.lang.String,org.springframework.ui.Model,java.lang.Integer)={[/add.do]}, public java.lang.String cn.test.email.controller.TestQuestionsController.update(java.lang.Integer,org.springframework.ui.Model)={[/update.do]}, public java.lang.String cn.test.email.controller.TestQuestionsController.showErrorQuestion(javax.servlet.http.HttpSession,java.lang.Integer,java.lang.Integer,cn.test.email.model.ErrorQuestionVo,org.springframework.ui.Model)={[/showErrorQuestion.do]}, public java.lang.String cn.test.email.controller.TestQuestionsController.vipRandomQuestion(java.lang.Integer,org.springframework.ui.Model)={[/vipRandomQuestion.do]}, public java.lang.String cn.test.email.controller.TestQuestionsController.deleteDo(java.lang.Integer,java.lang.String,java.lang.Integer) throws java.lang.Exception={[/deleteDo.do]}, public java.lang.String cn.test.email.controller.TestQuestionsController.updateDo(cn.test.email.model.TExamQuestion,java.lang.String[])={[/updateDo.do]}, public java.lang.String cn.test.email.controller.TestQuestionsController.addDo(cn.test.email.model.TExamQuestion,java.lang.String[])={[/addDo.do]}, public java.lang.String cn.test.email.controller.TestQuestionsController.selectDel(java.lang.Integer[],java.lang.String,java.lang.Integer)={[/selectDel.do]}, public java.lang.String cn.test.email.controller.TestQuestionsController.selectBySidDo(java.lang.Integer,java.lang.String,org.springframework.ui.Model) throws java.io.UnsupportedEncodingException={[/selectBySidDo.do]}, public java.lang.String cn.test.email.controller.TestQuestionsController.showQuestion(java.lang.Integer,java.lang.Integer,org.springframework.ui.Model,cn.test.email.model.TExamQuestionVo)={[/showQuestion.do]}, public java.lang.String cn.test.email.controller.TestQuestionsController.saveCountExam(java.lang.String,javax.servlet.http.HttpSession)={[/saveCountExam.do]}, public java.lang.String cn.test.email.controller.TestQuestionsController.randomQuestion(javax.servlet.http.HttpSession)={[/randomQuestion.do]}, public java.lang.String cn.test.email.controller.TestQuestionsController.randomQuestionDo(java.lang.Integer,java.lang.Integer,java.lang.Integer,javax.servlet.http.HttpSession,org.springframework.ui.Model)={[/randomQuestionDo.do]}}
[http-bio-80-exec-1] INFO org.springframework.web.servlet.mvc.method.annotation.RequestMappingHandlerMapping - Mapped "{[/add.do]}" onto public java.lang.String cn.test.email.controller.TestQuestionsController.add(java.lang.String,org.springframework.ui.Model,java.lang.Integer)
[http-bio-80-exec-1] INFO org.springframework.web.servlet.mvc.method.annotation.RequestMappingHandlerMapping - Mapped "{[/update.do]}" onto public java.lang.String cn.test.email.controller.TestQuestionsController.update(java.lang.Integer,org.springframework.ui.Model)
[http-bio-80-exec-1] INFO org.springframework.web.servlet.mvc.method.annotation.RequestMappingHandlerMapping - Mapped "{[/showErrorQuestion.do]}" onto public java.lang.String cn.test.email.controller.TestQuestionsController.showErrorQuestion(javax.servlet.http.HttpSession,java.lang.Integer,java.lang.Integer,cn.test.email.model.ErrorQuestionVo,org.springframework.ui.Model)
[http-bio-80-exec-1] INFO org.springframework.web.servlet.mvc.method.annotation.RequestMappingHandlerMapping - Mapped "{[/vipRandomQuestion.do]}" onto public java.lang.String cn.test.email.controller.TestQuestionsController.vipRandomQuestion(java.lang.Integer,org.springframework.ui.Model)
[http-bio-80-exec-1] INFO org.springframework.web.servlet.mvc.method.annotation.RequestMappingHandlerMapping - Mapped "{[/deleteDo.do]}" onto public java.lang.String cn.test.email.controller.TestQuestionsController.deleteDo(java.lang.Integer,java.lang.String,java.lang.Integer) throws java.lang.Exception
[http-bio-80-exec-1] INFO org.springframework.web.servlet.mvc.method.annotation.RequestMappingHandlerMapping - Mapped "{[/updateDo.do]}" onto public java.lang.String cn.test.email.controller.TestQuestionsController.updateDo(cn.test.email.model.TExamQuestion,java.lang.String[])
[http-bio-80-exec-1] INFO org.springframework.web.servlet.mvc.method.annotation.RequestMappingHandlerMapping - Mapped "{[/addDo.do]}" onto public java.lang.String cn.test.email.controller.TestQuestionsController.addDo(cn.test.email.model.TExamQuestion,java.lang.String[])
[http-bio-80-exec-1] INFO org.springframework.web.servlet.mvc.method.annotation.RequestMappingHandlerMapping - Mapped "{[/selectDel.do]}" onto public java.lang.String cn.test.email.controller.TestQuestionsController.selectDel(java.lang.Integer[],java.lang.String,java.lang.Integer)
[http-bio-80-exec-1] INFO org.springframework.web.servlet.mvc.method.annotation.RequestMappingHandlerMapping - Mapped "{[/selectBySidDo.do]}" onto public java.lang.String cn.test.email.controller.TestQuestionsController.selectBySidDo(java.lang.Integer,java.lang.String,org.springframework.ui.Model) throws java.io.UnsupportedEncodingException
[http-bio-80-exec-1] INFO org.springframework.web.servlet.mvc.method.annotation.RequestMappingHandlerMapping - Mapped "{[/showQuestion.do]}" onto public java.lang.String cn.test.email.controller.TestQuestionsController.showQuestion(java.lang.Integer,java.lang.Integer,org.springframework.ui.Model,cn.test.email.model.TExamQuestionVo)
[http-bio-80-exec-1] INFO org.springframework.web.servlet.mvc.method.annotation.RequestMappingHandlerMapping - Mapped "{[/saveCountExam.do]}" onto public java.lang.String cn.test.email.controller.TestQuestionsController.saveCountExam(java.lang.String,javax.servlet.http.HttpSession)
[http-bio-80-exec-1] INFO org.springframework.web.servlet.mvc.method.annotation.RequestMappingHandlerMapping - Mapped "{[/randomQuestion.do]}" onto public java.lang.String cn.test.email.controller.TestQuestionsController.randomQuestion(javax.servlet.http.HttpSession)
[http-bio-80-exec-1] INFO org.springframework.web.servlet.mvc.method.annotation.RequestMappingHandlerMapping - Mapped "{[/randomQuestionDo.do]}" onto public java.lang.String cn.test.email.controller.TestQuestionsController.randomQuestionDo(java.lang.Integer,java.lang.Integer,java.lang.Integer,javax.servlet.http.HttpSession,org.springframework.ui.Model)
[http-bio-80-exec-1] DEBUG org.springframework.web.servlet.mvc.method.annotation.RequestMappingHandlerMapping - 8 request handler methods found on class cn.test.email.controller.UsersController: {public java.lang.String cn.test.email.controller.UsersController.register()={[/user/register]}, public java.lang.String cn.test.email.controller.UsersController.home()={[/user/home]}, public java.lang.String cn.test.email.controller.UsersController.login()={[/user/login]}, public java.lang.String cn.test.email.controller.UsersController.doLogin(cn.test.email.model.Users,javax.servlet.http.HttpSession,javax.servlet.http.HttpServletRequest) throws java.lang.Exception={[/user/dologin]}, public java.lang.String cn.test.email.controller.UsersController.updateRankDo(javax.servlet.http.HttpSession)={[/user/updateRankDo.do]}, public java.lang.String cn.test.email.controller.UsersController.loginOut(javax.servlet.http.HttpSession) throws java.lang.Exception={[/user/loginOut]}, public void cn.test.email.controller.UsersController.registerFindUser(cn.test.email.model.Users,javax.servlet.http.HttpServletResponse) throws java.lang.Exception={[/user/registerFindUser]}, public java.lang.String cn.test.email.controller.UsersController.doRegister(org.springframework.ui.Model,cn.test.email.model.Users,org.springframework.validation.BindingResult) throws java.lang.Exception={[/user/doregister]}}
[http-bio-80-exec-1] INFO org.springframework.web.servlet.mvc.method.annotation.RequestMappingHandlerMapping - Mapped "{[/user/register]}" onto public java.lang.String cn.test.email.controller.UsersController.register()
[http-bio-80-exec-1] INFO org.springframework.web.servlet.mvc.method.annotation.RequestMappingHandlerMapping - Mapped "{[/user/home]}" onto public java.lang.String cn.test.email.controller.UsersController.home()
[http-bio-80-exec-1] INFO org.springframework.web.servlet.mvc.method.annotation.RequestMappingHandlerMapping - Mapped "{[/user/login]}" onto public java.lang.String cn.test.email.controller.UsersController.login()
[http-bio-80-exec-1] INFO org.springframework.web.servlet.mvc.method.annotation.RequestMappingHandlerMapping - Mapped "{[/user/dologin]}" onto public java.lang.String cn.test.email.controller.UsersController.doLogin(cn.test.email.model.Users,javax.servlet.http.HttpSession,javax.servlet.http.HttpServletRequest) throws java.lang.Exception
[http-bio-80-exec-1] INFO org.springframework.web.servlet.mvc.method.annotation.RequestMappingHandlerMapping - Mapped "{[/user/updateRankDo.do]}" onto public java.lang.String cn.test.email.controller.UsersController.updateRankDo(javax.servlet.http.HttpSession)
[http-bio-80-exec-1] INFO org.springframework.web.servlet.mvc.method.annotation.RequestMappingHandlerMapping - Mapped "{[/user/loginOut]}" onto public java.lang.String cn.test.email.controller.UsersController.loginOut(javax.servlet.http.HttpSession) throws java.lang.Exception
[http-bio-80-exec-1] INFO org.springframework.web.servlet.mvc.method.annotation.RequestMappingHandlerMapping - Mapped "{[/user/registerFindUser]}" onto public void cn.test.email.controller.UsersController.registerFindUser(cn.test.email.model.Users,javax.servlet.http.HttpServletResponse) throws java.lang.Exception
[http-bio-80-exec-1] INFO org.springframework.web.servlet.mvc.method.annotation.RequestMappingHandlerMapping - Mapped "{[/user/doregister]}" onto public java.lang.String cn.test.email.controller.UsersController.doRegister(org.springframework.ui.Model,cn.test.email.model.Users,org.springframework.validation.BindingResult) throws java.lang.Exception
[http-bio-80-exec-1] DEBUG org.springframework.web.servlet.mvc.method.annotation.RequestMappingHandlerMapping - 1 request handler methods found on class cn.test.email.controller.WordController: {public static java.util.List cn.test.email.controller.WordController.myword(java.lang.String)={[/word/myword]}}
[http-bio-80-exec-1] INFO org.springframework.web.servlet.mvc.method.annotation.RequestMappingHandlerMapping - Mapped "{[/word/myword]}" onto public static java.util.List<java.lang.String> cn.test.email.controller.WordController.myword(java.lang.String)
[http-bio-80-exec-1] DEBUG org.springframework.beans.factory.support.DefaultListableBeanFactory - Finished creating instance of bean 'org.springframework.web.servlet.mvc.method.annotation.RequestMappingHandlerMapping'
[http-bio-80-exec-1] DEBUG org.springframework.beans.factory.support.DefaultListableBeanFactory - Returning cached instance of singleton bean 'mvcCorsConfigurations'
[http-bio-80-exec-1] DEBUG org.springframework.beans.factory.support.DefaultListableBeanFactory - Returning cached instance of singleton bean 'org.springframework.format.support.FormattingConversionServiceFactoryBean#0'
[http-bio-80-exec-1] DEBUG org.springframework.beans.factory.support.DefaultListableBeanFactory - Creating shared instance of singleton bean 'org.springframework.web.servlet.mvc.method.annotation.RequestMappingHandlerAdapter'
[http-bio-80-exec-1] DEBUG org.springframework.beans.factory.support.DefaultListableBeanFactory - Creating instance of bean 'org.springframework.web.servlet.mvc.method.annotation.RequestMappingHandlerAdapter'
[http-bio-80-exec-1] DEBUG org.springframework.beans.factory.support.DefaultListableBeanFactory - Eagerly caching bean 'org.springframework.web.servlet.mvc.method.annotation.RequestMappingHandlerAdapter' to allow for resolving potential circular references
[http-bio-80-exec-1] DEBUG org.springframework.beans.factory.support.DefaultListableBeanFactory - Returning cached instance of singleton bean 'mvcContentNegotiationManager'
[http-bio-80-exec-1] DEBUG org.springframework.beans.factory.support.DefaultListableBeanFactory - Creating instance of bean '(inner bean)#52162d57'
[http-bio-80-exec-1] DEBUG org.springframework.beans.factory.support.DefaultListableBeanFactory - Returning cached instance of singleton bean 'org.springframework.format.support.FormattingConversionServiceFactoryBean#0'
[http-bio-80-exec-1] DEBUG org.springframework.beans.factory.support.DefaultListableBeanFactory - Creating shared instance of singleton bean 'validator'
[http-bio-80-exec-1] DEBUG org.springframework.beans.factory.support.DefaultListableBeanFactory - Creating instance of bean 'validator'
[http-bio-80-exec-1] DEBUG org.springframework.beans.factory.support.DefaultListableBeanFactory - Eagerly caching bean 'validator' to allow for resolving potential circular references
[http-bio-80-exec-1] DEBUG org.springframework.beans.factory.support.DefaultListableBeanFactory - Returning cached instance of singleton bean 'messageSource'
[http-bio-80-exec-1] DEBUG org.springframework.beans.factory.support.DefaultListableBeanFactory - Invoking afterPropertiesSet() on bean with name 'validator'
[http-bio-80-exec-1] DEBUG org.hibernate.validator.internal.engine.resolver.DefaultTraversableResolver - Cannot find javax.persistence.Persistence on classpath. Assuming non JPA 2 environment. All properties will per default be traversable.
[http-bio-80-exec-1] DEBUG org.hibernate.validator.internal.engine.ConfigurationImpl - Setting custom MessageInterpolator of type org.springframework.validation.beanvalidation.LocaleContextMessageInterpolator
[http-bio-80-exec-1] DEBUG org.hibernate.validator.internal.engine.ConfigurationImpl - Setting custom ConstraintValidatorFactory of type org.springframework.validation.beanvalidation.SpringConstraintValidatorFactory
[http-bio-80-exec-1] DEBUG org.hibernate.validator.internal.engine.ConfigurationImpl - Setting custom ParameterNameProvider of type com.sun.proxy.$Proxy46
[http-bio-80-exec-1] DEBUG org.hibernate.validator.internal.xml.ValidationXmlParser - Trying to load META-INF/validation.xml for XML based Validator configuration.
[http-bio-80-exec-1] DEBUG org.hibernate.validator.internal.xml.ResourceLoaderHelper - Trying to load META-INF/validation.xml via user class loader
[http-bio-80-exec-1] DEBUG org.hibernate.validator.internal.xml.ResourceLoaderHelper - Trying to load META-INF/validation.xml via TCCL
[http-bio-80-exec-1] DEBUG org.hibernate.validator.internal.xml.ResourceLoaderHelper - Trying to load META-INF/validation.xml via Hibernate Validator's class loader
[http-bio-80-exec-1] DEBUG org.hibernate.validator.internal.xml.ValidationXmlParser - No META-INF/validation.xml found. Using annotation based configuration only.
[http-bio-80-exec-1] DEBUG org.springframework.beans.factory.support.DefaultListableBeanFactory - Finished creating instance of bean 'validator'
[http-bio-80-exec-1] DEBUG org.springframework.beans.factory.support.DefaultListableBeanFactory - Finished creating instance of bean '(inner bean)#52162d57'
[http-bio-80-exec-1] DEBUG org.springframework.beans.factory.support.DefaultListableBeanFactory - Creating instance of bean '(inner bean)#13b6a111'
[http-bio-80-exec-1] DEBUG org.springframework.beans.factory.support.DefaultListableBeanFactory - Finished creating instance of bean '(inner bean)#13b6a111'
[http-bio-80-exec-1] DEBUG org.springframework.beans.factory.support.DefaultListableBeanFactory - Creating instance of bean '(inner bean)#7f674964'
[http-bio-80-exec-1] DEBUG org.springframework.beans.factory.support.DefaultListableBeanFactory - Finished creating instance of bean '(inner bean)#7f674964'
[http-bio-80-exec-1] DEBUG org.springframework.beans.factory.support.DefaultListableBeanFactory - Creating instance of bean '(inner bean)#1774be25'
[http-bio-80-exec-1] DEBUG org.springframework.beans.factory.support.DefaultListableBeanFactory - Finished creating instance of bean '(inner bean)#1774be25'
[http-bio-80-exec-1] DEBUG org.springframework.beans.factory.support.DefaultListableBeanFactory - Creating instance of bean '(inner bean)#7b368ca1'
[http-bio-80-exec-1] DEBUG org.springframework.beans.factory.support.DefaultListableBeanFactory - Finished creating instance of bean '(inner bean)#7b368ca1'
[http-bio-80-exec-1] DEBUG org.springframework.beans.factory.support.DefaultListableBeanFactory - Creating instance of bean '(inner bean)#16b43a2c'
[http-bio-80-exec-1] DEBUG org.springframework.beans.factory.support.DefaultListableBeanFactory - Finished creating instance of bean '(inner bean)#16b43a2c'
[http-bio-80-exec-1] DEBUG org.springframework.beans.factory.support.DefaultListableBeanFactory - Creating instance of bean '(inner bean)#1c3fd34e'
[http-bio-80-exec-1] DEBUG org.springframework.beans.factory.support.DefaultListableBeanFactory - Finished creating instance of bean '(inner bean)#1c3fd34e'
[http-bio-80-exec-1] DEBUG org.springframework.beans.factory.support.DefaultListableBeanFactory - Invoking afterPropertiesSet() on bean with name 'org.springframework.web.servlet.mvc.method.annotation.RequestMappingHandlerAdapter'
[http-bio-80-exec-1] INFO org.springframework.web.servlet.mvc.method.annotation.RequestMappingHandlerAdapter - Looking for @ControllerAdvice: WebApplicationContext for namespace 'springmvc-servlet': startup date [Tue Nov 28 09:33:04 CST 2017]; parent: Root WebApplicationContext
[http-bio-80-exec-1] DEBUG org.springframework.beans.factory.support.DefaultListableBeanFactory - Finished creating instance of bean 'org.springframework.web.servlet.mvc.method.annotation.RequestMappingHandlerAdapter'
[http-bio-80-exec-1] DEBUG org.springframework.beans.factory.support.DefaultListableBeanFactory - Creating shared instance of singleton bean 'mvcUriComponentsContributor'
[http-bio-80-exec-1] DEBUG org.springframework.beans.factory.support.DefaultListableBeanFactory - Creating instance of bean 'mvcUriComponentsContributor'
[http-bio-80-exec-1] DEBUG org.springframework.beans.factory.support.DefaultListableBeanFactory - Eagerly caching bean 'mvcUriComponentsContributor' to allow for resolving potential circular references
[http-bio-80-exec-1] DEBUG org.springframework.beans.factory.support.DefaultListableBeanFactory - Creating instance of bean '(inner bean)#6ac83b04'
[http-bio-80-exec-1] DEBUG org.springframework.beans.factory.support.DefaultListableBeanFactory - Returning cached instance of singleton bean 'mvcContentNegotiationManager'
[http-bio-80-exec-1] DEBUG org.springframework.beans.factory.support.DefaultListableBeanFactory - Creating instance of bean '(inner bean)#52162d57#1'
[http-bio-80-exec-1] DEBUG org.springframework.beans.factory.support.DefaultListableBeanFactory - Returning cached instance of singleton bean 'org.springframework.format.support.FormattingConversionServiceFactoryBean#0'
[http-bio-80-exec-1] DEBUG org.springframework.beans.factory.support.DefaultListableBeanFactory - Returning cached instance of singleton bean 'validator'
[http-bio-80-exec-1] DEBUG org.springframework.beans.factory.support.DefaultListableBeanFactory - Finished creating instance of bean '(inner bean)#52162d57#1'
[http-bio-80-exec-1] DEBUG org.springframework.beans.factory.support.DefaultListableBeanFactory - Creating instance of bean '(inner bean)#13b6a111#1'
[http-bio-80-exec-1] DEBUG org.springframework.beans.factory.support.DefaultListableBeanFactory - Finished creating instance of bean '(inner bean)#13b6a111#1'
[http-bio-80-exec-1] DEBUG org.springframework.beans.factory.support.DefaultListableBeanFactory - Creating instance of bean '(inner bean)#7f674964#1'
[http-bio-80-exec-1] DEBUG org.springframework.beans.factory.support.DefaultListableBeanFactory - Finished creating instance of bean '(inner bean)#7f674964#1'
[http-bio-80-exec-1] DEBUG org.springframework.beans.factory.support.DefaultListableBeanFactory - Creating instance of bean '(inner bean)#1774be25#1'
[http-bio-80-exec-1] DEBUG org.springframework.beans.factory.support.DefaultListableBeanFactory - Finished creating instance of bean '(inner bean)#1774be25#1'
[http-bio-80-exec-1] DEBUG org.springframework.beans.factory.support.DefaultListableBeanFactory - Creating instance of bean '(inner bean)#7b368ca1#1'
[http-bio-80-exec-1] DEBUG org.springframework.beans.factory.support.DefaultListableBeanFactory - Finished creating instance of bean '(inner bean)#7b368ca1#1'
[http-bio-80-exec-1] DEBUG org.springframework.beans.factory.support.DefaultListableBeanFactory - Creating instance of bean '(inner bean)#16b43a2c#1'
[http-bio-80-exec-1] DEBUG org.springframework.beans.factory.support.DefaultListableBeanFactory - Finished creating instance of bean '(inner bean)#16b43a2c#1'
[http-bio-80-exec-1] DEBUG org.springframework.beans.factory.support.DefaultListableBeanFactory - Creating instance of bean '(inner bean)#1c3fd34e#1'
[http-bio-80-exec-1] DEBUG org.springframework.beans.factory.support.DefaultListableBeanFactory - Finished creating instance of bean '(inner bean)#1c3fd34e#1'
[http-bio-80-exec-1] DEBUG org.springframework.beans.factory.support.DefaultListableBeanFactory - Invoking afterPropertiesSet() on bean with name '(inner bean)#6ac83b04'
[http-bio-80-exec-1] INFO org.springframework.web.servlet.mvc.method.annotation.RequestMappingHandlerAdapter - Looking for @ControllerAdvice: WebApplicationContext for namespace 'springmvc-servlet': startup date [Tue Nov 28 09:33:04 CST 2017]; parent: Root WebApplicationContext
[http-bio-80-exec-1] DEBUG org.springframework.beans.factory.support.DefaultListableBeanFactory - Finished creating instance of bean '(inner bean)#6ac83b04'
[http-bio-80-exec-1] DEBUG org.springframework.beans.factory.support.DefaultListableBeanFactory - Returning cached instance of singleton bean 'org.springframework.format.support.FormattingConversionServiceFactoryBean#0'
[http-bio-80-exec-1] DEBUG org.springframework.beans.factory.support.DefaultListableBeanFactory - Invoking afterPropertiesSet() on bean with name 'mvcUriComponentsContributor'
[http-bio-80-exec-1] DEBUG org.springframework.beans.factory.support.DefaultListableBeanFactory - Finished creating instance of bean 'mvcUriComponentsContributor'
[http-bio-80-exec-1] DEBUG org.springframework.beans.factory.support.DefaultListableBeanFactory - Returning cached instance of singleton bean 'org.springframework.web.servlet.handler.MappedInterceptor#0'
[http-bio-80-exec-1] DEBUG org.springframework.beans.factory.support.DefaultListableBeanFactory - Creating shared instance of singleton bean 'org.springframework.web.servlet.mvc.method.annotation.ExceptionHandlerExceptionResolver#0'
[http-bio-80-exec-1] DEBUG org.springframework.beans.factory.support.DefaultListableBeanFactory - Creating instance of bean 'org.springframework.web.servlet.mvc.method.annotation.ExceptionHandlerExceptionResolver#0'
[http-bio-80-exec-1] DEBUG org.springframework.beans.factory.support.DefaultListableBeanFactory - Eagerly caching bean 'org.springframework.web.servlet.mvc.method.annotation.ExceptionHandlerExceptionResolver#0' to allow for resolving potential circular references
[http-bio-80-exec-1] DEBUG org.springframework.beans.factory.support.DefaultListableBeanFactory - Returning cached instance of singleton bean 'mvcContentNegotiationManager'
[http-bio-80-exec-1] DEBUG org.springframework.beans.factory.support.DefaultListableBeanFactory - Creating instance of bean '(inner bean)#13b6a111#2'
[http-bio-80-exec-1] DEBUG org.springframework.beans.factory.support.DefaultListableBeanFactory - Finished creating instance of bean '(inner bean)#13b6a111#2'
[http-bio-80-exec-1] DEBUG org.springframework.beans.factory.support.DefaultListableBeanFactory - Creating instance of bean '(inner bean)#7f674964#2'
[http-bio-80-exec-1] DEBUG org.springframework.beans.factory.support.DefaultListableBeanFactory - Finished creating instance of bean '(inner bean)#7f674964#2'
[http-bio-80-exec-1] DEBUG org.springframework.beans.factory.support.DefaultListableBeanFactory - Creating instance of bean '(inner bean)#1774be25#2'
[http-bio-80-exec-1] DEBUG org.springframework.beans.factory.support.DefaultListableBeanFactory - Finished creating instance of bean '(inner bean)#1774be25#2'
[http-bio-80-exec-1] DEBUG org.springframework.beans.factory.support.DefaultListableBeanFactory - Creating instance of bean '(inner bean)#7b368ca1#2'
[http-bio-80-exec-1] DEBUG org.springframework.beans.factory.support.DefaultListableBeanFactory - Finished creating instance of bean '(inner bean)#7b368ca1#2'
[http-bio-80-exec-1] DEBUG org.springframework.beans.factory.support.DefaultListableBeanFactory - Creating instance of bean '(inner bean)#16b43a2c#2'
[http-bio-80-exec-1] DEBUG org.springframework.beans.factory.support.DefaultListableBeanFactory - Finished creating instance of bean '(inner bean)#16b43a2c#2'
[http-bio-80-exec-1] DEBUG org.springframework.beans.factory.support.DefaultListableBeanFactory - Creating instance of bean '(inner bean)#1c3fd34e#2'
[http-bio-80-exec-1] DEBUG org.springframework.beans.factory.support.DefaultListableBeanFactory - Finished creating instance of bean '(inner bean)#1c3fd34e#2'
[http-bio-80-exec-1] DEBUG org.springframework.beans.factory.support.DefaultListableBeanFactory - Invoking afterPropertiesSet() on bean with name 'org.springframework.web.servlet.mvc.method.annotation.ExceptionHandlerExceptionResolver#0'
[http-bio-80-exec-1] DEBUG org.springframework.web.servlet.mvc.method.annotation.ExceptionHandlerExceptionResolver - Looking for exception mappings: WebApplicationContext for namespace 'springmvc-servlet': startup date [Tue Nov 28 09:33:04 CST 2017]; parent: Root WebApplicationContext
[http-bio-80-exec-1] DEBUG org.springframework.beans.factory.support.DefaultListableBeanFactory - Finished creating instance of bean 'org.springframework.web.servlet.mvc.method.annotation.ExceptionHandlerExceptionResolver#0'
[http-bio-80-exec-1] DEBUG org.springframework.beans.factory.support.DefaultListableBeanFactory - Creating shared instance of singleton bean 'org.springframework.web.servlet.mvc.annotation.ResponseStatusExceptionResolver#0'
[http-bio-80-exec-1] DEBUG org.springframework.beans.factory.support.DefaultListableBeanFactory - Creating instance of bean 'org.springframework.web.servlet.mvc.annotation.ResponseStatusExceptionResolver#0'
[http-bio-80-exec-1] DEBUG org.springframework.beans.factory.support.DefaultListableBeanFactory - Eagerly caching bean 'org.springframework.web.servlet.mvc.annotation.ResponseStatusExceptionResolver#0' to allow for resolving potential circular references
[http-bio-80-exec-1] DEBUG org.springframework.beans.factory.support.DefaultListableBeanFactory - Finished creating instance of bean 'org.springframework.web.servlet.mvc.annotation.ResponseStatusExceptionResolver#0'
[http-bio-80-exec-1] DEBUG org.springframework.beans.factory.support.DefaultListableBeanFactory - Creating shared instance of singleton bean 'org.springframework.web.servlet.mvc.support.DefaultHandlerExceptionResolver#0'
[http-bio-80-exec-1] DEBUG org.springframework.beans.factory.support.DefaultListableBeanFactory - Creating instance of bean 'org.springframework.web.servlet.mvc.support.DefaultHandlerExceptionResolver#0'
[http-bio-80-exec-1] DEBUG org.springframework.beans.factory.support.DefaultListableBeanFactory - Eagerly caching bean 'org.springframework.web.servlet.mvc.support.DefaultHandlerExceptionResolver#0' to allow for resolving potential circular references
[http-bio-80-exec-1] DEBUG org.springframework.beans.factory.support.DefaultListableBeanFactory - Finished creating instance of bean 'org.springframework.web.servlet.mvc.support.DefaultHandlerExceptionResolver#0'
[http-bio-80-exec-1] DEBUG org.springframework.beans.factory.support.DefaultListableBeanFactory - Creating shared instance of singleton bean 'org.springframework.web.servlet.handler.BeanNameUrlHandlerMapping'
[http-bio-80-exec-1] DEBUG org.springframework.beans.factory.support.DefaultListableBeanFactory - Creating instance of bean 'org.springframework.web.servlet.handler.BeanNameUrlHandlerMapping'
[http-bio-80-exec-1] DEBUG org.springframework.beans.factory.support.DefaultListableBeanFactory - Eagerly caching bean 'org.springframework.web.servlet.handler.BeanNameUrlHandlerMapping' to allow for resolving potential circular references
[http-bio-80-exec-1] DEBUG org.springframework.beans.factory.support.DefaultListableBeanFactory - Returning cached instance of singleton bean 'mvcCorsConfigurations'
[http-bio-80-exec-1] DEBUG org.springframework.beans.factory.support.DefaultListableBeanFactory - Returning cached instance of singleton bean 'org.springframework.web.servlet.handler.MappedInterceptor#0'
[http-bio-80-exec-1] DEBUG org.springframework.beans.factory.support.DefaultListableBeanFactory - Returning cached instance of singleton bean 'org.springframework.web.servlet.handler.MappedInterceptor#1'
[http-bio-80-exec-1] DEBUG org.springframework.beans.factory.support.DefaultListableBeanFactory - Returning cached instance of singleton bean 'org.springframework.web.servlet.handler.MappedInterceptor#0'
[http-bio-80-exec-1] DEBUG org.springframework.beans.factory.support.DefaultListableBeanFactory - Returning cached instance of singleton bean 'org.springframework.web.servlet.handler.MappedInterceptor#1'
[http-bio-80-exec-1] DEBUG org.springframework.web.servlet.handler.BeanNameUrlHandlerMapping - Looking for URL mappings in application context: WebApplicationContext for namespace 'springmvc-servlet': startup date [Tue Nov 28 09:33:04 CST 2017]; parent: Root WebApplicationContext
[http-bio-80-exec-1] DEBUG org.springframework.web.servlet.handler.BeanNameUrlHandlerMapping - Rejected bean name 'org.springframework.context.support.PropertySourcesPlaceholderConfigurer#0': no URL paths identified
[http-bio-80-exec-1] DEBUG org.springframework.web.servlet.handler.BeanNameUrlHandlerMapping - Rejected bean name 'dataSource': no URL paths identified
[http-bio-80-exec-1] DEBUG org.springframework.web.servlet.handler.BeanNameUrlHandlerMapping - Rejected bean name 'sqlSessionFactory': no URL paths identified
[http-bio-80-exec-1] DEBUG org.springframework.web.servlet.handler.BeanNameUrlHandlerMapping - Rejected bean name 'org.mybatis.spring.mapper.MapperScannerConfigurer#0': no URL paths identified
[http-bio-80-exec-1] DEBUG org.springframework.web.servlet.handler.BeanNameUrlHandlerMapping - Rejected bean name 'IUserService': no URL paths identified
[http-bio-80-exec-1] DEBUG org.springframework.web.servlet.handler.BeanNameUrlHandlerMapping - Rejected bean name 'statisticsServiceImpl': no URL paths identified
[http-bio-80-exec-1] DEBUG org.springframework.web.servlet.handler.BeanNameUrlHandlerMapping - Rejected bean name 'testParperServiceImpl': no URL paths identified
[http-bio-80-exec-1] DEBUG org.springframework.web.servlet.handler.BeanNameUrlHandlerMapping - Rejected bean name 'testQuestionsServiceImpl': no URL paths identified
[http-bio-80-exec-1] DEBUG org.springframework.web.servlet.handler.BeanNameUrlHandlerMapping - Rejected bean name 'org.springframework.context.annotation.internalConfigurationAnnotationProcessor': no URL paths identified
[http-bio-80-exec-1] DEBUG org.springframework.web.servlet.handler.BeanNameUrlHandlerMapping - Rejected bean name 'org.springframework.context.annotation.internalAutowiredAnnotationProcessor': no URL paths identified
[http-bio-80-exec-1] DEBUG org.springframework.web.servlet.handler.BeanNameUrlHandlerMapping - Rejected bean name 'org.springframework.context.annotation.internalRequiredAnnotationProcessor': no URL paths identified
[http-bio-80-exec-1] DEBUG org.springframework.web.servlet.handler.BeanNameUrlHandlerMapping - Rejected bean name 'org.springframework.context.annotation.internalCommonAnnotationProcessor': no URL paths identified
[http-bio-80-exec-1] DEBUG org.springframework.web.servlet.handler.BeanNameUrlHandlerMapping - Rejected bean name 'org.springframework.context.event.internalEventListenerProcessor': no URL paths identified
[http-bio-80-exec-1] DEBUG org.springframework.web.servlet.handler.BeanNameUrlHandlerMapping - Rejected bean name 'org.springframework.context.event.internalEventListenerFactory': no URL paths identified
[http-bio-80-exec-1] DEBUG org.springframework.web.servlet.handler.BeanNameUrlHandlerMapping - Rejected bean name 'transactionManager': no URL paths identified
[http-bio-80-exec-1] DEBUG org.springframework.web.servlet.handler.BeanNameUrlHandlerMapping - Rejected bean name 'txAdvice': no URL paths identified
[http-bio-80-exec-1] DEBUG org.springframework.web.servlet.handler.BeanNameUrlHandlerMapping - Rejected bean name 'org.springframework.context.annotation.internalAsyncAnnotationProcessor': no URL paths identified
[http-bio-80-exec-1] DEBUG org.springframework.web.servlet.handler.BeanNameUrlHandlerMapping - Rejected bean name 'org.springframework.context.annotation.internalScheduledAnnotationProcessor': no URL paths identified
[http-bio-80-exec-1] DEBUG org.springframework.web.servlet.handler.BeanNameUrlHandlerMapping - Rejected bean name 'qbScheduler': no URL paths identified
[http-bio-80-exec-1] DEBUG org.springframework.web.servlet.handler.BeanNameUrlHandlerMapping - Rejected bean name 'statisticsController': no URL paths identified
[http-bio-80-exec-1] DEBUG org.springframework.web.servlet.handler.BeanNameUrlHandlerMapping - Rejected bean name 'testPaperController': no URL paths identified
[http-bio-80-exec-1] DEBUG org.springframework.web.servlet.handler.BeanNameUrlHandlerMapping - Rejected bean name 'testQuestionsController': no URL paths identified
[http-bio-80-exec-1] DEBUG org.springframework.web.servlet.handler.BeanNameUrlHandlerMapping - Rejected bean name 'testTask': no URL paths identified
[http-bio-80-exec-1] DEBUG org.springframework.web.servlet.handler.BeanNameUrlHandlerMapping - Rejected bean name 'usersController': no URL paths identified
[http-bio-80-exec-1] DEBUG org.springframework.web.servlet.handler.BeanNameUrlHandlerMapping - Rejected bean name 'wordController': no URL paths identified
[http-bio-80-exec-1] DEBUG org.springframework.web.servlet.handler.BeanNameUrlHandlerMapping - Rejected bean name 'mvcContentNegotiationManager': no URL paths identified
[http-bio-80-exec-1] DEBUG org.springframework.web.servlet.handler.BeanNameUrlHandlerMapping - Rejected bean name 'org.springframework.web.servlet.mvc.method.annotation.RequestMappingHandlerMapping': no URL paths identified
[http-bio-80-exec-1] DEBUG org.springframework.web.servlet.handler.BeanNameUrlHandlerMapping - Rejected bean name 'mvcCorsConfigurations': no URL paths identified
[http-bio-80-exec-1] DEBUG org.springframework.web.servlet.handler.BeanNameUrlHandlerMapping - Rejected bean name 'org.springframework.format.support.FormattingConversionServiceFactoryBean#0': no URL paths identified
[http-bio-80-exec-1] DEBUG org.springframework.web.servlet.handler.BeanNameUrlHandlerMapping - Rejected bean name 'org.springframework.web.servlet.mvc.method.annotation.RequestMappingHandlerAdapter': no URL paths identified
[http-bio-80-exec-1] DEBUG org.springframework.web.servlet.handler.BeanNameUrlHandlerMapping - Rejected bean name 'mvcUriComponentsContributor': no URL paths identified
[http-bio-80-exec-1] DEBUG org.springframework.web.servlet.handler.BeanNameUrlHandlerMapping - Rejected bean name 'org.springframework.web.servlet.handler.MappedInterceptor#0': no URL paths identified
[http-bio-80-exec-1] DEBUG org.springframework.web.servlet.handler.BeanNameUrlHandlerMapping - Rejected bean name 'org.springframework.web.servlet.mvc.method.annotation.ExceptionHandlerExceptionResolver#0': no URL paths identified
[http-bio-80-exec-1] DEBUG org.springframework.web.servlet.handler.BeanNameUrlHandlerMapping - Rejected bean name 'org.springframework.web.servlet.mvc.annotation.ResponseStatusExceptionResolver#0': no URL paths identified
[http-bio-80-exec-1] DEBUG org.springframework.web.servlet.handler.BeanNameUrlHandlerMapping - Rejected bean name 'org.springframework.web.servlet.mvc.support.DefaultHandlerExceptionResolver#0': no URL paths identified
[http-bio-80-exec-1] DEBUG org.springframework.web.servlet.handler.BeanNameUrlHandlerMapping - Rejected bean name 'org.springframework.web.servlet.handler.BeanNameUrlHandlerMapping': no URL paths identified
[http-bio-80-exec-1] DEBUG org.springframework.web.servlet.handler.BeanNameUrlHandlerMapping - Rejected bean name 'org.springframework.web.servlet.mvc.HttpRequestHandlerAdapter': no URL paths identified
[http-bio-80-exec-1] DEBUG org.springframework.web.servlet.handler.BeanNameUrlHandlerMapping - Rejected bean name 'org.springframework.web.servlet.mvc.SimpleControllerHandlerAdapter': no URL paths identified
[http-bio-80-exec-1] DEBUG org.springframework.web.servlet.handler.BeanNameUrlHandlerMapping - Rejected bean name 'org.springframework.web.servlet.view.InternalResourceViewResolver#0': no URL paths identified
[http-bio-80-exec-1] DEBUG org.springframework.web.servlet.handler.BeanNameUrlHandlerMapping - Rejected bean name 'validator': no URL paths identified
[http-bio-80-exec-1] DEBUG org.springframework.web.servlet.handler.BeanNameUrlHandlerMapping - Rejected bean name 'messageSource': no URL paths identified
[http-bio-80-exec-1] DEBUG org.springframework.web.servlet.handler.BeanNameUrlHandlerMapping - Rejected bean name 'cn.test.email.exception.CustomExceptionResolver#0': no URL paths identified
[http-bio-80-exec-1] DEBUG org.springframework.web.servlet.handler.BeanNameUrlHandlerMapping - Rejected bean name 'org.springframework.web.servlet.handler.MappedInterceptor#1': no URL paths identified
[http-bio-80-exec-1] DEBUG org.springframework.web.servlet.handler.BeanNameUrlHandlerMapping - Rejected bean name 'statisticsMapper': no URL paths identified
[http-bio-80-exec-1] DEBUG org.springframework.web.servlet.handler.BeanNameUrlHandlerMapping - Rejected bean name 'testParperMapper': no URL paths identified
[http-bio-80-exec-1] DEBUG org.springframework.web.servlet.handler.BeanNameUrlHandlerMapping - Rejected bean name 'TExamQuestionMapper': no URL paths identified
[http-bio-80-exec-1] DEBUG org.springframework.web.servlet.handler.BeanNameUrlHandlerMapping - Rejected bean name 'usersMapper': no URL paths identified
[http-bio-80-exec-1] DEBUG org.springframework.web.servlet.handler.BeanNameUrlHandlerMapping - Rejected bean name 'environment': no URL paths identified
[http-bio-80-exec-1] DEBUG org.springframework.web.servlet.handler.BeanNameUrlHandlerMapping - Rejected bean name 'systemProperties': no URL paths identified
[http-bio-80-exec-1] DEBUG org.springframework.web.servlet.handler.BeanNameUrlHandlerMapping - Rejected bean name 'systemEnvironment': no URL paths identified
[http-bio-80-exec-1] DEBUG org.springframework.web.servlet.handler.BeanNameUrlHandlerMapping - Rejected bean name 'servletConfig': no URL paths identified
[http-bio-80-exec-1] DEBUG org.springframework.web.servlet.handler.BeanNameUrlHandlerMapping - Rejected bean name 'org.springframework.context.annotation.ConfigurationClassPostProcessor.importRegistry': no URL paths identified
[http-bio-80-exec-1] DEBUG org.springframework.web.servlet.handler.BeanNameUrlHandlerMapping - Rejected bean name 'applicationEventMulticaster': no URL paths identified
[http-bio-80-exec-1] DEBUG org.springframework.beans.factory.support.DefaultListableBeanFactory - Finished creating instance of bean 'org.springframework.web.servlet.handler.BeanNameUrlHandlerMapping'
[http-bio-80-exec-1] DEBUG org.springframework.beans.factory.support.DefaultListableBeanFactory - Creating shared instance of singleton bean 'org.springframework.web.servlet.mvc.HttpRequestHandlerAdapter'
[http-bio-80-exec-1] DEBUG org.springframework.beans.factory.support.DefaultListableBeanFactory - Creating instance of bean 'org.springframework.web.servlet.mvc.HttpRequestHandlerAdapter'
[http-bio-80-exec-1] DEBUG org.springframework.beans.factory.support.DefaultListableBeanFactory - Eagerly caching bean 'org.springframework.web.servlet.mvc.HttpRequestHandlerAdapter' to allow for resolving potential circular references
[http-bio-80-exec-1] DEBUG org.springframework.beans.factory.support.DefaultListableBeanFactory - Finished creating instance of bean 'org.springframework.web.servlet.mvc.HttpRequestHandlerAdapter'
[http-bio-80-exec-1] DEBUG org.springframework.beans.factory.support.DefaultListableBeanFactory - Creating shared instance of singleton bean 'org.springframework.web.servlet.mvc.SimpleControllerHandlerAdapter'
[http-bio-80-exec-1] DEBUG org.springframework.beans.factory.support.DefaultListableBeanFactory - Creating instance of bean 'org.springframework.web.servlet.mvc.SimpleControllerHandlerAdapter'
[http-bio-80-exec-1] DEBUG org.springframework.beans.factory.support.DefaultListableBeanFactory - Eagerly caching bean 'org.springframework.web.servlet.mvc.SimpleControllerHandlerAdapter' to allow for resolving potential circular references
[http-bio-80-exec-1] DEBUG org.springframework.beans.factory.support.DefaultListableBeanFactory - Finished creating instance of bean 'org.springframework.web.servlet.mvc.SimpleControllerHandlerAdapter'
[http-bio-80-exec-1] DEBUG org.springframework.beans.factory.support.DefaultListableBeanFactory - Creating shared instance of singleton bean 'org.springframework.web.servlet.view.InternalResourceViewResolver#0'
[http-bio-80-exec-1] DEBUG org.springframework.beans.factory.support.DefaultListableBeanFactory - Creating instance of bean 'org.springframework.web.servlet.view.InternalResourceViewResolver#0'
[http-bio-80-exec-1] DEBUG org.springframework.beans.factory.support.DefaultListableBeanFactory - Eagerly caching bean 'org.springframework.web.servlet.view.InternalResourceViewResolver#0' to allow for resolving potential circular references
[http-bio-80-exec-1] DEBUG org.springframework.beans.factory.support.DefaultListableBeanFactory - Finished creating instance of bean 'org.springframework.web.servlet.view.InternalResourceViewResolver#0'
[http-bio-80-exec-1] DEBUG org.springframework.beans.factory.support.DefaultListableBeanFactory - Returning cached instance of singleton bean 'validator'
[http-bio-80-exec-1] DEBUG org.springframework.beans.factory.support.DefaultListableBeanFactory - Returning cached instance of singleton bean 'messageSource'
[http-bio-80-exec-1] DEBUG org.springframework.beans.factory.support.DefaultListableBeanFactory - Creating shared instance of singleton bean 'cn.test.email.exception.CustomExceptionResolver#0'
[http-bio-80-exec-1] DEBUG org.springframework.beans.factory.support.DefaultListableBeanFactory - Creating instance of bean 'cn.test.email.exception.CustomExceptionResolver#0'
[http-bio-80-exec-1] DEBUG org.springframework.beans.factory.support.DefaultListableBeanFactory - Eagerly caching bean 'cn.test.email.exception.CustomExceptionResolver#0' to allow for resolving potential circular references
[http-bio-80-exec-1] DEBUG org.springframework.beans.factory.support.DefaultListableBeanFactory - Finished creating instance of bean 'cn.test.email.exception.CustomExceptionResolver#0'
[http-bio-80-exec-1] DEBUG org.springframework.beans.factory.support.DefaultListableBeanFactory - Returning cached instance of singleton bean 'org.springframework.web.servlet.handler.MappedInterceptor#1'
[http-bio-80-exec-1] DEBUG org.springframework.beans.factory.support.DefaultListableBeanFactory - Returning cached instance of singleton bean 'statisticsMapper'
[http-bio-80-exec-1] DEBUG org.springframework.beans.factory.support.DefaultListableBeanFactory - Returning cached instance of singleton bean 'testParperMapper'
[http-bio-80-exec-1] DEBUG org.springframework.beans.factory.support.DefaultListableBeanFactory - Returning cached instance of singleton bean 'TExamQuestionMapper'
[http-bio-80-exec-1] DEBUG org.springframework.beans.factory.support.DefaultListableBeanFactory - Returning cached instance of singleton bean 'usersMapper'
[http-bio-80-exec-1] DEBUG org.springframework.beans.factory.support.DefaultListableBeanFactory - Returning cached instance of singleton bean 'org.springframework.context.event.internalEventListenerFactory'
[http-bio-80-exec-1] DEBUG org.springframework.web.context.support.XmlWebApplicationContext - Unable to locate LifecycleProcessor with name 'lifecycleProcessor': using default [org.springframework.context.support.DefaultLifecycleProcessor@33aefd0f]
[http-bio-80-exec-1] DEBUG org.springframework.beans.factory.support.DefaultListableBeanFactory - Returning cached instance of singleton bean 'lifecycleProcessor'
[http-bio-80-exec-1] DEBUG org.springframework.beans.factory.support.DefaultListableBeanFactory - Returning cached instance of singleton bean 'sqlSessionFactory'
[http-bio-80-exec-1] DEBUG org.springframework.beans.factory.support.DefaultListableBeanFactory - Returning cached instance of singleton bean 'org.springframework.context.annotation.internalScheduledAnnotationProcessor'
[http-bio-80-exec-1] DEBUG org.springframework.web.servlet.DispatcherServlet - Unable to locate MultipartResolver with name 'multipartResolver': no multipart request handling provided
[http-bio-80-exec-1] DEBUG org.springframework.beans.factory.support.DefaultListableBeanFactory - Creating instance of bean 'org.springframework.web.servlet.i18n.AcceptHeaderLocaleResolver'
[http-bio-80-exec-1] DEBUG org.springframework.beans.factory.support.DefaultListableBeanFactory - Finished creating instance of bean 'org.springframework.web.servlet.i18n.AcceptHeaderLocaleResolver'
[http-bio-80-exec-1] DEBUG org.springframework.web.servlet.DispatcherServlet - Unable to locate LocaleResolver with name 'localeResolver': using default [org.springframework.web.servlet.i18n.AcceptHeaderLocaleResolver@29b15409]
[http-bio-80-exec-1] DEBUG org.springframework.beans.factory.support.DefaultListableBeanFactory - Creating instance of bean 'org.springframework.web.servlet.theme.FixedThemeResolver'
[http-bio-80-exec-1] DEBUG org.springframework.beans.factory.support.DefaultListableBeanFactory - Finished creating instance of bean 'org.springframework.web.servlet.theme.FixedThemeResolver'
[http-bio-80-exec-1] DEBUG org.springframework.web.servlet.DispatcherServlet - Unable to locate ThemeResolver with name 'themeResolver': using default [org.springframework.web.servlet.theme.FixedThemeResolver@2155fdf9]
[http-bio-80-exec-1] DEBUG org.springframework.beans.factory.support.DefaultListableBeanFactory - Returning cached instance of singleton bean 'org.springframework.web.servlet.mvc.method.annotation.RequestMappingHandlerMapping'
[http-bio-80-exec-1] DEBUG org.springframework.beans.factory.support.DefaultListableBeanFactory - Returning cached instance of singleton bean 'org.springframework.web.servlet.handler.BeanNameUrlHandlerMapping'
[http-bio-80-exec-1] DEBUG org.springframework.beans.factory.support.DefaultListableBeanFactory - Returning cached instance of singleton bean 'org.springframework.web.servlet.mvc.method.annotation.RequestMappingHandlerMapping'
[http-bio-80-exec-1] DEBUG org.springframework.beans.factory.support.DefaultListableBeanFactory - Returning cached instance of singleton bean 'org.springframework.web.servlet.handler.BeanNameUrlHandlerMapping'
[http-bio-80-exec-1] DEBUG org.springframework.beans.factory.support.DefaultListableBeanFactory - Returning cached instance of singleton bean 'org.springframework.web.servlet.mvc.method.annotation.RequestMappingHandlerAdapter'
[http-bio-80-exec-1] DEBUG org.springframework.beans.factory.support.DefaultListableBeanFactory - Returning cached instance of singleton bean 'org.springframework.web.servlet.mvc.HttpRequestHandlerAdapter'
[http-bio-80-exec-1] DEBUG org.springframework.beans.factory.support.DefaultListableBeanFactory - Returning cached instance of singleton bean 'org.springframework.web.servlet.mvc.SimpleControllerHandlerAdapter'
[http-bio-80-exec-1] DEBUG org.springframework.beans.factory.support.DefaultListableBeanFactory - Returning cached instance of singleton bean 'org.springframework.web.servlet.mvc.method.annotation.RequestMappingHandlerAdapter'
[http-bio-80-exec-1] DEBUG org.springframework.beans.factory.support.DefaultListableBeanFactory - Returning cached instance of singleton bean 'org.springframework.web.servlet.mvc.HttpRequestHandlerAdapter'
[http-bio-80-exec-1] DEBUG org.springframework.beans.factory.support.DefaultListableBeanFactory - Returning cached instance of singleton bean 'org.springframework.web.servlet.mvc.SimpleControllerHandlerAdapter'
[http-bio-80-exec-1] DEBUG org.springframework.beans.factory.support.DefaultListableBeanFactory - Returning cached instance of singleton bean 'org.springframework.web.servlet.mvc.method.annotation.ExceptionHandlerExceptionResolver#0'
[http-bio-80-exec-1] DEBUG org.springframework.beans.factory.support.DefaultListableBeanFactory - Returning cached instance of singleton bean 'org.springframework.web.servlet.mvc.annotation.ResponseStatusExceptionResolver#0'
[http-bio-80-exec-1] DEBUG org.springframework.beans.factory.support.DefaultListableBeanFactory - Returning cached instance of singleton bean 'org.springframework.web.servlet.mvc.support.DefaultHandlerExceptionResolver#0'
[http-bio-80-exec-1] DEBUG org.springframework.beans.factory.support.DefaultListableBeanFactory - Returning cached instance of singleton bean 'cn.test.email.exception.CustomExceptionResolver#0'
[http-bio-80-exec-1] DEBUG org.springframework.beans.factory.support.DefaultListableBeanFactory - Returning cached instance of singleton bean 'org.springframework.web.servlet.mvc.method.annotation.ExceptionHandlerExceptionResolver#0'
[http-bio-80-exec-1] DEBUG org.springframework.beans.factory.support.DefaultListableBeanFactory - Returning cached instance of singleton bean 'org.springframework.web.servlet.mvc.annotation.ResponseStatusExceptionResolver#0'
[http-bio-80-exec-1] DEBUG org.springframework.beans.factory.support.DefaultListableBeanFactory - Returning cached instance of singleton bean 'org.springframework.web.servlet.mvc.support.DefaultHandlerExceptionResolver#0'
[http-bio-80-exec-1] DEBUG org.springframework.beans.factory.support.DefaultListableBeanFactory - Returning cached instance of singleton bean 'cn.test.email.exception.CustomExceptionResolver#0'
[http-bio-80-exec-1] DEBUG org.springframework.beans.factory.support.DefaultListableBeanFactory - Creating instance of bean 'org.springframework.web.servlet.view.DefaultRequestToViewNameTranslator'
[http-bio-80-exec-1] DEBUG org.springframework.beans.factory.support.DefaultListableBeanFactory - Finished creating instance of bean 'org.springframework.web.servlet.view.DefaultRequestToViewNameTranslator'
[http-bio-80-exec-1] DEBUG org.springframework.web.servlet.DispatcherServlet - Unable to locate RequestToViewNameTranslator with name 'viewNameTranslator': using default [org.springframework.web.servlet.view.DefaultRequestToViewNameTranslator@1cd50c5d]
[http-bio-80-exec-1] DEBUG org.springframework.beans.factory.support.DefaultListableBeanFactory - Returning cached instance of singleton bean 'org.springframework.web.servlet.view.InternalResourceViewResolver#0'
[http-bio-80-exec-1] DEBUG org.springframework.beans.factory.support.DefaultListableBeanFactory - Returning cached instance of singleton bean 'org.springframework.web.servlet.view.InternalResourceViewResolver#0'
[http-bio-80-exec-1] DEBUG org.springframework.beans.factory.support.DefaultListableBeanFactory - Creating instance of bean 'org.springframework.web.servlet.support.SessionFlashMapManager'
[http-bio-80-exec-1] DEBUG org.springframework.beans.factory.support.DefaultListableBeanFactory - Finished creating instance of bean 'org.springframework.web.servlet.support.SessionFlashMapManager'
[http-bio-80-exec-1] DEBUG org.springframework.web.servlet.DispatcherServlet - Unable to locate FlashMapManager with name 'flashMapManager': using default [org.springframework.web.servlet.support.SessionFlashMapManager@54473217]
[http-bio-80-exec-1] DEBUG org.springframework.jndi.JndiTemplate - Looking up JNDI object with name [java:comp/env/spring.liveBeansView.mbeanDomain]
[http-bio-80-exec-1] DEBUG org.springframework.jndi.JndiLocatorDelegate - Converted JNDI name [java:comp/env/spring.liveBeansView.mbeanDomain] not found - trying original name [spring.liveBeansView.mbeanDomain]. javax.naming.NameNotFoundException: Name [spring.liveBeansView.mbeanDomain] is not bound in this Context. Unable to find [spring.liveBeansView.mbeanDomain].
[http-bio-80-exec-1] DEBUG org.springframework.jndi.JndiTemplate - Looking up JNDI object with name [spring.liveBeansView.mbeanDomain]
[http-bio-80-exec-1] DEBUG org.springframework.jndi.JndiPropertySource - JNDI lookup for name [spring.liveBeansView.mbeanDomain] threw NamingException with message: Name [spring.liveBeansView.mbeanDomain] is not bound in this Context. Unable to find [spring.liveBeansView.mbeanDomain].. Returning null.
[http-bio-80-exec-1] DEBUG org.springframework.core.env.PropertySourcesPropertyResolver - Could not find key 'spring.liveBeansView.mbeanDomain' in any property source
[http-bio-80-exec-1] DEBUG org.springframework.web.servlet.DispatcherServlet - Published WebApplicationContext of servlet 'springmvc' as ServletContext attribute with name [org.springframework.web.servlet.FrameworkServlet.CONTEXT.springmvc]
[http-bio-80-exec-1] INFO org.springframework.web.servlet.DispatcherServlet - FrameworkServlet 'springmvc': initialization completed in 12600 ms
[http-bio-80-exec-1] DEBUG org.springframework.web.servlet.DispatcherServlet - Servlet 'springmvc' configured successfully
[http-bio-80-exec-1] DEBUG org.springframework.web.servlet.DispatcherServlet - DispatcherServlet with name 'springmvc' processing GET request for [/user/login.do]
[http-bio-80-exec-1] DEBUG org.springframework.web.servlet.mvc.method.annotation.RequestMappingHandlerMapping - Looking up handler method for path /user/login.do
[http-bio-80-exec-1] DEBUG org.springframework.web.servlet.mvc.method.annotation.RequestMappingHandlerMapping - Returning handler method [public java.lang.String cn.test.email.controller.UsersController.login()]
[http-bio-80-exec-1] DEBUG org.springframework.beans.factory.support.DefaultListableBeanFactory - Returning cached instance of singleton bean 'usersController'
[http-bio-80-exec-1] DEBUG org.springframework.web.servlet.DispatcherServlet - Last-Modified value for [/user/login.do] is: -1
[http-bio-80-exec-1] DEBUG org.springframework.beans.factory.support.DefaultListableBeanFactory - Invoking afterPropertiesSet() on bean with name 'login'
[http-bio-80-exec-1] DEBUG org.springframework.web.servlet.DispatcherServlet - Rendering view [org.springframework.web.servlet.view.JstlView: name 'login'; URL [/WEB-INF/login.jsp]] in DispatcherServlet with name 'springmvc'
[http-bio-80-exec-1] DEBUG org.springframework.web.servlet.view.JstlView - Forwarding to resource [/WEB-INF/login.jsp] in InternalResourceView 'login'
[http-bio-80-exec-1] DEBUG org.springframework.web.servlet.DispatcherServlet - Successfully completed request
[http-bio-80-exec-1] DEBUG org.springframework.beans.factory.support.DefaultListableBeanFactory - Returning cached instance of singleton bean 'sqlSessionFactory'
[http-bio-80-exec-1] DEBUG org.springframework.beans.factory.support.DefaultListableBeanFactory - Returning cached instance of singleton bean 'sqlSessionFactory'
[http-bio-80-exec-4] DEBUG org.springframework.web.servlet.DispatcherServlet - DispatcherServlet with name 'springmvc' processing POST request for [/user/dologin.do]
[http-bio-80-exec-4] DEBUG org.springframework.web.servlet.mvc.method.annotation.RequestMappingHandlerMapping - Looking up handler method for path /user/dologin.do
[http-bio-80-exec-4] DEBUG org.springframework.web.servlet.mvc.method.annotation.RequestMappingHandlerMapping - Returning handler method [public java.lang.String cn.test.email.controller.UsersController.doLogin(cn.test.email.model.Users,javax.servlet.http.HttpSession,javax.servlet.http.HttpServletRequest) throws java.lang.Exception]
[http-bio-80-exec-4] DEBUG org.springframework.beans.factory.support.DefaultListableBeanFactory - Returning cached instance of singleton bean 'usersController'
[http-bio-80-exec-4] DEBUG org.springframework.web.cors.DefaultCorsProcessor - Skip CORS processing: request is from same origin
[http-bio-80-exec-4] DEBUG org.springframework.web.servlet.mvc.method.annotation.ExceptionHandlerExceptionResolver - Resolving exception from handler [public java.lang.String cn.test.email.controller.UsersController.doLogin(cn.test.email.model.Users,javax.servlet.http.HttpSession,javax.servlet.http.HttpServletRequest) throws java.lang.Exception]: org.apache.ibatis.binding.BindingException: Invalid bound statement (not found): cn.test.email.mapping.UsersMapper.selectByUsers
[http-bio-80-exec-4] DEBUG org.springframework.web.servlet.mvc.annotation.ResponseStatusExceptionResolver - Resolving exception from handler [public java.lang.String cn.test.email.controller.UsersController.doLogin(cn.test.email.model.Users,javax.servlet.http.HttpSession,javax.servlet.http.HttpServletRequest) throws java.lang.Exception]: org.apache.ibatis.binding.BindingException: Invalid bound statement (not found): cn.test.email.mapping.UsersMapper.selectByUsers
[http-bio-80-exec-4] DEBUG org.springframework.web.servlet.mvc.support.DefaultHandlerExceptionResolver - Resolving exception from handler [public java.lang.String cn.test.email.controller.UsersController.doLogin(cn.test.email.model.Users,javax.servlet.http.HttpSession,javax.servlet.http.HttpServletRequest) throws java.lang.Exception]: org.apache.ibatis.binding.BindingException: Invalid bound statement (not found): cn.test.email.mapping.UsersMapper.selectByUsers
[http-bio-80-exec-4] DEBUG org.springframework.web.servlet.DispatcherServlet - Handler execution resulted in exception - forwarding to resolved error view: ModelAndView: reference to view with name 'error'; model is {messages=未知错误！}
org.apache.ibatis.binding.BindingException: Invalid bound statement (not found): cn.test.email.mapping.UsersMapper.selectByUsers
	at org.apache.ibatis.binding.MapperMethod$SqlCommand.<init>(MapperMethod.java:225)
	at org.apache.ibatis.binding.MapperMethod.<init>(MapperMethod.java:48)
	at org.apache.ibatis.binding.MapperProxy.cachedMapperMethod(MapperProxy.java:65)
	at org.apache.ibatis.binding.MapperProxy.invoke(MapperProxy.java:58)
	at com.sun.proxy.$Proxy34.selectByUsers(Unknown Source)
	at cn.test.email.service.impl.IUserServiceImpl.selectUsers(IUserServiceImpl.java:37)
	at cn.test.email.controller.UsersController.doLogin(UsersController.java:36)
	at sun.reflect.NativeMethodAccessorImpl.invoke0(Native Method)
	at sun.reflect.NativeMethodAccessorImpl.invoke(NativeMethodAccessorImpl.java:62)
	at sun.reflect.DelegatingMethodAccessorImpl.invoke(DelegatingMethodAccessorImpl.java:43)
	at java.lang.reflect.Method.invoke(Method.java:498)
	at org.springframework.web.method.support.InvocableHandlerMethod.doInvoke(InvocableHandlerMethod.java:205)
	at org.springframework.web.method.support.InvocableHandlerMethod.invokeForRequest(InvocableHandlerMethod.java:133)
	at org.springframework.web.servlet.mvc.method.annotation.ServletInvocableHandlerMethod.invokeAndHandle(ServletInvocableHandlerMethod.java:97)
	at org.springframework.web.servlet.mvc.method.annotation.RequestMappingHandlerAdapter.invokeHandlerMethod(RequestMappingHandlerAdapter.java:827)
	at org.springframework.web.servlet.mvc.method.annotation.RequestMappingHandlerAdapter.handleInternal(RequestMappingHandlerAdapter.java:738)
	at org.springframework.web.servlet.mvc.method.AbstractHandlerMethodAdapter.handle(AbstractHandlerMethodAdapter.java:85)
	at org.springframework.web.servlet.DispatcherServlet.doDispatch(DispatcherServlet.java:967)
	at org.springframework.web.servlet.DispatcherServlet.doService(DispatcherServlet.java:901)
	at org.springframework.web.servlet.FrameworkServlet.processRequest(FrameworkServlet.java:970)
	at org.springframework.web.servlet.FrameworkServlet.doPost(FrameworkServlet.java:872)
	at javax.servlet.http.HttpServlet.service(HttpServlet.java:647)
	at org.springframework.web.servlet.FrameworkServlet.service(FrameworkServlet.java:846)
	at javax.servlet.http.HttpServlet.service(HttpServlet.java:728)
	at org.apache.catalina.core.ApplicationFilterChain.internalDoFilter(ApplicationFilterChain.java:305)
	at org.apache.catalina.core.ApplicationFilterChain.doFilter(ApplicationFilterChain.java:210)
	at org.apache.tomcat.websocket.server.WsFilter.doFilter(WsFilter.java:51)
	at org.apache.catalina.core.ApplicationFilterChain.internalDoFilter(ApplicationFilterChain.java:243)
	at org.apache.catalina.core.ApplicationFilterChain.doFilter(ApplicationFilterChain.java:210)
	at org.springframework.web.filter.CharacterEncodingFilter.doFilterInternal(CharacterEncodingFilter.java:197)
	at org.springframework.web.filter.OncePerRequestFilter.doFilter(OncePerRequestFilter.java:107)
	at org.apache.catalina.core.ApplicationFilterChain.internalDoFilter(ApplicationFilterChain.java:243)
	at org.apache.catalina.core.ApplicationFilterChain.doFilter(ApplicationFilterChain.java:210)
	at org.apache.catalina.core.StandardWrapperValve.invoke(StandardWrapperValve.java:222)
	at org.apache.catalina.core.StandardContextValve.invoke(StandardContextValve.java:123)
	at org.apache.catalina.authenticator.AuthenticatorBase.invoke(AuthenticatorBase.java:502)
	at org.apache.catalina.core.StandardHostValve.invoke(StandardHostValve.java:171)
	at org.apache.catalina.valves.ErrorReportValve.invoke(ErrorReportValve.java:100)
	at org.apache.catalina.valves.AccessLogValve.invoke(AccessLogValve.java:953)
	at org.apache.catalina.core.StandardEngineValve.invoke(StandardEngineValve.java:118)
	at org.apache.catalina.connector.CoyoteAdapter.service(CoyoteAdapter.java:408)
	at org.apache.coyote.http11.AbstractHttp11Processor.process(AbstractHttp11Processor.java:1041)
	at org.apache.coyote.AbstractProtocol$AbstractConnectionHandler.process(AbstractProtocol.java:603)
	at org.apache.tomcat.util.net.JIoEndpoint$SocketProcessor.run(JIoEndpoint.java:310)
	at java.util.concurrent.ThreadPoolExecutor.runWorker(ThreadPoolExecutor.java:1142)
	at java.util.concurrent.ThreadPoolExecutor$Worker.run(ThreadPoolExecutor.java:617)
	at java.lang.Thread.run(Thread.java:745)
[http-bio-80-exec-4] DEBUG org.springframework.beans.factory.support.DefaultListableBeanFactory - Invoking afterPropertiesSet() on bean with name 'error'
[http-bio-80-exec-4] DEBUG org.springframework.web.servlet.DispatcherServlet - Rendering view [org.springframework.web.servlet.view.JstlView: name 'error'; URL [/WEB-INF/error.jsp]] in DispatcherServlet with name 'springmvc'
[http-bio-80-exec-4] DEBUG org.springframework.web.servlet.view.JstlView - Added model object 'messages' of type [java.lang.String] to request in view with name 'error'
[http-bio-80-exec-4] DEBUG org.springframework.web.servlet.view.JstlView - Forwarding to resource [/WEB-INF/error.jsp] in InternalResourceView 'error'
[http-bio-80-exec-4] DEBUG org.springframework.web.servlet.DispatcherServlet - Successfully completed request
[http-bio-80-exec-3] DEBUG org.springframework.web.servlet.DispatcherServlet - DispatcherServlet with name 'springmvc' processing POST request for [/user/dologin.do]
[http-bio-80-exec-3] DEBUG org.springframework.web.servlet.mvc.method.annotation.RequestMappingHandlerMapping - Looking up handler method for path /user/dologin.do
[http-bio-80-exec-3] DEBUG org.springframework.web.servlet.mvc.method.annotation.RequestMappingHandlerMapping - Returning handler method [public java.lang.String cn.test.email.controller.UsersController.doLogin(cn.test.email.model.Users,javax.servlet.http.HttpSession,javax.servlet.http.HttpServletRequest) throws java.lang.Exception]
[http-bio-80-exec-3] DEBUG org.springframework.beans.factory.support.DefaultListableBeanFactory - Returning cached instance of singleton bean 'usersController'
[http-bio-80-exec-3] DEBUG org.springframework.web.cors.DefaultCorsProcessor - Skip CORS processing: request is from same origin
[http-bio-80-exec-3] DEBUG org.springframework.web.servlet.mvc.method.annotation.ExceptionHandlerExceptionResolver - Resolving exception from handler [public java.lang.String cn.test.email.controller.UsersController.doLogin(cn.test.email.model.Users,javax.servlet.http.HttpSession,javax.servlet.http.HttpServletRequest) throws java.lang.Exception]: org.apache.ibatis.binding.BindingException: Invalid bound statement (not found): cn.test.email.mapping.UsersMapper.selectByUsers
[http-bio-80-exec-3] DEBUG org.springframework.web.servlet.mvc.annotation.ResponseStatusExceptionResolver - Resolving exception from handler [public java.lang.String cn.test.email.controller.UsersController.doLogin(cn.test.email.model.Users,javax.servlet.http.HttpSession,javax.servlet.http.HttpServletRequest) throws java.lang.Exception]: org.apache.ibatis.binding.BindingException: Invalid bound statement (not found): cn.test.email.mapping.UsersMapper.selectByUsers
[http-bio-80-exec-3] DEBUG org.springframework.web.servlet.mvc.support.DefaultHandlerExceptionResolver - Resolving exception from handler [public java.lang.String cn.test.email.controller.UsersController.doLogin(cn.test.email.model.Users,javax.servlet.http.HttpSession,javax.servlet.http.HttpServletRequest) throws java.lang.Exception]: org.apache.ibatis.binding.BindingException: Invalid bound statement (not found): cn.test.email.mapping.UsersMapper.selectByUsers
[http-bio-80-exec-3] DEBUG org.springframework.web.servlet.DispatcherServlet - Handler execution resulted in exception - forwarding to resolved error view: ModelAndView: reference to view with name 'error'; model is {messages=未知错误！}
org.apache.ibatis.binding.BindingException: Invalid bound statement (not found): cn.test.email.mapping.UsersMapper.selectByUsers
	at org.apache.ibatis.binding.MapperMethod$SqlCommand.<init>(MapperMethod.java:225)
	at org.apache.ibatis.binding.MapperMethod.<init>(MapperMethod.java:48)
	at org.apache.ibatis.binding.MapperProxy.cachedMapperMethod(MapperProxy.java:65)
	at org.apache.ibatis.binding.MapperProxy.invoke(MapperProxy.java:58)
	at com.sun.proxy.$Proxy34.selectByUsers(Unknown Source)
	at cn.test.email.service.impl.IUserServiceImpl.selectUsers(IUserServiceImpl.java:37)
	at cn.test.email.controller.UsersController.doLogin(UsersController.java:36)
	at sun.reflect.NativeMethodAccessorImpl.invoke0(Native Method)
	at sun.reflect.NativeMethodAccessorImpl.invoke(NativeMethodAccessorImpl.java:62)
	at sun.reflect.DelegatingMethodAccessorImpl.invoke(DelegatingMethodAccessorImpl.java:43)
	at java.lang.reflect.Method.invoke(Method.java:498)
	at org.springframework.web.method.support.InvocableHandlerMethod.doInvoke(InvocableHandlerMethod.java:205)
	at org.springframework.web.method.support.InvocableHandlerMethod.invokeForRequest(InvocableHandlerMethod.java:133)
	at org.springframework.web.servlet.mvc.method.annotation.ServletInvocableHandlerMethod.invokeAndHandle(ServletInvocableHandlerMethod.java:97)
	at org.springframework.web.servlet.mvc.method.annotation.RequestMappingHandlerAdapter.invokeHandlerMethod(RequestMappingHandlerAdapter.java:827)
	at org.springframework.web.servlet.mvc.method.annotation.RequestMappingHandlerAdapter.handleInternal(RequestMappingHandlerAdapter.java:738)
	at org.springframework.web.servlet.mvc.method.AbstractHandlerMethodAdapter.handle(AbstractHandlerMethodAdapter.java:85)
	at org.springframework.web.servlet.DispatcherServlet.doDispatch(DispatcherServlet.java:967)
	at org.springframework.web.servlet.DispatcherServlet.doService(DispatcherServlet.java:901)
	at org.springframework.web.servlet.FrameworkServlet.processRequest(FrameworkServlet.java:970)
	at org.springframework.web.servlet.FrameworkServlet.doPost(FrameworkServlet.java:872)
	at javax.servlet.http.HttpServlet.service(HttpServlet.java:647)
	at org.springframework.web.servlet.FrameworkServlet.service(FrameworkServlet.java:846)
	at javax.servlet.http.HttpServlet.service(HttpServlet.java:728)
	at org.apache.catalina.core.ApplicationFilterChain.internalDoFilter(ApplicationFilterChain.java:305)
	at org.apache.catalina.core.ApplicationFilterChain.doFilter(ApplicationFilterChain.java:210)
	at org.apache.tomcat.websocket.server.WsFilter.doFilter(WsFilter.java:51)
	at org.apache.catalina.core.ApplicationFilterChain.internalDoFilter(ApplicationFilterChain.java:243)
	at org.apache.catalina.core.ApplicationFilterChain.doFilter(ApplicationFilterChain.java:210)
	at org.springframework.web.filter.CharacterEncodingFilter.doFilterInternal(CharacterEncodingFilter.java:197)
	at org.springframework.web.filter.OncePerRequestFilter.doFilter(OncePerRequestFilter.java:107)
	at org.apache.catalina.core.ApplicationFilterChain.internalDoFilter(ApplicationFilterChain.java:243)
	at org.apache.catalina.core.ApplicationFilterChain.doFilter(ApplicationFilterChain.java:210)
	at org.apache.catalina.core.StandardWrapperValve.invoke(StandardWrapperValve.java:222)
	at org.apache.catalina.core.StandardContextValve.invoke(StandardContextValve.java:123)
	at org.apache.catalina.authenticator.AuthenticatorBase.invoke(AuthenticatorBase.java:502)
	at org.apache.catalina.core.StandardHostValve.invoke(StandardHostValve.java:171)
	at org.apache.catalina.valves.ErrorReportValve.invoke(ErrorReportValve.java:100)
	at org.apache.catalina.valves.AccessLogValve.invoke(AccessLogValve.java:953)
	at org.apache.catalina.core.StandardEngineValve.invoke(StandardEngineValve.java:118)
	at org.apache.catalina.connector.CoyoteAdapter.service(CoyoteAdapter.java:408)
	at org.apache.coyote.http11.AbstractHttp11Processor.process(AbstractHttp11Processor.java:1041)
	at org.apache.coyote.AbstractProtocol$AbstractConnectionHandler.process(AbstractProtocol.java:603)
	at org.apache.tomcat.util.net.JIoEndpoint$SocketProcessor.run(JIoEndpoint.java:310)
	at java.util.concurrent.ThreadPoolExecutor.runWorker(ThreadPoolExecutor.java:1142)
	at java.util.concurrent.ThreadPoolExecutor$Worker.run(ThreadPoolExecutor.java:617)
	at java.lang.Thread.run(Thread.java:745)
[http-bio-80-exec-3] DEBUG org.springframework.web.servlet.DispatcherServlet - Rendering view [org.springframework.web.servlet.view.JstlView: name 'error'; URL [/WEB-INF/error.jsp]] in DispatcherServlet with name 'springmvc'
[http-bio-80-exec-3] DEBUG org.springframework.web.servlet.view.JstlView - Added model object 'messages' of type [java.lang.String] to request in view with name 'error'
[http-bio-80-exec-3] DEBUG org.springframework.web.servlet.view.JstlView - Forwarding to resource [/WEB-INF/error.jsp] in InternalResourceView 'error'
[http-bio-80-exec-3] DEBUG org.springframework.web.servlet.DispatcherServlet - Successfully completed request
